&&&& RUNNING TensorRT.trtexec [TensorRT v101401] [b48] # trtexec --loadEngine=/work/trt_bench_streams/engines/yolo26s_b8.engine --streams=8 --useCudaGraph --useSpinWait --noDataTransfers --warmUp=2000 --duration=6 --percentile=99
[06/07/2026-16:13:28] [I] TF32 is enabled by default. Add --noTF32 flag to further improve accuracy with some performance cost.
[06/07/2026-16:13:28] [W] --streams flag has been deprecated, use --infStreams flag instead.
[06/07/2026-16:13:28] [I] === Model Options ===
[06/07/2026-16:13:28] [I] Format: *
[06/07/2026-16:13:28] [I] Model: 
[06/07/2026-16:13:28] [I] Output:
[06/07/2026-16:13:28] [I] 
[06/07/2026-16:13:28] [I] === System Options ===
[06/07/2026-16:13:28] [I] Device: 0
[06/07/2026-16:13:28] [I] DLACore: 
[06/07/2026-16:13:28] [I] Plugins:
[06/07/2026-16:13:28] [I] setPluginsToSerialize:
[06/07/2026-16:13:28] [I] dynamicPlugins:
[06/07/2026-16:13:28] [I] ignoreParsedPluginLibs: 0
[06/07/2026-16:13:28] [I] 
[06/07/2026-16:13:28] [I] === Inference Options ===
[06/07/2026-16:13:28] [I] Batch: Explicit
[06/07/2026-16:13:28] [I] Input inference shapes: model
[06/07/2026-16:13:28] [I] Iterations: 10
[06/07/2026-16:13:28] [I] Duration: 6s (+ 2000ms warm up)
[06/07/2026-16:13:28] [I] Sleep time: 0ms
[06/07/2026-16:13:28] [I] Idle time: 0ms
[06/07/2026-16:13:28] [I] Inference Streams: 8
[06/07/2026-16:13:28] [I] ExposeDMA: Disabled
[06/07/2026-16:13:28] [I] Data transfers: Disabled
[06/07/2026-16:13:28] [I] Spin-wait: Enabled
[06/07/2026-16:13:28] [I] Multithreading: Disabled
[06/07/2026-16:13:28] [I] CUDA Graph: Enabled
[06/07/2026-16:13:28] [I] Separate profiling: Disabled
[06/07/2026-16:13:28] [I] Time Deserialize: Disabled
[06/07/2026-16:13:28] [I] Time Refit: Disabled
[06/07/2026-16:13:28] [I] NVTX verbosity: 0
[06/07/2026-16:13:28] [I] Persistent Cache Ratio: 0
[06/07/2026-16:13:28] [I] Optimization Profile Index: 0
[06/07/2026-16:13:28] [I] Weight Streaming Budget: 100.000000%
[06/07/2026-16:13:28] [I] Inputs:
[06/07/2026-16:13:28] [I] Debug Tensor Save Destinations:
[06/07/2026-16:13:28] [I] Dump All Debug Tensor in Formats: 
[06/07/2026-16:13:28] [I] === Reporting Options ===
[06/07/2026-16:13:28] [I] Verbose: Disabled
[06/07/2026-16:13:28] [I] Averages: 10 inferences
[06/07/2026-16:13:28] [I] Percentiles: 99
[06/07/2026-16:13:28] [I] Dump refittable layers:Disabled
[06/07/2026-16:13:28] [I] Dump output: Disabled
[06/07/2026-16:13:28] [I] Profile: Disabled
[06/07/2026-16:13:28] [I] Export timing to JSON file: 
[06/07/2026-16:13:28] [I] Export output to JSON file: 
[06/07/2026-16:13:28] [I] Export profile to JSON file: 
[06/07/2026-16:13:28] [I] 
[06/07/2026-16:13:28] [I] === Device Information ===
[06/07/2026-16:13:28] [I] Available Devices: 
[06/07/2026-16:13:28] [I]   Device 0: "NVIDIA GeForce RTX 4090" UUID: GPU-ecde2256-9c06-55af-a9e9-f5ddb7072ede
[06/07/2026-16:13:28] [I] Selected Device: NVIDIA GeForce RTX 4090
[06/07/2026-16:13:28] [I] Selected Device ID: 0
[06/07/2026-16:13:28] [I] Selected Device UUID: GPU-ecde2256-9c06-55af-a9e9-f5ddb7072ede
[06/07/2026-16:13:28] [I] Compute Capability: 8.9
[06/07/2026-16:13:28] [I] SMs: 128
[06/07/2026-16:13:28] [I] Device Global Memory: 24080 MiB
[06/07/2026-16:13:28] [I] Shared Memory per SM: 100 KiB
[06/07/2026-16:13:28] [I] Memory Bus Width: 384 bits (ECC disabled)
[06/07/2026-16:13:28] [I] Application Compute Clock Rate: 2.55 GHz
[06/07/2026-16:13:28] [I] Application Memory Clock Rate: 10.501 GHz
[06/07/2026-16:13:28] [I] 
[06/07/2026-16:13:28] [I] Note: The application clock rates do not reflect the actual clock rates that the GPU is currently running at.
[06/07/2026-16:13:28] [I] 
[06/07/2026-16:13:28] [I] TensorRT version: 10.14.1
[06/07/2026-16:13:28] [I] Loading standard plugins
[06/07/2026-16:13:28] [I] [TRT] Loaded engine size: 21 MiB
[06/07/2026-16:13:28] [I] Engine deserialized in 0.0575075 sec.
[06/07/2026-16:13:28] [I] [TRT] [MemUsageChange] TensorRT-managed allocation in IExecutionContext creation: CPU +0, GPU +69, now: CPU 0, GPU 87 (MiB)
[06/07/2026-16:13:28] [I] Setting persistentCacheLimit to 0 bytes.
[06/07/2026-16:13:28] [I] [TRT] [MemUsageChange] TensorRT-managed allocation in IExecutionContext creation: CPU +1, GPU +68, now: CPU 1, GPU 155 (MiB)
[06/07/2026-16:13:28] [I] Setting persistentCacheLimit to 0 bytes.
[06/07/2026-16:13:28] [I] [TRT] [MemUsageChange] TensorRT-managed allocation in IExecutionContext creation: CPU +1, GPU +69, now: CPU 2, GPU 224 (MiB)
[06/07/2026-16:13:28] [I] Setting persistentCacheLimit to 0 bytes.
[06/07/2026-16:13:28] [I] [TRT] [MemUsageChange] TensorRT-managed allocation in IExecutionContext creation: CPU +0, GPU +69, now: CPU 2, GPU 293 (MiB)
[06/07/2026-16:13:28] [I] Setting persistentCacheLimit to 0 bytes.
[06/07/2026-16:13:28] [I] [TRT] [MemUsageChange] TensorRT-managed allocation in IExecutionContext creation: CPU +1, GPU +69, now: CPU 3, GPU 362 (MiB)
[06/07/2026-16:13:28] [I] Setting persistentCacheLimit to 0 bytes.
[06/07/2026-16:13:28] [I] [TRT] [MemUsageChange] TensorRT-managed allocation in IExecutionContext creation: CPU +0, GPU +69, now: CPU 3, GPU 431 (MiB)
[06/07/2026-16:13:28] [I] Setting persistentCacheLimit to 0 bytes.
[06/07/2026-16:13:28] [I] [TRT] [MemUsageChange] TensorRT-managed allocation in IExecutionContext creation: CPU +1, GPU +69, now: CPU 4, GPU 500 (MiB)
[06/07/2026-16:13:28] [I] Setting persistentCacheLimit to 0 bytes.
[06/07/2026-16:13:28] [I] [TRT] [MemUsageChange] TensorRT-managed allocation in IExecutionContext creation: CPU +0, GPU +69, now: CPU 4, GPU 569 (MiB)
[06/07/2026-16:13:28] [I] Setting persistentCacheLimit to 0 bytes.
[06/07/2026-16:13:28] [I] Created execution context with device memory size: 68.9062 MiB
[06/07/2026-16:13:28] [I] Created execution context with device memory size: 68.9062 MiB
[06/07/2026-16:13:28] [I] Created execution context with device memory size: 68.9062 MiB
[06/07/2026-16:13:28] [I] Created execution context with device memory size: 68.9062 MiB
[06/07/2026-16:13:28] [I] Created execution context with device memory size: 68.9062 MiB
[06/07/2026-16:13:28] [I] Created execution context with device memory size: 68.9062 MiB
[06/07/2026-16:13:28] [I] Created execution context with device memory size: 68.9062 MiB
[06/07/2026-16:13:28] [I] Created execution context with device memory size: 68.9062 MiB
[06/07/2026-16:13:28] [I] Using random values for input images
[06/07/2026-16:13:28] [I] Input binding for images with dimensions 8x3x448x448 is created.
[06/07/2026-16:13:28] [I] Using random values for input images
[06/07/2026-16:13:29] [I] Input binding for images with dimensions 8x3x448x448 is created.
[06/07/2026-16:13:29] [I] Using random values for input images
[06/07/2026-16:13:29] [I] Input binding for images with dimensions 8x3x448x448 is created.
[06/07/2026-16:13:29] [I] Using random values for input images
[06/07/2026-16:13:29] [I] Input binding for images with dimensions 8x3x448x448 is created.
[06/07/2026-16:13:29] [I] Using random values for input images
[06/07/2026-16:13:29] [I] Input binding for images with dimensions 8x3x448x448 is created.
[06/07/2026-16:13:29] [I] Using random values for input images
[06/07/2026-16:13:29] [I] Input binding for images with dimensions 8x3x448x448 is created.
[06/07/2026-16:13:29] [I] Using random values for input images
[06/07/2026-16:13:29] [I] Input binding for images with dimensions 8x3x448x448 is created.
[06/07/2026-16:13:29] [I] Using random values for input images
[06/07/2026-16:13:29] [I] Input binding for images with dimensions 8x3x448x448 is created.
[06/07/2026-16:13:29] [I] Output binding for output0 with dimensions 8x300x6 is created.
[06/07/2026-16:13:29] [I] Output binding for output0 with dimensions 8x300x6 is created.
[06/07/2026-16:13:29] [I] Output binding for output0 with dimensions 8x300x6 is created.
[06/07/2026-16:13:29] [I] Output binding for output0 with dimensions 8x300x6 is created.
[06/07/2026-16:13:29] [I] Output binding for output0 with dimensions 8x300x6 is created.
[06/07/2026-16:13:29] [I] Output binding for output0 with dimensions 8x300x6 is created.
[06/07/2026-16:13:29] [I] Output binding for output0 with dimensions 8x300x6 is created.
[06/07/2026-16:13:29] [I] Output binding for output0 with dimensions 8x300x6 is created.
[06/07/2026-16:13:29] [I] Starting inference
[06/07/2026-16:13:29] [I] Capturing CUDA graph for the current execution context
[06/07/2026-16:13:29] [I] Successfully captured CUDA graph for the current execution context
[06/07/2026-16:13:29] [I] Capturing CUDA graph for the current execution context
[06/07/2026-16:13:29] [I] Successfully captured CUDA graph for the current execution context
[06/07/2026-16:13:29] [I] Capturing CUDA graph for the current execution context
[06/07/2026-16:13:29] [I] Successfully captured CUDA graph for the current execution context
[06/07/2026-16:13:29] [I] Capturing CUDA graph for the current execution context
[06/07/2026-16:13:29] [I] Successfully captured CUDA graph for the current execution context
[06/07/2026-16:13:29] [I] Capturing CUDA graph for the current execution context
[06/07/2026-16:13:29] [I] Successfully captured CUDA graph for the current execution context
[06/07/2026-16:13:29] [I] Capturing CUDA graph for the current execution context
[06/07/2026-16:13:29] [I] Successfully captured CUDA graph for the current execution context
[06/07/2026-16:13:29] [I] Capturing CUDA graph for the current execution context
[06/07/2026-16:13:29] [I] Successfully captured CUDA graph for the current execution context
[06/07/2026-16:13:29] [I] Capturing CUDA graph for the current execution context
[06/07/2026-16:13:29] [I] Successfully captured CUDA graph for the current execution context
[06/07/2026-16:13:37] [I] Warmup completed 1498 queries over 2000 ms
[06/07/2026-16:13:37] [I] Timing trace has 4774 queries over 6.01886 s
[06/07/2026-16:13:37] [I] 
[06/07/2026-16:13:37] [I] === Trace details ===
[06/07/2026-16:13:37] [I] Trace averages of 10 runs:
[06/07/2026-16:13:37] [I] Average on 10 runs - GPU latency: 10.2964 ms - Host latency: 10.2964 ms (enqueue 0.00258789 ms)
[06/07/2026-16:13:37] [I] Average on 10 runs - GPU latency: 10.268 ms - Host latency: 10.268 ms (enqueue 0.00250244 ms)
[06/07/2026-16:13:37] [I] Average on 10 runs - GPU latency: 10.398 ms - Host latency: 10.398 ms (enqueue 0.00246582 ms)
[06/07/2026-16:13:37] [I] Average on 10 runs - GPU latency: 10.3753 ms - Host latency: 10.3753 ms (enqueue 0.0024292 ms)
[06/07/2026-16:13:37] [I] Average on 10 runs - GPU latency: 10.2564 ms - Host latency: 10.2564 ms (enqueue 0.00249023 ms)
[06/07/2026-16:13:37] [I] Average on 10 runs - GPU latency: 10.1989 ms - Host latency: 10.1989 ms (enqueue 0.00246582 ms)
[06/07/2026-16:13:37] [I] Average on 10 runs - GPU latency: 10.2245 ms - Host latency: 10.2245 ms (enqueue 0.00251465 ms)
[06/07/2026-16:13:37] [I] Average on 10 runs - GPU latency: 10.202 ms - Host latency: 10.202 ms (enqueue 0.00241699 ms)
[06/07/2026-16:13:37] [I] Average on 10 runs - GPU latency: 10.1873 ms - Host latency: 10.1873 ms (enqueue 0.00239258 ms)
[06/07/2026-16:13:37] [I] Average on 10 runs - GPU latency: 10.1213 ms - Host latency: 10.1213 ms (enqueue 0.00251465 ms)
[06/07/2026-16:13:37] [I] Average on 10 runs - GPU latency: 10.0005 ms - Host latency: 10.0005 ms (enqueue 0.00249023 ms)
[06/07/2026-16:13:37] [I] Average on 10 runs - GPU latency: 10.0988 ms - Host latency: 10.0988 ms (enqueue 0.00251465 ms)
[06/07/2026-16:13:37] [I] Average on 10 runs - GPU latency: 9.98003 ms - Host latency: 9.98003 ms (enqueue 0.00251465 ms)
[06/07/2026-16:13:37] [I] Average on 10 runs - GPU latency: 9.97769 ms - Host latency: 9.97769 ms (enqueue 0.00251465 ms)
[06/07/2026-16:13:37] [I] Average on 10 runs - GPU latency: 10.0286 ms - Host latency: 10.0286 ms (enqueue 0.00241699 ms)
[06/07/2026-16:13:37] [I] Average on 10 runs - GPU latency: 9.96843 ms - Host latency: 9.96843 ms (enqueue 0.00251465 ms)
[06/07/2026-16:13:37] [I] Average on 10 runs - GPU latency: 9.94111 ms - Host latency: 9.94111 ms (enqueue 0.00241699 ms)
[06/07/2026-16:13:37] [I] Average on 10 runs - GPU latency: 9.93018 ms - Host latency: 9.93018 ms (enqueue 0.00253906 ms)
[06/07/2026-16:13:37] [I] Average on 10 runs - GPU latency: 9.80381 ms - Host latency: 9.80381 ms (enqueue 0.00251465 ms)
[06/07/2026-16:13:37] [I] Average on 10 runs - GPU latency: 9.90798 ms - Host latency: 9.90798 ms (enqueue 0.00249023 ms)
[06/07/2026-16:13:37] [I] Average on 10 runs - GPU latency: 10.0496 ms - Host latency: 10.0496 ms (enqueue 0.00273437 ms)
[06/07/2026-16:13:37] [I] Average on 10 runs - GPU latency: 10.0088 ms - Host latency: 10.0088 ms (enqueue 0.00241699 ms)
[06/07/2026-16:13:37] [I] Average on 10 runs - GPU latency: 9.93269 ms - Host latency: 9.93269 ms (enqueue 0.00246582 ms)
[06/07/2026-16:13:37] [I] Average on 10 runs - GPU latency: 10.0478 ms - Host latency: 10.0478 ms (enqueue 0.00366211 ms)
[06/07/2026-16:13:37] [I] Average on 10 runs - GPU latency: 9.98276 ms - Host latency: 9.98276 ms (enqueue 0.00251465 ms)
[06/07/2026-16:13:37] [I] Average on 10 runs - GPU latency: 9.96782 ms - Host latency: 9.96782 ms (enqueue 0.00251465 ms)
[06/07/2026-16:13:37] [I] Average on 10 runs - GPU latency: 9.88098 ms - Host latency: 9.88098 ms (enqueue 0.00251465 ms)
[06/07/2026-16:13:37] [I] Average on 10 runs - GPU latency: 9.97568 ms - Host latency: 9.97568 ms (enqueue 0.00253906 ms)
[06/07/2026-16:13:37] [I] Average on 10 runs - GPU latency: 10.1018 ms - Host latency: 10.1018 ms (enqueue 0.00246582 ms)
[06/07/2026-16:13:37] [I] Average on 10 runs - GPU latency: 10.0246 ms - Host latency: 10.0246 ms (enqueue 0.00253906 ms)
[06/07/2026-16:13:37] [I] Average on 10 runs - GPU latency: 9.83418 ms - Host latency: 9.83418 ms (enqueue 0.00251465 ms)
[06/07/2026-16:13:37] [I] Average on 10 runs - GPU latency: 9.99558 ms - Host latency: 9.99558 ms (enqueue 0.00246582 ms)
[06/07/2026-16:13:37] [I] Average on 10 runs - GPU latency: 10.1262 ms - Host latency: 10.1262 ms (enqueue 0.00241699 ms)
[06/07/2026-16:13:37] [I] Average on 10 runs - GPU latency: 10.0701 ms - Host latency: 10.0701 ms (enqueue 0.00253906 ms)
[06/07/2026-16:13:37] [I] Average on 10 runs - GPU latency: 9.88896 ms - Host latency: 9.88896 ms (enqueue 0.00249023 ms)
[06/07/2026-16:13:37] [I] Average on 10 runs - GPU latency: 10.0088 ms - Host latency: 10.0088 ms (enqueue 0.00251465 ms)
[06/07/2026-16:13:37] [I] Average on 10 runs - GPU latency: 10.1501 ms - Host latency: 10.1501 ms (enqueue 0.00241699 ms)
[06/07/2026-16:13:37] [I] Average on 10 runs - GPU latency: 10.0838 ms - Host latency: 10.0838 ms (enqueue 0.00256348 ms)
[06/07/2026-16:13:37] [I] Average on 10 runs - GPU latency: 9.80586 ms - Host latency: 9.80586 ms (enqueue 0.00258789 ms)
[06/07/2026-16:13:37] [I] Average on 10 runs - GPU latency: 9.83125 ms - Host latency: 9.83125 ms (enqueue 0.00246582 ms)
[06/07/2026-16:13:37] [I] Average on 10 runs - GPU latency: 9.99294 ms - Host latency: 9.99294 ms (enqueue 0.00256348 ms)
[06/07/2026-16:13:37] [I] Average on 10 runs - GPU latency: 9.83889 ms - Host latency: 9.83889 ms (enqueue 0.00253906 ms)
[06/07/2026-16:13:37] [I] Average on 10 runs - GPU latency: 9.99531 ms - Host latency: 9.99531 ms (enqueue 0.00246582 ms)
[06/07/2026-16:13:37] [I] Average on 10 runs - GPU latency: 10.0182 ms - Host latency: 10.0182 ms (enqueue 0.00244141 ms)
[06/07/2026-16:13:37] [I] Average on 10 runs - GPU latency: 10.0531 ms - Host latency: 10.0531 ms (enqueue 0.00256348 ms)
[06/07/2026-16:13:37] [I] Average on 10 runs - GPU latency: 10.0249 ms - Host latency: 10.0249 ms (enqueue 0.00253906 ms)
[06/07/2026-16:13:37] [I] Average on 10 runs - GPU latency: 10.0879 ms - Host latency: 10.0879 ms (enqueue 0.00251465 ms)
[06/07/2026-16:13:37] [I] Average on 10 runs - GPU latency: 10.0461 ms - Host latency: 10.0461 ms (enqueue 0.00249023 ms)
[06/07/2026-16:13:37] [I] Average on 10 runs - GPU latency: 10.0603 ms - Host latency: 10.0603 ms (enqueue 0.00253906 ms)
[06/07/2026-16:13:37] [I] Average on 10 runs - GPU latency: 9.89204 ms - Host latency: 9.89204 ms (enqueue 0.00253906 ms)
[06/07/2026-16:13:37] [I] Average on 10 runs - GPU latency: 9.94958 ms - Host latency: 9.94958 ms (enqueue 0.00241699 ms)
[06/07/2026-16:13:37] [I] Average on 10 runs - GPU latency: 9.9959 ms - Host latency: 9.9959 ms (enqueue 0.00246582 ms)
[06/07/2026-16:13:37] [I] Average on 10 runs - GPU latency: 9.96331 ms - Host latency: 9.96331 ms (enqueue 0.00249023 ms)
[06/07/2026-16:13:37] [I] Average on 10 runs - GPU latency: 9.8658 ms - Host latency: 9.8658 ms (enqueue 0.00258789 ms)
[06/07/2026-16:13:37] [I] Average on 10 runs - GPU latency: 10.0869 ms - Host latency: 10.0869 ms (enqueue 0.00256348 ms)
[06/07/2026-16:13:37] [I] Average on 10 runs - GPU latency: 10.0897 ms - Host latency: 10.0897 ms (enqueue 0.00256348 ms)
[06/07/2026-16:13:37] [I] Average on 10 runs - GPU latency: 10.0908 ms - Host latency: 10.0908 ms (enqueue 0.00251465 ms)
[06/07/2026-16:13:37] [I] Average on 10 runs - GPU latency: 10.0384 ms - Host latency: 10.0384 ms (enqueue 0.00258789 ms)
[06/07/2026-16:13:37] [I] Average on 10 runs - GPU latency: 10.1498 ms - Host latency: 10.1498 ms (enqueue 0.00253906 ms)
[06/07/2026-16:13:37] [I] Average on 10 runs - GPU latency: 10.1732 ms - Host latency: 10.1732 ms (enqueue 0.00249023 ms)
[06/07/2026-16:13:37] [I] Average on 10 runs - GPU latency: 10.0469 ms - Host latency: 10.0469 ms (enqueue 0.00280762 ms)
[06/07/2026-16:13:37] [I] Average on 10 runs - GPU latency: 10.1235 ms - Host latency: 10.1235 ms (enqueue 0.00249023 ms)
[06/07/2026-16:13:37] [I] Average on 10 runs - GPU latency: 10.2721 ms - Host latency: 10.2721 ms (enqueue 0.00253906 ms)
[06/07/2026-16:13:37] [I] Average on 10 runs - GPU latency: 10.2952 ms - Host latency: 10.2952 ms (enqueue 0.00239258 ms)
[06/07/2026-16:13:37] [I] Average on 10 runs - GPU latency: 10.1065 ms - Host latency: 10.1065 ms (enqueue 0.00249023 ms)
[06/07/2026-16:13:37] [I] Average on 10 runs - GPU latency: 10.1668 ms - Host latency: 10.1668 ms (enqueue 0.00249023 ms)
[06/07/2026-16:13:37] [I] Average on 10 runs - GPU latency: 10.1345 ms - Host latency: 10.1345 ms (enqueue 0.00246582 ms)
[06/07/2026-16:13:37] [I] Average on 10 runs - GPU latency: 10.2029 ms - Host latency: 10.2029 ms (enqueue 0.00253906 ms)
[06/07/2026-16:13:37] [I] Average on 10 runs - GPU latency: 10.2174 ms - Host latency: 10.2174 ms (enqueue 0.0029541 ms)
[06/07/2026-16:13:37] [I] Average on 10 runs - GPU latency: 10.2071 ms - Host latency: 10.2071 ms (enqueue 0.00273437 ms)
[06/07/2026-16:13:37] [I] Average on 10 runs - GPU latency: 10.1698 ms - Host latency: 10.1698 ms (enqueue 0.00256348 ms)
[06/07/2026-16:13:37] [I] Average on 10 runs - GPU latency: 10.092 ms - Host latency: 10.092 ms (enqueue 0.00244141 ms)
[06/07/2026-16:13:37] [I] Average on 10 runs - GPU latency: 10.1772 ms - Host latency: 10.1772 ms (enqueue 0.00241699 ms)
[06/07/2026-16:13:37] [I] Average on 10 runs - GPU latency: 10.1728 ms - Host latency: 10.1728 ms (enqueue 0.00246582 ms)
[06/07/2026-16:13:37] [I] Average on 10 runs - GPU latency: 10.2384 ms - Host latency: 10.2384 ms (enqueue 0.00253906 ms)
[06/07/2026-16:13:37] [I] Average on 10 runs - GPU latency: 10.2391 ms - Host latency: 10.2391 ms (enqueue 0.00249023 ms)
[06/07/2026-16:13:37] [I] Average on 10 runs - GPU latency: 10.1043 ms - Host latency: 10.1043 ms (enqueue 0.00251465 ms)
[06/07/2026-16:13:37] [I] Average on 10 runs - GPU latency: 10.2184 ms - Host latency: 10.2184 ms (enqueue 0.00251465 ms)
[06/07/2026-16:13:37] [I] Average on 10 runs - GPU latency: 10.0472 ms - Host latency: 10.0472 ms (enqueue 0.00251465 ms)
[06/07/2026-16:13:37] [I] Average on 10 runs - GPU latency: 10.0685 ms - Host latency: 10.0685 ms (enqueue 0.00249023 ms)
[06/07/2026-16:13:37] [I] Average on 10 runs - GPU latency: 10.0821 ms - Host latency: 10.0821 ms (enqueue 0.00249023 ms)
[06/07/2026-16:13:37] [I] Average on 10 runs - GPU latency: 9.89646 ms - Host latency: 9.89646 ms (enqueue 0.00256348 ms)
[06/07/2026-16:13:37] [I] Average on 10 runs - GPU latency: 9.90803 ms - Host latency: 9.90803 ms (enqueue 0.00251465 ms)
[06/07/2026-16:13:37] [I] Average on 10 runs - GPU latency: 9.93735 ms - Host latency: 9.93735 ms (enqueue 0.00246582 ms)
[06/07/2026-16:13:37] [I] Average on 10 runs - GPU latency: 9.87056 ms - Host latency: 9.87056 ms (enqueue 0.00253906 ms)
[06/07/2026-16:13:37] [I] Average on 10 runs - GPU latency: 9.92351 ms - Host latency: 9.92351 ms (enqueue 0.00253906 ms)
[06/07/2026-16:13:37] [I] Average on 10 runs - GPU latency: 9.97046 ms - Host latency: 9.97046 ms (enqueue 0.00253906 ms)
[06/07/2026-16:13:37] [I] Average on 10 runs - GPU latency: 10.0005 ms - Host latency: 10.0005 ms (enqueue 0.00244141 ms)
[06/07/2026-16:13:37] [I] Average on 10 runs - GPU latency: 9.92778 ms - Host latency: 9.92778 ms (enqueue 0.00249023 ms)
[06/07/2026-16:13:37] [I] Average on 10 runs - GPU latency: 9.91792 ms - Host latency: 9.91792 ms (enqueue 0.00244141 ms)
[06/07/2026-16:13:37] [I] Average on 10 runs - GPU latency: 10.0198 ms - Host latency: 10.0198 ms (enqueue 0.00246582 ms)
[06/07/2026-16:13:37] [I] Average on 10 runs - GPU latency: 10.1623 ms - Host latency: 10.1623 ms (enqueue 0.00249023 ms)
[06/07/2026-16:13:37] [I] Average on 10 runs - GPU latency: 10.1489 ms - Host latency: 10.1489 ms (enqueue 0.00258789 ms)
[06/07/2026-16:13:37] [I] Average on 10 runs - GPU latency: 10.1177 ms - Host latency: 10.1177 ms (enqueue 0.00241699 ms)
[06/07/2026-16:13:37] [I] Average on 10 runs - GPU latency: 10.0001 ms - Host latency: 10.0001 ms (enqueue 0.00246582 ms)
[06/07/2026-16:13:37] [I] Average on 10 runs - GPU latency: 10.2038 ms - Host latency: 10.2038 ms (enqueue 0.00258789 ms)
[06/07/2026-16:13:37] [I] Average on 10 runs - GPU latency: 10.1779 ms - Host latency: 10.1779 ms (enqueue 0.00246582 ms)
[06/07/2026-16:13:37] [I] Average on 10 runs - GPU latency: 10.2916 ms - Host latency: 10.2916 ms (enqueue 0.00253906 ms)
[06/07/2026-16:13:37] [I] Average on 10 runs - GPU latency: 10.2464 ms - Host latency: 10.2464 ms (enqueue 0.00256348 ms)
[06/07/2026-16:13:37] [I] Average on 10 runs - GPU latency: 10.0609 ms - Host latency: 10.0609 ms (enqueue 0.00256348 ms)
[06/07/2026-16:13:37] [I] Average on 10 runs - GPU latency: 9.98945 ms - Host latency: 9.98945 ms (enqueue 0.00256348 ms)
[06/07/2026-16:13:37] [I] Average on 10 runs - GPU latency: 10.0043 ms - Host latency: 10.0043 ms (enqueue 0.00244141 ms)
[06/07/2026-16:13:37] [I] Average on 10 runs - GPU latency: 9.96797 ms - Host latency: 9.96797 ms (enqueue 0.00246582 ms)
[06/07/2026-16:13:37] [I] Average on 10 runs - GPU latency: 9.96328 ms - Host latency: 9.96328 ms (enqueue 0.00249023 ms)
[06/07/2026-16:13:37] [I] Average on 10 runs - GPU latency: 10.0793 ms - Host latency: 10.0793 ms (enqueue 0.00253906 ms)
[06/07/2026-16:13:37] [I] Average on 10 runs - GPU latency: 10.0773 ms - Host latency: 10.0773 ms (enqueue 0.00244141 ms)
[06/07/2026-16:13:37] [I] Average on 10 runs - GPU latency: 10.02 ms - Host latency: 10.02 ms (enqueue 0.00251465 ms)
[06/07/2026-16:13:37] [I] Average on 10 runs - GPU latency: 9.87422 ms - Host latency: 9.87422 ms (enqueue 0.00244141 ms)
[06/07/2026-16:13:37] [I] Average on 10 runs - GPU latency: 10.0289 ms - Host latency: 10.0289 ms (enqueue 0.00253906 ms)
[06/07/2026-16:13:37] [I] Average on 10 runs - GPU latency: 10.0235 ms - Host latency: 10.0235 ms (enqueue 0.00251465 ms)
[06/07/2026-16:13:37] [I] Average on 10 runs - GPU latency: 10.0239 ms - Host latency: 10.0239 ms (enqueue 0.00249023 ms)
[06/07/2026-16:13:37] [I] Average on 10 runs - GPU latency: 10.0006 ms - Host latency: 10.0006 ms (enqueue 0.00253906 ms)
[06/07/2026-16:13:37] [I] Average on 10 runs - GPU latency: 10.1027 ms - Host latency: 10.1027 ms (enqueue 0.00246582 ms)
[06/07/2026-16:13:37] [I] Average on 10 runs - GPU latency: 9.99819 ms - Host latency: 9.99819 ms (enqueue 0.00251465 ms)
[06/07/2026-16:13:37] [I] Average on 10 runs - GPU latency: 9.92849 ms - Host latency: 9.92849 ms (enqueue 0.00246582 ms)
[06/07/2026-16:13:37] [I] Average on 10 runs - GPU latency: 10.0595 ms - Host latency: 10.0595 ms (enqueue 0.00256348 ms)
[06/07/2026-16:13:37] [I] Average on 10 runs - GPU latency: 10.1104 ms - Host latency: 10.1104 ms (enqueue 0.00292969 ms)
[06/07/2026-16:13:37] [I] Average on 10 runs - GPU latency: 10.1061 ms - Host latency: 10.1061 ms (enqueue 0.00251465 ms)
[06/07/2026-16:13:37] [I] Average on 10 runs - GPU latency: 10.1325 ms - Host latency: 10.1325 ms (enqueue 0.00256348 ms)
[06/07/2026-16:13:37] [I] Average on 10 runs - GPU latency: 10.1289 ms - Host latency: 10.1289 ms (enqueue 0.00253906 ms)
[06/07/2026-16:13:37] [I] Average on 10 runs - GPU latency: 10.0763 ms - Host latency: 10.0763 ms (enqueue 0.00249023 ms)
[06/07/2026-16:13:37] [I] Average on 10 runs - GPU latency: 10.2726 ms - Host latency: 10.2726 ms (enqueue 0.00246582 ms)
[06/07/2026-16:13:37] [I] Average on 10 runs - GPU latency: 10.4364 ms - Host latency: 10.4364 ms (enqueue 0.00246582 ms)
[06/07/2026-16:13:37] [I] Average on 10 runs - GPU latency: 10.3305 ms - Host latency: 10.3305 ms (enqueue 0.00251465 ms)
[06/07/2026-16:13:37] [I] Average on 10 runs - GPU latency: 10.3867 ms - Host latency: 10.3867 ms (enqueue 0.00249023 ms)
[06/07/2026-16:13:37] [I] Average on 10 runs - GPU latency: 10.2544 ms - Host latency: 10.2544 ms (enqueue 0.00251465 ms)
[06/07/2026-16:13:37] [I] Average on 10 runs - GPU latency: 10.3206 ms - Host latency: 10.3206 ms (enqueue 0.00241699 ms)
[06/07/2026-16:13:37] [I] Average on 10 runs - GPU latency: 10.3414 ms - Host latency: 10.3414 ms (enqueue 0.00258789 ms)
[06/07/2026-16:13:37] [I] Average on 10 runs - GPU latency: 10.2131 ms - Host latency: 10.2131 ms (enqueue 0.00244141 ms)
[06/07/2026-16:13:37] [I] Average on 10 runs - GPU latency: 10.0949 ms - Host latency: 10.0949 ms (enqueue 0.00249023 ms)
[06/07/2026-16:13:37] [I] Average on 10 runs - GPU latency: 9.94387 ms - Host latency: 9.94387 ms (enqueue 0.00251465 ms)
[06/07/2026-16:13:37] [I] Average on 10 runs - GPU latency: 9.95725 ms - Host latency: 9.95725 ms (enqueue 0.00249023 ms)
[06/07/2026-16:13:37] [I] Average on 10 runs - GPU latency: 9.97834 ms - Host latency: 9.97834 ms (enqueue 0.00244141 ms)
[06/07/2026-16:13:37] [I] Average on 10 runs - GPU latency: 10.0959 ms - Host latency: 10.0959 ms (enqueue 0.00236816 ms)
[06/07/2026-16:13:37] [I] Average on 10 runs - GPU latency: 9.99565 ms - Host latency: 9.99565 ms (enqueue 0.00249023 ms)
[06/07/2026-16:13:37] [I] Average on 10 runs - GPU latency: 9.93352 ms - Host latency: 9.93352 ms (enqueue 0.00246582 ms)
[06/07/2026-16:13:37] [I] Average on 10 runs - GPU latency: 9.9094 ms - Host latency: 9.9094 ms (enqueue 0.00249023 ms)
[06/07/2026-16:13:37] [I] Average on 10 runs - GPU latency: 9.93618 ms - Host latency: 9.93618 ms (enqueue 0.00258789 ms)
[06/07/2026-16:13:37] [I] Average on 10 runs - GPU latency: 9.90835 ms - Host latency: 9.90835 ms (enqueue 0.00256348 ms)
[06/07/2026-16:13:37] [I] Average on 10 runs - GPU latency: 9.90386 ms - Host latency: 9.90386 ms (enqueue 0.00249023 ms)
[06/07/2026-16:13:37] [I] Average on 10 runs - GPU latency: 9.89688 ms - Host latency: 9.89688 ms (enqueue 0.00249023 ms)
[06/07/2026-16:13:37] [I] Average on 10 runs - GPU latency: 9.94707 ms - Host latency: 9.94707 ms (enqueue 0.00258789 ms)
[06/07/2026-16:13:37] [I] Average on 10 runs - GPU latency: 9.93931 ms - Host latency: 9.93931 ms (enqueue 0.00244141 ms)
[06/07/2026-16:13:37] [I] Average on 10 runs - GPU latency: 9.8602 ms - Host latency: 9.8602 ms (enqueue 0.00236816 ms)
[06/07/2026-16:13:37] [I] Average on 10 runs - GPU latency: 9.92886 ms - Host latency: 9.92886 ms (enqueue 0.00251465 ms)
[06/07/2026-16:13:37] [I] Average on 10 runs - GPU latency: 9.94685 ms - Host latency: 9.94685 ms (enqueue 0.00253906 ms)
[06/07/2026-16:13:37] [I] Average on 10 runs - GPU latency: 10.0805 ms - Host latency: 10.0805 ms (enqueue 0.00244141 ms)
[06/07/2026-16:13:37] [I] Average on 10 runs - GPU latency: 9.97839 ms - Host latency: 9.97839 ms (enqueue 0.00234375 ms)
[06/07/2026-16:13:37] [I] Average on 10 runs - GPU latency: 10.0377 ms - Host latency: 10.0377 ms (enqueue 0.00253906 ms)
[06/07/2026-16:13:37] [I] Average on 10 runs - GPU latency: 10.0215 ms - Host latency: 10.0215 ms (enqueue 0.00246582 ms)
[06/07/2026-16:13:37] [I] Average on 10 runs - GPU latency: 9.9481 ms - Host latency: 9.9481 ms (enqueue 0.00246582 ms)
[06/07/2026-16:13:37] [I] Average on 10 runs - GPU latency: 10.0424 ms - Host latency: 10.0424 ms (enqueue 0.00246582 ms)
[06/07/2026-16:13:37] [I] Average on 10 runs - GPU latency: 10.0421 ms - Host latency: 10.0421 ms (enqueue 0.00249023 ms)
[06/07/2026-16:13:37] [I] Average on 10 runs - GPU latency: 9.95186 ms - Host latency: 9.95186 ms (enqueue 0.00249023 ms)
[06/07/2026-16:13:37] [I] Average on 10 runs - GPU latency: 9.99199 ms - Host latency: 9.99199 ms (enqueue 0.00256348 ms)
[06/07/2026-16:13:37] [I] Average on 10 runs - GPU latency: 10.0647 ms - Host latency: 10.0647 ms (enqueue 0.00246582 ms)
[06/07/2026-16:13:37] [I] Average on 10 runs - GPU latency: 9.98958 ms - Host latency: 9.98958 ms (enqueue 0.00246582 ms)
[06/07/2026-16:13:37] [I] Average on 10 runs - GPU latency: 10.0469 ms - Host latency: 10.0469 ms (enqueue 0.00253906 ms)
[06/07/2026-16:13:37] [I] Average on 10 runs - GPU latency: 10.0912 ms - Host latency: 10.0912 ms (enqueue 0.00244141 ms)
[06/07/2026-16:13:37] [I] Average on 10 runs - GPU latency: 9.90176 ms - Host latency: 9.90176 ms (enqueue 0.00251465 ms)
[06/07/2026-16:13:37] [I] Average on 10 runs - GPU latency: 10.0383 ms - Host latency: 10.0383 ms (enqueue 0.00251465 ms)
[06/07/2026-16:13:37] [I] Average on 10 runs - GPU latency: 10.126 ms - Host latency: 10.126 ms (enqueue 0.00244141 ms)
[06/07/2026-16:13:37] [I] Average on 10 runs - GPU latency: 9.94795 ms - Host latency: 9.94795 ms (enqueue 0.00251465 ms)
[06/07/2026-16:13:37] [I] Average on 10 runs - GPU latency: 10.056 ms - Host latency: 10.056 ms (enqueue 0.00246582 ms)
[06/07/2026-16:13:37] [I] Average on 10 runs - GPU latency: 10.27 ms - Host latency: 10.27 ms (enqueue 0.00251465 ms)
[06/07/2026-16:13:37] [I] Average on 10 runs - GPU latency: 10.1428 ms - Host latency: 10.1428 ms (enqueue 0.00253906 ms)
[06/07/2026-16:13:37] [I] Average on 10 runs - GPU latency: 10.1874 ms - Host latency: 10.1874 ms (enqueue 0.00251465 ms)
[06/07/2026-16:13:37] [I] Average on 10 runs - GPU latency: 10.2965 ms - Host latency: 10.2965 ms (enqueue 0.00253906 ms)
[06/07/2026-16:13:37] [I] Average on 10 runs - GPU latency: 10.1453 ms - Host latency: 10.1453 ms (enqueue 0.00258789 ms)
[06/07/2026-16:13:37] [I] Average on 10 runs - GPU latency: 9.90439 ms - Host latency: 9.90439 ms (enqueue 0.00253906 ms)
[06/07/2026-16:13:37] [I] Average on 10 runs - GPU latency: 9.97466 ms - Host latency: 9.97466 ms (enqueue 0.00244141 ms)
[06/07/2026-16:13:37] [I] Average on 10 runs - GPU latency: 9.91265 ms - Host latency: 9.91265 ms (enqueue 0.00253906 ms)
[06/07/2026-16:13:37] [I] Average on 10 runs - GPU latency: 9.90503 ms - Host latency: 9.90503 ms (enqueue 0.00249023 ms)
[06/07/2026-16:13:37] [I] Average on 10 runs - GPU latency: 9.92485 ms - Host latency: 9.92485 ms (enqueue 0.00239258 ms)
[06/07/2026-16:13:37] [I] Average on 10 runs - GPU latency: 9.98926 ms - Host latency: 9.98926 ms (enqueue 0.00258789 ms)
[06/07/2026-16:13:37] [I] Average on 10 runs - GPU latency: 9.97256 ms - Host latency: 9.97256 ms (enqueue 0.00258789 ms)
[06/07/2026-16:13:37] [I] Average on 10 runs - GPU latency: 9.91963 ms - Host latency: 9.91963 ms (enqueue 0.00244141 ms)
[06/07/2026-16:13:37] [I] Average on 10 runs - GPU latency: 9.87646 ms - Host latency: 9.87646 ms (enqueue 0.00263672 ms)
[06/07/2026-16:13:37] [I] Average on 10 runs - GPU latency: 9.90479 ms - Host latency: 9.90479 ms (enqueue 0.00244141 ms)
[06/07/2026-16:13:37] [I] Average on 10 runs - GPU latency: 10.0899 ms - Host latency: 10.0899 ms (enqueue 0.00258789 ms)
[06/07/2026-16:13:37] [I] Average on 10 runs - GPU latency: 9.94966 ms - Host latency: 9.94966 ms (enqueue 0.00244141 ms)
[06/07/2026-16:13:37] [I] Average on 10 runs - GPU latency: 9.98755 ms - Host latency: 9.98755 ms (enqueue 0.00249023 ms)
[06/07/2026-16:13:37] [I] Average on 10 runs - GPU latency: 9.95518 ms - Host latency: 9.95518 ms (enqueue 0.00249023 ms)
[06/07/2026-16:13:37] [I] Average on 10 runs - GPU latency: 9.98848 ms - Host latency: 9.98848 ms (enqueue 0.00258789 ms)
[06/07/2026-16:13:37] [I] Average on 10 runs - GPU latency: 9.96646 ms - Host latency: 9.96646 ms (enqueue 0.00268555 ms)
[06/07/2026-16:13:37] [I] Average on 10 runs - GPU latency: 10.0864 ms - Host latency: 10.0864 ms (enqueue 0.00253906 ms)
[06/07/2026-16:13:37] [I] Average on 10 runs - GPU latency: 10.0683 ms - Host latency: 10.0683 ms (enqueue 0.00253906 ms)
[06/07/2026-16:13:37] [I] Average on 10 runs - GPU latency: 10.0493 ms - Host latency: 10.0493 ms (enqueue 0.00253906 ms)
[06/07/2026-16:13:37] [I] Average on 10 runs - GPU latency: 10.1748 ms - Host latency: 10.1748 ms (enqueue 0.00244141 ms)
[06/07/2026-16:13:37] [I] Average on 10 runs - GPU latency: 9.9894 ms - Host latency: 9.9894 ms (enqueue 0.00258789 ms)
[06/07/2026-16:13:37] [I] Average on 10 runs - GPU latency: 9.89551 ms - Host latency: 9.89551 ms (enqueue 0.00253906 ms)
[06/07/2026-16:13:37] [I] Average on 10 runs - GPU latency: 9.92417 ms - Host latency: 9.92417 ms (enqueue 0.00239258 ms)
[06/07/2026-16:13:37] [I] Average on 10 runs - GPU latency: 10.0342 ms - Host latency: 10.0342 ms (enqueue 0.00258789 ms)
[06/07/2026-16:13:37] [I] Average on 10 runs - GPU latency: 10.0733 ms - Host latency: 10.0733 ms (enqueue 0.00249023 ms)
[06/07/2026-16:13:37] [I] Average on 10 runs - GPU latency: 10.0656 ms - Host latency: 10.0656 ms (enqueue 0.00263672 ms)
[06/07/2026-16:13:37] [I] Average on 10 runs - GPU latency: 10.2003 ms - Host latency: 10.2003 ms (enqueue 0.00258789 ms)
[06/07/2026-16:13:37] [I] Average on 10 runs - GPU latency: 10.1496 ms - Host latency: 10.1496 ms (enqueue 0.00253906 ms)
[06/07/2026-16:13:37] [I] Average on 10 runs - GPU latency: 10.1695 ms - Host latency: 10.1695 ms (enqueue 0.00263672 ms)
[06/07/2026-16:13:37] [I] Average on 10 runs - GPU latency: 9.98706 ms - Host latency: 9.98706 ms (enqueue 0.00239258 ms)
[06/07/2026-16:13:37] [I] Average on 10 runs - GPU latency: 10.076 ms - Host latency: 10.076 ms (enqueue 0.00253906 ms)
[06/07/2026-16:13:37] [I] ... Omitting 774 lines
[06/07/2026-16:13:37] [I] Average on 10 runs - GPU latency: 10.1152 ms - Host latency: 10.1152 ms (enqueue 0.00244141 ms)
[06/07/2026-16:13:37] [I] Average on 10 runs - GPU latency: 10.1398 ms - Host latency: 10.1398 ms (enqueue 0.00253906 ms)
[06/07/2026-16:13:37] [I] Average on 10 runs - GPU latency: 10.0118 ms - Host latency: 10.0118 ms (enqueue 0.00263672 ms)
[06/07/2026-16:13:37] [I] Average on 10 runs - GPU latency: 10.0458 ms - Host latency: 10.0458 ms (enqueue 0.00253906 ms)
[06/07/2026-16:13:37] [I] Average on 10 runs - GPU latency: 10.0913 ms - Host latency: 10.0913 ms (enqueue 0.00263672 ms)
[06/07/2026-16:13:37] [I] Average on 10 runs - GPU latency: 10.1876 ms - Host latency: 10.1876 ms (enqueue 0.00244141 ms)
[06/07/2026-16:13:37] [I] Average on 10 runs - GPU latency: 10.1224 ms - Host latency: 10.1224 ms (enqueue 0.00268555 ms)
[06/07/2026-16:13:37] [I] Average on 10 runs - GPU latency: 10.0693 ms - Host latency: 10.0693 ms (enqueue 0.00244141 ms)
[06/07/2026-16:13:37] [I] Average on 10 runs - GPU latency: 10.0458 ms - Host latency: 10.0458 ms (enqueue 0.00249023 ms)
[06/07/2026-16:13:37] [I] Average on 10 runs - GPU latency: 10.0444 ms - Host latency: 10.0444 ms (enqueue 0.00258789 ms)
[06/07/2026-16:13:37] [I] Average on 10 runs - GPU latency: 9.89907 ms - Host latency: 9.89907 ms (enqueue 0.00229492 ms)
[06/07/2026-16:13:37] [I] Average on 10 runs - GPU latency: 10.1532 ms - Host latency: 10.1532 ms (enqueue 0.00249023 ms)
[06/07/2026-16:13:37] [I] Average on 10 runs - GPU latency: 10.1144 ms - Host latency: 10.1144 ms (enqueue 0.00239258 ms)
[06/07/2026-16:13:37] [I] Average on 10 runs - GPU latency: 10.2564 ms - Host latency: 10.2564 ms (enqueue 0.00253906 ms)
[06/07/2026-16:13:37] [I] Average on 10 runs - GPU latency: 10.1328 ms - Host latency: 10.1328 ms (enqueue 0.00234375 ms)
[06/07/2026-16:13:37] [I] Average on 10 runs - GPU latency: 10.1417 ms - Host latency: 10.1417 ms (enqueue 0.00268555 ms)
[06/07/2026-16:13:37] [I] Average on 10 runs - GPU latency: 9.96094 ms - Host latency: 9.96094 ms (enqueue 0.00244141 ms)
[06/07/2026-16:13:37] [I] Average on 10 runs - GPU latency: 10.1938 ms - Host latency: 10.1938 ms (enqueue 0.00249023 ms)
[06/07/2026-16:13:37] [I] Average on 10 runs - GPU latency: 10.1904 ms - Host latency: 10.1904 ms (enqueue 0.00258789 ms)
[06/07/2026-16:13:37] [I] Average on 10 runs - GPU latency: 10.1636 ms - Host latency: 10.1636 ms (enqueue 0.00249023 ms)
[06/07/2026-16:13:37] [I] Average on 10 runs - GPU latency: 10.2336 ms - Host latency: 10.2336 ms (enqueue 0.00239258 ms)
[06/07/2026-16:13:37] [I] Average on 10 runs - GPU latency: 10.2424 ms - Host latency: 10.2424 ms (enqueue 0.00239258 ms)
[06/07/2026-16:13:37] [I] Average on 10 runs - GPU latency: 10.1916 ms - Host latency: 10.1916 ms (enqueue 0.00244141 ms)
[06/07/2026-16:13:37] [I] Average on 10 runs - GPU latency: 10.0369 ms - Host latency: 10.0369 ms (enqueue 0.00239258 ms)
[06/07/2026-16:13:37] [I] Average on 10 runs - GPU latency: 10.1767 ms - Host latency: 10.1767 ms (enqueue 0.00249023 ms)
[06/07/2026-16:13:37] [I] Average on 10 runs - GPU latency: 10.1482 ms - Host latency: 10.1482 ms (enqueue 0.00244141 ms)
[06/07/2026-16:13:37] [I] Average on 10 runs - GPU latency: 10.1393 ms - Host latency: 10.1393 ms (enqueue 0.00253906 ms)
[06/07/2026-16:13:37] [I] Average on 10 runs - GPU latency: 10.0584 ms - Host latency: 10.0584 ms (enqueue 0.00253906 ms)
[06/07/2026-16:13:37] [I] Average on 10 runs - GPU latency: 10.0796 ms - Host latency: 10.0796 ms (enqueue 0.00249023 ms)
[06/07/2026-16:13:37] [I] Average on 10 runs - GPU latency: 10.1035 ms - Host latency: 10.1035 ms (enqueue 0.00253906 ms)
[06/07/2026-16:13:37] [I] Average on 10 runs - GPU latency: 10.1648 ms - Host latency: 10.1648 ms (enqueue 0.00258789 ms)
[06/07/2026-16:13:37] [I] Average on 10 runs - GPU latency: 10.2971 ms - Host latency: 10.2971 ms (enqueue 0.00258789 ms)
[06/07/2026-16:13:37] [I] Average on 10 runs - GPU latency: 10.52 ms - Host latency: 10.52 ms (enqueue 0.00249023 ms)
[06/07/2026-16:13:37] [I] Average on 10 runs - GPU latency: 10.3472 ms - Host latency: 10.3472 ms (enqueue 0.00253906 ms)
[06/07/2026-16:13:37] [I] Average on 10 runs - GPU latency: 10.3222 ms - Host latency: 10.3222 ms (enqueue 0.00234375 ms)
[06/07/2026-16:13:37] [I] Average on 10 runs - GPU latency: 10.3399 ms - Host latency: 10.3399 ms (enqueue 0.00253906 ms)
[06/07/2026-16:13:37] [I] Average on 10 runs - GPU latency: 10.3571 ms - Host latency: 10.3571 ms (enqueue 0.00249023 ms)
[06/07/2026-16:13:37] [I] Average on 10 runs - GPU latency: 10.2559 ms - Host latency: 10.2559 ms (enqueue 0.00253906 ms)
[06/07/2026-16:13:37] [I] Average on 10 runs - GPU latency: 10.1441 ms - Host latency: 10.1441 ms (enqueue 0.00258789 ms)
[06/07/2026-16:13:37] [I] Average on 10 runs - GPU latency: 10.1068 ms - Host latency: 10.1068 ms (enqueue 0.00249023 ms)
[06/07/2026-16:13:37] [I] Average on 10 runs - GPU latency: 9.93247 ms - Host latency: 9.93247 ms (enqueue 0.00229492 ms)
[06/07/2026-16:13:37] [I] Average on 10 runs - GPU latency: 10.0015 ms - Host latency: 10.0015 ms (enqueue 0.00249023 ms)
[06/07/2026-16:13:37] [I] Average on 10 runs - GPU latency: 10.1563 ms - Host latency: 10.1563 ms (enqueue 0.00258789 ms)
[06/07/2026-16:13:37] [I] Average on 10 runs - GPU latency: 10.1505 ms - Host latency: 10.1505 ms (enqueue 0.00258789 ms)
[06/07/2026-16:13:37] [I] Average on 10 runs - GPU latency: 10.1748 ms - Host latency: 10.1748 ms (enqueue 0.00253906 ms)
[06/07/2026-16:13:37] [I] Average on 10 runs - GPU latency: 10.1761 ms - Host latency: 10.1761 ms (enqueue 0.00249023 ms)
[06/07/2026-16:13:37] [I] Average on 10 runs - GPU latency: 10.115 ms - Host latency: 10.115 ms (enqueue 0.00249023 ms)
[06/07/2026-16:13:37] [I] Average on 10 runs - GPU latency: 10.079 ms - Host latency: 10.079 ms (enqueue 0.00283203 ms)
[06/07/2026-16:13:37] [I] Average on 10 runs - GPU latency: 10.0192 ms - Host latency: 10.0192 ms (enqueue 0.00244141 ms)
[06/07/2026-16:13:37] [I] Average on 10 runs - GPU latency: 10.0856 ms - Host latency: 10.0856 ms (enqueue 0.00258789 ms)
[06/07/2026-16:13:37] [I] Average on 10 runs - GPU latency: 10.0075 ms - Host latency: 10.0075 ms (enqueue 0.00263672 ms)
[06/07/2026-16:13:37] [I] Average on 10 runs - GPU latency: 9.97432 ms - Host latency: 9.97432 ms (enqueue 0.00253906 ms)
[06/07/2026-16:13:37] [I] Average on 10 runs - GPU latency: 10.0252 ms - Host latency: 10.0252 ms (enqueue 0.00268555 ms)
[06/07/2026-16:13:37] [I] Average on 10 runs - GPU latency: 10.1978 ms - Host latency: 10.1978 ms (enqueue 0.00258789 ms)
[06/07/2026-16:13:37] [I] Average on 10 runs - GPU latency: 10.0978 ms - Host latency: 10.0978 ms (enqueue 0.00258789 ms)
[06/07/2026-16:13:37] [I] Average on 10 runs - GPU latency: 9.95674 ms - Host latency: 9.95674 ms (enqueue 0.00268555 ms)
[06/07/2026-16:13:37] [I] Average on 10 runs - GPU latency: 10.0094 ms - Host latency: 10.0094 ms (enqueue 0.00253906 ms)
[06/07/2026-16:13:37] [I] Average on 10 runs - GPU latency: 10.0177 ms - Host latency: 10.0177 ms (enqueue 0.00239258 ms)
[06/07/2026-16:13:37] [I] Average on 10 runs - GPU latency: 10.1938 ms - Host latency: 10.1938 ms (enqueue 0.00239258 ms)
[06/07/2026-16:13:37] [I] Average on 10 runs - GPU latency: 10.142 ms - Host latency: 10.142 ms (enqueue 0.00263672 ms)
[06/07/2026-16:13:37] [I] Average on 10 runs - GPU latency: 10.0185 ms - Host latency: 10.0185 ms (enqueue 0.00249023 ms)
[06/07/2026-16:13:37] [I] Average on 10 runs - GPU latency: 9.9522 ms - Host latency: 9.9522 ms (enqueue 0.00249023 ms)
[06/07/2026-16:13:37] [I] Average on 10 runs - GPU latency: 9.96196 ms - Host latency: 9.96196 ms (enqueue 0.00244141 ms)
[06/07/2026-16:13:37] [I] Average on 10 runs - GPU latency: 10.1409 ms - Host latency: 10.1409 ms (enqueue 0.00283203 ms)
[06/07/2026-16:13:37] [I] Average on 10 runs - GPU latency: 9.88096 ms - Host latency: 9.88096 ms (enqueue 0.00258789 ms)
[06/07/2026-16:13:37] [I] Average on 10 runs - GPU latency: 9.94048 ms - Host latency: 9.94048 ms (enqueue 0.00263672 ms)
[06/07/2026-16:13:37] [I] Average on 10 runs - GPU latency: 9.89692 ms - Host latency: 9.89692 ms (enqueue 0.00253906 ms)
[06/07/2026-16:13:37] [I] Average on 10 runs - GPU latency: 9.91987 ms - Host latency: 9.91987 ms (enqueue 0.00263672 ms)
[06/07/2026-16:13:37] [I] Average on 10 runs - GPU latency: 10.0238 ms - Host latency: 10.0238 ms (enqueue 0.00249023 ms)
[06/07/2026-16:13:37] [I] Average on 10 runs - GPU latency: 10.0989 ms - Host latency: 10.0989 ms (enqueue 0.00249023 ms)
[06/07/2026-16:13:37] [I] Average on 10 runs - GPU latency: 10.0505 ms - Host latency: 10.0505 ms (enqueue 0.00249023 ms)
[06/07/2026-16:13:37] [I] Average on 10 runs - GPU latency: 10.0578 ms - Host latency: 10.0578 ms (enqueue 0.00268555 ms)
[06/07/2026-16:13:37] [I] Average on 10 runs - GPU latency: 9.97261 ms - Host latency: 9.97261 ms (enqueue 0.00249023 ms)
[06/07/2026-16:13:37] [I] Average on 10 runs - GPU latency: 10.0346 ms - Host latency: 10.0346 ms (enqueue 0.00268555 ms)
[06/07/2026-16:13:37] [I] Average on 10 runs - GPU latency: 9.95176 ms - Host latency: 9.95176 ms (enqueue 0.00249023 ms)
[06/07/2026-16:13:37] [I] Average on 10 runs - GPU latency: 9.94409 ms - Host latency: 9.94409 ms (enqueue 0.00307617 ms)
[06/07/2026-16:13:37] [I] Average on 10 runs - GPU latency: 9.83447 ms - Host latency: 9.83447 ms (enqueue 0.00244141 ms)
[06/07/2026-16:13:37] [I] Average on 10 runs - GPU latency: 9.91636 ms - Host latency: 9.91636 ms (enqueue 0.00253906 ms)
[06/07/2026-16:13:37] [I] Average on 10 runs - GPU latency: 9.99121 ms - Host latency: 9.99121 ms (enqueue 0.00249023 ms)
[06/07/2026-16:13:37] [I] Average on 10 runs - GPU latency: 10.0267 ms - Host latency: 10.0267 ms (enqueue 0.00253906 ms)
[06/07/2026-16:13:37] [I] Average on 10 runs - GPU latency: 10.044 ms - Host latency: 10.044 ms (enqueue 0.00234375 ms)
[06/07/2026-16:13:37] [I] Average on 10 runs - GPU latency: 10.0289 ms - Host latency: 10.0289 ms (enqueue 0.00239258 ms)
[06/07/2026-16:13:37] [I] Average on 10 runs - GPU latency: 10.0051 ms - Host latency: 10.0051 ms (enqueue 0.00258789 ms)
[06/07/2026-16:13:37] [I] Average on 10 runs - GPU latency: 10.0455 ms - Host latency: 10.0455 ms (enqueue 0.00268555 ms)
[06/07/2026-16:13:37] [I] Average on 10 runs - GPU latency: 9.84844 ms - Host latency: 9.84844 ms (enqueue 0.00258789 ms)
[06/07/2026-16:13:37] [I] Average on 10 runs - GPU latency: 9.85518 ms - Host latency: 9.85518 ms (enqueue 0.00253906 ms)
[06/07/2026-16:13:37] [I] Average on 10 runs - GPU latency: 9.94873 ms - Host latency: 9.94873 ms (enqueue 0.00249023 ms)
[06/07/2026-16:13:37] [I] Average on 10 runs - GPU latency: 9.94712 ms - Host latency: 9.94712 ms (enqueue 0.00258789 ms)
[06/07/2026-16:13:37] [I] Average on 10 runs - GPU latency: 9.82124 ms - Host latency: 9.82124 ms (enqueue 0.00244141 ms)
[06/07/2026-16:13:37] [I] Average on 10 runs - GPU latency: 10.0078 ms - Host latency: 10.0078 ms (enqueue 0.00253906 ms)
[06/07/2026-16:13:37] [I] Average on 10 runs - GPU latency: 10.1007 ms - Host latency: 10.1007 ms (enqueue 0.00249023 ms)
[06/07/2026-16:13:37] [I] Average on 10 runs - GPU latency: 10.1013 ms - Host latency: 10.1013 ms (enqueue 0.00258789 ms)
[06/07/2026-16:13:37] [I] Average on 10 runs - GPU latency: 10.135 ms - Host latency: 10.135 ms (enqueue 0.00263672 ms)
[06/07/2026-16:13:37] [I] Average on 10 runs - GPU latency: 10.3134 ms - Host latency: 10.3134 ms (enqueue 0.00244141 ms)
[06/07/2026-16:13:37] [I] Average on 10 runs - GPU latency: 10.1257 ms - Host latency: 10.1257 ms (enqueue 0.00249023 ms)
[06/07/2026-16:13:37] [I] Average on 10 runs - GPU latency: 10.1693 ms - Host latency: 10.1693 ms (enqueue 0.00258789 ms)
[06/07/2026-16:13:37] [I] Average on 10 runs - GPU latency: 10.0546 ms - Host latency: 10.0546 ms (enqueue 0.00239258 ms)
[06/07/2026-16:13:37] [I] Average on 10 runs - GPU latency: 10.0666 ms - Host latency: 10.0666 ms (enqueue 0.00249023 ms)
[06/07/2026-16:13:37] [I] Average on 10 runs - GPU latency: 10.0755 ms - Host latency: 10.0755 ms (enqueue 0.00249023 ms)
[06/07/2026-16:13:37] [I] Average on 10 runs - GPU latency: 10.06 ms - Host latency: 10.06 ms (enqueue 0.00253906 ms)
[06/07/2026-16:13:37] [I] Average on 10 runs - GPU latency: 10.0462 ms - Host latency: 10.0462 ms (enqueue 0.00244141 ms)
[06/07/2026-16:13:37] [I] Average on 10 runs - GPU latency: 10.1209 ms - Host latency: 10.1209 ms (enqueue 0.00244141 ms)
[06/07/2026-16:13:37] [I] Average on 10 runs - GPU latency: 10.1592 ms - Host latency: 10.1592 ms (enqueue 0.00258789 ms)
[06/07/2026-16:13:37] [I] Average on 10 runs - GPU latency: 10.1339 ms - Host latency: 10.1339 ms (enqueue 0.00234375 ms)
[06/07/2026-16:13:37] [I] Average on 10 runs - GPU latency: 10.167 ms - Host latency: 10.167 ms (enqueue 0.00249023 ms)
[06/07/2026-16:13:37] [I] Average on 10 runs - GPU latency: 10.1815 ms - Host latency: 10.1815 ms (enqueue 0.00268555 ms)
[06/07/2026-16:13:37] [I] Average on 10 runs - GPU latency: 10.0178 ms - Host latency: 10.0178 ms (enqueue 0.00244141 ms)
[06/07/2026-16:13:37] [I] Average on 10 runs - GPU latency: 10.1953 ms - Host latency: 10.1953 ms (enqueue 0.00253906 ms)
[06/07/2026-16:13:37] [I] Average on 10 runs - GPU latency: 10.0443 ms - Host latency: 10.0443 ms (enqueue 0.00249023 ms)
[06/07/2026-16:13:37] [I] Average on 10 runs - GPU latency: 10.0384 ms - Host latency: 10.0384 ms (enqueue 0.00244141 ms)
[06/07/2026-16:13:37] [I] Average on 10 runs - GPU latency: 10.2033 ms - Host latency: 10.2033 ms (enqueue 0.00253906 ms)
[06/07/2026-16:13:37] [I] Average on 10 runs - GPU latency: 10.1001 ms - Host latency: 10.1001 ms (enqueue 0.00244141 ms)
[06/07/2026-16:13:37] [I] Average on 10 runs - GPU latency: 10.0837 ms - Host latency: 10.0837 ms (enqueue 0.00253906 ms)
[06/07/2026-16:13:37] [I] Average on 10 runs - GPU latency: 10.1462 ms - Host latency: 10.1462 ms (enqueue 0.00229492 ms)
[06/07/2026-16:13:37] [I] Average on 10 runs - GPU latency: 10.1088 ms - Host latency: 10.1088 ms (enqueue 0.00253906 ms)
[06/07/2026-16:13:37] [I] Average on 10 runs - GPU latency: 10.0513 ms - Host latency: 10.0513 ms (enqueue 0.00263672 ms)
[06/07/2026-16:13:37] [I] Average on 10 runs - GPU latency: 10.0331 ms - Host latency: 10.0331 ms (enqueue 0.00253906 ms)
[06/07/2026-16:13:37] [I] Average on 10 runs - GPU latency: 10.0263 ms - Host latency: 10.0263 ms (enqueue 0.00244141 ms)
[06/07/2026-16:13:37] [I] Average on 10 runs - GPU latency: 10.0081 ms - Host latency: 10.0081 ms (enqueue 0.00253906 ms)
[06/07/2026-16:13:37] [I] Average on 10 runs - GPU latency: 10.1391 ms - Host latency: 10.1391 ms (enqueue 0.00249023 ms)
[06/07/2026-16:13:37] [I] Average on 10 runs - GPU latency: 9.90581 ms - Host latency: 9.90581 ms (enqueue 0.00258789 ms)
[06/07/2026-16:13:37] [I] Average on 10 runs - GPU latency: 10.0925 ms - Host latency: 10.0925 ms (enqueue 0.00249023 ms)
[06/07/2026-16:13:37] [I] Average on 10 runs - GPU latency: 10.0073 ms - Host latency: 10.0073 ms (enqueue 0.00244141 ms)
[06/07/2026-16:13:37] [I] Average on 10 runs - GPU latency: 10.0065 ms - Host latency: 10.0065 ms (enqueue 0.00253906 ms)
[06/07/2026-16:13:37] [I] Average on 10 runs - GPU latency: 10.0635 ms - Host latency: 10.0635 ms (enqueue 0.00258789 ms)
[06/07/2026-16:13:37] [I] Average on 10 runs - GPU latency: 10.149 ms - Host latency: 10.149 ms (enqueue 0.00249023 ms)
[06/07/2026-16:13:37] [I] Average on 10 runs - GPU latency: 10.138 ms - Host latency: 10.138 ms (enqueue 0.0027832 ms)
[06/07/2026-16:13:37] [I] Average on 10 runs - GPU latency: 10.1942 ms - Host latency: 10.1942 ms (enqueue 0.00234375 ms)
[06/07/2026-16:13:37] [I] Average on 10 runs - GPU latency: 10.1763 ms - Host latency: 10.1763 ms (enqueue 0.00244141 ms)
[06/07/2026-16:13:37] [I] Average on 10 runs - GPU latency: 10.2077 ms - Host latency: 10.2077 ms (enqueue 0.00253906 ms)
[06/07/2026-16:13:37] [I] Average on 10 runs - GPU latency: 10.0909 ms - Host latency: 10.0909 ms (enqueue 0.00258789 ms)
[06/07/2026-16:13:37] [I] Average on 10 runs - GPU latency: 10.0519 ms - Host latency: 10.0519 ms (enqueue 0.00244141 ms)
[06/07/2026-16:13:37] [I] Average on 10 runs - GPU latency: 10.1517 ms - Host latency: 10.1517 ms (enqueue 0.00380859 ms)
[06/07/2026-16:13:37] [I] Average on 10 runs - GPU latency: 10.2309 ms - Host latency: 10.2309 ms (enqueue 0.00253906 ms)
[06/07/2026-16:13:37] [I] Average on 10 runs - GPU latency: 10.3687 ms - Host latency: 10.3687 ms (enqueue 0.00253906 ms)
[06/07/2026-16:13:37] [I] Average on 10 runs - GPU latency: 10.1757 ms - Host latency: 10.1757 ms (enqueue 0.00258789 ms)
[06/07/2026-16:13:37] [I] Average on 10 runs - GPU latency: 10.1238 ms - Host latency: 10.1238 ms (enqueue 0.00258789 ms)
[06/07/2026-16:13:37] [I] Average on 10 runs - GPU latency: 10.1714 ms - Host latency: 10.1714 ms (enqueue 0.00263672 ms)
[06/07/2026-16:13:37] [I] Average on 10 runs - GPU latency: 10.2619 ms - Host latency: 10.2619 ms (enqueue 0.00239258 ms)
[06/07/2026-16:13:37] [I] Average on 10 runs - GPU latency: 10.1225 ms - Host latency: 10.1225 ms (enqueue 0.00253906 ms)
[06/07/2026-16:13:37] [I] Average on 10 runs - GPU latency: 10.0787 ms - Host latency: 10.0787 ms (enqueue 0.00258789 ms)
[06/07/2026-16:13:37] [I] Average on 10 runs - GPU latency: 10.0681 ms - Host latency: 10.0681 ms (enqueue 0.00239258 ms)
[06/07/2026-16:13:37] [I] Average on 10 runs - GPU latency: 10.0985 ms - Host latency: 10.0985 ms (enqueue 0.00239258 ms)
[06/07/2026-16:13:37] [I] Average on 10 runs - GPU latency: 9.996 ms - Host latency: 9.996 ms (enqueue 0.00258789 ms)
[06/07/2026-16:13:37] [I] Average on 10 runs - GPU latency: 9.86875 ms - Host latency: 9.86875 ms (enqueue 0.00249023 ms)
[06/07/2026-16:13:37] [I] Average on 10 runs - GPU latency: 10.0576 ms - Host latency: 10.0576 ms (enqueue 0.00263672 ms)
[06/07/2026-16:13:37] [I] Average on 10 runs - GPU latency: 10.0193 ms - Host latency: 10.0193 ms (enqueue 0.00249023 ms)
[06/07/2026-16:13:37] [I] Average on 10 runs - GPU latency: 9.92896 ms - Host latency: 9.92896 ms (enqueue 0.00258789 ms)
[06/07/2026-16:13:37] [I] Average on 10 runs - GPU latency: 9.96992 ms - Host latency: 9.96992 ms (enqueue 0.00253906 ms)
[06/07/2026-16:13:37] [I] Average on 10 runs - GPU latency: 9.92397 ms - Host latency: 9.92397 ms (enqueue 0.00253906 ms)
[06/07/2026-16:13:37] [I] Average on 10 runs - GPU latency: 9.95371 ms - Host latency: 9.95371 ms (enqueue 0.00249023 ms)
[06/07/2026-16:13:37] [I] Average on 10 runs - GPU latency: 9.99502 ms - Host latency: 9.99502 ms (enqueue 0.00258789 ms)
[06/07/2026-16:13:37] [I] Average on 10 runs - GPU latency: 9.87241 ms - Host latency: 9.87241 ms (enqueue 0.00258789 ms)
[06/07/2026-16:13:37] [I] Average on 10 runs - GPU latency: 9.8645 ms - Host latency: 9.8645 ms (enqueue 0.00249023 ms)
[06/07/2026-16:13:37] [I] Average on 10 runs - GPU latency: 9.96372 ms - Host latency: 9.96372 ms (enqueue 0.00244141 ms)
[06/07/2026-16:13:37] [I] Average on 10 runs - GPU latency: 9.94487 ms - Host latency: 9.94487 ms (enqueue 0.00249023 ms)
[06/07/2026-16:13:37] [I] Average on 10 runs - GPU latency: 9.99834 ms - Host latency: 9.99834 ms (enqueue 0.00249023 ms)
[06/07/2026-16:13:37] [I] Average on 10 runs - GPU latency: 10.0712 ms - Host latency: 10.0712 ms (enqueue 0.00244141 ms)
[06/07/2026-16:13:37] [I] Average on 10 runs - GPU latency: 10.0042 ms - Host latency: 10.0042 ms (enqueue 0.00249023 ms)
[06/07/2026-16:13:37] [I] Average on 10 runs - GPU latency: 9.81724 ms - Host latency: 9.81724 ms (enqueue 0.00253906 ms)
[06/07/2026-16:13:37] [I] Average on 10 runs - GPU latency: 9.93032 ms - Host latency: 9.93032 ms (enqueue 0.00263672 ms)
[06/07/2026-16:13:37] [I] Average on 10 runs - GPU latency: 9.90693 ms - Host latency: 9.90693 ms (enqueue 0.00244141 ms)
[06/07/2026-16:13:37] [I] Average on 10 runs - GPU latency: 9.90938 ms - Host latency: 9.90938 ms (enqueue 0.00249023 ms)
[06/07/2026-16:13:37] [I] Average on 10 runs - GPU latency: 10.0043 ms - Host latency: 10.0043 ms (enqueue 0.00258789 ms)
[06/07/2026-16:13:37] [I] Average on 10 runs - GPU latency: 10.1189 ms - Host latency: 10.1189 ms (enqueue 0.00263672 ms)
[06/07/2026-16:13:37] [I] Average on 10 runs - GPU latency: 10.0829 ms - Host latency: 10.0829 ms (enqueue 0.00258789 ms)
[06/07/2026-16:13:37] [I] Average on 10 runs - GPU latency: 10.0118 ms - Host latency: 10.0118 ms (enqueue 0.00239258 ms)
[06/07/2026-16:13:37] [I] Average on 10 runs - GPU latency: 10.0798 ms - Host latency: 10.0798 ms (enqueue 0.00239258 ms)
[06/07/2026-16:13:37] [I] Average on 10 runs - GPU latency: 9.85649 ms - Host latency: 9.85649 ms (enqueue 0.00249023 ms)
[06/07/2026-16:13:37] [I] Average on 10 runs - GPU latency: 10.0553 ms - Host latency: 10.0553 ms (enqueue 0.00273437 ms)
[06/07/2026-16:13:37] [I] Average on 10 runs - GPU latency: 9.95283 ms - Host latency: 9.95283 ms (enqueue 0.00253906 ms)
[06/07/2026-16:13:37] [I] Average on 10 runs - GPU latency: 9.96646 ms - Host latency: 9.96646 ms (enqueue 0.00244141 ms)
[06/07/2026-16:13:37] [I] Average on 10 runs - GPU latency: 10.0123 ms - Host latency: 10.0123 ms (enqueue 0.00244141 ms)
[06/07/2026-16:13:37] [I] Average on 10 runs - GPU latency: 9.90171 ms - Host latency: 9.90171 ms (enqueue 0.00229492 ms)
[06/07/2026-16:13:37] [I] Average on 10 runs - GPU latency: 9.95884 ms - Host latency: 9.95884 ms (enqueue 0.00263672 ms)
[06/07/2026-16:13:37] [I] Average on 10 runs - GPU latency: 10.1074 ms - Host latency: 10.1074 ms (enqueue 0.00263672 ms)
[06/07/2026-16:13:37] [I] Average on 10 runs - GPU latency: 10.0297 ms - Host latency: 10.0297 ms (enqueue 0.00258789 ms)
[06/07/2026-16:13:37] [I] Average on 10 runs - GPU latency: 10.2067 ms - Host latency: 10.2067 ms (enqueue 0.00244141 ms)
[06/07/2026-16:13:37] [I] Average on 10 runs - GPU latency: 10.1321 ms - Host latency: 10.1321 ms (enqueue 0.00244141 ms)
[06/07/2026-16:13:37] [I] Average on 10 runs - GPU latency: 10.208 ms - Host latency: 10.208 ms (enqueue 0.00273437 ms)
[06/07/2026-16:13:37] [I] Average on 10 runs - GPU latency: 10.1313 ms - Host latency: 10.1313 ms (enqueue 0.00249023 ms)
[06/07/2026-16:13:37] [I] Average on 10 runs - GPU latency: 10.2219 ms - Host latency: 10.2219 ms (enqueue 0.00253906 ms)
[06/07/2026-16:13:37] [I] Average on 10 runs - GPU latency: 10.2136 ms - Host latency: 10.2136 ms (enqueue 0.00253906 ms)
[06/07/2026-16:13:37] [I] Average on 10 runs - GPU latency: 10.1378 ms - Host latency: 10.1378 ms (enqueue 0.00249023 ms)
[06/07/2026-16:13:37] [I] Average on 10 runs - GPU latency: 9.96016 ms - Host latency: 9.96016 ms (enqueue 0.00249023 ms)
[06/07/2026-16:13:37] [I] Average on 10 runs - GPU latency: 10.1323 ms - Host latency: 10.1323 ms (enqueue 0.00234375 ms)
[06/07/2026-16:13:37] [I] Average on 10 runs - GPU latency: 10.2724 ms - Host latency: 10.2724 ms (enqueue 0.00258789 ms)
[06/07/2026-16:13:37] [I] Average on 10 runs - GPU latency: 10.248 ms - Host latency: 10.248 ms (enqueue 0.00258789 ms)
[06/07/2026-16:13:37] [I] Average on 10 runs - GPU latency: 10.4075 ms - Host latency: 10.4075 ms (enqueue 0.00249023 ms)
[06/07/2026-16:13:37] [I] Average on 10 runs - GPU latency: 10.3268 ms - Host latency: 10.3268 ms (enqueue 0.00258789 ms)
[06/07/2026-16:13:37] [I] Average on 10 runs - GPU latency: 10.3323 ms - Host latency: 10.3323 ms (enqueue 0.00268555 ms)
[06/07/2026-16:13:37] [I] Average on 10 runs - GPU latency: 10.2503 ms - Host latency: 10.2503 ms (enqueue 0.00249023 ms)
[06/07/2026-16:13:37] [I] Average on 10 runs - GPU latency: 10.2648 ms - Host latency: 10.2648 ms (enqueue 0.00263672 ms)
[06/07/2026-16:13:37] [I] Average on 10 runs - GPU latency: 10.1792 ms - Host latency: 10.1792 ms (enqueue 0.00239258 ms)
[06/07/2026-16:13:37] [I] Average on 10 runs - GPU latency: 10.2863 ms - Host latency: 10.2863 ms (enqueue 0.00253906 ms)
[06/07/2026-16:13:37] [I] Average on 10 runs - GPU latency: 10.0541 ms - Host latency: 10.0541 ms (enqueue 0.00239258 ms)
[06/07/2026-16:13:37] [I] Average on 10 runs - GPU latency: 10.0586 ms - Host latency: 10.0586 ms (enqueue 0.00249023 ms)
[06/07/2026-16:13:37] [I] Average on 10 runs - GPU latency: 10.1482 ms - Host latency: 10.1482 ms (enqueue 0.00244141 ms)
[06/07/2026-16:13:37] [I] Average on 10 runs - GPU latency: 10.0113 ms - Host latency: 10.0113 ms (enqueue 0.00253906 ms)
[06/07/2026-16:13:37] [I] Average on 10 runs - GPU latency: 8.64839 ms - Host latency: 8.64839 ms (enqueue 0.00244141 ms)
[06/07/2026-16:13:37] [I] 
[06/07/2026-16:13:37] [I] === Performance summary ===
[06/07/2026-16:13:37] [I] Throughput: 793.174 qps
[06/07/2026-16:13:37] [I] Latency: min = 4.82227 ms, max = 10.8628 ms, mean = 10.0736 ms, median = 10.0669 ms, percentile(99%) = 10.5522 ms
[06/07/2026-16:13:37] [I] Enqueue Time: min = 0.00195312 ms, max = 0.0136719 ms, mean = 0.00252297 ms, median = 0.00244141 ms, percentile(99%) = 0.00341797 ms
[06/07/2026-16:13:37] [I] H2D Latency: min = 0 ms, max = 0 ms, mean = 0 ms, median = 0 ms, percentile(99%) = 0 ms
[06/07/2026-16:13:37] [I] GPU Compute Time: min = 4.82227 ms, max = 10.8628 ms, mean = 10.0736 ms, median = 10.0669 ms, percentile(99%) = 10.5522 ms
[06/07/2026-16:13:37] [I] D2H Latency: min = 0 ms, max = 0 ms, mean = 0 ms, median = 0 ms, percentile(99%) = 0 ms
[06/07/2026-16:13:37] [I] Total Host Walltime: 6.01886 s
[06/07/2026-16:13:37] [I] Total GPU Compute Time: 48.0915 s
[06/07/2026-16:13:37] [W] * Multiple inference streams are used. Latencies may not be accurate since inferences may run in   parallel. Please use "Throughput" as the performance metric instead.
[06/07/2026-16:13:37] [I] Explanations of the performance metrics are printed in the verbose logs.
[06/07/2026-16:13:37] [I] 
&&&& PASSED TensorRT.trtexec [TensorRT v101401] [b48] # trtexec --loadEngine=/work/trt_bench_streams/engines/yolo26s_b8.engine --streams=8 --useCudaGraph --useSpinWait --noDataTransfers --warmUp=2000 --duration=6 --percentile=99
