&&&& RUNNING TensorRT.trtexec [TensorRT v101401] [b48] # trtexec --loadEngine=/work/trt_bench_streams/engines/yolo26s_b1.engine --streams=1 --useCudaGraph --useSpinWait --noDataTransfers --warmUp=2000 --duration=6 --percentile=99
[06/07/2026-16:09:21] [I] TF32 is enabled by default. Add --noTF32 flag to further improve accuracy with some performance cost.
[06/07/2026-16:09:21] [W] --streams flag has been deprecated, use --infStreams flag instead.
[06/07/2026-16:09:21] [I] === Model Options ===
[06/07/2026-16:09:21] [I] Format: *
[06/07/2026-16:09:21] [I] Model: 
[06/07/2026-16:09:21] [I] Output:
[06/07/2026-16:09:21] [I] 
[06/07/2026-16:09:21] [I] === System Options ===
[06/07/2026-16:09:21] [I] Device: 0
[06/07/2026-16:09:21] [I] DLACore: 
[06/07/2026-16:09:21] [I] Plugins:
[06/07/2026-16:09:21] [I] setPluginsToSerialize:
[06/07/2026-16:09:21] [I] dynamicPlugins:
[06/07/2026-16:09:21] [I] ignoreParsedPluginLibs: 0
[06/07/2026-16:09:21] [I] 
[06/07/2026-16:09:21] [I] === Inference Options ===
[06/07/2026-16:09:21] [I] Batch: Explicit
[06/07/2026-16:09:21] [I] Input inference shapes: model
[06/07/2026-16:09:21] [I] Iterations: 10
[06/07/2026-16:09:21] [I] Duration: 6s (+ 2000ms warm up)
[06/07/2026-16:09:21] [I] Sleep time: 0ms
[06/07/2026-16:09:21] [I] Idle time: 0ms
[06/07/2026-16:09:21] [I] Inference Streams: 1
[06/07/2026-16:09:21] [I] ExposeDMA: Disabled
[06/07/2026-16:09:21] [I] Data transfers: Disabled
[06/07/2026-16:09:21] [I] Spin-wait: Enabled
[06/07/2026-16:09:21] [I] Multithreading: Disabled
[06/07/2026-16:09:21] [I] CUDA Graph: Enabled
[06/07/2026-16:09:21] [I] Separate profiling: Disabled
[06/07/2026-16:09:21] [I] Time Deserialize: Disabled
[06/07/2026-16:09:21] [I] Time Refit: Disabled
[06/07/2026-16:09:21] [I] NVTX verbosity: 0
[06/07/2026-16:09:21] [I] Persistent Cache Ratio: 0
[06/07/2026-16:09:21] [I] Optimization Profile Index: 0
[06/07/2026-16:09:21] [I] Weight Streaming Budget: 100.000000%
[06/07/2026-16:09:21] [I] Inputs:
[06/07/2026-16:09:21] [I] Debug Tensor Save Destinations:
[06/07/2026-16:09:21] [I] Dump All Debug Tensor in Formats: 
[06/07/2026-16:09:21] [I] === Reporting Options ===
[06/07/2026-16:09:21] [I] Verbose: Disabled
[06/07/2026-16:09:21] [I] Averages: 10 inferences
[06/07/2026-16:09:21] [I] Percentiles: 99
[06/07/2026-16:09:21] [I] Dump refittable layers:Disabled
[06/07/2026-16:09:21] [I] Dump output: Disabled
[06/07/2026-16:09:21] [I] Profile: Disabled
[06/07/2026-16:09:21] [I] Export timing to JSON file: 
[06/07/2026-16:09:21] [I] Export output to JSON file: 
[06/07/2026-16:09:21] [I] Export profile to JSON file: 
[06/07/2026-16:09:21] [I] 
[06/07/2026-16:09:21] [I] === Device Information ===
[06/07/2026-16:09:21] [I] Available Devices: 
[06/07/2026-16:09:21] [I]   Device 0: "NVIDIA GeForce RTX 4090" UUID: GPU-ecde2256-9c06-55af-a9e9-f5ddb7072ede
[06/07/2026-16:09:21] [I] Selected Device: NVIDIA GeForce RTX 4090
[06/07/2026-16:09:21] [I] Selected Device ID: 0
[06/07/2026-16:09:21] [I] Selected Device UUID: GPU-ecde2256-9c06-55af-a9e9-f5ddb7072ede
[06/07/2026-16:09:21] [I] Compute Capability: 8.9
[06/07/2026-16:09:21] [I] SMs: 128
[06/07/2026-16:09:21] [I] Device Global Memory: 24080 MiB
[06/07/2026-16:09:21] [I] Shared Memory per SM: 100 KiB
[06/07/2026-16:09:21] [I] Memory Bus Width: 384 bits (ECC disabled)
[06/07/2026-16:09:21] [I] Application Compute Clock Rate: 2.55 GHz
[06/07/2026-16:09:21] [I] Application Memory Clock Rate: 10.501 GHz
[06/07/2026-16:09:21] [I] 
[06/07/2026-16:09:21] [I] Note: The application clock rates do not reflect the actual clock rates that the GPU is currently running at.
[06/07/2026-16:09:21] [I] 
[06/07/2026-16:09:21] [I] TensorRT version: 10.14.1
[06/07/2026-16:09:21] [I] Loading standard plugins
[06/07/2026-16:09:21] [I] [TRT] Loaded engine size: 20 MiB
[06/07/2026-16:09:21] [I] Engine deserialized in 0.0502705 sec.
[06/07/2026-16:09:21] [I] [TRT] [MemUsageChange] TensorRT-managed allocation in IExecutionContext creation: CPU +0, GPU +9, now: CPU 0, GPU 27 (MiB)
[06/07/2026-16:09:21] [I] Setting persistentCacheLimit to 0 bytes.
[06/07/2026-16:09:21] [I] Created execution context with device memory size: 8.90039 MiB
[06/07/2026-16:09:21] [I] Using random values for input images
[06/07/2026-16:09:21] [I] Input binding for images with dimensions 1x3x448x448 is created.
[06/07/2026-16:09:21] [I] Output binding for output0 with dimensions 1x300x6 is created.
[06/07/2026-16:09:21] [I] Starting inference
[06/07/2026-16:09:21] [I] Capturing CUDA graph for the current execution context
[06/07/2026-16:09:21] [I] Successfully captured CUDA graph for the current execution context
[06/07/2026-16:09:29] [I] Warmup completed 3628 queries over 2000 ms
[06/07/2026-16:09:29] [I] Timing trace has 11273 queries over 6.00084 s
[06/07/2026-16:09:29] [I] 
[06/07/2026-16:09:29] [I] === Trace details ===
[06/07/2026-16:09:29] [I] Trace averages of 10 runs:
[06/07/2026-16:09:29] [I] Average on 10 runs - GPU latency: 0.530981 ms - Host latency: 0.530981 ms (enqueue 0.00238037 ms)
[06/07/2026-16:09:29] [I] Average on 10 runs - GPU latency: 0.530579 ms - Host latency: 0.530579 ms (enqueue 0.00236816 ms)
[06/07/2026-16:09:29] [I] Average on 10 runs - GPU latency: 0.531091 ms - Host latency: 0.531091 ms (enqueue 0.00233154 ms)
[06/07/2026-16:09:29] [I] Average on 10 runs - GPU latency: 0.530762 ms - Host latency: 0.530762 ms (enqueue 0.00236816 ms)
[06/07/2026-16:09:29] [I] Average on 10 runs - GPU latency: 0.53092 ms - Host latency: 0.53092 ms (enqueue 0.00235596 ms)
[06/07/2026-16:09:29] [I] Average on 10 runs - GPU latency: 0.530933 ms - Host latency: 0.530933 ms (enqueue 0.00234375 ms)
[06/07/2026-16:09:29] [I] Average on 10 runs - GPU latency: 0.531128 ms - Host latency: 0.531128 ms (enqueue 0.00231934 ms)
[06/07/2026-16:09:29] [I] Average on 10 runs - GPU latency: 0.530774 ms - Host latency: 0.530774 ms (enqueue 0.00238037 ms)
[06/07/2026-16:09:29] [I] Average on 10 runs - GPU latency: 0.530713 ms - Host latency: 0.530713 ms (enqueue 0.00235596 ms)
[06/07/2026-16:09:29] [I] Average on 10 runs - GPU latency: 0.530615 ms - Host latency: 0.530615 ms (enqueue 0.00239258 ms)
[06/07/2026-16:09:29] [I] Average on 10 runs - GPU latency: 0.530957 ms - Host latency: 0.530957 ms (enqueue 0.00236816 ms)
[06/07/2026-16:09:29] [I] Average on 10 runs - GPU latency: 0.530542 ms - Host latency: 0.530542 ms (enqueue 0.00236816 ms)
[06/07/2026-16:09:29] [I] Average on 10 runs - GPU latency: 0.530884 ms - Host latency: 0.530884 ms (enqueue 0.00231934 ms)
[06/07/2026-16:09:29] [I] Average on 10 runs - GPU latency: 0.530811 ms - Host latency: 0.530811 ms (enqueue 0.00234375 ms)
[06/07/2026-16:09:29] [I] Average on 10 runs - GPU latency: 0.530396 ms - Host latency: 0.530396 ms (enqueue 0.00239258 ms)
[06/07/2026-16:09:29] [I] Average on 10 runs - GPU latency: 0.53064 ms - Host latency: 0.53064 ms (enqueue 0.00236816 ms)
[06/07/2026-16:09:29] [I] Average on 10 runs - GPU latency: 0.530688 ms - Host latency: 0.530688 ms (enqueue 0.00236816 ms)
[06/07/2026-16:09:29] [I] Average on 10 runs - GPU latency: 0.530859 ms - Host latency: 0.530859 ms (enqueue 0.00234375 ms)
[06/07/2026-16:09:29] [I] Average on 10 runs - GPU latency: 0.531103 ms - Host latency: 0.531103 ms (enqueue 0.00229492 ms)
[06/07/2026-16:09:29] [I] Average on 10 runs - GPU latency: 0.530469 ms - Host latency: 0.530469 ms (enqueue 0.00231934 ms)
[06/07/2026-16:09:29] [I] Average on 10 runs - GPU latency: 0.530396 ms - Host latency: 0.530396 ms (enqueue 0.00236816 ms)
[06/07/2026-16:09:29] [I] Average on 10 runs - GPU latency: 0.531103 ms - Host latency: 0.531103 ms (enqueue 0.00239258 ms)
[06/07/2026-16:09:29] [I] Average on 10 runs - GPU latency: 0.530884 ms - Host latency: 0.530884 ms (enqueue 0.00244141 ms)
[06/07/2026-16:09:29] [I] Average on 10 runs - GPU latency: 0.531152 ms - Host latency: 0.531152 ms (enqueue 0.00234375 ms)
[06/07/2026-16:09:29] [I] Average on 10 runs - GPU latency: 0.530762 ms - Host latency: 0.530762 ms (enqueue 0.00231934 ms)
[06/07/2026-16:09:29] [I] Average on 10 runs - GPU latency: 0.530884 ms - Host latency: 0.530884 ms (enqueue 0.00239258 ms)
[06/07/2026-16:09:29] [I] Average on 10 runs - GPU latency: 0.531103 ms - Host latency: 0.531103 ms (enqueue 0.00236816 ms)
[06/07/2026-16:09:29] [I] Average on 10 runs - GPU latency: 0.531006 ms - Host latency: 0.531006 ms (enqueue 0.00244141 ms)
[06/07/2026-16:09:29] [I] Average on 10 runs - GPU latency: 0.530811 ms - Host latency: 0.530811 ms (enqueue 0.00249023 ms)
[06/07/2026-16:09:29] [I] Average on 10 runs - GPU latency: 0.530811 ms - Host latency: 0.530811 ms (enqueue 0.00249023 ms)
[06/07/2026-16:09:29] [I] Average on 10 runs - GPU latency: 0.530981 ms - Host latency: 0.530981 ms (enqueue 0.00231934 ms)
[06/07/2026-16:09:29] [I] Average on 10 runs - GPU latency: 0.530811 ms - Host latency: 0.530811 ms (enqueue 0.00234375 ms)
[06/07/2026-16:09:29] [I] Average on 10 runs - GPU latency: 0.531006 ms - Host latency: 0.531006 ms (enqueue 0.00246582 ms)
[06/07/2026-16:09:29] [I] Average on 10 runs - GPU latency: 0.531177 ms - Host latency: 0.531177 ms (enqueue 0.00251465 ms)
[06/07/2026-16:09:29] [I] Average on 10 runs - GPU latency: 0.530908 ms - Host latency: 0.530908 ms (enqueue 0.00246582 ms)
[06/07/2026-16:09:29] [I] Average on 10 runs - GPU latency: 0.530811 ms - Host latency: 0.530811 ms (enqueue 0.00244141 ms)
[06/07/2026-16:09:29] [I] Average on 10 runs - GPU latency: 0.531103 ms - Host latency: 0.531103 ms (enqueue 0.00249023 ms)
[06/07/2026-16:09:29] [I] Average on 10 runs - GPU latency: 0.530908 ms - Host latency: 0.530908 ms (enqueue 0.00249023 ms)
[06/07/2026-16:09:29] [I] Average on 10 runs - GPU latency: 0.530762 ms - Host latency: 0.530762 ms (enqueue 0.00244141 ms)
[06/07/2026-16:09:29] [I] Average on 10 runs - GPU latency: 0.530591 ms - Host latency: 0.530591 ms (enqueue 0.00231934 ms)
[06/07/2026-16:09:29] [I] Average on 10 runs - GPU latency: 0.530811 ms - Host latency: 0.530811 ms (enqueue 0.00227051 ms)
[06/07/2026-16:09:29] [I] Average on 10 runs - GPU latency: 0.530762 ms - Host latency: 0.530762 ms (enqueue 0.00229492 ms)
[06/07/2026-16:09:29] [I] Average on 10 runs - GPU latency: 0.530566 ms - Host latency: 0.530566 ms (enqueue 0.00256348 ms)
[06/07/2026-16:09:29] [I] Average on 10 runs - GPU latency: 0.530664 ms - Host latency: 0.530664 ms (enqueue 0.00241699 ms)
[06/07/2026-16:09:29] [I] Average on 10 runs - GPU latency: 0.530444 ms - Host latency: 0.530444 ms (enqueue 0.00236816 ms)
[06/07/2026-16:09:29] [I] Average on 10 runs - GPU latency: 0.530933 ms - Host latency: 0.530933 ms (enqueue 0.00234375 ms)
[06/07/2026-16:09:29] [I] Average on 10 runs - GPU latency: 0.531177 ms - Host latency: 0.531177 ms (enqueue 0.00229492 ms)
[06/07/2026-16:09:29] [I] Average on 10 runs - GPU latency: 0.530713 ms - Host latency: 0.530713 ms (enqueue 0.00227051 ms)
[06/07/2026-16:09:29] [I] Average on 10 runs - GPU latency: 0.530762 ms - Host latency: 0.530762 ms (enqueue 0.00241699 ms)
[06/07/2026-16:09:29] [I] Average on 10 runs - GPU latency: 0.53064 ms - Host latency: 0.53064 ms (enqueue 0.00241699 ms)
[06/07/2026-16:09:29] [I] Average on 10 runs - GPU latency: 0.531299 ms - Host latency: 0.531299 ms (enqueue 0.00231934 ms)
[06/07/2026-16:09:29] [I] Average on 10 runs - GPU latency: 0.530908 ms - Host latency: 0.530908 ms (enqueue 0.00229492 ms)
[06/07/2026-16:09:29] [I] Average on 10 runs - GPU latency: 0.530811 ms - Host latency: 0.530811 ms (enqueue 0.00222168 ms)
[06/07/2026-16:09:29] [I] Average on 10 runs - GPU latency: 0.530713 ms - Host latency: 0.530713 ms (enqueue 0.00236816 ms)
[06/07/2026-16:09:29] [I] Average on 10 runs - GPU latency: 0.530908 ms - Host latency: 0.530908 ms (enqueue 0.00227051 ms)
[06/07/2026-16:09:29] [I] Average on 10 runs - GPU latency: 0.530908 ms - Host latency: 0.530908 ms (enqueue 0.00227051 ms)
[06/07/2026-16:09:29] [I] Average on 10 runs - GPU latency: 0.530908 ms - Host latency: 0.530908 ms (enqueue 0.00222168 ms)
[06/07/2026-16:09:29] [I] Average on 10 runs - GPU latency: 0.530908 ms - Host latency: 0.530908 ms (enqueue 0.00222168 ms)
[06/07/2026-16:09:29] [I] Average on 10 runs - GPU latency: 0.530713 ms - Host latency: 0.530713 ms (enqueue 0.00229492 ms)
[06/07/2026-16:09:29] [I] Average on 10 runs - GPU latency: 0.531006 ms - Host latency: 0.531006 ms (enqueue 0.00234375 ms)
[06/07/2026-16:09:29] [I] Average on 10 runs - GPU latency: 0.531006 ms - Host latency: 0.531006 ms (enqueue 0.00224609 ms)
[06/07/2026-16:09:29] [I] Average on 10 runs - GPU latency: 0.531103 ms - Host latency: 0.531103 ms (enqueue 0.00224609 ms)
[06/07/2026-16:09:29] [I] Average on 10 runs - GPU latency: 0.531103 ms - Host latency: 0.531103 ms (enqueue 0.00227051 ms)
[06/07/2026-16:09:29] [I] Average on 10 runs - GPU latency: 0.531006 ms - Host latency: 0.531006 ms (enqueue 0.00229492 ms)
[06/07/2026-16:09:29] [I] Average on 10 runs - GPU latency: 0.530884 ms - Host latency: 0.530884 ms (enqueue 0.00241699 ms)
[06/07/2026-16:09:29] [I] Average on 10 runs - GPU latency: 0.530615 ms - Host latency: 0.530615 ms (enqueue 0.00241699 ms)
[06/07/2026-16:09:29] [I] Average on 10 runs - GPU latency: 0.530518 ms - Host latency: 0.530518 ms (enqueue 0.00224609 ms)
[06/07/2026-16:09:29] [I] Average on 10 runs - GPU latency: 0.530615 ms - Host latency: 0.530615 ms (enqueue 0.00227051 ms)
[06/07/2026-16:09:29] [I] Average on 10 runs - GPU latency: 0.531006 ms - Host latency: 0.531006 ms (enqueue 0.00231934 ms)
[06/07/2026-16:09:29] [I] Average on 10 runs - GPU latency: 0.530762 ms - Host latency: 0.530762 ms (enqueue 0.00231934 ms)
[06/07/2026-16:09:29] [I] Average on 10 runs - GPU latency: 0.530811 ms - Host latency: 0.530811 ms (enqueue 0.00229492 ms)
[06/07/2026-16:09:29] [I] Average on 10 runs - GPU latency: 0.530811 ms - Host latency: 0.530811 ms (enqueue 0.00241699 ms)
[06/07/2026-16:09:29] [I] Average on 10 runs - GPU latency: 0.530908 ms - Host latency: 0.530908 ms (enqueue 0.00244141 ms)
[06/07/2026-16:09:29] [I] Average on 10 runs - GPU latency: 0.531201 ms - Host latency: 0.531201 ms (enqueue 0.00241699 ms)
[06/07/2026-16:09:29] [I] Average on 10 runs - GPU latency: 0.530835 ms - Host latency: 0.530835 ms (enqueue 0.00246582 ms)
[06/07/2026-16:09:29] [I] Average on 10 runs - GPU latency: 0.53103 ms - Host latency: 0.53103 ms (enqueue 0.00236816 ms)
[06/07/2026-16:09:29] [I] Average on 10 runs - GPU latency: 0.530811 ms - Host latency: 0.530811 ms (enqueue 0.00229492 ms)
[06/07/2026-16:09:29] [I] Average on 10 runs - GPU latency: 0.530908 ms - Host latency: 0.530908 ms (enqueue 0.00229492 ms)
[06/07/2026-16:09:29] [I] Average on 10 runs - GPU latency: 0.531006 ms - Host latency: 0.531006 ms (enqueue 0.00241699 ms)
[06/07/2026-16:09:29] [I] Average on 10 runs - GPU latency: 0.530811 ms - Host latency: 0.530811 ms (enqueue 0.00241699 ms)
[06/07/2026-16:09:29] [I] Average on 10 runs - GPU latency: 0.531103 ms - Host latency: 0.531103 ms (enqueue 0.00244141 ms)
[06/07/2026-16:09:29] [I] Average on 10 runs - GPU latency: 0.530835 ms - Host latency: 0.530835 ms (enqueue 0.00251465 ms)
[06/07/2026-16:09:29] [I] Average on 10 runs - GPU latency: 0.530688 ms - Host latency: 0.530688 ms (enqueue 0.00229492 ms)
[06/07/2026-16:09:29] [I] Average on 10 runs - GPU latency: 0.530688 ms - Host latency: 0.530688 ms (enqueue 0.00239258 ms)
[06/07/2026-16:09:29] [I] Average on 10 runs - GPU latency: 0.530542 ms - Host latency: 0.530542 ms (enqueue 0.00231934 ms)
[06/07/2026-16:09:29] [I] Average on 10 runs - GPU latency: 0.530908 ms - Host latency: 0.530908 ms (enqueue 0.00227051 ms)
[06/07/2026-16:09:29] [I] Average on 10 runs - GPU latency: 0.530884 ms - Host latency: 0.530884 ms (enqueue 0.00229492 ms)
[06/07/2026-16:09:29] [I] Average on 10 runs - GPU latency: 0.530908 ms - Host latency: 0.530908 ms (enqueue 0.00219727 ms)
[06/07/2026-16:09:29] [I] Average on 10 runs - GPU latency: 0.530811 ms - Host latency: 0.530811 ms (enqueue 0.00231934 ms)
[06/07/2026-16:09:29] [I] Average on 10 runs - GPU latency: 0.531006 ms - Host latency: 0.531006 ms (enqueue 0.00266113 ms)
[06/07/2026-16:09:29] [I] Average on 10 runs - GPU latency: 0.531103 ms - Host latency: 0.531103 ms (enqueue 0.00244141 ms)
[06/07/2026-16:09:29] [I] Average on 10 runs - GPU latency: 0.530688 ms - Host latency: 0.530688 ms (enqueue 0.00234375 ms)
[06/07/2026-16:09:29] [I] Average on 10 runs - GPU latency: 0.530811 ms - Host latency: 0.530811 ms (enqueue 0.00224609 ms)
[06/07/2026-16:09:29] [I] Average on 10 runs - GPU latency: 0.530811 ms - Host latency: 0.530811 ms (enqueue 0.00244141 ms)
[06/07/2026-16:09:29] [I] Average on 10 runs - GPU latency: 0.530713 ms - Host latency: 0.530713 ms (enqueue 0.00244141 ms)
[06/07/2026-16:09:29] [I] Average on 10 runs - GPU latency: 0.530908 ms - Host latency: 0.530908 ms (enqueue 0.00231934 ms)
[06/07/2026-16:09:29] [I] Average on 10 runs - GPU latency: 0.531006 ms - Host latency: 0.531006 ms (enqueue 0.00251465 ms)
[06/07/2026-16:09:29] [I] Average on 10 runs - GPU latency: 0.531201 ms - Host latency: 0.531201 ms (enqueue 0.00251465 ms)
[06/07/2026-16:09:29] [I] Average on 10 runs - GPU latency: 0.530811 ms - Host latency: 0.530811 ms (enqueue 0.00246582 ms)
[06/07/2026-16:09:29] [I] Average on 10 runs - GPU latency: 0.530908 ms - Host latency: 0.530908 ms (enqueue 0.00251465 ms)
[06/07/2026-16:09:29] [I] Average on 10 runs - GPU latency: 0.530908 ms - Host latency: 0.530908 ms (enqueue 0.00246582 ms)
[06/07/2026-16:09:29] [I] Average on 10 runs - GPU latency: 0.530884 ms - Host latency: 0.530884 ms (enqueue 0.00246582 ms)
[06/07/2026-16:09:29] [I] Average on 10 runs - GPU latency: 0.530591 ms - Host latency: 0.530591 ms (enqueue 0.00234375 ms)
[06/07/2026-16:09:29] [I] Average on 10 runs - GPU latency: 0.530664 ms - Host latency: 0.530664 ms (enqueue 0.00222168 ms)
[06/07/2026-16:09:29] [I] Average on 10 runs - GPU latency: 0.53064 ms - Host latency: 0.53064 ms (enqueue 0.00229492 ms)
[06/07/2026-16:09:29] [I] Average on 10 runs - GPU latency: 0.531006 ms - Host latency: 0.531006 ms (enqueue 0.00236816 ms)
[06/07/2026-16:09:29] [I] Average on 10 runs - GPU latency: 0.530908 ms - Host latency: 0.530908 ms (enqueue 0.00251465 ms)
[06/07/2026-16:09:29] [I] Average on 10 runs - GPU latency: 0.530591 ms - Host latency: 0.530591 ms (enqueue 0.00239258 ms)
[06/07/2026-16:09:29] [I] Average on 10 runs - GPU latency: 0.530493 ms - Host latency: 0.530493 ms (enqueue 0.00227051 ms)
[06/07/2026-16:09:29] [I] Average on 10 runs - GPU latency: 0.530688 ms - Host latency: 0.530688 ms (enqueue 0.00227051 ms)
[06/07/2026-16:09:29] [I] Average on 10 runs - GPU latency: 0.530737 ms - Host latency: 0.530737 ms (enqueue 0.00234375 ms)
[06/07/2026-16:09:29] [I] Average on 10 runs - GPU latency: 0.531201 ms - Host latency: 0.531201 ms (enqueue 0.00249023 ms)
[06/07/2026-16:09:29] [I] Average on 10 runs - GPU latency: 0.531103 ms - Host latency: 0.531103 ms (enqueue 0.00241699 ms)
[06/07/2026-16:09:29] [I] Average on 10 runs - GPU latency: 0.530811 ms - Host latency: 0.530811 ms (enqueue 0.00236816 ms)
[06/07/2026-16:09:29] [I] Average on 10 runs - GPU latency: 0.530908 ms - Host latency: 0.530908 ms (enqueue 0.00224609 ms)
[06/07/2026-16:09:29] [I] Average on 10 runs - GPU latency: 0.530542 ms - Host latency: 0.530542 ms (enqueue 0.00273437 ms)
[06/07/2026-16:09:29] [I] Average on 10 runs - GPU latency: 0.530688 ms - Host latency: 0.530688 ms (enqueue 0.00244141 ms)
[06/07/2026-16:09:29] [I] Average on 10 runs - GPU latency: 0.530981 ms - Host latency: 0.530981 ms (enqueue 0.00244141 ms)
[06/07/2026-16:09:29] [I] Average on 10 runs - GPU latency: 0.531055 ms - Host latency: 0.531055 ms (enqueue 0.00251465 ms)
[06/07/2026-16:09:29] [I] Average on 10 runs - GPU latency: 0.530908 ms - Host latency: 0.530908 ms (enqueue 0.00239258 ms)
[06/07/2026-16:09:29] [I] Average on 10 runs - GPU latency: 0.53103 ms - Host latency: 0.53103 ms (enqueue 0.00236816 ms)
[06/07/2026-16:09:29] [I] Average on 10 runs - GPU latency: 0.530762 ms - Host latency: 0.530762 ms (enqueue 0.00234375 ms)
[06/07/2026-16:09:29] [I] Average on 10 runs - GPU latency: 0.530884 ms - Host latency: 0.530884 ms (enqueue 0.00251465 ms)
[06/07/2026-16:09:29] [I] Average on 10 runs - GPU latency: 0.530615 ms - Host latency: 0.530615 ms (enqueue 0.00241699 ms)
[06/07/2026-16:09:29] [I] Average on 10 runs - GPU latency: 0.530688 ms - Host latency: 0.530688 ms (enqueue 0.00246582 ms)
[06/07/2026-16:09:29] [I] Average on 10 runs - GPU latency: 0.531103 ms - Host latency: 0.531103 ms (enqueue 0.00249023 ms)
[06/07/2026-16:09:29] [I] Average on 10 runs - GPU latency: 0.531006 ms - Host latency: 0.531006 ms (enqueue 0.00236816 ms)
[06/07/2026-16:09:29] [I] Average on 10 runs - GPU latency: 0.531006 ms - Host latency: 0.531006 ms (enqueue 0.00227051 ms)
[06/07/2026-16:09:29] [I] Average on 10 runs - GPU latency: 0.531006 ms - Host latency: 0.531006 ms (enqueue 0.00231934 ms)
[06/07/2026-16:09:29] [I] Average on 10 runs - GPU latency: 0.531103 ms - Host latency: 0.531103 ms (enqueue 0.00236816 ms)
[06/07/2026-16:09:29] [I] Average on 10 runs - GPU latency: 0.530811 ms - Host latency: 0.530811 ms (enqueue 0.00224609 ms)
[06/07/2026-16:09:29] [I] Average on 10 runs - GPU latency: 0.530811 ms - Host latency: 0.530811 ms (enqueue 0.00224609 ms)
[06/07/2026-16:09:29] [I] Average on 10 runs - GPU latency: 0.530786 ms - Host latency: 0.530786 ms (enqueue 0.00234375 ms)
[06/07/2026-16:09:29] [I] Average on 10 runs - GPU latency: 0.530737 ms - Host latency: 0.530737 ms (enqueue 0.00246582 ms)
[06/07/2026-16:09:29] [I] Average on 10 runs - GPU latency: 0.530591 ms - Host latency: 0.530591 ms (enqueue 0.00236816 ms)
[06/07/2026-16:09:29] [I] Average on 10 runs - GPU latency: 0.531201 ms - Host latency: 0.531201 ms (enqueue 0.00234375 ms)
[06/07/2026-16:09:29] [I] Average on 10 runs - GPU latency: 0.530811 ms - Host latency: 0.530811 ms (enqueue 0.00224609 ms)
[06/07/2026-16:09:29] [I] Average on 10 runs - GPU latency: 0.531079 ms - Host latency: 0.531079 ms (enqueue 0.00224609 ms)
[06/07/2026-16:09:29] [I] Average on 10 runs - GPU latency: 0.530713 ms - Host latency: 0.530713 ms (enqueue 0.00244141 ms)
[06/07/2026-16:09:29] [I] Average on 10 runs - GPU latency: 0.530835 ms - Host latency: 0.530835 ms (enqueue 0.00249023 ms)
[06/07/2026-16:09:29] [I] Average on 10 runs - GPU latency: 0.530908 ms - Host latency: 0.530908 ms (enqueue 0.00249023 ms)
[06/07/2026-16:09:29] [I] Average on 10 runs - GPU latency: 0.530908 ms - Host latency: 0.530908 ms (enqueue 0.00231934 ms)
[06/07/2026-16:09:29] [I] Average on 10 runs - GPU latency: 0.530811 ms - Host latency: 0.530811 ms (enqueue 0.00224609 ms)
[06/07/2026-16:09:29] [I] Average on 10 runs - GPU latency: 0.530908 ms - Host latency: 0.530908 ms (enqueue 0.00224609 ms)
[06/07/2026-16:09:29] [I] Average on 10 runs - GPU latency: 0.531103 ms - Host latency: 0.531103 ms (enqueue 0.00227051 ms)
[06/07/2026-16:09:29] [I] Average on 10 runs - GPU latency: 0.530811 ms - Host latency: 0.530811 ms (enqueue 0.00231934 ms)
[06/07/2026-16:09:29] [I] Average on 10 runs - GPU latency: 0.530908 ms - Host latency: 0.530908 ms (enqueue 0.00236816 ms)
[06/07/2026-16:09:29] [I] Average on 10 runs - GPU latency: 0.530713 ms - Host latency: 0.530713 ms (enqueue 0.00229492 ms)
[06/07/2026-16:09:29] [I] Average on 10 runs - GPU latency: 0.531201 ms - Host latency: 0.531201 ms (enqueue 0.00222168 ms)
[06/07/2026-16:09:29] [I] Average on 10 runs - GPU latency: 0.530762 ms - Host latency: 0.530762 ms (enqueue 0.00244141 ms)
[06/07/2026-16:09:29] [I] Average on 10 runs - GPU latency: 0.530762 ms - Host latency: 0.530762 ms (enqueue 0.00244141 ms)
[06/07/2026-16:09:29] [I] Average on 10 runs - GPU latency: 0.530884 ms - Host latency: 0.530884 ms (enqueue 0.00227051 ms)
[06/07/2026-16:09:29] [I] Average on 10 runs - GPU latency: 0.531103 ms - Host latency: 0.531103 ms (enqueue 0.00222168 ms)
[06/07/2026-16:09:29] [I] Average on 10 runs - GPU latency: 0.530811 ms - Host latency: 0.530811 ms (enqueue 0.00229492 ms)
[06/07/2026-16:09:29] [I] Average on 10 runs - GPU latency: 0.53064 ms - Host latency: 0.53064 ms (enqueue 0.00227051 ms)
[06/07/2026-16:09:29] [I] Average on 10 runs - GPU latency: 0.530908 ms - Host latency: 0.530908 ms (enqueue 0.00231934 ms)
[06/07/2026-16:09:29] [I] Average on 10 runs - GPU latency: 0.530713 ms - Host latency: 0.530713 ms (enqueue 0.00229492 ms)
[06/07/2026-16:09:29] [I] Average on 10 runs - GPU latency: 0.530737 ms - Host latency: 0.530737 ms (enqueue 0.00227051 ms)
[06/07/2026-16:09:29] [I] Average on 10 runs - GPU latency: 0.530786 ms - Host latency: 0.530786 ms (enqueue 0.00227051 ms)
[06/07/2026-16:09:29] [I] Average on 10 runs - GPU latency: 0.530713 ms - Host latency: 0.530713 ms (enqueue 0.00229492 ms)
[06/07/2026-16:09:29] [I] Average on 10 runs - GPU latency: 0.530908 ms - Host latency: 0.530908 ms (enqueue 0.00231934 ms)
[06/07/2026-16:09:29] [I] Average on 10 runs - GPU latency: 0.531201 ms - Host latency: 0.531201 ms (enqueue 0.00236816 ms)
[06/07/2026-16:09:29] [I] Average on 10 runs - GPU latency: 0.530615 ms - Host latency: 0.530615 ms (enqueue 0.00241699 ms)
[06/07/2026-16:09:29] [I] Average on 10 runs - GPU latency: 0.530908 ms - Host latency: 0.530908 ms (enqueue 0.00256348 ms)
[06/07/2026-16:09:29] [I] Average on 10 runs - GPU latency: 0.530811 ms - Host latency: 0.530811 ms (enqueue 0.00249023 ms)
[06/07/2026-16:09:29] [I] Average on 10 runs - GPU latency: 0.530811 ms - Host latency: 0.530811 ms (enqueue 0.00249023 ms)
[06/07/2026-16:09:29] [I] Average on 10 runs - GPU latency: 0.530762 ms - Host latency: 0.530762 ms (enqueue 0.00231934 ms)
[06/07/2026-16:09:29] [I] Average on 10 runs - GPU latency: 0.530688 ms - Host latency: 0.530688 ms (enqueue 0.00229492 ms)
[06/07/2026-16:09:29] [I] Average on 10 runs - GPU latency: 0.531372 ms - Host latency: 0.531372 ms (enqueue 0.00229492 ms)
[06/07/2026-16:09:29] [I] Average on 10 runs - GPU latency: 0.530811 ms - Host latency: 0.530811 ms (enqueue 0.00246582 ms)
[06/07/2026-16:09:29] [I] Average on 10 runs - GPU latency: 0.530713 ms - Host latency: 0.530713 ms (enqueue 0.00253906 ms)
[06/07/2026-16:09:29] [I] Average on 10 runs - GPU latency: 0.530713 ms - Host latency: 0.530713 ms (enqueue 0.00249023 ms)
[06/07/2026-16:09:29] [I] Average on 10 runs - GPU latency: 0.531201 ms - Host latency: 0.531201 ms (enqueue 0.00239258 ms)
[06/07/2026-16:09:29] [I] Average on 10 runs - GPU latency: 0.530713 ms - Host latency: 0.530713 ms (enqueue 0.00239258 ms)
[06/07/2026-16:09:29] [I] Average on 10 runs - GPU latency: 0.530835 ms - Host latency: 0.530835 ms (enqueue 0.00227051 ms)
[06/07/2026-16:09:29] [I] Average on 10 runs - GPU latency: 0.530469 ms - Host latency: 0.530469 ms (enqueue 0.00224609 ms)
[06/07/2026-16:09:29] [I] Average on 10 runs - GPU latency: 0.531006 ms - Host latency: 0.531006 ms (enqueue 0.00239258 ms)
[06/07/2026-16:09:29] [I] Average on 10 runs - GPU latency: 0.531006 ms - Host latency: 0.531006 ms (enqueue 0.00244141 ms)
[06/07/2026-16:09:29] [I] Average on 10 runs - GPU latency: 0.531103 ms - Host latency: 0.531103 ms (enqueue 0.00249023 ms)
[06/07/2026-16:09:29] [I] Average on 10 runs - GPU latency: 0.530615 ms - Host latency: 0.530615 ms (enqueue 0.00234375 ms)
[06/07/2026-16:09:29] [I] Average on 10 runs - GPU latency: 0.53064 ms - Host latency: 0.53064 ms (enqueue 0.00229492 ms)
[06/07/2026-16:09:29] [I] Average on 10 runs - GPU latency: 0.531006 ms - Host latency: 0.531006 ms (enqueue 0.00229492 ms)
[06/07/2026-16:09:29] [I] Average on 10 runs - GPU latency: 0.530981 ms - Host latency: 0.530981 ms (enqueue 0.00241699 ms)
[06/07/2026-16:09:29] [I] Average on 10 runs - GPU latency: 0.531103 ms - Host latency: 0.531103 ms (enqueue 0.00246582 ms)
[06/07/2026-16:09:29] [I] Average on 10 runs - GPU latency: 0.531006 ms - Host latency: 0.531006 ms (enqueue 0.00246582 ms)
[06/07/2026-16:09:29] [I] Average on 10 runs - GPU latency: 0.53103 ms - Host latency: 0.53103 ms (enqueue 0.00234375 ms)
[06/07/2026-16:09:29] [I] Average on 10 runs - GPU latency: 0.530713 ms - Host latency: 0.530713 ms (enqueue 0.00227051 ms)
[06/07/2026-16:09:29] [I] Average on 10 runs - GPU latency: 0.530762 ms - Host latency: 0.530762 ms (enqueue 0.00219727 ms)
[06/07/2026-16:09:29] [I] Average on 10 runs - GPU latency: 0.530762 ms - Host latency: 0.530762 ms (enqueue 0.00241699 ms)
[06/07/2026-16:09:29] [I] Average on 10 runs - GPU latency: 0.530811 ms - Host latency: 0.530811 ms (enqueue 0.00246582 ms)
[06/07/2026-16:09:29] [I] Average on 10 runs - GPU latency: 0.530566 ms - Host latency: 0.530566 ms (enqueue 0.00229492 ms)
[06/07/2026-16:09:29] [I] Average on 10 runs - GPU latency: 0.530884 ms - Host latency: 0.530884 ms (enqueue 0.00234375 ms)
[06/07/2026-16:09:29] [I] Average on 10 runs - GPU latency: 0.530713 ms - Host latency: 0.530713 ms (enqueue 0.00229492 ms)
[06/07/2026-16:09:29] [I] Average on 10 runs - GPU latency: 0.530664 ms - Host latency: 0.530664 ms (enqueue 0.00222168 ms)
[06/07/2026-16:09:29] [I] Average on 10 runs - GPU latency: 0.53064 ms - Host latency: 0.53064 ms (enqueue 0.00231934 ms)
[06/07/2026-16:09:29] [I] Average on 10 runs - GPU latency: 0.531103 ms - Host latency: 0.531103 ms (enqueue 0.00241699 ms)
[06/07/2026-16:09:29] [I] Average on 10 runs - GPU latency: 0.531201 ms - Host latency: 0.531201 ms (enqueue 0.00236816 ms)
[06/07/2026-16:09:29] [I] Average on 10 runs - GPU latency: 0.530908 ms - Host latency: 0.530908 ms (enqueue 0.00227051 ms)
[06/07/2026-16:09:29] [I] Average on 10 runs - GPU latency: 0.531079 ms - Host latency: 0.531079 ms (enqueue 0.00224609 ms)
[06/07/2026-16:09:29] [I] Average on 10 runs - GPU latency: 0.530811 ms - Host latency: 0.530811 ms (enqueue 0.00239258 ms)
[06/07/2026-16:09:29] [I] ... Omitting 7273 lines
[06/07/2026-16:09:29] [I] Average on 10 runs - GPU latency: 0.53042 ms - Host latency: 0.53042 ms (enqueue 0.00219727 ms)
[06/07/2026-16:09:29] [I] Average on 10 runs - GPU latency: 0.530762 ms - Host latency: 0.530762 ms (enqueue 0.00219727 ms)
[06/07/2026-16:09:29] [I] Average on 10 runs - GPU latency: 0.530615 ms - Host latency: 0.530615 ms (enqueue 0.00224609 ms)
[06/07/2026-16:09:29] [I] Average on 10 runs - GPU latency: 0.530713 ms - Host latency: 0.530713 ms (enqueue 0.00214844 ms)
[06/07/2026-16:09:29] [I] Average on 10 runs - GPU latency: 0.530762 ms - Host latency: 0.530762 ms (enqueue 0.00219727 ms)
[06/07/2026-16:09:29] [I] Average on 10 runs - GPU latency: 0.530811 ms - Host latency: 0.530811 ms (enqueue 0.00214844 ms)
[06/07/2026-16:09:29] [I] Average on 10 runs - GPU latency: 0.530908 ms - Host latency: 0.530908 ms (enqueue 0.00244141 ms)
[06/07/2026-16:09:29] [I] Average on 10 runs - GPU latency: 0.530908 ms - Host latency: 0.530908 ms (enqueue 0.00249023 ms)
[06/07/2026-16:09:29] [I] Average on 10 runs - GPU latency: 0.530713 ms - Host latency: 0.530713 ms (enqueue 0.00249023 ms)
[06/07/2026-16:09:29] [I] Average on 10 runs - GPU latency: 0.530811 ms - Host latency: 0.530811 ms (enqueue 0.00249023 ms)
[06/07/2026-16:09:29] [I] Average on 10 runs - GPU latency: 0.530615 ms - Host latency: 0.530615 ms (enqueue 0.00249023 ms)
[06/07/2026-16:09:29] [I] Average on 10 runs - GPU latency: 0.530908 ms - Host latency: 0.530908 ms (enqueue 0.00253906 ms)
[06/07/2026-16:09:29] [I] Average on 10 runs - GPU latency: 0.530811 ms - Host latency: 0.530811 ms (enqueue 0.00263672 ms)
[06/07/2026-16:09:29] [I] Average on 10 runs - GPU latency: 0.530957 ms - Host latency: 0.530957 ms (enqueue 0.00239258 ms)
[06/07/2026-16:09:29] [I] Average on 10 runs - GPU latency: 0.530664 ms - Host latency: 0.530664 ms (enqueue 0.00219727 ms)
[06/07/2026-16:09:29] [I] Average on 10 runs - GPU latency: 0.530713 ms - Host latency: 0.530713 ms (enqueue 0.00229492 ms)
[06/07/2026-16:09:29] [I] Average on 10 runs - GPU latency: 0.530713 ms - Host latency: 0.530713 ms (enqueue 0.00234375 ms)
[06/07/2026-16:09:29] [I] Average on 10 runs - GPU latency: 0.530811 ms - Host latency: 0.530811 ms (enqueue 0.00258789 ms)
[06/07/2026-16:09:29] [I] Average on 10 runs - GPU latency: 0.530811 ms - Host latency: 0.530811 ms (enqueue 0.00224609 ms)
[06/07/2026-16:09:29] [I] Average on 10 runs - GPU latency: 0.530908 ms - Host latency: 0.530908 ms (enqueue 0.00239258 ms)
[06/07/2026-16:09:29] [I] Average on 10 runs - GPU latency: 0.531201 ms - Host latency: 0.531201 ms (enqueue 0.00224609 ms)
[06/07/2026-16:09:29] [I] Average on 10 runs - GPU latency: 0.530518 ms - Host latency: 0.530518 ms (enqueue 0.00244141 ms)
[06/07/2026-16:09:29] [I] Average on 10 runs - GPU latency: 0.530713 ms - Host latency: 0.530713 ms (enqueue 0.00229492 ms)
[06/07/2026-16:09:29] [I] Average on 10 runs - GPU latency: 0.530762 ms - Host latency: 0.530762 ms (enqueue 0.00229492 ms)
[06/07/2026-16:09:29] [I] Average on 10 runs - GPU latency: 0.531103 ms - Host latency: 0.531103 ms (enqueue 0.00229492 ms)
[06/07/2026-16:09:29] [I] Average on 10 runs - GPU latency: 0.531201 ms - Host latency: 0.531201 ms (enqueue 0.00209961 ms)
[06/07/2026-16:09:29] [I] Average on 10 runs - GPU latency: 0.530664 ms - Host latency: 0.530664 ms (enqueue 0.00224609 ms)
[06/07/2026-16:09:29] [I] Average on 10 runs - GPU latency: 0.531006 ms - Host latency: 0.531006 ms (enqueue 0.00214844 ms)
[06/07/2026-16:09:29] [I] Average on 10 runs - GPU latency: 0.530615 ms - Host latency: 0.530615 ms (enqueue 0.00244141 ms)
[06/07/2026-16:09:29] [I] Average on 10 runs - GPU latency: 0.53042 ms - Host latency: 0.53042 ms (enqueue 0.00219727 ms)
[06/07/2026-16:09:29] [I] Average on 10 runs - GPU latency: 0.530371 ms - Host latency: 0.530371 ms (enqueue 0.00229492 ms)
[06/07/2026-16:09:29] [I] Average on 10 runs - GPU latency: 0.530664 ms - Host latency: 0.530664 ms (enqueue 0.00249023 ms)
[06/07/2026-16:09:29] [I] Average on 10 runs - GPU latency: 0.530811 ms - Host latency: 0.530811 ms (enqueue 0.00224609 ms)
[06/07/2026-16:09:29] [I] Average on 10 runs - GPU latency: 0.530713 ms - Host latency: 0.530713 ms (enqueue 0.00234375 ms)
[06/07/2026-16:09:29] [I] Average on 10 runs - GPU latency: 0.531006 ms - Host latency: 0.531006 ms (enqueue 0.00249023 ms)
[06/07/2026-16:09:29] [I] Average on 10 runs - GPU latency: 0.530713 ms - Host latency: 0.530713 ms (enqueue 0.00244141 ms)
[06/07/2026-16:09:29] [I] Average on 10 runs - GPU latency: 0.530615 ms - Host latency: 0.530615 ms (enqueue 0.00244141 ms)
[06/07/2026-16:09:29] [I] Average on 10 runs - GPU latency: 0.530713 ms - Host latency: 0.530713 ms (enqueue 0.00283203 ms)
[06/07/2026-16:09:29] [I] Average on 10 runs - GPU latency: 0.531103 ms - Host latency: 0.531103 ms (enqueue 0.00239258 ms)
[06/07/2026-16:09:29] [I] Average on 10 runs - GPU latency: 0.530908 ms - Host latency: 0.530908 ms (enqueue 0.00229492 ms)
[06/07/2026-16:09:29] [I] Average on 10 runs - GPU latency: 0.530908 ms - Host latency: 0.530908 ms (enqueue 0.00214844 ms)
[06/07/2026-16:09:29] [I] Average on 10 runs - GPU latency: 0.530859 ms - Host latency: 0.530859 ms (enqueue 0.00239258 ms)
[06/07/2026-16:09:29] [I] Average on 10 runs - GPU latency: 0.530859 ms - Host latency: 0.530859 ms (enqueue 0.00253906 ms)
[06/07/2026-16:09:29] [I] Average on 10 runs - GPU latency: 0.531103 ms - Host latency: 0.531103 ms (enqueue 0.00244141 ms)
[06/07/2026-16:09:29] [I] Average on 10 runs - GPU latency: 0.531006 ms - Host latency: 0.531006 ms (enqueue 0.00224609 ms)
[06/07/2026-16:09:29] [I] Average on 10 runs - GPU latency: 0.530908 ms - Host latency: 0.530908 ms (enqueue 0.00234375 ms)
[06/07/2026-16:09:29] [I] Average on 10 runs - GPU latency: 0.530615 ms - Host latency: 0.530615 ms (enqueue 0.00219727 ms)
[06/07/2026-16:09:29] [I] Average on 10 runs - GPU latency: 0.530713 ms - Host latency: 0.530713 ms (enqueue 0.00219727 ms)
[06/07/2026-16:09:29] [I] Average on 10 runs - GPU latency: 0.531299 ms - Host latency: 0.531299 ms (enqueue 0.00229492 ms)
[06/07/2026-16:09:29] [I] Average on 10 runs - GPU latency: 0.530811 ms - Host latency: 0.530811 ms (enqueue 0.00219727 ms)
[06/07/2026-16:09:29] [I] Average on 10 runs - GPU latency: 0.530908 ms - Host latency: 0.530908 ms (enqueue 0.00239258 ms)
[06/07/2026-16:09:29] [I] Average on 10 runs - GPU latency: 0.531152 ms - Host latency: 0.531152 ms (enqueue 0.00239258 ms)
[06/07/2026-16:09:29] [I] Average on 10 runs - GPU latency: 0.530957 ms - Host latency: 0.530957 ms (enqueue 0.00258789 ms)
[06/07/2026-16:09:29] [I] Average on 10 runs - GPU latency: 0.530664 ms - Host latency: 0.530664 ms (enqueue 0.00219727 ms)
[06/07/2026-16:09:29] [I] Average on 10 runs - GPU latency: 0.531152 ms - Host latency: 0.531152 ms (enqueue 0.00234375 ms)
[06/07/2026-16:09:29] [I] Average on 10 runs - GPU latency: 0.530273 ms - Host latency: 0.530273 ms (enqueue 0.00249023 ms)
[06/07/2026-16:09:29] [I] Average on 10 runs - GPU latency: 0.530664 ms - Host latency: 0.530664 ms (enqueue 0.00258789 ms)
[06/07/2026-16:09:29] [I] Average on 10 runs - GPU latency: 0.531006 ms - Host latency: 0.531006 ms (enqueue 0.00229492 ms)
[06/07/2026-16:09:29] [I] Average on 10 runs - GPU latency: 0.530615 ms - Host latency: 0.530615 ms (enqueue 0.00244141 ms)
[06/07/2026-16:09:29] [I] Average on 10 runs - GPU latency: 0.530908 ms - Host latency: 0.530908 ms (enqueue 0.00234375 ms)
[06/07/2026-16:09:29] [I] Average on 10 runs - GPU latency: 0.531201 ms - Host latency: 0.531201 ms (enqueue 0.00224609 ms)
[06/07/2026-16:09:29] [I] Average on 10 runs - GPU latency: 0.531006 ms - Host latency: 0.531006 ms (enqueue 0.00239258 ms)
[06/07/2026-16:09:29] [I] Average on 10 runs - GPU latency: 0.530713 ms - Host latency: 0.530713 ms (enqueue 0.00249023 ms)
[06/07/2026-16:09:29] [I] Average on 10 runs - GPU latency: 0.530713 ms - Host latency: 0.530713 ms (enqueue 0.00239258 ms)
[06/07/2026-16:09:29] [I] Average on 10 runs - GPU latency: 0.531006 ms - Host latency: 0.531006 ms (enqueue 0.00205078 ms)
[06/07/2026-16:09:29] [I] Average on 10 runs - GPU latency: 0.530811 ms - Host latency: 0.530811 ms (enqueue 0.00234375 ms)
[06/07/2026-16:09:29] [I] Average on 10 runs - GPU latency: 0.531006 ms - Host latency: 0.531006 ms (enqueue 0.00234375 ms)
[06/07/2026-16:09:29] [I] Average on 10 runs - GPU latency: 0.530566 ms - Host latency: 0.530566 ms (enqueue 0.00244141 ms)
[06/07/2026-16:09:29] [I] Average on 10 runs - GPU latency: 0.530762 ms - Host latency: 0.530762 ms (enqueue 0.00258789 ms)
[06/07/2026-16:09:29] [I] Average on 10 runs - GPU latency: 0.530664 ms - Host latency: 0.530664 ms (enqueue 0.00253906 ms)
[06/07/2026-16:09:29] [I] Average on 10 runs - GPU latency: 0.530664 ms - Host latency: 0.530664 ms (enqueue 0.00244141 ms)
[06/07/2026-16:09:29] [I] Average on 10 runs - GPU latency: 0.530664 ms - Host latency: 0.530664 ms (enqueue 0.00224609 ms)
[06/07/2026-16:09:29] [I] Average on 10 runs - GPU latency: 0.530664 ms - Host latency: 0.530664 ms (enqueue 0.00234375 ms)
[06/07/2026-16:09:29] [I] Average on 10 runs - GPU latency: 0.530762 ms - Host latency: 0.530762 ms (enqueue 0.00224609 ms)
[06/07/2026-16:09:29] [I] Average on 10 runs - GPU latency: 0.530811 ms - Host latency: 0.530811 ms (enqueue 0.00239258 ms)
[06/07/2026-16:09:29] [I] Average on 10 runs - GPU latency: 0.531201 ms - Host latency: 0.531201 ms (enqueue 0.00219727 ms)
[06/07/2026-16:09:29] [I] Average on 10 runs - GPU latency: 0.53042 ms - Host latency: 0.53042 ms (enqueue 0.00224609 ms)
[06/07/2026-16:09:29] [I] Average on 10 runs - GPU latency: 0.530713 ms - Host latency: 0.530713 ms (enqueue 0.00229492 ms)
[06/07/2026-16:09:29] [I] Average on 10 runs - GPU latency: 0.530762 ms - Host latency: 0.530762 ms (enqueue 0.00244141 ms)
[06/07/2026-16:09:29] [I] Average on 10 runs - GPU latency: 0.530713 ms - Host latency: 0.530713 ms (enqueue 0.00224609 ms)
[06/07/2026-16:09:29] [I] Average on 10 runs - GPU latency: 0.530957 ms - Host latency: 0.530957 ms (enqueue 0.00229492 ms)
[06/07/2026-16:09:29] [I] Average on 10 runs - GPU latency: 0.530762 ms - Host latency: 0.530762 ms (enqueue 0.00229492 ms)
[06/07/2026-16:09:29] [I] Average on 10 runs - GPU latency: 0.530713 ms - Host latency: 0.530713 ms (enqueue 0.00234375 ms)
[06/07/2026-16:09:29] [I] Average on 10 runs - GPU latency: 0.531055 ms - Host latency: 0.531055 ms (enqueue 0.00219727 ms)
[06/07/2026-16:09:29] [I] Average on 10 runs - GPU latency: 0.531006 ms - Host latency: 0.531006 ms (enqueue 0.00239258 ms)
[06/07/2026-16:09:29] [I] Average on 10 runs - GPU latency: 0.530518 ms - Host latency: 0.530518 ms (enqueue 0.00229492 ms)
[06/07/2026-16:09:29] [I] Average on 10 runs - GPU latency: 0.530615 ms - Host latency: 0.530615 ms (enqueue 0.00219727 ms)
[06/07/2026-16:09:29] [I] Average on 10 runs - GPU latency: 0.530371 ms - Host latency: 0.530371 ms (enqueue 0.00229492 ms)
[06/07/2026-16:09:29] [I] Average on 10 runs - GPU latency: 0.530566 ms - Host latency: 0.530566 ms (enqueue 0.00234375 ms)
[06/07/2026-16:09:29] [I] Average on 10 runs - GPU latency: 0.530713 ms - Host latency: 0.530713 ms (enqueue 0.00229492 ms)
[06/07/2026-16:09:29] [I] Average on 10 runs - GPU latency: 0.530322 ms - Host latency: 0.530322 ms (enqueue 0.00234375 ms)
[06/07/2026-16:09:29] [I] Average on 10 runs - GPU latency: 0.530859 ms - Host latency: 0.530859 ms (enqueue 0.00209961 ms)
[06/07/2026-16:09:29] [I] Average on 10 runs - GPU latency: 0.530811 ms - Host latency: 0.530811 ms (enqueue 0.00224609 ms)
[06/07/2026-16:09:29] [I] Average on 10 runs - GPU latency: 0.53125 ms - Host latency: 0.53125 ms (enqueue 0.00229492 ms)
[06/07/2026-16:09:29] [I] Average on 10 runs - GPU latency: 0.530615 ms - Host latency: 0.530615 ms (enqueue 0.00249023 ms)
[06/07/2026-16:09:29] [I] Average on 10 runs - GPU latency: 0.530811 ms - Host latency: 0.530811 ms (enqueue 0.00239258 ms)
[06/07/2026-16:09:29] [I] Average on 10 runs - GPU latency: 0.530615 ms - Host latency: 0.530615 ms (enqueue 0.00239258 ms)
[06/07/2026-16:09:29] [I] Average on 10 runs - GPU latency: 0.530811 ms - Host latency: 0.530811 ms (enqueue 0.00258789 ms)
[06/07/2026-16:09:29] [I] Average on 10 runs - GPU latency: 0.531299 ms - Host latency: 0.531299 ms (enqueue 0.00234375 ms)
[06/07/2026-16:09:29] [I] Average on 10 runs - GPU latency: 0.531103 ms - Host latency: 0.531103 ms (enqueue 0.00229492 ms)
[06/07/2026-16:09:29] [I] Average on 10 runs - GPU latency: 0.530713 ms - Host latency: 0.530713 ms (enqueue 0.00234375 ms)
[06/07/2026-16:09:29] [I] Average on 10 runs - GPU latency: 0.530664 ms - Host latency: 0.530664 ms (enqueue 0.00219727 ms)
[06/07/2026-16:09:29] [I] Average on 10 runs - GPU latency: 0.530859 ms - Host latency: 0.530859 ms (enqueue 0.00229492 ms)
[06/07/2026-16:09:29] [I] Average on 10 runs - GPU latency: 0.531103 ms - Host latency: 0.531103 ms (enqueue 0.00224609 ms)
[06/07/2026-16:09:29] [I] Average on 10 runs - GPU latency: 0.530811 ms - Host latency: 0.530811 ms (enqueue 0.00234375 ms)
[06/07/2026-16:09:29] [I] Average on 10 runs - GPU latency: 0.531152 ms - Host latency: 0.531152 ms (enqueue 0.00234375 ms)
[06/07/2026-16:09:29] [I] Average on 10 runs - GPU latency: 0.531006 ms - Host latency: 0.531006 ms (enqueue 0.00219727 ms)
[06/07/2026-16:09:29] [I] Average on 10 runs - GPU latency: 0.531006 ms - Host latency: 0.531006 ms (enqueue 0.00239258 ms)
[06/07/2026-16:09:29] [I] Average on 10 runs - GPU latency: 0.530957 ms - Host latency: 0.530957 ms (enqueue 0.00224609 ms)
[06/07/2026-16:09:29] [I] Average on 10 runs - GPU latency: 0.530859 ms - Host latency: 0.530859 ms (enqueue 0.00229492 ms)
[06/07/2026-16:09:29] [I] Average on 10 runs - GPU latency: 0.530713 ms - Host latency: 0.530713 ms (enqueue 0.00253906 ms)
[06/07/2026-16:09:29] [I] Average on 10 runs - GPU latency: 0.530664 ms - Host latency: 0.530664 ms (enqueue 0.00244141 ms)
[06/07/2026-16:09:29] [I] Average on 10 runs - GPU latency: 0.530713 ms - Host latency: 0.530713 ms (enqueue 0.00253906 ms)
[06/07/2026-16:09:29] [I] Average on 10 runs - GPU latency: 0.530957 ms - Host latency: 0.530957 ms (enqueue 0.00249023 ms)
[06/07/2026-16:09:29] [I] Average on 10 runs - GPU latency: 0.531103 ms - Host latency: 0.531103 ms (enqueue 0.00229492 ms)
[06/07/2026-16:09:29] [I] Average on 10 runs - GPU latency: 0.530713 ms - Host latency: 0.530713 ms (enqueue 0.00234375 ms)
[06/07/2026-16:09:29] [I] Average on 10 runs - GPU latency: 0.530908 ms - Host latency: 0.530908 ms (enqueue 0.00229492 ms)
[06/07/2026-16:09:29] [I] Average on 10 runs - GPU latency: 0.531006 ms - Host latency: 0.531006 ms (enqueue 0.00229492 ms)
[06/07/2026-16:09:29] [I] Average on 10 runs - GPU latency: 0.530908 ms - Host latency: 0.530908 ms (enqueue 0.00224609 ms)
[06/07/2026-16:09:29] [I] Average on 10 runs - GPU latency: 0.531348 ms - Host latency: 0.531348 ms (enqueue 0.00258789 ms)
[06/07/2026-16:09:29] [I] Average on 10 runs - GPU latency: 0.530566 ms - Host latency: 0.530566 ms (enqueue 0.00249023 ms)
[06/07/2026-16:09:29] [I] Average on 10 runs - GPU latency: 0.530615 ms - Host latency: 0.530615 ms (enqueue 0.00258789 ms)
[06/07/2026-16:09:29] [I] Average on 10 runs - GPU latency: 0.530615 ms - Host latency: 0.530615 ms (enqueue 0.00253906 ms)
[06/07/2026-16:09:29] [I] Average on 10 runs - GPU latency: 0.530664 ms - Host latency: 0.530664 ms (enqueue 0.00239258 ms)
[06/07/2026-16:09:29] [I] Average on 10 runs - GPU latency: 0.530713 ms - Host latency: 0.530713 ms (enqueue 0.00253906 ms)
[06/07/2026-16:09:29] [I] Average on 10 runs - GPU latency: 0.531299 ms - Host latency: 0.531299 ms (enqueue 0.00229492 ms)
[06/07/2026-16:09:29] [I] Average on 10 runs - GPU latency: 0.531152 ms - Host latency: 0.531152 ms (enqueue 0.00234375 ms)
[06/07/2026-16:09:29] [I] Average on 10 runs - GPU latency: 0.531055 ms - Host latency: 0.531055 ms (enqueue 0.00239258 ms)
[06/07/2026-16:09:29] [I] Average on 10 runs - GPU latency: 0.530566 ms - Host latency: 0.530566 ms (enqueue 0.00253906 ms)
[06/07/2026-16:09:29] [I] Average on 10 runs - GPU latency: 0.530957 ms - Host latency: 0.530957 ms (enqueue 0.00249023 ms)
[06/07/2026-16:09:29] [I] Average on 10 runs - GPU latency: 0.530713 ms - Host latency: 0.530713 ms (enqueue 0.00244141 ms)
[06/07/2026-16:09:29] [I] Average on 10 runs - GPU latency: 0.530518 ms - Host latency: 0.530518 ms (enqueue 0.00253906 ms)
[06/07/2026-16:09:29] [I] Average on 10 runs - GPU latency: 0.530469 ms - Host latency: 0.530469 ms (enqueue 0.00249023 ms)
[06/07/2026-16:09:29] [I] Average on 10 runs - GPU latency: 0.530713 ms - Host latency: 0.530713 ms (enqueue 0.00253906 ms)
[06/07/2026-16:09:29] [I] Average on 10 runs - GPU latency: 0.531006 ms - Host latency: 0.531006 ms (enqueue 0.00224609 ms)
[06/07/2026-16:09:29] [I] Average on 10 runs - GPU latency: 0.530811 ms - Host latency: 0.530811 ms (enqueue 0.00234375 ms)
[06/07/2026-16:09:29] [I] Average on 10 runs - GPU latency: 0.530664 ms - Host latency: 0.530664 ms (enqueue 0.00229492 ms)
[06/07/2026-16:09:29] [I] Average on 10 runs - GPU latency: 0.530811 ms - Host latency: 0.530811 ms (enqueue 0.00229492 ms)
[06/07/2026-16:09:29] [I] Average on 10 runs - GPU latency: 0.530615 ms - Host latency: 0.530615 ms (enqueue 0.00214844 ms)
[06/07/2026-16:09:29] [I] Average on 10 runs - GPU latency: 0.531201 ms - Host latency: 0.531201 ms (enqueue 0.00249023 ms)
[06/07/2026-16:09:29] [I] Average on 10 runs - GPU latency: 0.530859 ms - Host latency: 0.530859 ms (enqueue 0.00244141 ms)
[06/07/2026-16:09:29] [I] Average on 10 runs - GPU latency: 0.530762 ms - Host latency: 0.530762 ms (enqueue 0.00239258 ms)
[06/07/2026-16:09:29] [I] Average on 10 runs - GPU latency: 0.530762 ms - Host latency: 0.530762 ms (enqueue 0.00234375 ms)
[06/07/2026-16:09:29] [I] Average on 10 runs - GPU latency: 0.530908 ms - Host latency: 0.530908 ms (enqueue 0.00224609 ms)
[06/07/2026-16:09:29] [I] Average on 10 runs - GPU latency: 0.531006 ms - Host latency: 0.531006 ms (enqueue 0.00234375 ms)
[06/07/2026-16:09:29] [I] Average on 10 runs - GPU latency: 0.530908 ms - Host latency: 0.530908 ms (enqueue 0.00244141 ms)
[06/07/2026-16:09:29] [I] Average on 10 runs - GPU latency: 0.530615 ms - Host latency: 0.530615 ms (enqueue 0.00249023 ms)
[06/07/2026-16:09:29] [I] Average on 10 runs - GPU latency: 0.530615 ms - Host latency: 0.530615 ms (enqueue 0.00244141 ms)
[06/07/2026-16:09:29] [I] Average on 10 runs - GPU latency: 0.530908 ms - Host latency: 0.530908 ms (enqueue 0.00229492 ms)
[06/07/2026-16:09:29] [I] Average on 10 runs - GPU latency: 0.530518 ms - Host latency: 0.530518 ms (enqueue 0.00253906 ms)
[06/07/2026-16:09:29] [I] Average on 10 runs - GPU latency: 0.530811 ms - Host latency: 0.530811 ms (enqueue 0.00214844 ms)
[06/07/2026-16:09:29] [I] Average on 10 runs - GPU latency: 0.530908 ms - Host latency: 0.530908 ms (enqueue 0.00244141 ms)
[06/07/2026-16:09:29] [I] Average on 10 runs - GPU latency: 0.530811 ms - Host latency: 0.530811 ms (enqueue 0.00244141 ms)
[06/07/2026-16:09:29] [I] Average on 10 runs - GPU latency: 0.530908 ms - Host latency: 0.530908 ms (enqueue 0.00249023 ms)
[06/07/2026-16:09:29] [I] Average on 10 runs - GPU latency: 0.530859 ms - Host latency: 0.530859 ms (enqueue 0.00263672 ms)
[06/07/2026-16:09:29] [I] Average on 10 runs - GPU latency: 0.530908 ms - Host latency: 0.530908 ms (enqueue 0.00244141 ms)
[06/07/2026-16:09:29] [I] Average on 10 runs - GPU latency: 0.530518 ms - Host latency: 0.530518 ms (enqueue 0.00244141 ms)
[06/07/2026-16:09:29] [I] Average on 10 runs - GPU latency: 0.531006 ms - Host latency: 0.531006 ms (enqueue 0.00268555 ms)
[06/07/2026-16:09:29] [I] Average on 10 runs - GPU latency: 0.531201 ms - Host latency: 0.531201 ms (enqueue 0.00234375 ms)
[06/07/2026-16:09:29] [I] Average on 10 runs - GPU latency: 0.530811 ms - Host latency: 0.530811 ms (enqueue 0.00244141 ms)
[06/07/2026-16:09:29] [I] Average on 10 runs - GPU latency: 0.530615 ms - Host latency: 0.530615 ms (enqueue 0.00219727 ms)
[06/07/2026-16:09:29] [I] Average on 10 runs - GPU latency: 0.530908 ms - Host latency: 0.530908 ms (enqueue 0.00224609 ms)
[06/07/2026-16:09:29] [I] Average on 10 runs - GPU latency: 0.531006 ms - Host latency: 0.531006 ms (enqueue 0.00234375 ms)
[06/07/2026-16:09:29] [I] Average on 10 runs - GPU latency: 0.530811 ms - Host latency: 0.530811 ms (enqueue 0.00249023 ms)
[06/07/2026-16:09:29] [I] Average on 10 runs - GPU latency: 0.531006 ms - Host latency: 0.531006 ms (enqueue 0.00239258 ms)
[06/07/2026-16:09:29] [I] Average on 10 runs - GPU latency: 0.530908 ms - Host latency: 0.530908 ms (enqueue 0.00244141 ms)
[06/07/2026-16:09:29] [I] Average on 10 runs - GPU latency: 0.530713 ms - Host latency: 0.530713 ms (enqueue 0.00249023 ms)
[06/07/2026-16:09:29] [I] Average on 10 runs - GPU latency: 0.530908 ms - Host latency: 0.530908 ms (enqueue 0.00249023 ms)
[06/07/2026-16:09:29] [I] Average on 10 runs - GPU latency: 0.530811 ms - Host latency: 0.530811 ms (enqueue 0.00244141 ms)
[06/07/2026-16:09:29] [I] Average on 10 runs - GPU latency: 0.531103 ms - Host latency: 0.531103 ms (enqueue 0.00244141 ms)
[06/07/2026-16:09:29] [I] Average on 10 runs - GPU latency: 0.531006 ms - Host latency: 0.531006 ms (enqueue 0.00224609 ms)
[06/07/2026-16:09:29] [I] Average on 10 runs - GPU latency: 0.530664 ms - Host latency: 0.530664 ms (enqueue 0.00209961 ms)
[06/07/2026-16:09:29] [I] Average on 10 runs - GPU latency: 0.531152 ms - Host latency: 0.531152 ms (enqueue 0.00253906 ms)
[06/07/2026-16:09:29] [I] Average on 10 runs - GPU latency: 0.531006 ms - Host latency: 0.531006 ms (enqueue 0.00253906 ms)
[06/07/2026-16:09:29] [I] Average on 10 runs - GPU latency: 0.530811 ms - Host latency: 0.530811 ms (enqueue 0.00244141 ms)
[06/07/2026-16:09:29] [I] Average on 10 runs - GPU latency: 0.530859 ms - Host latency: 0.530859 ms (enqueue 0.00229492 ms)
[06/07/2026-16:09:29] [I] Average on 10 runs - GPU latency: 0.530664 ms - Host latency: 0.530664 ms (enqueue 0.00229492 ms)
[06/07/2026-16:09:29] [I] Average on 10 runs - GPU latency: 0.530664 ms - Host latency: 0.530664 ms (enqueue 0.00229492 ms)
[06/07/2026-16:09:29] [I] Average on 10 runs - GPU latency: 0.530713 ms - Host latency: 0.530713 ms (enqueue 0.00219727 ms)
[06/07/2026-16:09:29] [I] Average on 10 runs - GPU latency: 0.530664 ms - Host latency: 0.530664 ms (enqueue 0.00229492 ms)
[06/07/2026-16:09:29] [I] Average on 10 runs - GPU latency: 0.530664 ms - Host latency: 0.530664 ms (enqueue 0.00239258 ms)
[06/07/2026-16:09:29] [I] Average on 10 runs - GPU latency: 0.530469 ms - Host latency: 0.530469 ms (enqueue 0.00244141 ms)
[06/07/2026-16:09:29] [I] Average on 10 runs - GPU latency: 0.531103 ms - Host latency: 0.531103 ms (enqueue 0.00258789 ms)
[06/07/2026-16:09:29] [I] Average on 10 runs - GPU latency: 0.530664 ms - Host latency: 0.530664 ms (enqueue 0.00253906 ms)
[06/07/2026-16:09:29] [I] Average on 10 runs - GPU latency: 0.53042 ms - Host latency: 0.53042 ms (enqueue 0.00258789 ms)
[06/07/2026-16:09:29] [I] Average on 10 runs - GPU latency: 0.531103 ms - Host latency: 0.531103 ms (enqueue 0.00258789 ms)
[06/07/2026-16:09:29] [I] Average on 10 runs - GPU latency: 0.530518 ms - Host latency: 0.530518 ms (enqueue 0.00253906 ms)
[06/07/2026-16:09:29] [I] Average on 10 runs - GPU latency: 0.53042 ms - Host latency: 0.53042 ms (enqueue 0.00239258 ms)
[06/07/2026-16:09:29] [I] Average on 10 runs - GPU latency: 0.530371 ms - Host latency: 0.530371 ms (enqueue 0.00258789 ms)
[06/07/2026-16:09:29] [I] Average on 10 runs - GPU latency: 0.530811 ms - Host latency: 0.530811 ms (enqueue 0.00234375 ms)
[06/07/2026-16:09:29] [I] Average on 10 runs - GPU latency: 0.530713 ms - Host latency: 0.530713 ms (enqueue 0.00234375 ms)
[06/07/2026-16:09:29] [I] Average on 10 runs - GPU latency: 0.530908 ms - Host latency: 0.530908 ms (enqueue 0.00224609 ms)
[06/07/2026-16:09:29] [I] Average on 10 runs - GPU latency: 0.530713 ms - Host latency: 0.530713 ms (enqueue 0.00234375 ms)
[06/07/2026-16:09:29] [I] Average on 10 runs - GPU latency: 0.530957 ms - Host latency: 0.530957 ms (enqueue 0.00244141 ms)
[06/07/2026-16:09:29] [I] Average on 10 runs - GPU latency: 0.530859 ms - Host latency: 0.530859 ms (enqueue 0.00249023 ms)
[06/07/2026-16:09:29] [I] Average on 10 runs - GPU latency: 0.53042 ms - Host latency: 0.53042 ms (enqueue 0.00229492 ms)
[06/07/2026-16:09:29] [I] Average on 10 runs - GPU latency: 0.530615 ms - Host latency: 0.530615 ms (enqueue 0.00224609 ms)
[06/07/2026-16:09:29] [I] Average on 10 runs - GPU latency: 0.530908 ms - Host latency: 0.530908 ms (enqueue 0.00244141 ms)
[06/07/2026-16:09:29] [I] Average on 10 runs - GPU latency: 0.531103 ms - Host latency: 0.531103 ms (enqueue 0.00239258 ms)
[06/07/2026-16:09:29] [I] Average on 10 runs - GPU latency: 0.530615 ms - Host latency: 0.530615 ms (enqueue 0.00258789 ms)
[06/07/2026-16:09:29] [I] 
[06/07/2026-16:09:29] [I] === Performance summary ===
[06/07/2026-16:09:29] [I] Throughput: 1878.57 qps
[06/07/2026-16:09:29] [I] Latency: min = 0.529297 ms, max = 0.532715 ms, mean = 0.530802 ms, median = 0.530762 ms, percentile(99%) = 0.531738 ms
[06/07/2026-16:09:29] [I] Enqueue Time: min = 0.00195312 ms, max = 0.00683594 ms, mean = 0.00236791 ms, median = 0.00244141 ms, percentile(99%) = 0.00292969 ms
[06/07/2026-16:09:29] [I] H2D Latency: min = 0 ms, max = 0 ms, mean = 0 ms, median = 0 ms, percentile(99%) = 0 ms
[06/07/2026-16:09:29] [I] GPU Compute Time: min = 0.529297 ms, max = 0.532715 ms, mean = 0.530802 ms, median = 0.530762 ms, percentile(99%) = 0.531738 ms
[06/07/2026-16:09:29] [I] D2H Latency: min = 0 ms, max = 0 ms, mean = 0 ms, median = 0 ms, percentile(99%) = 0 ms
[06/07/2026-16:09:29] [I] Total Host Walltime: 6.00084 s
[06/07/2026-16:09:29] [I] Total GPU Compute Time: 5.98373 s
[06/07/2026-16:09:29] [I] Explanations of the performance metrics are printed in the verbose logs.
[06/07/2026-16:09:29] [I] 
&&&& PASSED TensorRT.trtexec [TensorRT v101401] [b48] # trtexec --loadEngine=/work/trt_bench_streams/engines/yolo26s_b1.engine --streams=1 --useCudaGraph --useSpinWait --noDataTransfers --warmUp=2000 --duration=6 --percentile=99
