&&&& RUNNING TensorRT.trtexec [TensorRT v101401] [b48] # trtexec --loadEngine=/work/trt_bench_streams/engines/yolo26s_b8.engine --streams=1 --useCudaGraph --useSpinWait --noDataTransfers --warmUp=2000 --duration=6 --percentile=99
[06/07/2026-16:13:03] [I] TF32 is enabled by default. Add --noTF32 flag to further improve accuracy with some performance cost.
[06/07/2026-16:13:03] [W] --streams flag has been deprecated, use --infStreams flag instead.
[06/07/2026-16:13:03] [I] === Model Options ===
[06/07/2026-16:13:03] [I] Format: *
[06/07/2026-16:13:03] [I] Model: 
[06/07/2026-16:13:03] [I] Output:
[06/07/2026-16:13:03] [I] 
[06/07/2026-16:13:03] [I] === System Options ===
[06/07/2026-16:13:03] [I] Device: 0
[06/07/2026-16:13:03] [I] DLACore: 
[06/07/2026-16:13:03] [I] Plugins:
[06/07/2026-16:13:03] [I] setPluginsToSerialize:
[06/07/2026-16:13:03] [I] dynamicPlugins:
[06/07/2026-16:13:03] [I] ignoreParsedPluginLibs: 0
[06/07/2026-16:13:03] [I] 
[06/07/2026-16:13:03] [I] === Inference Options ===
[06/07/2026-16:13:03] [I] Batch: Explicit
[06/07/2026-16:13:03] [I] Input inference shapes: model
[06/07/2026-16:13:03] [I] Iterations: 10
[06/07/2026-16:13:03] [I] Duration: 6s (+ 2000ms warm up)
[06/07/2026-16:13:03] [I] Sleep time: 0ms
[06/07/2026-16:13:03] [I] Idle time: 0ms
[06/07/2026-16:13:03] [I] Inference Streams: 1
[06/07/2026-16:13:03] [I] ExposeDMA: Disabled
[06/07/2026-16:13:03] [I] Data transfers: Disabled
[06/07/2026-16:13:03] [I] Spin-wait: Enabled
[06/07/2026-16:13:03] [I] Multithreading: Disabled
[06/07/2026-16:13:03] [I] CUDA Graph: Enabled
[06/07/2026-16:13:03] [I] Separate profiling: Disabled
[06/07/2026-16:13:03] [I] Time Deserialize: Disabled
[06/07/2026-16:13:03] [I] Time Refit: Disabled
[06/07/2026-16:13:03] [I] NVTX verbosity: 0
[06/07/2026-16:13:03] [I] Persistent Cache Ratio: 0
[06/07/2026-16:13:03] [I] Optimization Profile Index: 0
[06/07/2026-16:13:03] [I] Weight Streaming Budget: 100.000000%
[06/07/2026-16:13:03] [I] Inputs:
[06/07/2026-16:13:03] [I] Debug Tensor Save Destinations:
[06/07/2026-16:13:03] [I] Dump All Debug Tensor in Formats: 
[06/07/2026-16:13:03] [I] === Reporting Options ===
[06/07/2026-16:13:03] [I] Verbose: Disabled
[06/07/2026-16:13:03] [I] Averages: 10 inferences
[06/07/2026-16:13:03] [I] Percentiles: 99
[06/07/2026-16:13:03] [I] Dump refittable layers:Disabled
[06/07/2026-16:13:03] [I] Dump output: Disabled
[06/07/2026-16:13:03] [I] Profile: Disabled
[06/07/2026-16:13:03] [I] Export timing to JSON file: 
[06/07/2026-16:13:03] [I] Export output to JSON file: 
[06/07/2026-16:13:03] [I] Export profile to JSON file: 
[06/07/2026-16:13:03] [I] 
[06/07/2026-16:13:03] [I] === Device Information ===
[06/07/2026-16:13:03] [I] Available Devices: 
[06/07/2026-16:13:03] [I]   Device 0: "NVIDIA GeForce RTX 4090" UUID: GPU-ecde2256-9c06-55af-a9e9-f5ddb7072ede
[06/07/2026-16:13:03] [I] Selected Device: NVIDIA GeForce RTX 4090
[06/07/2026-16:13:03] [I] Selected Device ID: 0
[06/07/2026-16:13:03] [I] Selected Device UUID: GPU-ecde2256-9c06-55af-a9e9-f5ddb7072ede
[06/07/2026-16:13:03] [I] Compute Capability: 8.9
[06/07/2026-16:13:03] [I] SMs: 128
[06/07/2026-16:13:03] [I] Device Global Memory: 24080 MiB
[06/07/2026-16:13:03] [I] Shared Memory per SM: 100 KiB
[06/07/2026-16:13:03] [I] Memory Bus Width: 384 bits (ECC disabled)
[06/07/2026-16:13:03] [I] Application Compute Clock Rate: 2.55 GHz
[06/07/2026-16:13:03] [I] Application Memory Clock Rate: 10.501 GHz
[06/07/2026-16:13:03] [I] 
[06/07/2026-16:13:03] [I] Note: The application clock rates do not reflect the actual clock rates that the GPU is currently running at.
[06/07/2026-16:13:03] [I] 
[06/07/2026-16:13:03] [I] TensorRT version: 10.14.1
[06/07/2026-16:13:03] [I] Loading standard plugins
[06/07/2026-16:13:03] [I] [TRT] Loaded engine size: 21 MiB
[06/07/2026-16:13:03] [I] Engine deserialized in 0.0581926 sec.
[06/07/2026-16:13:03] [I] [TRT] [MemUsageChange] TensorRT-managed allocation in IExecutionContext creation: CPU +0, GPU +69, now: CPU 0, GPU 87 (MiB)
[06/07/2026-16:13:03] [I] Setting persistentCacheLimit to 0 bytes.
[06/07/2026-16:13:03] [I] Created execution context with device memory size: 68.9062 MiB
[06/07/2026-16:13:03] [I] Using random values for input images
[06/07/2026-16:13:03] [I] Input binding for images with dimensions 8x3x448x448 is created.
[06/07/2026-16:13:03] [I] Output binding for output0 with dimensions 8x300x6 is created.
[06/07/2026-16:13:03] [I] Starting inference
[06/07/2026-16:13:03] [I] Capturing CUDA graph for the current execution context
[06/07/2026-16:13:03] [I] Successfully captured CUDA graph for the current execution context
[06/07/2026-16:13:11] [I] Warmup completed 1586 queries over 2000 ms
[06/07/2026-16:13:11] [I] Timing trace has 4947 queries over 6.00181 s
[06/07/2026-16:13:11] [I] 
[06/07/2026-16:13:11] [I] === Trace details ===
[06/07/2026-16:13:11] [I] Trace averages of 10 runs:
[06/07/2026-16:13:11] [I] Average on 10 runs - GPU latency: 1.21169 ms - Host latency: 1.21169 ms (enqueue 0.00244141 ms)
[06/07/2026-16:13:11] [I] Average on 10 runs - GPU latency: 1.21168 ms - Host latency: 1.21168 ms (enqueue 0.00235596 ms)
[06/07/2026-16:13:11] [I] Average on 10 runs - GPU latency: 1.21139 ms - Host latency: 1.21139 ms (enqueue 0.00235596 ms)
[06/07/2026-16:13:11] [I] Average on 10 runs - GPU latency: 1.21149 ms - Host latency: 1.21149 ms (enqueue 0.00241699 ms)
[06/07/2026-16:13:11] [I] Average on 10 runs - GPU latency: 1.21135 ms - Host latency: 1.21135 ms (enqueue 0.00229492 ms)
[06/07/2026-16:13:11] [I] Average on 10 runs - GPU latency: 1.2124 ms - Host latency: 1.2124 ms (enqueue 0.00239258 ms)
[06/07/2026-16:13:11] [I] Average on 10 runs - GPU latency: 1.21182 ms - Host latency: 1.21182 ms (enqueue 0.00239258 ms)
[06/07/2026-16:13:11] [I] Average on 10 runs - GPU latency: 1.21172 ms - Host latency: 1.21172 ms (enqueue 0.00222168 ms)
[06/07/2026-16:13:11] [I] Average on 10 runs - GPU latency: 1.21191 ms - Host latency: 1.21191 ms (enqueue 0.00239258 ms)
[06/07/2026-16:13:11] [I] Average on 10 runs - GPU latency: 1.21157 ms - Host latency: 1.21157 ms (enqueue 0.00239258 ms)
[06/07/2026-16:13:11] [I] Average on 10 runs - GPU latency: 1.21165 ms - Host latency: 1.21165 ms (enqueue 0.00234375 ms)
[06/07/2026-16:13:11] [I] Average on 10 runs - GPU latency: 1.21101 ms - Host latency: 1.21101 ms (enqueue 0.00246582 ms)
[06/07/2026-16:13:11] [I] Average on 10 runs - GPU latency: 1.21169 ms - Host latency: 1.21169 ms (enqueue 0.00241699 ms)
[06/07/2026-16:13:11] [I] Average on 10 runs - GPU latency: 1.21204 ms - Host latency: 1.21204 ms (enqueue 0.00244141 ms)
[06/07/2026-16:13:11] [I] Average on 10 runs - GPU latency: 1.21162 ms - Host latency: 1.21162 ms (enqueue 0.00249023 ms)
[06/07/2026-16:13:11] [I] Average on 10 runs - GPU latency: 1.21201 ms - Host latency: 1.21201 ms (enqueue 0.00231934 ms)
[06/07/2026-16:13:11] [I] Average on 10 runs - GPU latency: 1.21194 ms - Host latency: 1.21194 ms (enqueue 0.00251465 ms)
[06/07/2026-16:13:11] [I] Average on 10 runs - GPU latency: 1.21169 ms - Host latency: 1.21169 ms (enqueue 0.00244141 ms)
[06/07/2026-16:13:11] [I] Average on 10 runs - GPU latency: 1.2113 ms - Host latency: 1.2113 ms (enqueue 0.00241699 ms)
[06/07/2026-16:13:11] [I] Average on 10 runs - GPU latency: 1.21143 ms - Host latency: 1.21143 ms (enqueue 0.00231934 ms)
[06/07/2026-16:13:11] [I] Average on 10 runs - GPU latency: 1.21152 ms - Host latency: 1.21152 ms (enqueue 0.00236816 ms)
[06/07/2026-16:13:11] [I] Average on 10 runs - GPU latency: 1.21206 ms - Host latency: 1.21206 ms (enqueue 0.00234375 ms)
[06/07/2026-16:13:11] [I] Average on 10 runs - GPU latency: 1.21204 ms - Host latency: 1.21204 ms (enqueue 0.00224609 ms)
[06/07/2026-16:13:11] [I] Average on 10 runs - GPU latency: 1.21201 ms - Host latency: 1.21201 ms (enqueue 0.00239258 ms)
[06/07/2026-16:13:11] [I] Average on 10 runs - GPU latency: 1.21177 ms - Host latency: 1.21177 ms (enqueue 0.00241699 ms)
[06/07/2026-16:13:11] [I] Average on 10 runs - GPU latency: 1.21143 ms - Host latency: 1.21143 ms (enqueue 0.00239258 ms)
[06/07/2026-16:13:11] [I] Average on 10 runs - GPU latency: 1.2114 ms - Host latency: 1.2114 ms (enqueue 0.00234375 ms)
[06/07/2026-16:13:11] [I] Average on 10 runs - GPU latency: 1.21162 ms - Host latency: 1.21162 ms (enqueue 0.00241699 ms)
[06/07/2026-16:13:11] [I] Average on 10 runs - GPU latency: 1.21184 ms - Host latency: 1.21184 ms (enqueue 0.00236816 ms)
[06/07/2026-16:13:11] [I] Average on 10 runs - GPU latency: 1.21165 ms - Host latency: 1.21165 ms (enqueue 0.00239258 ms)
[06/07/2026-16:13:11] [I] Average on 10 runs - GPU latency: 1.21174 ms - Host latency: 1.21174 ms (enqueue 0.00239258 ms)
[06/07/2026-16:13:11] [I] Average on 10 runs - GPU latency: 1.21118 ms - Host latency: 1.21118 ms (enqueue 0.00246582 ms)
[06/07/2026-16:13:11] [I] Average on 10 runs - GPU latency: 1.21106 ms - Host latency: 1.21106 ms (enqueue 0.00229492 ms)
[06/07/2026-16:13:11] [I] Average on 10 runs - GPU latency: 1.21179 ms - Host latency: 1.21179 ms (enqueue 0.00234375 ms)
[06/07/2026-16:13:11] [I] Average on 10 runs - GPU latency: 1.2123 ms - Host latency: 1.2123 ms (enqueue 0.00239258 ms)
[06/07/2026-16:13:11] [I] Average on 10 runs - GPU latency: 1.2114 ms - Host latency: 1.2114 ms (enqueue 0.00236816 ms)
[06/07/2026-16:13:11] [I] Average on 10 runs - GPU latency: 1.21179 ms - Host latency: 1.21179 ms (enqueue 0.00229492 ms)
[06/07/2026-16:13:11] [I] Average on 10 runs - GPU latency: 1.21201 ms - Host latency: 1.21201 ms (enqueue 0.00236816 ms)
[06/07/2026-16:13:11] [I] Average on 10 runs - GPU latency: 1.21174 ms - Host latency: 1.21174 ms (enqueue 0.00239258 ms)
[06/07/2026-16:13:11] [I] Average on 10 runs - GPU latency: 1.21172 ms - Host latency: 1.21172 ms (enqueue 0.00234375 ms)
[06/07/2026-16:13:11] [I] Average on 10 runs - GPU latency: 1.21135 ms - Host latency: 1.21135 ms (enqueue 0.00241699 ms)
[06/07/2026-16:13:11] [I] Average on 10 runs - GPU latency: 1.21204 ms - Host latency: 1.21204 ms (enqueue 0.00241699 ms)
[06/07/2026-16:13:11] [I] Average on 10 runs - GPU latency: 1.21243 ms - Host latency: 1.21243 ms (enqueue 0.00234375 ms)
[06/07/2026-16:13:11] [I] Average on 10 runs - GPU latency: 1.21233 ms - Host latency: 1.21233 ms (enqueue 0.00239258 ms)
[06/07/2026-16:13:11] [I] Average on 10 runs - GPU latency: 1.21199 ms - Host latency: 1.21199 ms (enqueue 0.00236816 ms)
[06/07/2026-16:13:11] [I] Average on 10 runs - GPU latency: 1.21157 ms - Host latency: 1.21157 ms (enqueue 0.00227051 ms)
[06/07/2026-16:13:11] [I] Average on 10 runs - GPU latency: 1.21179 ms - Host latency: 1.21179 ms (enqueue 0.00241699 ms)
[06/07/2026-16:13:11] [I] Average on 10 runs - GPU latency: 1.21147 ms - Host latency: 1.21147 ms (enqueue 0.00241699 ms)
[06/07/2026-16:13:11] [I] Average on 10 runs - GPU latency: 1.21169 ms - Host latency: 1.21169 ms (enqueue 0.00239258 ms)
[06/07/2026-16:13:11] [I] Average on 10 runs - GPU latency: 1.21152 ms - Host latency: 1.21152 ms (enqueue 0.00244141 ms)
[06/07/2026-16:13:11] [I] Average on 10 runs - GPU latency: 1.21191 ms - Host latency: 1.21191 ms (enqueue 0.00239258 ms)
[06/07/2026-16:13:11] [I] Average on 10 runs - GPU latency: 1.2123 ms - Host latency: 1.2123 ms (enqueue 0.00236816 ms)
[06/07/2026-16:13:11] [I] Average on 10 runs - GPU latency: 1.21211 ms - Host latency: 1.21211 ms (enqueue 0.00241699 ms)
[06/07/2026-16:13:11] [I] Average on 10 runs - GPU latency: 1.21167 ms - Host latency: 1.21167 ms (enqueue 0.00229492 ms)
[06/07/2026-16:13:11] [I] Average on 10 runs - GPU latency: 1.21133 ms - Host latency: 1.21133 ms (enqueue 0.00246582 ms)
[06/07/2026-16:13:11] [I] Average on 10 runs - GPU latency: 1.21118 ms - Host latency: 1.21118 ms (enqueue 0.00231934 ms)
[06/07/2026-16:13:11] [I] Average on 10 runs - GPU latency: 1.21223 ms - Host latency: 1.21223 ms (enqueue 0.00241699 ms)
[06/07/2026-16:13:11] [I] Average on 10 runs - GPU latency: 1.21135 ms - Host latency: 1.21135 ms (enqueue 0.00229492 ms)
[06/07/2026-16:13:11] [I] Average on 10 runs - GPU latency: 1.21196 ms - Host latency: 1.21196 ms (enqueue 0.00227051 ms)
[06/07/2026-16:13:11] [I] Average on 10 runs - GPU latency: 1.21221 ms - Host latency: 1.21221 ms (enqueue 0.00239258 ms)
[06/07/2026-16:13:11] [I] Average on 10 runs - GPU latency: 1.21157 ms - Host latency: 1.21157 ms (enqueue 0.00241699 ms)
[06/07/2026-16:13:11] [I] Average on 10 runs - GPU latency: 1.21172 ms - Host latency: 1.21172 ms (enqueue 0.00241699 ms)
[06/07/2026-16:13:11] [I] Average on 10 runs - GPU latency: 1.21145 ms - Host latency: 1.21145 ms (enqueue 0.00239258 ms)
[06/07/2026-16:13:11] [I] Average on 10 runs - GPU latency: 1.21213 ms - Host latency: 1.21213 ms (enqueue 0.00244141 ms)
[06/07/2026-16:13:11] [I] Average on 10 runs - GPU latency: 1.21201 ms - Host latency: 1.21201 ms (enqueue 0.00234375 ms)
[06/07/2026-16:13:11] [I] Average on 10 runs - GPU latency: 1.2114 ms - Host latency: 1.2114 ms (enqueue 0.00241699 ms)
[06/07/2026-16:13:11] [I] Average on 10 runs - GPU latency: 1.21152 ms - Host latency: 1.21152 ms (enqueue 0.00244141 ms)
[06/07/2026-16:13:11] [I] Average on 10 runs - GPU latency: 1.21211 ms - Host latency: 1.21211 ms (enqueue 0.0026123 ms)
[06/07/2026-16:13:11] [I] Average on 10 runs - GPU latency: 1.2116 ms - Host latency: 1.2116 ms (enqueue 0.0026123 ms)
[06/07/2026-16:13:11] [I] Average on 10 runs - GPU latency: 1.21204 ms - Host latency: 1.21204 ms (enqueue 0.00234375 ms)
[06/07/2026-16:13:11] [I] Average on 10 runs - GPU latency: 1.21179 ms - Host latency: 1.21179 ms (enqueue 0.00239258 ms)
[06/07/2026-16:13:11] [I] Average on 10 runs - GPU latency: 1.2113 ms - Host latency: 1.2113 ms (enqueue 0.00256348 ms)
[06/07/2026-16:13:11] [I] Average on 10 runs - GPU latency: 1.21162 ms - Host latency: 1.21162 ms (enqueue 0.00227051 ms)
[06/07/2026-16:13:11] [I] Average on 10 runs - GPU latency: 1.21221 ms - Host latency: 1.21221 ms (enqueue 0.00258789 ms)
[06/07/2026-16:13:11] [I] Average on 10 runs - GPU latency: 1.21209 ms - Host latency: 1.21209 ms (enqueue 0.00239258 ms)
[06/07/2026-16:13:11] [I] Average on 10 runs - GPU latency: 1.21152 ms - Host latency: 1.21152 ms (enqueue 0.00244141 ms)
[06/07/2026-16:13:11] [I] Average on 10 runs - GPU latency: 1.21194 ms - Host latency: 1.21194 ms (enqueue 0.00229492 ms)
[06/07/2026-16:13:11] [I] Average on 10 runs - GPU latency: 1.21169 ms - Host latency: 1.21169 ms (enqueue 0.00246582 ms)
[06/07/2026-16:13:11] [I] Average on 10 runs - GPU latency: 1.21235 ms - Host latency: 1.21235 ms (enqueue 0.00251465 ms)
[06/07/2026-16:13:11] [I] Average on 10 runs - GPU latency: 1.21201 ms - Host latency: 1.21201 ms (enqueue 0.00241699 ms)
[06/07/2026-16:13:11] [I] Average on 10 runs - GPU latency: 1.21196 ms - Host latency: 1.21196 ms (enqueue 0.00241699 ms)
[06/07/2026-16:13:11] [I] Average on 10 runs - GPU latency: 1.2115 ms - Host latency: 1.2115 ms (enqueue 0.00229492 ms)
[06/07/2026-16:13:11] [I] Average on 10 runs - GPU latency: 1.21182 ms - Host latency: 1.21182 ms (enqueue 0.00249023 ms)
[06/07/2026-16:13:11] [I] Average on 10 runs - GPU latency: 1.21221 ms - Host latency: 1.21221 ms (enqueue 0.00239258 ms)
[06/07/2026-16:13:11] [I] Average on 10 runs - GPU latency: 1.21138 ms - Host latency: 1.21138 ms (enqueue 0.00229492 ms)
[06/07/2026-16:13:11] [I] Average on 10 runs - GPU latency: 1.21145 ms - Host latency: 1.21145 ms (enqueue 0.00236816 ms)
[06/07/2026-16:13:11] [I] Average on 10 runs - GPU latency: 1.21167 ms - Host latency: 1.21167 ms (enqueue 0.00239258 ms)
[06/07/2026-16:13:11] [I] Average on 10 runs - GPU latency: 1.21189 ms - Host latency: 1.21189 ms (enqueue 0.00236816 ms)
[06/07/2026-16:13:11] [I] Average on 10 runs - GPU latency: 1.21128 ms - Host latency: 1.21128 ms (enqueue 0.00231934 ms)
[06/07/2026-16:13:11] [I] Average on 10 runs - GPU latency: 1.21206 ms - Host latency: 1.21206 ms (enqueue 0.00244141 ms)
[06/07/2026-16:13:11] [I] Average on 10 runs - GPU latency: 1.21189 ms - Host latency: 1.21189 ms (enqueue 0.00234375 ms)
[06/07/2026-16:13:11] [I] Average on 10 runs - GPU latency: 1.21204 ms - Host latency: 1.21204 ms (enqueue 0.00234375 ms)
[06/07/2026-16:13:11] [I] Average on 10 runs - GPU latency: 1.21086 ms - Host latency: 1.21086 ms (enqueue 0.00241699 ms)
[06/07/2026-16:13:11] [I] Average on 10 runs - GPU latency: 1.21128 ms - Host latency: 1.21128 ms (enqueue 0.00229492 ms)
[06/07/2026-16:13:11] [I] Average on 10 runs - GPU latency: 1.21191 ms - Host latency: 1.21191 ms (enqueue 0.00239258 ms)
[06/07/2026-16:13:11] [I] Average on 10 runs - GPU latency: 1.21064 ms - Host latency: 1.21064 ms (enqueue 0.00236816 ms)
[06/07/2026-16:13:11] [I] Average on 10 runs - GPU latency: 1.21138 ms - Host latency: 1.21138 ms (enqueue 0.00236816 ms)
[06/07/2026-16:13:11] [I] Average on 10 runs - GPU latency: 1.21184 ms - Host latency: 1.21184 ms (enqueue 0.00234375 ms)
[06/07/2026-16:13:11] [I] Average on 10 runs - GPU latency: 1.21167 ms - Host latency: 1.21167 ms (enqueue 0.00229492 ms)
[06/07/2026-16:13:11] [I] Average on 10 runs - GPU latency: 1.21223 ms - Host latency: 1.21223 ms (enqueue 0.00234375 ms)
[06/07/2026-16:13:11] [I] Average on 10 runs - GPU latency: 1.21226 ms - Host latency: 1.21226 ms (enqueue 0.00239258 ms)
[06/07/2026-16:13:11] [I] Average on 10 runs - GPU latency: 1.21177 ms - Host latency: 1.21177 ms (enqueue 0.00236816 ms)
[06/07/2026-16:13:11] [I] Average on 10 runs - GPU latency: 1.21201 ms - Host latency: 1.21201 ms (enqueue 0.00244141 ms)
[06/07/2026-16:13:11] [I] Average on 10 runs - GPU latency: 1.2114 ms - Host latency: 1.2114 ms (enqueue 0.00239258 ms)
[06/07/2026-16:13:11] [I] Average on 10 runs - GPU latency: 1.21182 ms - Host latency: 1.21182 ms (enqueue 0.00239258 ms)
[06/07/2026-16:13:11] [I] Average on 10 runs - GPU latency: 1.21165 ms - Host latency: 1.21165 ms (enqueue 0.00234375 ms)
[06/07/2026-16:13:11] [I] Average on 10 runs - GPU latency: 1.21182 ms - Host latency: 1.21182 ms (enqueue 0.00234375 ms)
[06/07/2026-16:13:11] [I] Average on 10 runs - GPU latency: 1.21221 ms - Host latency: 1.21221 ms (enqueue 0.00246582 ms)
[06/07/2026-16:13:11] [I] Average on 10 runs - GPU latency: 1.21174 ms - Host latency: 1.21174 ms (enqueue 0.00224609 ms)
[06/07/2026-16:13:11] [I] Average on 10 runs - GPU latency: 1.21143 ms - Host latency: 1.21143 ms (enqueue 0.00231934 ms)
[06/07/2026-16:13:11] [I] Average on 10 runs - GPU latency: 1.21082 ms - Host latency: 1.21082 ms (enqueue 0.00239258 ms)
[06/07/2026-16:13:11] [I] Average on 10 runs - GPU latency: 1.2124 ms - Host latency: 1.2124 ms (enqueue 0.00234375 ms)
[06/07/2026-16:13:11] [I] Average on 10 runs - GPU latency: 1.21133 ms - Host latency: 1.21133 ms (enqueue 0.00236816 ms)
[06/07/2026-16:13:11] [I] Average on 10 runs - GPU latency: 1.21184 ms - Host latency: 1.21184 ms (enqueue 0.00236816 ms)
[06/07/2026-16:13:11] [I] Average on 10 runs - GPU latency: 1.21104 ms - Host latency: 1.21104 ms (enqueue 0.00231934 ms)
[06/07/2026-16:13:11] [I] Average on 10 runs - GPU latency: 1.21199 ms - Host latency: 1.21199 ms (enqueue 0.00249023 ms)
[06/07/2026-16:13:11] [I] Average on 10 runs - GPU latency: 1.21152 ms - Host latency: 1.21152 ms (enqueue 0.00234375 ms)
[06/07/2026-16:13:11] [I] Average on 10 runs - GPU latency: 1.21211 ms - Host latency: 1.21211 ms (enqueue 0.00236816 ms)
[06/07/2026-16:13:11] [I] Average on 10 runs - GPU latency: 1.2116 ms - Host latency: 1.2116 ms (enqueue 0.00251465 ms)
[06/07/2026-16:13:11] [I] Average on 10 runs - GPU latency: 1.21108 ms - Host latency: 1.21108 ms (enqueue 0.00224609 ms)
[06/07/2026-16:13:11] [I] Average on 10 runs - GPU latency: 1.21248 ms - Host latency: 1.21248 ms (enqueue 0.00234375 ms)
[06/07/2026-16:13:11] [I] Average on 10 runs - GPU latency: 1.21218 ms - Host latency: 1.21218 ms (enqueue 0.00241699 ms)
[06/07/2026-16:13:11] [I] Average on 10 runs - GPU latency: 1.21094 ms - Host latency: 1.21094 ms (enqueue 0.00231934 ms)
[06/07/2026-16:13:11] [I] Average on 10 runs - GPU latency: 1.21152 ms - Host latency: 1.21152 ms (enqueue 0.00241699 ms)
[06/07/2026-16:13:11] [I] Average on 10 runs - GPU latency: 1.21169 ms - Host latency: 1.21169 ms (enqueue 0.00244141 ms)
[06/07/2026-16:13:11] [I] Average on 10 runs - GPU latency: 1.21133 ms - Host latency: 1.21133 ms (enqueue 0.00236816 ms)
[06/07/2026-16:13:11] [I] Average on 10 runs - GPU latency: 1.21218 ms - Host latency: 1.21218 ms (enqueue 0.00244141 ms)
[06/07/2026-16:13:11] [I] Average on 10 runs - GPU latency: 1.21189 ms - Host latency: 1.21189 ms (enqueue 0.00236816 ms)
[06/07/2026-16:13:11] [I] Average on 10 runs - GPU latency: 1.21123 ms - Host latency: 1.21123 ms (enqueue 0.00236816 ms)
[06/07/2026-16:13:11] [I] Average on 10 runs - GPU latency: 1.21218 ms - Host latency: 1.21218 ms (enqueue 0.00241699 ms)
[06/07/2026-16:13:11] [I] Average on 10 runs - GPU latency: 1.21191 ms - Host latency: 1.21191 ms (enqueue 0.00229492 ms)
[06/07/2026-16:13:11] [I] Average on 10 runs - GPU latency: 1.21216 ms - Host latency: 1.21216 ms (enqueue 0.0027832 ms)
[06/07/2026-16:13:11] [I] Average on 10 runs - GPU latency: 1.21165 ms - Host latency: 1.21165 ms (enqueue 0.00239258 ms)
[06/07/2026-16:13:11] [I] Average on 10 runs - GPU latency: 1.21104 ms - Host latency: 1.21104 ms (enqueue 0.00239258 ms)
[06/07/2026-16:13:11] [I] Average on 10 runs - GPU latency: 1.21133 ms - Host latency: 1.21133 ms (enqueue 0.00244141 ms)
[06/07/2026-16:13:11] [I] Average on 10 runs - GPU latency: 1.21191 ms - Host latency: 1.21191 ms (enqueue 0.00239258 ms)
[06/07/2026-16:13:11] [I] Average on 10 runs - GPU latency: 1.21128 ms - Host latency: 1.21128 ms (enqueue 0.00222168 ms)
[06/07/2026-16:13:11] [I] Average on 10 runs - GPU latency: 1.21199 ms - Host latency: 1.21199 ms (enqueue 0.0020752 ms)
[06/07/2026-16:13:11] [I] Average on 10 runs - GPU latency: 1.21138 ms - Host latency: 1.21138 ms (enqueue 0.00212402 ms)
[06/07/2026-16:13:11] [I] Average on 10 runs - GPU latency: 1.2114 ms - Host latency: 1.2114 ms (enqueue 0.0020752 ms)
[06/07/2026-16:13:11] [I] Average on 10 runs - GPU latency: 1.21121 ms - Host latency: 1.21121 ms (enqueue 0.00231934 ms)
[06/07/2026-16:13:11] [I] Average on 10 runs - GPU latency: 1.21155 ms - Host latency: 1.21155 ms (enqueue 0.00231934 ms)
[06/07/2026-16:13:11] [I] Average on 10 runs - GPU latency: 1.21096 ms - Host latency: 1.21096 ms (enqueue 0.00227051 ms)
[06/07/2026-16:13:11] [I] Average on 10 runs - GPU latency: 1.21169 ms - Host latency: 1.21169 ms (enqueue 0.00249023 ms)
[06/07/2026-16:13:11] [I] Average on 10 runs - GPU latency: 1.21204 ms - Host latency: 1.21204 ms (enqueue 0.00227051 ms)
[06/07/2026-16:13:11] [I] Average on 10 runs - GPU latency: 1.21179 ms - Host latency: 1.21179 ms (enqueue 0.00229492 ms)
[06/07/2026-16:13:11] [I] Average on 10 runs - GPU latency: 1.21162 ms - Host latency: 1.21162 ms (enqueue 0.00236816 ms)
[06/07/2026-16:13:11] [I] Average on 10 runs - GPU latency: 1.21174 ms - Host latency: 1.21174 ms (enqueue 0.00241699 ms)
[06/07/2026-16:13:11] [I] Average on 10 runs - GPU latency: 1.21187 ms - Host latency: 1.21187 ms (enqueue 0.00234375 ms)
[06/07/2026-16:13:11] [I] Average on 10 runs - GPU latency: 1.21204 ms - Host latency: 1.21204 ms (enqueue 0.00249023 ms)
[06/07/2026-16:13:11] [I] Average on 10 runs - GPU latency: 1.21143 ms - Host latency: 1.21143 ms (enqueue 0.00234375 ms)
[06/07/2026-16:13:11] [I] Average on 10 runs - GPU latency: 1.21179 ms - Host latency: 1.21179 ms (enqueue 0.00234375 ms)
[06/07/2026-16:13:11] [I] Average on 10 runs - GPU latency: 1.21194 ms - Host latency: 1.21194 ms (enqueue 0.00244141 ms)
[06/07/2026-16:13:11] [I] Average on 10 runs - GPU latency: 1.21123 ms - Host latency: 1.21123 ms (enqueue 0.00229492 ms)
[06/07/2026-16:13:11] [I] Average on 10 runs - GPU latency: 1.21233 ms - Host latency: 1.21233 ms (enqueue 0.00239258 ms)
[06/07/2026-16:13:11] [I] Average on 10 runs - GPU latency: 1.21108 ms - Host latency: 1.21108 ms (enqueue 0.00231934 ms)
[06/07/2026-16:13:11] [I] Average on 10 runs - GPU latency: 1.21152 ms - Host latency: 1.21152 ms (enqueue 0.00229492 ms)
[06/07/2026-16:13:11] [I] Average on 10 runs - GPU latency: 1.21145 ms - Host latency: 1.21145 ms (enqueue 0.00241699 ms)
[06/07/2026-16:13:11] [I] Average on 10 runs - GPU latency: 1.21138 ms - Host latency: 1.21138 ms (enqueue 0.00236816 ms)
[06/07/2026-16:13:11] [I] Average on 10 runs - GPU latency: 1.21209 ms - Host latency: 1.21209 ms (enqueue 0.00236816 ms)
[06/07/2026-16:13:11] [I] Average on 10 runs - GPU latency: 1.21157 ms - Host latency: 1.21157 ms (enqueue 0.00239258 ms)
[06/07/2026-16:13:11] [I] Average on 10 runs - GPU latency: 1.21174 ms - Host latency: 1.21174 ms (enqueue 0.00229492 ms)
[06/07/2026-16:13:11] [I] Average on 10 runs - GPU latency: 1.21152 ms - Host latency: 1.21152 ms (enqueue 0.00229492 ms)
[06/07/2026-16:13:11] [I] Average on 10 runs - GPU latency: 1.2116 ms - Host latency: 1.2116 ms (enqueue 0.00234375 ms)
[06/07/2026-16:13:11] [I] Average on 10 runs - GPU latency: 1.21245 ms - Host latency: 1.21245 ms (enqueue 0.00236816 ms)
[06/07/2026-16:13:11] [I] Average on 10 runs - GPU latency: 1.21172 ms - Host latency: 1.21172 ms (enqueue 0.00246582 ms)
[06/07/2026-16:13:11] [I] Average on 10 runs - GPU latency: 1.21191 ms - Host latency: 1.21191 ms (enqueue 0.00234375 ms)
[06/07/2026-16:13:11] [I] Average on 10 runs - GPU latency: 1.21172 ms - Host latency: 1.21172 ms (enqueue 0.00241699 ms)
[06/07/2026-16:13:11] [I] Average on 10 runs - GPU latency: 1.21138 ms - Host latency: 1.21138 ms (enqueue 0.00236816 ms)
[06/07/2026-16:13:11] [I] Average on 10 runs - GPU latency: 1.21248 ms - Host latency: 1.21248 ms (enqueue 0.00234375 ms)
[06/07/2026-16:13:11] [I] Average on 10 runs - GPU latency: 1.21167 ms - Host latency: 1.21167 ms (enqueue 0.00249023 ms)
[06/07/2026-16:13:11] [I] Average on 10 runs - GPU latency: 1.21201 ms - Host latency: 1.21201 ms (enqueue 0.00241699 ms)
[06/07/2026-16:13:11] [I] Average on 10 runs - GPU latency: 1.21155 ms - Host latency: 1.21155 ms (enqueue 0.00229492 ms)
[06/07/2026-16:13:11] [I] Average on 10 runs - GPU latency: 1.21172 ms - Host latency: 1.21172 ms (enqueue 0.00249023 ms)
[06/07/2026-16:13:11] [I] Average on 10 runs - GPU latency: 1.21113 ms - Host latency: 1.21113 ms (enqueue 0.00239258 ms)
[06/07/2026-16:13:11] [I] Average on 10 runs - GPU latency: 1.21206 ms - Host latency: 1.21206 ms (enqueue 0.00229492 ms)
[06/07/2026-16:13:11] [I] Average on 10 runs - GPU latency: 1.21074 ms - Host latency: 1.21074 ms (enqueue 0.00239258 ms)
[06/07/2026-16:13:11] [I] Average on 10 runs - GPU latency: 1.2123 ms - Host latency: 1.2123 ms (enqueue 0.00234375 ms)
[06/07/2026-16:13:11] [I] Average on 10 runs - GPU latency: 1.21182 ms - Host latency: 1.21182 ms (enqueue 0.00229492 ms)
[06/07/2026-16:13:11] [I] Average on 10 runs - GPU latency: 1.21216 ms - Host latency: 1.21216 ms (enqueue 0.00239258 ms)
[06/07/2026-16:13:11] [I] Average on 10 runs - GPU latency: 1.21133 ms - Host latency: 1.21133 ms (enqueue 0.00249023 ms)
[06/07/2026-16:13:11] [I] Average on 10 runs - GPU latency: 1.21211 ms - Host latency: 1.21211 ms (enqueue 0.00224609 ms)
[06/07/2026-16:13:11] [I] Average on 10 runs - GPU latency: 1.21201 ms - Host latency: 1.21201 ms (enqueue 0.00249023 ms)
[06/07/2026-16:13:11] [I] Average on 10 runs - GPU latency: 1.21177 ms - Host latency: 1.21177 ms (enqueue 0.00234375 ms)
[06/07/2026-16:13:11] [I] Average on 10 runs - GPU latency: 1.21089 ms - Host latency: 1.21089 ms (enqueue 0.00229492 ms)
[06/07/2026-16:13:11] [I] Average on 10 runs - GPU latency: 1.21162 ms - Host latency: 1.21162 ms (enqueue 0.00244141 ms)
[06/07/2026-16:13:11] [I] Average on 10 runs - GPU latency: 1.21143 ms - Host latency: 1.21143 ms (enqueue 0.00239258 ms)
[06/07/2026-16:13:11] [I] Average on 10 runs - GPU latency: 1.21162 ms - Host latency: 1.21162 ms (enqueue 0.00229492 ms)
[06/07/2026-16:13:11] [I] Average on 10 runs - GPU latency: 1.21177 ms - Host latency: 1.21177 ms (enqueue 0.00234375 ms)
[06/07/2026-16:13:11] [I] Average on 10 runs - GPU latency: 1.21201 ms - Host latency: 1.21201 ms (enqueue 0.00224609 ms)
[06/07/2026-16:13:11] [I] Average on 10 runs - GPU latency: 1.21157 ms - Host latency: 1.21157 ms (enqueue 0.00234375 ms)
[06/07/2026-16:13:11] [I] Average on 10 runs - GPU latency: 1.2123 ms - Host latency: 1.2123 ms (enqueue 0.00253906 ms)
[06/07/2026-16:13:11] [I] Average on 10 runs - GPU latency: 1.21187 ms - Host latency: 1.21187 ms (enqueue 0.00224609 ms)
[06/07/2026-16:13:11] [I] Average on 10 runs - GPU latency: 1.21152 ms - Host latency: 1.21152 ms (enqueue 0.00244141 ms)
[06/07/2026-16:13:11] [I] Average on 10 runs - GPU latency: 1.21182 ms - Host latency: 1.21182 ms (enqueue 0.00224609 ms)
[06/07/2026-16:13:11] [I] Average on 10 runs - GPU latency: 1.21143 ms - Host latency: 1.21143 ms (enqueue 0.00239258 ms)
[06/07/2026-16:13:11] [I] Average on 10 runs - GPU latency: 1.21196 ms - Host latency: 1.21196 ms (enqueue 0.00229492 ms)
[06/07/2026-16:13:11] [I] Average on 10 runs - GPU latency: 1.21138 ms - Host latency: 1.21138 ms (enqueue 0.00234375 ms)
[06/07/2026-16:13:11] [I] Average on 10 runs - GPU latency: 1.2123 ms - Host latency: 1.2123 ms (enqueue 0.00229492 ms)
[06/07/2026-16:13:11] [I] Average on 10 runs - GPU latency: 1.21143 ms - Host latency: 1.21143 ms (enqueue 0.00244141 ms)
[06/07/2026-16:13:11] [I] ... Omitting 947 lines
[06/07/2026-16:13:11] [I] Average on 10 runs - GPU latency: 1.21147 ms - Host latency: 1.21147 ms (enqueue 0.00249023 ms)
[06/07/2026-16:13:11] [I] Average on 10 runs - GPU latency: 1.21152 ms - Host latency: 1.21152 ms (enqueue 0.00244141 ms)
[06/07/2026-16:13:11] [I] Average on 10 runs - GPU latency: 1.21191 ms - Host latency: 1.21191 ms (enqueue 0.00239258 ms)
[06/07/2026-16:13:11] [I] Average on 10 runs - GPU latency: 1.21133 ms - Host latency: 1.21133 ms (enqueue 0.00234375 ms)
[06/07/2026-16:13:11] [I] Average on 10 runs - GPU latency: 1.21187 ms - Host latency: 1.21187 ms (enqueue 0.00249023 ms)
[06/07/2026-16:13:11] [I] Average on 10 runs - GPU latency: 1.21152 ms - Host latency: 1.21152 ms (enqueue 0.00239258 ms)
[06/07/2026-16:13:11] [I] Average on 10 runs - GPU latency: 1.21152 ms - Host latency: 1.21152 ms (enqueue 0.00244141 ms)
[06/07/2026-16:13:11] [I] Average on 10 runs - GPU latency: 1.21255 ms - Host latency: 1.21255 ms (enqueue 0.00219727 ms)
[06/07/2026-16:13:11] [I] Average on 10 runs - GPU latency: 1.21143 ms - Host latency: 1.21143 ms (enqueue 0.00234375 ms)
[06/07/2026-16:13:11] [I] Average on 10 runs - GPU latency: 1.21108 ms - Host latency: 1.21108 ms (enqueue 0.00229492 ms)
[06/07/2026-16:13:11] [I] Average on 10 runs - GPU latency: 1.21147 ms - Host latency: 1.21147 ms (enqueue 0.00244141 ms)
[06/07/2026-16:13:11] [I] Average on 10 runs - GPU latency: 1.21196 ms - Host latency: 1.21196 ms (enqueue 0.00239258 ms)
[06/07/2026-16:13:11] [I] Average on 10 runs - GPU latency: 1.21138 ms - Host latency: 1.21138 ms (enqueue 0.00219727 ms)
[06/07/2026-16:13:11] [I] Average on 10 runs - GPU latency: 1.21143 ms - Host latency: 1.21143 ms (enqueue 0.00244141 ms)
[06/07/2026-16:13:11] [I] Average on 10 runs - GPU latency: 1.21177 ms - Host latency: 1.21177 ms (enqueue 0.00239258 ms)
[06/07/2026-16:13:11] [I] Average on 10 runs - GPU latency: 1.21133 ms - Host latency: 1.21133 ms (enqueue 0.00219727 ms)
[06/07/2026-16:13:11] [I] Average on 10 runs - GPU latency: 1.2124 ms - Host latency: 1.2124 ms (enqueue 0.00234375 ms)
[06/07/2026-16:13:11] [I] Average on 10 runs - GPU latency: 1.21211 ms - Host latency: 1.21211 ms (enqueue 0.00229492 ms)
[06/07/2026-16:13:11] [I] Average on 10 runs - GPU latency: 1.21182 ms - Host latency: 1.21182 ms (enqueue 0.00224609 ms)
[06/07/2026-16:13:11] [I] Average on 10 runs - GPU latency: 1.21235 ms - Host latency: 1.21235 ms (enqueue 0.00239258 ms)
[06/07/2026-16:13:11] [I] Average on 10 runs - GPU latency: 1.21094 ms - Host latency: 1.21094 ms (enqueue 0.00244141 ms)
[06/07/2026-16:13:11] [I] Average on 10 runs - GPU latency: 1.21113 ms - Host latency: 1.21113 ms (enqueue 0.00244141 ms)
[06/07/2026-16:13:11] [I] Average on 10 runs - GPU latency: 1.21211 ms - Host latency: 1.21211 ms (enqueue 0.00239258 ms)
[06/07/2026-16:13:11] [I] Average on 10 runs - GPU latency: 1.21235 ms - Host latency: 1.21235 ms (enqueue 0.00244141 ms)
[06/07/2026-16:13:11] [I] Average on 10 runs - GPU latency: 1.21255 ms - Host latency: 1.21255 ms (enqueue 0.00239258 ms)
[06/07/2026-16:13:11] [I] Average on 10 runs - GPU latency: 1.21157 ms - Host latency: 1.21157 ms (enqueue 0.00229492 ms)
[06/07/2026-16:13:11] [I] Average on 10 runs - GPU latency: 1.21191 ms - Host latency: 1.21191 ms (enqueue 0.00239258 ms)
[06/07/2026-16:13:11] [I] Average on 10 runs - GPU latency: 1.21211 ms - Host latency: 1.21211 ms (enqueue 0.00234375 ms)
[06/07/2026-16:13:11] [I] Average on 10 runs - GPU latency: 1.21265 ms - Host latency: 1.21265 ms (enqueue 0.00229492 ms)
[06/07/2026-16:13:11] [I] Average on 10 runs - GPU latency: 1.21162 ms - Host latency: 1.21162 ms (enqueue 0.00249023 ms)
[06/07/2026-16:13:11] [I] Average on 10 runs - GPU latency: 1.21167 ms - Host latency: 1.21167 ms (enqueue 0.00239258 ms)
[06/07/2026-16:13:11] [I] Average on 10 runs - GPU latency: 1.21255 ms - Host latency: 1.21255 ms (enqueue 0.00229492 ms)
[06/07/2026-16:13:11] [I] Average on 10 runs - GPU latency: 1.21162 ms - Host latency: 1.21162 ms (enqueue 0.00253906 ms)
[06/07/2026-16:13:11] [I] Average on 10 runs - GPU latency: 1.2123 ms - Host latency: 1.2123 ms (enqueue 0.00239258 ms)
[06/07/2026-16:13:11] [I] Average on 10 runs - GPU latency: 1.21235 ms - Host latency: 1.21235 ms (enqueue 0.00253906 ms)
[06/07/2026-16:13:11] [I] Average on 10 runs - GPU latency: 1.21172 ms - Host latency: 1.21172 ms (enqueue 0.00249023 ms)
[06/07/2026-16:13:11] [I] Average on 10 runs - GPU latency: 1.21133 ms - Host latency: 1.21133 ms (enqueue 0.00234375 ms)
[06/07/2026-16:13:11] [I] Average on 10 runs - GPU latency: 1.21084 ms - Host latency: 1.21084 ms (enqueue 0.00229492 ms)
[06/07/2026-16:13:11] [I] Average on 10 runs - GPU latency: 1.21123 ms - Host latency: 1.21123 ms (enqueue 0.00239258 ms)
[06/07/2026-16:13:11] [I] Average on 10 runs - GPU latency: 1.21167 ms - Host latency: 1.21167 ms (enqueue 0.00239258 ms)
[06/07/2026-16:13:11] [I] Average on 10 runs - GPU latency: 1.21157 ms - Host latency: 1.21157 ms (enqueue 0.00239258 ms)
[06/07/2026-16:13:11] [I] Average on 10 runs - GPU latency: 1.21143 ms - Host latency: 1.21143 ms (enqueue 0.00229492 ms)
[06/07/2026-16:13:11] [I] Average on 10 runs - GPU latency: 1.21265 ms - Host latency: 1.21265 ms (enqueue 0.00253906 ms)
[06/07/2026-16:13:11] [I] Average on 10 runs - GPU latency: 1.21245 ms - Host latency: 1.21245 ms (enqueue 0.00229492 ms)
[06/07/2026-16:13:11] [I] Average on 10 runs - GPU latency: 1.21133 ms - Host latency: 1.21133 ms (enqueue 0.00229492 ms)
[06/07/2026-16:13:11] [I] Average on 10 runs - GPU latency: 1.21133 ms - Host latency: 1.21133 ms (enqueue 0.00239258 ms)
[06/07/2026-16:13:11] [I] Average on 10 runs - GPU latency: 1.21104 ms - Host latency: 1.21104 ms (enqueue 0.00268555 ms)
[06/07/2026-16:13:11] [I] Average on 10 runs - GPU latency: 1.21211 ms - Host latency: 1.21211 ms (enqueue 0.00239258 ms)
[06/07/2026-16:13:11] [I] Average on 10 runs - GPU latency: 1.21235 ms - Host latency: 1.21235 ms (enqueue 0.00244141 ms)
[06/07/2026-16:13:11] [I] Average on 10 runs - GPU latency: 1.21211 ms - Host latency: 1.21211 ms (enqueue 0.00229492 ms)
[06/07/2026-16:13:11] [I] Average on 10 runs - GPU latency: 1.21182 ms - Host latency: 1.21182 ms (enqueue 0.00239258 ms)
[06/07/2026-16:13:11] [I] Average on 10 runs - GPU latency: 1.21143 ms - Host latency: 1.21143 ms (enqueue 0.00244141 ms)
[06/07/2026-16:13:11] [I] Average on 10 runs - GPU latency: 1.21196 ms - Host latency: 1.21196 ms (enqueue 0.00239258 ms)
[06/07/2026-16:13:11] [I] Average on 10 runs - GPU latency: 1.21245 ms - Host latency: 1.21245 ms (enqueue 0.00229492 ms)
[06/07/2026-16:13:11] [I] Average on 10 runs - GPU latency: 1.21187 ms - Host latency: 1.21187 ms (enqueue 0.00229492 ms)
[06/07/2026-16:13:11] [I] Average on 10 runs - GPU latency: 1.21157 ms - Host latency: 1.21157 ms (enqueue 0.00244141 ms)
[06/07/2026-16:13:11] [I] Average on 10 runs - GPU latency: 1.21182 ms - Host latency: 1.21182 ms (enqueue 0.00244141 ms)
[06/07/2026-16:13:11] [I] Average on 10 runs - GPU latency: 1.21133 ms - Host latency: 1.21133 ms (enqueue 0.00239258 ms)
[06/07/2026-16:13:11] [I] Average on 10 runs - GPU latency: 1.2123 ms - Host latency: 1.2123 ms (enqueue 0.00253906 ms)
[06/07/2026-16:13:11] [I] Average on 10 runs - GPU latency: 1.21196 ms - Host latency: 1.21196 ms (enqueue 0.00244141 ms)
[06/07/2026-16:13:11] [I] Average on 10 runs - GPU latency: 1.21187 ms - Host latency: 1.21187 ms (enqueue 0.00239258 ms)
[06/07/2026-16:13:11] [I] Average on 10 runs - GPU latency: 1.21094 ms - Host latency: 1.21094 ms (enqueue 0.00239258 ms)
[06/07/2026-16:13:11] [I] Average on 10 runs - GPU latency: 1.21187 ms - Host latency: 1.21187 ms (enqueue 0.00229492 ms)
[06/07/2026-16:13:11] [I] Average on 10 runs - GPU latency: 1.21206 ms - Host latency: 1.21206 ms (enqueue 0.00234375 ms)
[06/07/2026-16:13:11] [I] Average on 10 runs - GPU latency: 1.21211 ms - Host latency: 1.21211 ms (enqueue 0.00239258 ms)
[06/07/2026-16:13:11] [I] Average on 10 runs - GPU latency: 1.21133 ms - Host latency: 1.21133 ms (enqueue 0.00239258 ms)
[06/07/2026-16:13:11] [I] Average on 10 runs - GPU latency: 1.21074 ms - Host latency: 1.21074 ms (enqueue 0.00253906 ms)
[06/07/2026-16:13:11] [I] Average on 10 runs - GPU latency: 1.21172 ms - Host latency: 1.21172 ms (enqueue 0.00234375 ms)
[06/07/2026-16:13:11] [I] Average on 10 runs - GPU latency: 1.21167 ms - Host latency: 1.21167 ms (enqueue 0.00239258 ms)
[06/07/2026-16:13:11] [I] Average on 10 runs - GPU latency: 1.21187 ms - Host latency: 1.21187 ms (enqueue 0.00249023 ms)
[06/07/2026-16:13:11] [I] Average on 10 runs - GPU latency: 1.21143 ms - Host latency: 1.21143 ms (enqueue 0.00224609 ms)
[06/07/2026-16:13:11] [I] Average on 10 runs - GPU latency: 1.21147 ms - Host latency: 1.21147 ms (enqueue 0.00239258 ms)
[06/07/2026-16:13:11] [I] Average on 10 runs - GPU latency: 1.21138 ms - Host latency: 1.21138 ms (enqueue 0.00234375 ms)
[06/07/2026-16:13:11] [I] Average on 10 runs - GPU latency: 1.21216 ms - Host latency: 1.21216 ms (enqueue 0.00249023 ms)
[06/07/2026-16:13:11] [I] Average on 10 runs - GPU latency: 1.21187 ms - Host latency: 1.21187 ms (enqueue 0.00249023 ms)
[06/07/2026-16:13:11] [I] Average on 10 runs - GPU latency: 1.21177 ms - Host latency: 1.21177 ms (enqueue 0.00234375 ms)
[06/07/2026-16:13:11] [I] Average on 10 runs - GPU latency: 1.21138 ms - Host latency: 1.21138 ms (enqueue 0.00239258 ms)
[06/07/2026-16:13:11] [I] Average on 10 runs - GPU latency: 1.21157 ms - Host latency: 1.21157 ms (enqueue 0.00244141 ms)
[06/07/2026-16:13:11] [I] Average on 10 runs - GPU latency: 1.21152 ms - Host latency: 1.21152 ms (enqueue 0.00214844 ms)
[06/07/2026-16:13:11] [I] Average on 10 runs - GPU latency: 1.21182 ms - Host latency: 1.21182 ms (enqueue 0.00244141 ms)
[06/07/2026-16:13:11] [I] Average on 10 runs - GPU latency: 1.2125 ms - Host latency: 1.2125 ms (enqueue 0.00229492 ms)
[06/07/2026-16:13:11] [I] Average on 10 runs - GPU latency: 1.21216 ms - Host latency: 1.21216 ms (enqueue 0.00229492 ms)
[06/07/2026-16:13:11] [I] Average on 10 runs - GPU latency: 1.21162 ms - Host latency: 1.21162 ms (enqueue 0.00224609 ms)
[06/07/2026-16:13:11] [I] Average on 10 runs - GPU latency: 1.21162 ms - Host latency: 1.21162 ms (enqueue 0.00234375 ms)
[06/07/2026-16:13:11] [I] Average on 10 runs - GPU latency: 1.21167 ms - Host latency: 1.21167 ms (enqueue 0.00224609 ms)
[06/07/2026-16:13:11] [I] Average on 10 runs - GPU latency: 1.21177 ms - Host latency: 1.21177 ms (enqueue 0.00239258 ms)
[06/07/2026-16:13:11] [I] Average on 10 runs - GPU latency: 1.21138 ms - Host latency: 1.21138 ms (enqueue 0.00224609 ms)
[06/07/2026-16:13:11] [I] Average on 10 runs - GPU latency: 1.21211 ms - Host latency: 1.21211 ms (enqueue 0.00249023 ms)
[06/07/2026-16:13:11] [I] Average on 10 runs - GPU latency: 1.21182 ms - Host latency: 1.21182 ms (enqueue 0.00234375 ms)
[06/07/2026-16:13:11] [I] Average on 10 runs - GPU latency: 1.21104 ms - Host latency: 1.21104 ms (enqueue 0.00229492 ms)
[06/07/2026-16:13:11] [I] Average on 10 runs - GPU latency: 1.21147 ms - Host latency: 1.21147 ms (enqueue 0.00244141 ms)
[06/07/2026-16:13:11] [I] Average on 10 runs - GPU latency: 1.21143 ms - Host latency: 1.21143 ms (enqueue 0.00209961 ms)
[06/07/2026-16:13:11] [I] Average on 10 runs - GPU latency: 1.21172 ms - Host latency: 1.21172 ms (enqueue 0.00234375 ms)
[06/07/2026-16:13:11] [I] Average on 10 runs - GPU latency: 1.21172 ms - Host latency: 1.21172 ms (enqueue 0.00258789 ms)
[06/07/2026-16:13:11] [I] Average on 10 runs - GPU latency: 1.21108 ms - Host latency: 1.21108 ms (enqueue 0.00239258 ms)
[06/07/2026-16:13:11] [I] Average on 10 runs - GPU latency: 1.21196 ms - Host latency: 1.21196 ms (enqueue 0.00234375 ms)
[06/07/2026-16:13:11] [I] Average on 10 runs - GPU latency: 1.21182 ms - Host latency: 1.21182 ms (enqueue 0.00214844 ms)
[06/07/2026-16:13:11] [I] Average on 10 runs - GPU latency: 1.21182 ms - Host latency: 1.21182 ms (enqueue 0.00249023 ms)
[06/07/2026-16:13:11] [I] Average on 10 runs - GPU latency: 1.21172 ms - Host latency: 1.21172 ms (enqueue 0.00214844 ms)
[06/07/2026-16:13:11] [I] Average on 10 runs - GPU latency: 1.21138 ms - Host latency: 1.21138 ms (enqueue 0.00229492 ms)
[06/07/2026-16:13:11] [I] Average on 10 runs - GPU latency: 1.21172 ms - Host latency: 1.21172 ms (enqueue 0.00234375 ms)
[06/07/2026-16:13:11] [I] Average on 10 runs - GPU latency: 1.21152 ms - Host latency: 1.21152 ms (enqueue 0.00249023 ms)
[06/07/2026-16:13:11] [I] Average on 10 runs - GPU latency: 1.21162 ms - Host latency: 1.21162 ms (enqueue 0.00219727 ms)
[06/07/2026-16:13:11] [I] Average on 10 runs - GPU latency: 1.21138 ms - Host latency: 1.21138 ms (enqueue 0.00234375 ms)
[06/07/2026-16:13:11] [I] Average on 10 runs - GPU latency: 1.21235 ms - Host latency: 1.21235 ms (enqueue 0.00229492 ms)
[06/07/2026-16:13:11] [I] Average on 10 runs - GPU latency: 1.21182 ms - Host latency: 1.21182 ms (enqueue 0.00249023 ms)
[06/07/2026-16:13:11] [I] Average on 10 runs - GPU latency: 1.21235 ms - Host latency: 1.21235 ms (enqueue 0.00234375 ms)
[06/07/2026-16:13:11] [I] Average on 10 runs - GPU latency: 1.21216 ms - Host latency: 1.21216 ms (enqueue 0.00209961 ms)
[06/07/2026-16:13:11] [I] Average on 10 runs - GPU latency: 1.21191 ms - Host latency: 1.21191 ms (enqueue 0.00234375 ms)
[06/07/2026-16:13:11] [I] Average on 10 runs - GPU latency: 1.2125 ms - Host latency: 1.2125 ms (enqueue 0.00234375 ms)
[06/07/2026-16:13:11] [I] Average on 10 runs - GPU latency: 1.21138 ms - Host latency: 1.21138 ms (enqueue 0.00229492 ms)
[06/07/2026-16:13:11] [I] Average on 10 runs - GPU latency: 1.21172 ms - Host latency: 1.21172 ms (enqueue 0.00239258 ms)
[06/07/2026-16:13:11] [I] Average on 10 runs - GPU latency: 1.21123 ms - Host latency: 1.21123 ms (enqueue 0.00244141 ms)
[06/07/2026-16:13:11] [I] Average on 10 runs - GPU latency: 1.21152 ms - Host latency: 1.21152 ms (enqueue 0.00258789 ms)
[06/07/2026-16:13:11] [I] Average on 10 runs - GPU latency: 1.21157 ms - Host latency: 1.21157 ms (enqueue 0.00244141 ms)
[06/07/2026-16:13:11] [I] Average on 10 runs - GPU latency: 1.21211 ms - Host latency: 1.21211 ms (enqueue 0.00244141 ms)
[06/07/2026-16:13:11] [I] Average on 10 runs - GPU latency: 1.21201 ms - Host latency: 1.21201 ms (enqueue 0.00229492 ms)
[06/07/2026-16:13:11] [I] Average on 10 runs - GPU latency: 1.21177 ms - Host latency: 1.21177 ms (enqueue 0.00214844 ms)
[06/07/2026-16:13:11] [I] Average on 10 runs - GPU latency: 1.21074 ms - Host latency: 1.21074 ms (enqueue 0.00244141 ms)
[06/07/2026-16:13:11] [I] Average on 10 runs - GPU latency: 1.21162 ms - Host latency: 1.21162 ms (enqueue 0.00244141 ms)
[06/07/2026-16:13:11] [I] Average on 10 runs - GPU latency: 1.21201 ms - Host latency: 1.21201 ms (enqueue 0.00229492 ms)
[06/07/2026-16:13:11] [I] Average on 10 runs - GPU latency: 1.21152 ms - Host latency: 1.21152 ms (enqueue 0.00224609 ms)
[06/07/2026-16:13:11] [I] Average on 10 runs - GPU latency: 1.21147 ms - Host latency: 1.21147 ms (enqueue 0.00229492 ms)
[06/07/2026-16:13:11] [I] Average on 10 runs - GPU latency: 1.21157 ms - Host latency: 1.21157 ms (enqueue 0.00249023 ms)
[06/07/2026-16:13:11] [I] Average on 10 runs - GPU latency: 1.21167 ms - Host latency: 1.21167 ms (enqueue 0.00244141 ms)
[06/07/2026-16:13:11] [I] Average on 10 runs - GPU latency: 1.21201 ms - Host latency: 1.21201 ms (enqueue 0.00234375 ms)
[06/07/2026-16:13:11] [I] Average on 10 runs - GPU latency: 1.21147 ms - Host latency: 1.21147 ms (enqueue 0.00214844 ms)
[06/07/2026-16:13:11] [I] Average on 10 runs - GPU latency: 1.21133 ms - Host latency: 1.21133 ms (enqueue 0.00239258 ms)
[06/07/2026-16:13:11] [I] Average on 10 runs - GPU latency: 1.21133 ms - Host latency: 1.21133 ms (enqueue 0.00244141 ms)
[06/07/2026-16:13:11] [I] Average on 10 runs - GPU latency: 1.21162 ms - Host latency: 1.21162 ms (enqueue 0.00224609 ms)
[06/07/2026-16:13:11] [I] Average on 10 runs - GPU latency: 1.21147 ms - Host latency: 1.21147 ms (enqueue 0.00224609 ms)
[06/07/2026-16:13:11] [I] Average on 10 runs - GPU latency: 1.21167 ms - Host latency: 1.21167 ms (enqueue 0.00229492 ms)
[06/07/2026-16:13:11] [I] Average on 10 runs - GPU latency: 1.21201 ms - Host latency: 1.21201 ms (enqueue 0.00234375 ms)
[06/07/2026-16:13:11] [I] Average on 10 runs - GPU latency: 1.21206 ms - Host latency: 1.21206 ms (enqueue 0.00234375 ms)
[06/07/2026-16:13:11] [I] Average on 10 runs - GPU latency: 1.21191 ms - Host latency: 1.21191 ms (enqueue 0.00249023 ms)
[06/07/2026-16:13:11] [I] Average on 10 runs - GPU latency: 1.21172 ms - Host latency: 1.21172 ms (enqueue 0.00239258 ms)
[06/07/2026-16:13:11] [I] Average on 10 runs - GPU latency: 1.21167 ms - Host latency: 1.21167 ms (enqueue 0.00249023 ms)
[06/07/2026-16:13:11] [I] Average on 10 runs - GPU latency: 1.21064 ms - Host latency: 1.21064 ms (enqueue 0.00234375 ms)
[06/07/2026-16:13:11] [I] Average on 10 runs - GPU latency: 1.21133 ms - Host latency: 1.21133 ms (enqueue 0.00234375 ms)
[06/07/2026-16:13:11] [I] Average on 10 runs - GPU latency: 1.21216 ms - Host latency: 1.21216 ms (enqueue 0.00214844 ms)
[06/07/2026-16:13:11] [I] Average on 10 runs - GPU latency: 1.21191 ms - Host latency: 1.21191 ms (enqueue 0.00244141 ms)
[06/07/2026-16:13:11] [I] Average on 10 runs - GPU latency: 1.21138 ms - Host latency: 1.21138 ms (enqueue 0.00239258 ms)
[06/07/2026-16:13:11] [I] Average on 10 runs - GPU latency: 1.21172 ms - Host latency: 1.21172 ms (enqueue 0.00249023 ms)
[06/07/2026-16:13:11] [I] Average on 10 runs - GPU latency: 1.21167 ms - Host latency: 1.21167 ms (enqueue 0.00229492 ms)
[06/07/2026-16:13:11] [I] Average on 10 runs - GPU latency: 1.21206 ms - Host latency: 1.21206 ms (enqueue 0.00244141 ms)
[06/07/2026-16:13:11] [I] Average on 10 runs - GPU latency: 1.21255 ms - Host latency: 1.21255 ms (enqueue 0.00239258 ms)
[06/07/2026-16:13:11] [I] Average on 10 runs - GPU latency: 1.21104 ms - Host latency: 1.21104 ms (enqueue 0.00229492 ms)
[06/07/2026-16:13:11] [I] Average on 10 runs - GPU latency: 1.21187 ms - Host latency: 1.21187 ms (enqueue 0.00249023 ms)
[06/07/2026-16:13:11] [I] Average on 10 runs - GPU latency: 1.21187 ms - Host latency: 1.21187 ms (enqueue 0.00249023 ms)
[06/07/2026-16:13:11] [I] Average on 10 runs - GPU latency: 1.21172 ms - Host latency: 1.21172 ms (enqueue 0.00229492 ms)
[06/07/2026-16:13:11] [I] Average on 10 runs - GPU latency: 1.21216 ms - Host latency: 1.21216 ms (enqueue 0.00229492 ms)
[06/07/2026-16:13:11] [I] Average on 10 runs - GPU latency: 1.21152 ms - Host latency: 1.21152 ms (enqueue 0.00239258 ms)
[06/07/2026-16:13:11] [I] Average on 10 runs - GPU latency: 1.21172 ms - Host latency: 1.21172 ms (enqueue 0.00224609 ms)
[06/07/2026-16:13:11] [I] Average on 10 runs - GPU latency: 1.21162 ms - Host latency: 1.21162 ms (enqueue 0.00234375 ms)
[06/07/2026-16:13:11] [I] Average on 10 runs - GPU latency: 1.21162 ms - Host latency: 1.21162 ms (enqueue 0.00219727 ms)
[06/07/2026-16:13:11] [I] Average on 10 runs - GPU latency: 1.21245 ms - Host latency: 1.21245 ms (enqueue 0.00229492 ms)
[06/07/2026-16:13:11] [I] Average on 10 runs - GPU latency: 1.21147 ms - Host latency: 1.21147 ms (enqueue 0.00239258 ms)
[06/07/2026-16:13:11] [I] Average on 10 runs - GPU latency: 1.21221 ms - Host latency: 1.21221 ms (enqueue 0.00244141 ms)
[06/07/2026-16:13:11] [I] Average on 10 runs - GPU latency: 1.21118 ms - Host latency: 1.21118 ms (enqueue 0.00244141 ms)
[06/07/2026-16:13:11] [I] Average on 10 runs - GPU latency: 1.21167 ms - Host latency: 1.21167 ms (enqueue 0.00234375 ms)
[06/07/2026-16:13:11] [I] Average on 10 runs - GPU latency: 1.21094 ms - Host latency: 1.21094 ms (enqueue 0.00229492 ms)
[06/07/2026-16:13:11] [I] Average on 10 runs - GPU latency: 1.21187 ms - Host latency: 1.21187 ms (enqueue 0.00234375 ms)
[06/07/2026-16:13:11] [I] Average on 10 runs - GPU latency: 1.21113 ms - Host latency: 1.21113 ms (enqueue 0.00229492 ms)
[06/07/2026-16:13:11] [I] Average on 10 runs - GPU latency: 1.21113 ms - Host latency: 1.21113 ms (enqueue 0.00234375 ms)
[06/07/2026-16:13:11] [I] Average on 10 runs - GPU latency: 1.21157 ms - Host latency: 1.21157 ms (enqueue 0.00244141 ms)
[06/07/2026-16:13:11] [I] Average on 10 runs - GPU latency: 1.21201 ms - Host latency: 1.21201 ms (enqueue 0.00239258 ms)
[06/07/2026-16:13:11] [I] Average on 10 runs - GPU latency: 1.21196 ms - Host latency: 1.21196 ms (enqueue 0.00244141 ms)
[06/07/2026-16:13:11] [I] Average on 10 runs - GPU latency: 1.21157 ms - Host latency: 1.21157 ms (enqueue 0.00229492 ms)
[06/07/2026-16:13:11] [I] Average on 10 runs - GPU latency: 1.21143 ms - Host latency: 1.21143 ms (enqueue 0.00239258 ms)
[06/07/2026-16:13:11] [I] Average on 10 runs - GPU latency: 1.21162 ms - Host latency: 1.21162 ms (enqueue 0.00244141 ms)
[06/07/2026-16:13:11] [I] Average on 10 runs - GPU latency: 1.21191 ms - Host latency: 1.21191 ms (enqueue 0.00234375 ms)
[06/07/2026-16:13:11] [I] Average on 10 runs - GPU latency: 1.21226 ms - Host latency: 1.21226 ms (enqueue 0.00253906 ms)
[06/07/2026-16:13:11] [I] Average on 10 runs - GPU latency: 1.21147 ms - Host latency: 1.21147 ms (enqueue 0.00229492 ms)
[06/07/2026-16:13:11] [I] Average on 10 runs - GPU latency: 1.21152 ms - Host latency: 1.21152 ms (enqueue 0.00229492 ms)
[06/07/2026-16:13:11] [I] Average on 10 runs - GPU latency: 1.21152 ms - Host latency: 1.21152 ms (enqueue 0.00244141 ms)
[06/07/2026-16:13:11] [I] Average on 10 runs - GPU latency: 1.21133 ms - Host latency: 1.21133 ms (enqueue 0.00224609 ms)
[06/07/2026-16:13:11] [I] Average on 10 runs - GPU latency: 1.21128 ms - Host latency: 1.21128 ms (enqueue 0.00229492 ms)
[06/07/2026-16:13:11] [I] Average on 10 runs - GPU latency: 1.21211 ms - Host latency: 1.21211 ms (enqueue 0.00249023 ms)
[06/07/2026-16:13:11] [I] Average on 10 runs - GPU latency: 1.21162 ms - Host latency: 1.21162 ms (enqueue 0.00244141 ms)
[06/07/2026-16:13:11] [I] Average on 10 runs - GPU latency: 1.21226 ms - Host latency: 1.21226 ms (enqueue 0.00239258 ms)
[06/07/2026-16:13:11] [I] Average on 10 runs - GPU latency: 1.21167 ms - Host latency: 1.21167 ms (enqueue 0.00234375 ms)
[06/07/2026-16:13:11] [I] Average on 10 runs - GPU latency: 1.21206 ms - Host latency: 1.21206 ms (enqueue 0.00253906 ms)
[06/07/2026-16:13:11] [I] Average on 10 runs - GPU latency: 1.21133 ms - Host latency: 1.21133 ms (enqueue 0.00239258 ms)
[06/07/2026-16:13:11] [I] Average on 10 runs - GPU latency: 1.21167 ms - Host latency: 1.21167 ms (enqueue 0.00239258 ms)
[06/07/2026-16:13:11] [I] Average on 10 runs - GPU latency: 1.21108 ms - Host latency: 1.21108 ms (enqueue 0.00244141 ms)
[06/07/2026-16:13:11] [I] Average on 10 runs - GPU latency: 1.21182 ms - Host latency: 1.21182 ms (enqueue 0.00219727 ms)
[06/07/2026-16:13:11] [I] Average on 10 runs - GPU latency: 1.21157 ms - Host latency: 1.21157 ms (enqueue 0.00244141 ms)
[06/07/2026-16:13:11] [I] Average on 10 runs - GPU latency: 1.21162 ms - Host latency: 1.21162 ms (enqueue 0.00219727 ms)
[06/07/2026-16:13:11] [I] Average on 10 runs - GPU latency: 1.21191 ms - Host latency: 1.21191 ms (enqueue 0.00244141 ms)
[06/07/2026-16:13:11] [I] Average on 10 runs - GPU latency: 1.21177 ms - Host latency: 1.21177 ms (enqueue 0.00229492 ms)
[06/07/2026-16:13:11] [I] Average on 10 runs - GPU latency: 1.21172 ms - Host latency: 1.21172 ms (enqueue 0.00239258 ms)
[06/07/2026-16:13:11] [I] Average on 10 runs - GPU latency: 1.21118 ms - Host latency: 1.21118 ms (enqueue 0.00249023 ms)
[06/07/2026-16:13:11] [I] Average on 10 runs - GPU latency: 1.21157 ms - Host latency: 1.21157 ms (enqueue 0.00239258 ms)
[06/07/2026-16:13:11] [I] Average on 10 runs - GPU latency: 1.21211 ms - Host latency: 1.21211 ms (enqueue 0.00234375 ms)
[06/07/2026-16:13:11] [I] Average on 10 runs - GPU latency: 1.21089 ms - Host latency: 1.21089 ms (enqueue 0.00229492 ms)
[06/07/2026-16:13:11] [I] Average on 10 runs - GPU latency: 1.21182 ms - Host latency: 1.21182 ms (enqueue 0.00239258 ms)
[06/07/2026-16:13:11] [I] Average on 10 runs - GPU latency: 1.21152 ms - Host latency: 1.21152 ms (enqueue 0.00229492 ms)
[06/07/2026-16:13:11] [I] Average on 10 runs - GPU latency: 1.21221 ms - Host latency: 1.21221 ms (enqueue 0.00219727 ms)
[06/07/2026-16:13:11] [I] Average on 10 runs - GPU latency: 1.21265 ms - Host latency: 1.21265 ms (enqueue 0.00234375 ms)
[06/07/2026-16:13:11] [I] Average on 10 runs - GPU latency: 1.21157 ms - Host latency: 1.21157 ms (enqueue 0.00234375 ms)
[06/07/2026-16:13:11] [I] 
[06/07/2026-16:13:11] [I] === Performance summary ===
[06/07/2026-16:13:11] [I] Throughput: 824.251 qps
[06/07/2026-16:13:11] [I] Latency: min = 1.20703 ms, max = 1.21582 ms, mean = 1.21173 ms, median = 1.21143 ms, percentile(99%) = 1.21448 ms
[06/07/2026-16:13:11] [I] Enqueue Time: min = 0.00195312 ms, max = 0.00537109 ms, mean = 0.00237108 ms, median = 0.00244141 ms, percentile(99%) = 0.00292969 ms
[06/07/2026-16:13:11] [I] H2D Latency: min = 0 ms, max = 0 ms, mean = 0 ms, median = 0 ms, percentile(99%) = 0 ms
[06/07/2026-16:13:11] [I] GPU Compute Time: min = 1.20703 ms, max = 1.21582 ms, mean = 1.21173 ms, median = 1.21143 ms, percentile(99%) = 1.21448 ms
[06/07/2026-16:13:11] [I] D2H Latency: min = 0 ms, max = 0 ms, mean = 0 ms, median = 0 ms, percentile(99%) = 0 ms
[06/07/2026-16:13:11] [I] Total Host Walltime: 6.00181 s
[06/07/2026-16:13:11] [I] Total GPU Compute Time: 5.99445 s
[06/07/2026-16:13:11] [I] Explanations of the performance metrics are printed in the verbose logs.
[06/07/2026-16:13:11] [I] 
&&&& PASSED TensorRT.trtexec [TensorRT v101401] [b48] # trtexec --loadEngine=/work/trt_bench_streams/engines/yolo26s_b8.engine --streams=1 --useCudaGraph --useSpinWait --noDataTransfers --warmUp=2000 --duration=6 --percentile=99
