&&&& RUNNING TensorRT.trtexec [TensorRT v101401] [b48] # trtexec --loadEngine=/work/trt_bench_streams/engines/yolo26s_b32.engine --streams=2 --useCudaGraph --useSpinWait --noDataTransfers --warmUp=2000 --duration=6 --percentile=99
[06/07/2026-16:20:23] [I] TF32 is enabled by default. Add --noTF32 flag to further improve accuracy with some performance cost.
[06/07/2026-16:20:23] [W] --streams flag has been deprecated, use --infStreams flag instead.
[06/07/2026-16:20:23] [I] === Model Options ===
[06/07/2026-16:20:23] [I] Format: *
[06/07/2026-16:20:23] [I] Model: 
[06/07/2026-16:20:23] [I] Output:
[06/07/2026-16:20:23] [I] 
[06/07/2026-16:20:23] [I] === System Options ===
[06/07/2026-16:20:23] [I] Device: 0
[06/07/2026-16:20:23] [I] DLACore: 
[06/07/2026-16:20:23] [I] Plugins:
[06/07/2026-16:20:23] [I] setPluginsToSerialize:
[06/07/2026-16:20:23] [I] dynamicPlugins:
[06/07/2026-16:20:23] [I] ignoreParsedPluginLibs: 0
[06/07/2026-16:20:23] [I] 
[06/07/2026-16:20:23] [I] === Inference Options ===
[06/07/2026-16:20:23] [I] Batch: Explicit
[06/07/2026-16:20:23] [I] Input inference shapes: model
[06/07/2026-16:20:23] [I] Iterations: 10
[06/07/2026-16:20:23] [I] Duration: 6s (+ 2000ms warm up)
[06/07/2026-16:20:23] [I] Sleep time: 0ms
[06/07/2026-16:20:23] [I] Idle time: 0ms
[06/07/2026-16:20:23] [I] Inference Streams: 2
[06/07/2026-16:20:23] [I] ExposeDMA: Disabled
[06/07/2026-16:20:23] [I] Data transfers: Disabled
[06/07/2026-16:20:23] [I] Spin-wait: Enabled
[06/07/2026-16:20:23] [I] Multithreading: Disabled
[06/07/2026-16:20:23] [I] CUDA Graph: Enabled
[06/07/2026-16:20:23] [I] Separate profiling: Disabled
[06/07/2026-16:20:23] [I] Time Deserialize: Disabled
[06/07/2026-16:20:23] [I] Time Refit: Disabled
[06/07/2026-16:20:23] [I] NVTX verbosity: 0
[06/07/2026-16:20:23] [I] Persistent Cache Ratio: 0
[06/07/2026-16:20:23] [I] Optimization Profile Index: 0
[06/07/2026-16:20:23] [I] Weight Streaming Budget: 100.000000%
[06/07/2026-16:20:23] [I] Inputs:
[06/07/2026-16:20:23] [I] Debug Tensor Save Destinations:
[06/07/2026-16:20:23] [I] Dump All Debug Tensor in Formats: 
[06/07/2026-16:20:23] [I] === Reporting Options ===
[06/07/2026-16:20:23] [I] Verbose: Disabled
[06/07/2026-16:20:23] [I] Averages: 10 inferences
[06/07/2026-16:20:23] [I] Percentiles: 99
[06/07/2026-16:20:23] [I] Dump refittable layers:Disabled
[06/07/2026-16:20:23] [I] Dump output: Disabled
[06/07/2026-16:20:23] [I] Profile: Disabled
[06/07/2026-16:20:23] [I] Export timing to JSON file: 
[06/07/2026-16:20:23] [I] Export output to JSON file: 
[06/07/2026-16:20:23] [I] Export profile to JSON file: 
[06/07/2026-16:20:23] [I] 
[06/07/2026-16:20:23] [I] === Device Information ===
[06/07/2026-16:20:23] [I] Available Devices: 
[06/07/2026-16:20:23] [I]   Device 0: "NVIDIA GeForce RTX 4090" UUID: GPU-ecde2256-9c06-55af-a9e9-f5ddb7072ede
[06/07/2026-16:20:23] [I] Selected Device: NVIDIA GeForce RTX 4090
[06/07/2026-16:20:23] [I] Selected Device ID: 0
[06/07/2026-16:20:23] [I] Selected Device UUID: GPU-ecde2256-9c06-55af-a9e9-f5ddb7072ede
[06/07/2026-16:20:23] [I] Compute Capability: 8.9
[06/07/2026-16:20:23] [I] SMs: 128
[06/07/2026-16:20:23] [I] Device Global Memory: 24080 MiB
[06/07/2026-16:20:23] [I] Shared Memory per SM: 100 KiB
[06/07/2026-16:20:23] [I] Memory Bus Width: 384 bits (ECC disabled)
[06/07/2026-16:20:23] [I] Application Compute Clock Rate: 2.55 GHz
[06/07/2026-16:20:23] [I] Application Memory Clock Rate: 10.501 GHz
[06/07/2026-16:20:23] [I] 
[06/07/2026-16:20:23] [I] Note: The application clock rates do not reflect the actual clock rates that the GPU is currently running at.
[06/07/2026-16:20:23] [I] 
[06/07/2026-16:20:23] [I] TensorRT version: 10.14.1
[06/07/2026-16:20:23] [I] Loading standard plugins
[06/07/2026-16:20:23] [I] [TRT] Loaded engine size: 21 MiB
[06/07/2026-16:20:23] [I] Engine deserialized in 0.0577738 sec.
[06/07/2026-16:20:23] [I] [TRT] [MemUsageChange] TensorRT-managed allocation in IExecutionContext creation: CPU +0, GPU +272, now: CPU 0, GPU 290 (MiB)
[06/07/2026-16:20:23] [I] Setting persistentCacheLimit to 0 bytes.
[06/07/2026-16:20:23] [I] [TRT] [MemUsageChange] TensorRT-managed allocation in IExecutionContext creation: CPU +1, GPU +273, now: CPU 1, GPU 563 (MiB)
[06/07/2026-16:20:23] [I] Setting persistentCacheLimit to 0 bytes.
[06/07/2026-16:20:23] [I] Created execution context with device memory size: 272.562 MiB
[06/07/2026-16:20:23] [I] Created execution context with device memory size: 272.562 MiB
[06/07/2026-16:20:23] [I] Using random values for input images
[06/07/2026-16:20:23] [I] Input binding for images with dimensions 32x3x448x448 is created.
[06/07/2026-16:20:23] [I] Using random values for input images
[06/07/2026-16:20:24] [I] Input binding for images with dimensions 32x3x448x448 is created.
[06/07/2026-16:20:24] [I] Output binding for output0 with dimensions 32x300x6 is created.
[06/07/2026-16:20:24] [I] Output binding for output0 with dimensions 32x300x6 is created.
[06/07/2026-16:20:24] [I] Starting inference
[06/07/2026-16:20:24] [I] Capturing CUDA graph for the current execution context
[06/07/2026-16:20:24] [I] Successfully captured CUDA graph for the current execution context
[06/07/2026-16:20:24] [I] Capturing CUDA graph for the current execution context
[06/07/2026-16:20:24] [I] Successfully captured CUDA graph for the current execution context
[06/07/2026-16:20:32] [I] Warmup completed 446 queries over 2000 ms
[06/07/2026-16:20:32] [I] Timing trace has 1392 queries over 6.0101 s
[06/07/2026-16:20:32] [I] 
[06/07/2026-16:20:32] [I] === Trace details ===
[06/07/2026-16:20:32] [I] Trace averages of 10 runs:
[06/07/2026-16:20:32] [I] Average on 10 runs - GPU latency: 8.73964 ms - Host latency: 8.73964 ms (enqueue 0.00235596 ms)
[06/07/2026-16:20:32] [I] Average on 10 runs - GPU latency: 8.70254 ms - Host latency: 8.70254 ms (enqueue 0.00234375 ms)
[06/07/2026-16:20:32] [I] Average on 10 runs - GPU latency: 8.67964 ms - Host latency: 8.67964 ms (enqueue 0.00297852 ms)
[06/07/2026-16:20:32] [I] Average on 10 runs - GPU latency: 8.69504 ms - Host latency: 8.69504 ms (enqueue 0.00241699 ms)
[06/07/2026-16:20:32] [I] Average on 10 runs - GPU latency: 8.60774 ms - Host latency: 8.60774 ms (enqueue 0.00251465 ms)
[06/07/2026-16:20:32] [I] Average on 10 runs - GPU latency: 8.61709 ms - Host latency: 8.61709 ms (enqueue 0.00229492 ms)
[06/07/2026-16:20:32] [I] Average on 10 runs - GPU latency: 8.61799 ms - Host latency: 8.61799 ms (enqueue 0.00236816 ms)
[06/07/2026-16:20:32] [I] Average on 10 runs - GPU latency: 8.69253 ms - Host latency: 8.69253 ms (enqueue 0.00241699 ms)
[06/07/2026-16:20:32] [I] Average on 10 runs - GPU latency: 8.62495 ms - Host latency: 8.62495 ms (enqueue 0.00244141 ms)
[06/07/2026-16:20:32] [I] Average on 10 runs - GPU latency: 8.66604 ms - Host latency: 8.66604 ms (enqueue 0.00231934 ms)
[06/07/2026-16:20:32] [I] Average on 10 runs - GPU latency: 8.64839 ms - Host latency: 8.64839 ms (enqueue 0.00263672 ms)
[06/07/2026-16:20:32] [I] Average on 10 runs - GPU latency: 8.63916 ms - Host latency: 8.63916 ms (enqueue 0.00236816 ms)
[06/07/2026-16:20:32] [I] Average on 10 runs - GPU latency: 8.5886 ms - Host latency: 8.5886 ms (enqueue 0.00241699 ms)
[06/07/2026-16:20:32] [I] Average on 10 runs - GPU latency: 8.64321 ms - Host latency: 8.64321 ms (enqueue 0.00249023 ms)
[06/07/2026-16:20:32] [I] Average on 10 runs - GPU latency: 8.63489 ms - Host latency: 8.63489 ms (enqueue 0.00234375 ms)
[06/07/2026-16:20:32] [I] Average on 10 runs - GPU latency: 8.54285 ms - Host latency: 8.54285 ms (enqueue 0.00234375 ms)
[06/07/2026-16:20:32] [I] Average on 10 runs - GPU latency: 8.56431 ms - Host latency: 8.56431 ms (enqueue 0.00244141 ms)
[06/07/2026-16:20:32] [I] Average on 10 runs - GPU latency: 8.62148 ms - Host latency: 8.62148 ms (enqueue 0.00222168 ms)
[06/07/2026-16:20:32] [I] Average on 10 runs - GPU latency: 8.61079 ms - Host latency: 8.61079 ms (enqueue 0.00244141 ms)
[06/07/2026-16:20:32] [I] Average on 10 runs - GPU latency: 8.62678 ms - Host latency: 8.62678 ms (enqueue 0.00246582 ms)
[06/07/2026-16:20:32] [I] Average on 10 runs - GPU latency: 8.69211 ms - Host latency: 8.69211 ms (enqueue 0.00249023 ms)
[06/07/2026-16:20:32] [I] Average on 10 runs - GPU latency: 8.71272 ms - Host latency: 8.71272 ms (enqueue 0.00236816 ms)
[06/07/2026-16:20:32] [I] Average on 10 runs - GPU latency: 8.72681 ms - Host latency: 8.72681 ms (enqueue 0.00227051 ms)
[06/07/2026-16:20:32] [I] Average on 10 runs - GPU latency: 8.648 ms - Host latency: 8.648 ms (enqueue 0.00253906 ms)
[06/07/2026-16:20:32] [I] Average on 10 runs - GPU latency: 8.69319 ms - Host latency: 8.69319 ms (enqueue 0.00241699 ms)
[06/07/2026-16:20:32] [I] Average on 10 runs - GPU latency: 8.63127 ms - Host latency: 8.63127 ms (enqueue 0.00246582 ms)
[06/07/2026-16:20:32] [I] Average on 10 runs - GPU latency: 8.65415 ms - Host latency: 8.65415 ms (enqueue 0.00253906 ms)
[06/07/2026-16:20:32] [I] Average on 10 runs - GPU latency: 8.64297 ms - Host latency: 8.64297 ms (enqueue 0.00227051 ms)
[06/07/2026-16:20:32] [I] Average on 10 runs - GPU latency: 8.61741 ms - Host latency: 8.61741 ms (enqueue 0.00244141 ms)
[06/07/2026-16:20:32] [I] Average on 10 runs - GPU latency: 8.62222 ms - Host latency: 8.62222 ms (enqueue 0.00234375 ms)
[06/07/2026-16:20:32] [I] Average on 10 runs - GPU latency: 8.6344 ms - Host latency: 8.6344 ms (enqueue 0.00231934 ms)
[06/07/2026-16:20:32] [I] Average on 10 runs - GPU latency: 8.68704 ms - Host latency: 8.68704 ms (enqueue 0.00239258 ms)
[06/07/2026-16:20:32] [I] Average on 10 runs - GPU latency: 8.69861 ms - Host latency: 8.69861 ms (enqueue 0.00234375 ms)
[06/07/2026-16:20:32] [I] Average on 10 runs - GPU latency: 8.59397 ms - Host latency: 8.59397 ms (enqueue 0.00253906 ms)
[06/07/2026-16:20:32] [I] Average on 10 runs - GPU latency: 8.59519 ms - Host latency: 8.59519 ms (enqueue 0.00246582 ms)
[06/07/2026-16:20:32] [I] Average on 10 runs - GPU latency: 8.6052 ms - Host latency: 8.6052 ms (enqueue 0.00234375 ms)
[06/07/2026-16:20:32] [I] Average on 10 runs - GPU latency: 8.55396 ms - Host latency: 8.55396 ms (enqueue 0.00231934 ms)
[06/07/2026-16:20:32] [I] Average on 10 runs - GPU latency: 8.57639 ms - Host latency: 8.57639 ms (enqueue 0.00244141 ms)
[06/07/2026-16:20:32] [I] Average on 10 runs - GPU latency: 8.5937 ms - Host latency: 8.5937 ms (enqueue 0.00246582 ms)
[06/07/2026-16:20:32] [I] Average on 10 runs - GPU latency: 8.62642 ms - Host latency: 8.62642 ms (enqueue 0.00246582 ms)
[06/07/2026-16:20:32] [I] Average on 10 runs - GPU latency: 8.60962 ms - Host latency: 8.60962 ms (enqueue 0.00236816 ms)
[06/07/2026-16:20:32] [I] Average on 10 runs - GPU latency: 8.62759 ms - Host latency: 8.62759 ms (enqueue 0.00231934 ms)
[06/07/2026-16:20:32] [I] Average on 10 runs - GPU latency: 8.6344 ms - Host latency: 8.6344 ms (enqueue 0.00236816 ms)
[06/07/2026-16:20:32] [I] Average on 10 runs - GPU latency: 8.61116 ms - Host latency: 8.61116 ms (enqueue 0.00241699 ms)
[06/07/2026-16:20:32] [I] Average on 10 runs - GPU latency: 8.64382 ms - Host latency: 8.64382 ms (enqueue 0.00244141 ms)
[06/07/2026-16:20:32] [I] Average on 10 runs - GPU latency: 8.64062 ms - Host latency: 8.64062 ms (enqueue 0.00231934 ms)
[06/07/2026-16:20:32] [I] Average on 10 runs - GPU latency: 8.6752 ms - Host latency: 8.6752 ms (enqueue 0.00244141 ms)
[06/07/2026-16:20:32] [I] Average on 10 runs - GPU latency: 8.62842 ms - Host latency: 8.62842 ms (enqueue 0.00246582 ms)
[06/07/2026-16:20:32] [I] Average on 10 runs - GPU latency: 8.62637 ms - Host latency: 8.62637 ms (enqueue 0.00234375 ms)
[06/07/2026-16:20:32] [I] Average on 10 runs - GPU latency: 8.60415 ms - Host latency: 8.60415 ms (enqueue 0.00224609 ms)
[06/07/2026-16:20:32] [I] Average on 10 runs - GPU latency: 8.6583 ms - Host latency: 8.6583 ms (enqueue 0.00249023 ms)
[06/07/2026-16:20:32] [I] Average on 10 runs - GPU latency: 8.61113 ms - Host latency: 8.61113 ms (enqueue 0.00239258 ms)
[06/07/2026-16:20:32] [I] Average on 10 runs - GPU latency: 8.66226 ms - Host latency: 8.66226 ms (enqueue 0.00244141 ms)
[06/07/2026-16:20:32] [I] Average on 10 runs - GPU latency: 8.6981 ms - Host latency: 8.6981 ms (enqueue 0.00249023 ms)
[06/07/2026-16:20:32] [I] Average on 10 runs - GPU latency: 8.69546 ms - Host latency: 8.69546 ms (enqueue 0.00239258 ms)
[06/07/2026-16:20:32] [I] Average on 10 runs - GPU latency: 8.6269 ms - Host latency: 8.6269 ms (enqueue 0.00253906 ms)
[06/07/2026-16:20:32] [I] Average on 10 runs - GPU latency: 8.60884 ms - Host latency: 8.60884 ms (enqueue 0.00239258 ms)
[06/07/2026-16:20:32] [I] Average on 10 runs - GPU latency: 8.6083 ms - Host latency: 8.6083 ms (enqueue 0.00229492 ms)
[06/07/2026-16:20:32] [I] Average on 10 runs - GPU latency: 8.57554 ms - Host latency: 8.57554 ms (enqueue 0.00229492 ms)
[06/07/2026-16:20:32] [I] Average on 10 runs - GPU latency: 8.57437 ms - Host latency: 8.57437 ms (enqueue 0.00239258 ms)
[06/07/2026-16:20:32] [I] Average on 10 runs - GPU latency: 8.61816 ms - Host latency: 8.61816 ms (enqueue 0.00239258 ms)
[06/07/2026-16:20:32] [I] Average on 10 runs - GPU latency: 8.60942 ms - Host latency: 8.60942 ms (enqueue 0.00229492 ms)
[06/07/2026-16:20:32] [I] Average on 10 runs - GPU latency: 8.60073 ms - Host latency: 8.60073 ms (enqueue 0.00244141 ms)
[06/07/2026-16:20:32] [I] Average on 10 runs - GPU latency: 8.56235 ms - Host latency: 8.56235 ms (enqueue 0.00249023 ms)
[06/07/2026-16:20:32] [I] Average on 10 runs - GPU latency: 8.59565 ms - Host latency: 8.59565 ms (enqueue 0.00229492 ms)
[06/07/2026-16:20:32] [I] Average on 10 runs - GPU latency: 8.58696 ms - Host latency: 8.58696 ms (enqueue 0.00239258 ms)
[06/07/2026-16:20:32] [I] Average on 10 runs - GPU latency: 8.61841 ms - Host latency: 8.61841 ms (enqueue 0.00239258 ms)
[06/07/2026-16:20:32] [I] Average on 10 runs - GPU latency: 8.66992 ms - Host latency: 8.66992 ms (enqueue 0.00234375 ms)
[06/07/2026-16:20:32] [I] Average on 10 runs - GPU latency: 8.65381 ms - Host latency: 8.65381 ms (enqueue 0.00224609 ms)
[06/07/2026-16:20:32] [I] Average on 10 runs - GPU latency: 8.6604 ms - Host latency: 8.6604 ms (enqueue 0.00253906 ms)
[06/07/2026-16:20:32] [I] Average on 10 runs - GPU latency: 8.6377 ms - Host latency: 8.6377 ms (enqueue 0.00263672 ms)
[06/07/2026-16:20:32] [I] Average on 10 runs - GPU latency: 8.66919 ms - Host latency: 8.66919 ms (enqueue 0.00244141 ms)
[06/07/2026-16:20:32] [I] Average on 10 runs - GPU latency: 8.63833 ms - Host latency: 8.63833 ms (enqueue 0.00253906 ms)
[06/07/2026-16:20:32] [I] Average on 10 runs - GPU latency: 8.65664 ms - Host latency: 8.65664 ms (enqueue 0.00239258 ms)
[06/07/2026-16:20:32] [I] Average on 10 runs - GPU latency: 8.65532 ms - Host latency: 8.65532 ms (enqueue 0.00249023 ms)
[06/07/2026-16:20:32] [I] Average on 10 runs - GPU latency: 8.63521 ms - Host latency: 8.63521 ms (enqueue 0.00249023 ms)
[06/07/2026-16:20:32] [I] Average on 10 runs - GPU latency: 8.63369 ms - Host latency: 8.63369 ms (enqueue 0.00224609 ms)
[06/07/2026-16:20:32] [I] Average on 10 runs - GPU latency: 8.65244 ms - Host latency: 8.65244 ms (enqueue 0.00229492 ms)
[06/07/2026-16:20:32] [I] Average on 10 runs - GPU latency: 8.69941 ms - Host latency: 8.69941 ms (enqueue 0.00239258 ms)
[06/07/2026-16:20:32] [I] Average on 10 runs - GPU latency: 8.63267 ms - Host latency: 8.63267 ms (enqueue 0.00234375 ms)
[06/07/2026-16:20:32] [I] Average on 10 runs - GPU latency: 8.61416 ms - Host latency: 8.61416 ms (enqueue 0.00229492 ms)
[06/07/2026-16:20:32] [I] Average on 10 runs - GPU latency: 8.61226 ms - Host latency: 8.61226 ms (enqueue 0.00234375 ms)
[06/07/2026-16:20:32] [I] Average on 10 runs - GPU latency: 8.58042 ms - Host latency: 8.58042 ms (enqueue 0.00234375 ms)
[06/07/2026-16:20:32] [I] Average on 10 runs - GPU latency: 8.5877 ms - Host latency: 8.5877 ms (enqueue 0.00244141 ms)
[06/07/2026-16:20:32] [I] Average on 10 runs - GPU latency: 8.58232 ms - Host latency: 8.58232 ms (enqueue 0.00249023 ms)
[06/07/2026-16:20:32] [I] Average on 10 runs - GPU latency: 8.56694 ms - Host latency: 8.56694 ms (enqueue 0.00239258 ms)
[06/07/2026-16:20:32] [I] Average on 10 runs - GPU latency: 8.58838 ms - Host latency: 8.58838 ms (enqueue 0.00253906 ms)
[06/07/2026-16:20:32] [I] Average on 10 runs - GPU latency: 8.63877 ms - Host latency: 8.63877 ms (enqueue 0.00253906 ms)
[06/07/2026-16:20:32] [I] Average on 10 runs - GPU latency: 8.56553 ms - Host latency: 8.56553 ms (enqueue 0.00297852 ms)
[06/07/2026-16:20:32] [I] Average on 10 runs - GPU latency: 8.60049 ms - Host latency: 8.60049 ms (enqueue 0.00219727 ms)
[06/07/2026-16:20:32] [I] Average on 10 runs - GPU latency: 8.61426 ms - Host latency: 8.61426 ms (enqueue 0.00253906 ms)
[06/07/2026-16:20:32] [I] Average on 10 runs - GPU latency: 8.60859 ms - Host latency: 8.60859 ms (enqueue 0.00244141 ms)
[06/07/2026-16:20:32] [I] Average on 10 runs - GPU latency: 8.59409 ms - Host latency: 8.59409 ms (enqueue 0.00239258 ms)
[06/07/2026-16:20:32] [I] Average on 10 runs - GPU latency: 8.66621 ms - Host latency: 8.66621 ms (enqueue 0.00239258 ms)
[06/07/2026-16:20:32] [I] Average on 10 runs - GPU latency: 8.67617 ms - Host latency: 8.67617 ms (enqueue 0.00234375 ms)
[06/07/2026-16:20:32] [I] Average on 10 runs - GPU latency: 8.70479 ms - Host latency: 8.70479 ms (enqueue 0.00234375 ms)
[06/07/2026-16:20:32] [I] Average on 10 runs - GPU latency: 8.63608 ms - Host latency: 8.63608 ms (enqueue 0.00234375 ms)
[06/07/2026-16:20:32] [I] Average on 10 runs - GPU latency: 8.69819 ms - Host latency: 8.69819 ms (enqueue 0.00244141 ms)
[06/07/2026-16:20:32] [I] Average on 10 runs - GPU latency: 8.65264 ms - Host latency: 8.65264 ms (enqueue 0.00224609 ms)
[06/07/2026-16:20:32] [I] Average on 10 runs - GPU latency: 8.62012 ms - Host latency: 8.62012 ms (enqueue 0.00229492 ms)
[06/07/2026-16:20:32] [I] Average on 10 runs - GPU latency: 8.6248 ms - Host latency: 8.6248 ms (enqueue 0.00244141 ms)
[06/07/2026-16:20:32] [I] Average on 10 runs - GPU latency: 8.66611 ms - Host latency: 8.66611 ms (enqueue 0.00224609 ms)
[06/07/2026-16:20:32] [I] Average on 10 runs - GPU latency: 8.64951 ms - Host latency: 8.64951 ms (enqueue 0.00249023 ms)
[06/07/2026-16:20:32] [I] Average on 10 runs - GPU latency: 8.6957 ms - Host latency: 8.6957 ms (enqueue 0.00239258 ms)
[06/07/2026-16:20:32] [I] Average on 10 runs - GPU latency: 8.67837 ms - Host latency: 8.67837 ms (enqueue 0.00258789 ms)
[06/07/2026-16:20:32] [I] Average on 10 runs - GPU latency: 8.61968 ms - Host latency: 8.61968 ms (enqueue 0.00229492 ms)
[06/07/2026-16:20:32] [I] Average on 10 runs - GPU latency: 8.64609 ms - Host latency: 8.64609 ms (enqueue 0.00244141 ms)
[06/07/2026-16:20:32] [I] Average on 10 runs - GPU latency: 8.67832 ms - Host latency: 8.67832 ms (enqueue 0.00249023 ms)
[06/07/2026-16:20:32] [I] Average on 10 runs - GPU latency: 8.5877 ms - Host latency: 8.5877 ms (enqueue 0.00253906 ms)
[06/07/2026-16:20:32] [I] Average on 10 runs - GPU latency: 8.58916 ms - Host latency: 8.58916 ms (enqueue 0.00229492 ms)
[06/07/2026-16:20:32] [I] Average on 10 runs - GPU latency: 8.61895 ms - Host latency: 8.61895 ms (enqueue 0.00249023 ms)
[06/07/2026-16:20:32] [I] Average on 10 runs - GPU latency: 8.59272 ms - Host latency: 8.59272 ms (enqueue 0.00253906 ms)
[06/07/2026-16:20:32] [I] Average on 10 runs - GPU latency: 8.63257 ms - Host latency: 8.63257 ms (enqueue 0.00249023 ms)
[06/07/2026-16:20:32] [I] Average on 10 runs - GPU latency: 8.62588 ms - Host latency: 8.62588 ms (enqueue 0.00239258 ms)
[06/07/2026-16:20:32] [I] Average on 10 runs - GPU latency: 8.63081 ms - Host latency: 8.63081 ms (enqueue 0.00244141 ms)
[06/07/2026-16:20:32] [I] Average on 10 runs - GPU latency: 8.62627 ms - Host latency: 8.62627 ms (enqueue 0.00239258 ms)
[06/07/2026-16:20:32] [I] Average on 10 runs - GPU latency: 8.61226 ms - Host latency: 8.61226 ms (enqueue 0.00234375 ms)
[06/07/2026-16:20:32] [I] Average on 10 runs - GPU latency: 8.66562 ms - Host latency: 8.66562 ms (enqueue 0.00244141 ms)
[06/07/2026-16:20:32] [I] Average on 10 runs - GPU latency: 8.59141 ms - Host latency: 8.59141 ms (enqueue 0.00219727 ms)
[06/07/2026-16:20:32] [I] Average on 10 runs - GPU latency: 8.62451 ms - Host latency: 8.62451 ms (enqueue 0.00258789 ms)
[06/07/2026-16:20:32] [I] Average on 10 runs - GPU latency: 8.66758 ms - Host latency: 8.66758 ms (enqueue 0.00244141 ms)
[06/07/2026-16:20:32] [I] Average on 10 runs - GPU latency: 8.61382 ms - Host latency: 8.61382 ms (enqueue 0.00253906 ms)
[06/07/2026-16:20:32] [I] Average on 10 runs - GPU latency: 8.60396 ms - Host latency: 8.60396 ms (enqueue 0.00244141 ms)
[06/07/2026-16:20:32] [I] Average on 10 runs - GPU latency: 8.61245 ms - Host latency: 8.61245 ms (enqueue 0.00239258 ms)
[06/07/2026-16:20:32] [I] Average on 10 runs - GPU latency: 8.66577 ms - Host latency: 8.66577 ms (enqueue 0.00249023 ms)
[06/07/2026-16:20:32] [I] Average on 10 runs - GPU latency: 8.60488 ms - Host latency: 8.60488 ms (enqueue 0.00253906 ms)
[06/07/2026-16:20:32] [I] Average on 10 runs - GPU latency: 8.61055 ms - Host latency: 8.61055 ms (enqueue 0.00229492 ms)
[06/07/2026-16:20:32] [I] Average on 10 runs - GPU latency: 8.59404 ms - Host latency: 8.59404 ms (enqueue 0.00234375 ms)
[06/07/2026-16:20:32] [I] Average on 10 runs - GPU latency: 8.63647 ms - Host latency: 8.63647 ms (enqueue 0.00253906 ms)
[06/07/2026-16:20:32] [I] Average on 10 runs - GPU latency: 8.59141 ms - Host latency: 8.59141 ms (enqueue 0.00249023 ms)
[06/07/2026-16:20:32] [I] Average on 10 runs - GPU latency: 8.60156 ms - Host latency: 8.60156 ms (enqueue 0.00219727 ms)
[06/07/2026-16:20:32] [I] Average on 10 runs - GPU latency: 8.60493 ms - Host latency: 8.60493 ms (enqueue 0.00239258 ms)
[06/07/2026-16:20:32] [I] Average on 10 runs - GPU latency: 8.65503 ms - Host latency: 8.65503 ms (enqueue 0.00234375 ms)
[06/07/2026-16:20:32] [I] Average on 10 runs - GPU latency: 8.63262 ms - Host latency: 8.63262 ms (enqueue 0.00253906 ms)
[06/07/2026-16:20:32] [I] Average on 10 runs - GPU latency: 8.62354 ms - Host latency: 8.62354 ms (enqueue 0.00234375 ms)
[06/07/2026-16:20:32] [I] Average on 10 runs - GPU latency: 8.66753 ms - Host latency: 8.66753 ms (enqueue 0.00229492 ms)
[06/07/2026-16:20:32] [I] Average on 10 runs - GPU latency: 8.68032 ms - Host latency: 8.68032 ms (enqueue 0.00249023 ms)
[06/07/2026-16:20:32] [I] Average on 10 runs - GPU latency: 8.60889 ms - Host latency: 8.60889 ms (enqueue 0.00234375 ms)
[06/07/2026-16:20:32] [I] Average on 10 runs - GPU latency: 8.66362 ms - Host latency: 8.66362 ms (enqueue 0.00219727 ms)
[06/07/2026-16:20:32] [I] 
[06/07/2026-16:20:32] [I] === Performance summary ===
[06/07/2026-16:20:32] [I] Throughput: 231.61 qps
[06/07/2026-16:20:32] [I] Latency: min = 6.32324 ms, max = 8.84326 ms, mean = 8.63061 ms, median = 8.62402 ms, percentile(99%) = 8.80933 ms
[06/07/2026-16:20:32] [I] Enqueue Time: min = 0.00195312 ms, max = 0.00952148 ms, mean = 0.00241291 ms, median = 0.00244141 ms, percentile(99%) = 0.00292969 ms
[06/07/2026-16:20:32] [I] H2D Latency: min = 0 ms, max = 0 ms, mean = 0 ms, median = 0 ms, percentile(99%) = 0 ms
[06/07/2026-16:20:32] [I] GPU Compute Time: min = 6.32324 ms, max = 8.84326 ms, mean = 8.63061 ms, median = 8.62402 ms, percentile(99%) = 8.80933 ms
[06/07/2026-16:20:32] [I] D2H Latency: min = 0 ms, max = 0 ms, mean = 0 ms, median = 0 ms, percentile(99%) = 0 ms
[06/07/2026-16:20:32] [I] Total Host Walltime: 6.0101 s
[06/07/2026-16:20:32] [I] Total GPU Compute Time: 12.0138 s
[06/07/2026-16:20:32] [W] * Multiple inference streams are used. Latencies may not be accurate since inferences may run in   parallel. Please use "Throughput" as the performance metric instead.
[06/07/2026-16:20:32] [I] Explanations of the performance metrics are printed in the verbose logs.
[06/07/2026-16:20:32] [I] 
&&&& PASSED TensorRT.trtexec [TensorRT v101401] [b48] # trtexec --loadEngine=/work/trt_bench_streams/engines/yolo26s_b32.engine --streams=2 --useCudaGraph --useSpinWait --noDataTransfers --warmUp=2000 --duration=6 --percentile=99
