&&&& RUNNING TensorRT.trtexec [TensorRT v101401] [b48] # trtexec --loadEngine=/work/trt_bench_streams/engines/yolo26n_b1.engine --streams=1 --useCudaGraph --useSpinWait --noDataTransfers --warmUp=2000 --duration=6 --percentile=99
[06/07/2026-16:36:48] [I] TF32 is enabled by default. Add --noTF32 flag to further improve accuracy with some performance cost.
[06/07/2026-16:36:48] [W] --streams flag has been deprecated, use --infStreams flag instead.
[06/07/2026-16:36:48] [I] === Model Options ===
[06/07/2026-16:36:48] [I] Format: *
[06/07/2026-16:36:48] [I] Model: 
[06/07/2026-16:36:48] [I] Output:
[06/07/2026-16:36:48] [I] 
[06/07/2026-16:36:48] [I] === System Options ===
[06/07/2026-16:36:48] [I] Device: 0
[06/07/2026-16:36:48] [I] DLACore: 
[06/07/2026-16:36:48] [I] Plugins:
[06/07/2026-16:36:48] [I] setPluginsToSerialize:
[06/07/2026-16:36:48] [I] dynamicPlugins:
[06/07/2026-16:36:48] [I] ignoreParsedPluginLibs: 0
[06/07/2026-16:36:48] [I] 
[06/07/2026-16:36:48] [I] === Inference Options ===
[06/07/2026-16:36:48] [I] Batch: Explicit
[06/07/2026-16:36:48] [I] Input inference shapes: model
[06/07/2026-16:36:48] [I] Iterations: 10
[06/07/2026-16:36:48] [I] Duration: 6s (+ 2000ms warm up)
[06/07/2026-16:36:48] [I] Sleep time: 0ms
[06/07/2026-16:36:48] [I] Idle time: 0ms
[06/07/2026-16:36:48] [I] Inference Streams: 1
[06/07/2026-16:36:48] [I] ExposeDMA: Disabled
[06/07/2026-16:36:48] [I] Data transfers: Disabled
[06/07/2026-16:36:48] [I] Spin-wait: Enabled
[06/07/2026-16:36:48] [I] Multithreading: Disabled
[06/07/2026-16:36:48] [I] CUDA Graph: Enabled
[06/07/2026-16:36:48] [I] Separate profiling: Disabled
[06/07/2026-16:36:48] [I] Time Deserialize: Disabled
[06/07/2026-16:36:48] [I] Time Refit: Disabled
[06/07/2026-16:36:48] [I] NVTX verbosity: 0
[06/07/2026-16:36:48] [I] Persistent Cache Ratio: 0
[06/07/2026-16:36:48] [I] Optimization Profile Index: 0
[06/07/2026-16:36:48] [I] Weight Streaming Budget: 100.000000%
[06/07/2026-16:36:48] [I] Inputs:
[06/07/2026-16:36:48] [I] Debug Tensor Save Destinations:
[06/07/2026-16:36:48] [I] Dump All Debug Tensor in Formats: 
[06/07/2026-16:36:48] [I] === Reporting Options ===
[06/07/2026-16:36:48] [I] Verbose: Disabled
[06/07/2026-16:36:48] [I] Averages: 10 inferences
[06/07/2026-16:36:48] [I] Percentiles: 99
[06/07/2026-16:36:48] [I] Dump refittable layers:Disabled
[06/07/2026-16:36:48] [I] Dump output: Disabled
[06/07/2026-16:36:48] [I] Profile: Disabled
[06/07/2026-16:36:48] [I] Export timing to JSON file: 
[06/07/2026-16:36:48] [I] Export output to JSON file: 
[06/07/2026-16:36:48] [I] Export profile to JSON file: 
[06/07/2026-16:36:48] [I] 
[06/07/2026-16:36:48] [I] === Device Information ===
[06/07/2026-16:36:48] [I] Available Devices: 
[06/07/2026-16:36:48] [I]   Device 0: "NVIDIA GeForce RTX 4090" UUID: GPU-f84a2a8b-f125-2892-c40d-fe37bcae6c60
[06/07/2026-16:36:48] [I] Selected Device: NVIDIA GeForce RTX 4090
[06/07/2026-16:36:48] [I] Selected Device ID: 0
[06/07/2026-16:36:48] [I] Selected Device UUID: GPU-f84a2a8b-f125-2892-c40d-fe37bcae6c60
[06/07/2026-16:36:48] [I] Compute Capability: 8.9
[06/07/2026-16:36:48] [I] SMs: 128
[06/07/2026-16:36:48] [I] Device Global Memory: 24080 MiB
[06/07/2026-16:36:48] [I] Shared Memory per SM: 100 KiB
[06/07/2026-16:36:48] [I] Memory Bus Width: 384 bits (ECC disabled)
[06/07/2026-16:36:48] [I] Application Compute Clock Rate: 2.55 GHz
[06/07/2026-16:36:48] [I] Application Memory Clock Rate: 10.501 GHz
[06/07/2026-16:36:48] [I] 
[06/07/2026-16:36:48] [I] Note: The application clock rates do not reflect the actual clock rates that the GPU is currently running at.
[06/07/2026-16:36:48] [I] 
[06/07/2026-16:36:48] [I] TensorRT version: 10.14.1
[06/07/2026-16:36:48] [I] Loading standard plugins
[06/07/2026-16:36:48] [I] [TRT] Loaded engine size: 6 MiB
[06/07/2026-16:36:48] [I] Engine deserialized in 0.0321052 sec.
[06/07/2026-16:36:48] [I] [TRT] [MemUsageChange] TensorRT-managed allocation in IExecutionContext creation: CPU +0, GPU +5, now: CPU 0, GPU 9 (MiB)
[06/07/2026-16:36:48] [I] Setting persistentCacheLimit to 0 bytes.
[06/07/2026-16:36:48] [I] Created execution context with device memory size: 5.15771 MiB
[06/07/2026-16:36:48] [I] Using random values for input images
[06/07/2026-16:36:48] [I] Input binding for images with dimensions 1x3x416x416 is created.
[06/07/2026-16:36:48] [I] Output binding for output0 with dimensions 1x300x6 is created.
[06/07/2026-16:36:48] [I] Starting inference
[06/07/2026-16:36:48] [I] Capturing CUDA graph for the current execution context
[06/07/2026-16:36:48] [I] Successfully captured CUDA graph for the current execution context
[06/07/2026-16:36:56] [I] Warmup completed 4509 queries over 2000 ms
[06/07/2026-16:36:56] [I] Timing trace has 14041 queries over 6.00092 s
[06/07/2026-16:36:56] [I] 
[06/07/2026-16:36:56] [I] === Trace details ===
[06/07/2026-16:36:56] [I] Trace averages of 10 runs:
[06/07/2026-16:36:56] [I] Average on 10 runs - GPU latency: 0.425928 ms - Host latency: 0.425928 ms (enqueue 0.00234375 ms)
[06/07/2026-16:36:56] [I] Average on 10 runs - GPU latency: 0.425916 ms - Host latency: 0.425916 ms (enqueue 0.00235596 ms)
[06/07/2026-16:36:56] [I] Average on 10 runs - GPU latency: 0.425806 ms - Host latency: 0.425806 ms (enqueue 0.00239258 ms)
[06/07/2026-16:36:56] [I] Average on 10 runs - GPU latency: 0.426221 ms - Host latency: 0.426221 ms (enqueue 0.00234375 ms)
[06/07/2026-16:36:56] [I] Average on 10 runs - GPU latency: 0.426013 ms - Host latency: 0.426013 ms (enqueue 0.00236816 ms)
[06/07/2026-16:36:56] [I] Average on 10 runs - GPU latency: 0.426062 ms - Host latency: 0.426062 ms (enqueue 0.00238037 ms)
[06/07/2026-16:36:56] [I] Average on 10 runs - GPU latency: 0.425964 ms - Host latency: 0.425964 ms (enqueue 0.00231934 ms)
[06/07/2026-16:36:56] [I] Average on 10 runs - GPU latency: 0.425879 ms - Host latency: 0.425879 ms (enqueue 0.00239258 ms)
[06/07/2026-16:36:56] [I] Average on 10 runs - GPU latency: 0.426147 ms - Host latency: 0.426147 ms (enqueue 0.00238037 ms)
[06/07/2026-16:36:56] [I] Average on 10 runs - GPU latency: 0.425879 ms - Host latency: 0.425879 ms (enqueue 0.00235596 ms)
[06/07/2026-16:36:56] [I] Average on 10 runs - GPU latency: 0.425842 ms - Host latency: 0.425842 ms (enqueue 0.00236816 ms)
[06/07/2026-16:36:56] [I] Average on 10 runs - GPU latency: 0.426025 ms - Host latency: 0.426025 ms (enqueue 0.00233154 ms)
[06/07/2026-16:36:56] [I] Average on 10 runs - GPU latency: 0.425757 ms - Host latency: 0.425757 ms (enqueue 0.00231934 ms)
[06/07/2026-16:36:56] [I] Average on 10 runs - GPU latency: 0.426074 ms - Host latency: 0.426074 ms (enqueue 0.00239258 ms)
[06/07/2026-16:36:56] [I] Average on 10 runs - GPU latency: 0.425879 ms - Host latency: 0.425879 ms (enqueue 0.00231934 ms)
[06/07/2026-16:36:56] [I] Average on 10 runs - GPU latency: 0.426099 ms - Host latency: 0.426099 ms (enqueue 0.00234375 ms)
[06/07/2026-16:36:56] [I] Average on 10 runs - GPU latency: 0.42583 ms - Host latency: 0.42583 ms (enqueue 0.00241699 ms)
[06/07/2026-16:36:56] [I] Average on 10 runs - GPU latency: 0.425781 ms - Host latency: 0.425781 ms (enqueue 0.00241699 ms)
[06/07/2026-16:36:56] [I] Average on 10 runs - GPU latency: 0.425855 ms - Host latency: 0.425855 ms (enqueue 0.00229492 ms)
[06/07/2026-16:36:56] [I] Average on 10 runs - GPU latency: 0.426001 ms - Host latency: 0.426001 ms (enqueue 0.00231934 ms)
[06/07/2026-16:36:56] [I] Average on 10 runs - GPU latency: 0.425977 ms - Host latency: 0.425977 ms (enqueue 0.00236816 ms)
[06/07/2026-16:36:56] [I] Average on 10 runs - GPU latency: 0.426001 ms - Host latency: 0.426001 ms (enqueue 0.00236816 ms)
[06/07/2026-16:36:56] [I] Average on 10 runs - GPU latency: 0.425928 ms - Host latency: 0.425928 ms (enqueue 0.00231934 ms)
[06/07/2026-16:36:56] [I] Average on 10 runs - GPU latency: 0.425781 ms - Host latency: 0.425781 ms (enqueue 0.00231934 ms)
[06/07/2026-16:36:56] [I] Average on 10 runs - GPU latency: 0.425977 ms - Host latency: 0.425977 ms (enqueue 0.00234375 ms)
[06/07/2026-16:36:56] [I] Average on 10 runs - GPU latency: 0.425903 ms - Host latency: 0.425903 ms (enqueue 0.00239258 ms)
[06/07/2026-16:36:56] [I] Average on 10 runs - GPU latency: 0.425781 ms - Host latency: 0.425781 ms (enqueue 0.00236816 ms)
[06/07/2026-16:36:56] [I] Average on 10 runs - GPU latency: 0.426025 ms - Host latency: 0.426025 ms (enqueue 0.00231934 ms)
[06/07/2026-16:36:56] [I] Average on 10 runs - GPU latency: 0.426025 ms - Host latency: 0.426025 ms (enqueue 0.00239258 ms)
[06/07/2026-16:36:56] [I] Average on 10 runs - GPU latency: 0.425684 ms - Host latency: 0.425684 ms (enqueue 0.00227051 ms)
[06/07/2026-16:36:56] [I] Average on 10 runs - GPU latency: 0.426074 ms - Host latency: 0.426074 ms (enqueue 0.00229492 ms)
[06/07/2026-16:36:56] [I] Average on 10 runs - GPU latency: 0.425903 ms - Host latency: 0.425903 ms (enqueue 0.00234375 ms)
[06/07/2026-16:36:56] [I] Average on 10 runs - GPU latency: 0.426001 ms - Host latency: 0.426001 ms (enqueue 0.00234375 ms)
[06/07/2026-16:36:56] [I] Average on 10 runs - GPU latency: 0.42583 ms - Host latency: 0.42583 ms (enqueue 0.00234375 ms)
[06/07/2026-16:36:56] [I] Average on 10 runs - GPU latency: 0.425806 ms - Host latency: 0.425806 ms (enqueue 0.00234375 ms)
[06/07/2026-16:36:56] [I] Average on 10 runs - GPU latency: 0.425757 ms - Host latency: 0.425757 ms (enqueue 0.00241699 ms)
[06/07/2026-16:36:56] [I] Average on 10 runs - GPU latency: 0.425635 ms - Host latency: 0.425635 ms (enqueue 0.00234375 ms)
[06/07/2026-16:36:56] [I] Average on 10 runs - GPU latency: 0.425879 ms - Host latency: 0.425879 ms (enqueue 0.00241699 ms)
[06/07/2026-16:36:56] [I] Average on 10 runs - GPU latency: 0.425732 ms - Host latency: 0.425732 ms (enqueue 0.00234375 ms)
[06/07/2026-16:36:56] [I] Average on 10 runs - GPU latency: 0.425879 ms - Host latency: 0.425879 ms (enqueue 0.00229492 ms)
[06/07/2026-16:36:56] [I] Average on 10 runs - GPU latency: 0.426025 ms - Host latency: 0.426025 ms (enqueue 0.00241699 ms)
[06/07/2026-16:36:56] [I] Average on 10 runs - GPU latency: 0.426025 ms - Host latency: 0.426025 ms (enqueue 0.00236816 ms)
[06/07/2026-16:36:56] [I] Average on 10 runs - GPU latency: 0.425659 ms - Host latency: 0.425659 ms (enqueue 0.00234375 ms)
[06/07/2026-16:36:56] [I] Average on 10 runs - GPU latency: 0.425708 ms - Host latency: 0.425708 ms (enqueue 0.00234375 ms)
[06/07/2026-16:36:56] [I] Average on 10 runs - GPU latency: 0.425903 ms - Host latency: 0.425903 ms (enqueue 0.00239258 ms)
[06/07/2026-16:36:56] [I] Average on 10 runs - GPU latency: 0.425806 ms - Host latency: 0.425806 ms (enqueue 0.00224609 ms)
[06/07/2026-16:36:56] [I] Average on 10 runs - GPU latency: 0.425537 ms - Host latency: 0.425537 ms (enqueue 0.00231934 ms)
[06/07/2026-16:36:56] [I] Average on 10 runs - GPU latency: 0.426025 ms - Host latency: 0.426025 ms (enqueue 0.00244141 ms)
[06/07/2026-16:36:56] [I] Average on 10 runs - GPU latency: 0.425732 ms - Host latency: 0.425732 ms (enqueue 0.00239258 ms)
[06/07/2026-16:36:56] [I] Average on 10 runs - GPU latency: 0.425855 ms - Host latency: 0.425855 ms (enqueue 0.00227051 ms)
[06/07/2026-16:36:56] [I] Average on 10 runs - GPU latency: 0.426099 ms - Host latency: 0.426099 ms (enqueue 0.00244141 ms)
[06/07/2026-16:36:56] [I] Average on 10 runs - GPU latency: 0.426099 ms - Host latency: 0.426099 ms (enqueue 0.00224609 ms)
[06/07/2026-16:36:56] [I] Average on 10 runs - GPU latency: 0.425586 ms - Host latency: 0.425586 ms (enqueue 0.00234375 ms)
[06/07/2026-16:36:56] [I] Average on 10 runs - GPU latency: 0.425952 ms - Host latency: 0.425952 ms (enqueue 0.00244141 ms)
[06/07/2026-16:36:56] [I] Average on 10 runs - GPU latency: 0.426001 ms - Host latency: 0.426001 ms (enqueue 0.00236816 ms)
[06/07/2026-16:36:56] [I] Average on 10 runs - GPU latency: 0.425855 ms - Host latency: 0.425855 ms (enqueue 0.00234375 ms)
[06/07/2026-16:36:56] [I] Average on 10 runs - GPU latency: 0.425806 ms - Host latency: 0.425806 ms (enqueue 0.00234375 ms)
[06/07/2026-16:36:56] [I] Average on 10 runs - GPU latency: 0.425879 ms - Host latency: 0.425879 ms (enqueue 0.00241699 ms)
[06/07/2026-16:36:56] [I] Average on 10 runs - GPU latency: 0.426221 ms - Host latency: 0.426221 ms (enqueue 0.00229492 ms)
[06/07/2026-16:36:56] [I] Average on 10 runs - GPU latency: 0.425684 ms - Host latency: 0.425684 ms (enqueue 0.00236816 ms)
[06/07/2026-16:36:56] [I] Average on 10 runs - GPU latency: 0.425879 ms - Host latency: 0.425879 ms (enqueue 0.00234375 ms)
[06/07/2026-16:36:56] [I] Average on 10 runs - GPU latency: 0.425855 ms - Host latency: 0.425855 ms (enqueue 0.00234375 ms)
[06/07/2026-16:36:56] [I] Average on 10 runs - GPU latency: 0.42561 ms - Host latency: 0.42561 ms (enqueue 0.00227051 ms)
[06/07/2026-16:36:56] [I] Average on 10 runs - GPU latency: 0.426123 ms - Host latency: 0.426123 ms (enqueue 0.00241699 ms)
[06/07/2026-16:36:56] [I] Average on 10 runs - GPU latency: 0.425635 ms - Host latency: 0.425635 ms (enqueue 0.00229492 ms)
[06/07/2026-16:36:56] [I] Average on 10 runs - GPU latency: 0.426074 ms - Host latency: 0.426074 ms (enqueue 0.00229492 ms)
[06/07/2026-16:36:56] [I] Average on 10 runs - GPU latency: 0.425879 ms - Host latency: 0.425879 ms (enqueue 0.00234375 ms)
[06/07/2026-16:36:56] [I] Average on 10 runs - GPU latency: 0.425977 ms - Host latency: 0.425977 ms (enqueue 0.00229492 ms)
[06/07/2026-16:36:56] [I] Average on 10 runs - GPU latency: 0.425977 ms - Host latency: 0.425977 ms (enqueue 0.00234375 ms)
[06/07/2026-16:36:56] [I] Average on 10 runs - GPU latency: 0.425635 ms - Host latency: 0.425635 ms (enqueue 0.00224609 ms)
[06/07/2026-16:36:56] [I] Average on 10 runs - GPU latency: 0.426025 ms - Host latency: 0.426025 ms (enqueue 0.00239258 ms)
[06/07/2026-16:36:56] [I] Average on 10 runs - GPU latency: 0.426099 ms - Host latency: 0.426099 ms (enqueue 0.00231934 ms)
[06/07/2026-16:36:56] [I] Average on 10 runs - GPU latency: 0.426001 ms - Host latency: 0.426001 ms (enqueue 0.00231934 ms)
[06/07/2026-16:36:56] [I] Average on 10 runs - GPU latency: 0.42583 ms - Host latency: 0.42583 ms (enqueue 0.00253906 ms)
[06/07/2026-16:36:56] [I] Average on 10 runs - GPU latency: 0.426099 ms - Host latency: 0.426099 ms (enqueue 0.00236816 ms)
[06/07/2026-16:36:56] [I] Average on 10 runs - GPU latency: 0.425952 ms - Host latency: 0.425952 ms (enqueue 0.00239258 ms)
[06/07/2026-16:36:56] [I] Average on 10 runs - GPU latency: 0.425781 ms - Host latency: 0.425781 ms (enqueue 0.00231934 ms)
[06/07/2026-16:36:56] [I] Average on 10 runs - GPU latency: 0.425977 ms - Host latency: 0.425977 ms (enqueue 0.00231934 ms)
[06/07/2026-16:36:56] [I] Average on 10 runs - GPU latency: 0.425757 ms - Host latency: 0.425757 ms (enqueue 0.00227051 ms)
[06/07/2026-16:36:56] [I] Average on 10 runs - GPU latency: 0.425977 ms - Host latency: 0.425977 ms (enqueue 0.00231934 ms)
[06/07/2026-16:36:56] [I] Average on 10 runs - GPU latency: 0.425855 ms - Host latency: 0.425855 ms (enqueue 0.00236816 ms)
[06/07/2026-16:36:56] [I] Average on 10 runs - GPU latency: 0.425977 ms - Host latency: 0.425977 ms (enqueue 0.00236816 ms)
[06/07/2026-16:36:56] [I] Average on 10 runs - GPU latency: 0.425903 ms - Host latency: 0.425903 ms (enqueue 0.00234375 ms)
[06/07/2026-16:36:56] [I] Average on 10 runs - GPU latency: 0.425684 ms - Host latency: 0.425684 ms (enqueue 0.00241699 ms)
[06/07/2026-16:36:56] [I] Average on 10 runs - GPU latency: 0.425781 ms - Host latency: 0.425781 ms (enqueue 0.00234375 ms)
[06/07/2026-16:36:56] [I] Average on 10 runs - GPU latency: 0.425879 ms - Host latency: 0.425879 ms (enqueue 0.00229492 ms)
[06/07/2026-16:36:56] [I] Average on 10 runs - GPU latency: 0.426001 ms - Host latency: 0.426001 ms (enqueue 0.00239258 ms)
[06/07/2026-16:36:56] [I] Average on 10 runs - GPU latency: 0.425855 ms - Host latency: 0.425855 ms (enqueue 0.00236816 ms)
[06/07/2026-16:36:56] [I] Average on 10 runs - GPU latency: 0.425781 ms - Host latency: 0.425781 ms (enqueue 0.00239258 ms)
[06/07/2026-16:36:56] [I] Average on 10 runs - GPU latency: 0.425879 ms - Host latency: 0.425879 ms (enqueue 0.00231934 ms)
[06/07/2026-16:36:56] [I] Average on 10 runs - GPU latency: 0.42627 ms - Host latency: 0.42627 ms (enqueue 0.00236816 ms)
[06/07/2026-16:36:56] [I] Average on 10 runs - GPU latency: 0.426099 ms - Host latency: 0.426099 ms (enqueue 0.00229492 ms)
[06/07/2026-16:36:56] [I] Average on 10 runs - GPU latency: 0.425977 ms - Host latency: 0.425977 ms (enqueue 0.00234375 ms)
[06/07/2026-16:36:56] [I] Average on 10 runs - GPU latency: 0.425879 ms - Host latency: 0.425879 ms (enqueue 0.00236816 ms)
[06/07/2026-16:36:56] [I] Average on 10 runs - GPU latency: 0.426001 ms - Host latency: 0.426001 ms (enqueue 0.00239258 ms)
[06/07/2026-16:36:56] [I] Average on 10 runs - GPU latency: 0.425879 ms - Host latency: 0.425879 ms (enqueue 0.00236816 ms)
[06/07/2026-16:36:56] [I] Average on 10 runs - GPU latency: 0.425855 ms - Host latency: 0.425855 ms (enqueue 0.00234375 ms)
[06/07/2026-16:36:56] [I] Average on 10 runs - GPU latency: 0.425977 ms - Host latency: 0.425977 ms (enqueue 0.00234375 ms)
[06/07/2026-16:36:56] [I] Average on 10 runs - GPU latency: 0.425879 ms - Host latency: 0.425879 ms (enqueue 0.00239258 ms)
[06/07/2026-16:36:56] [I] Average on 10 runs - GPU latency: 0.426172 ms - Host latency: 0.426172 ms (enqueue 0.00234375 ms)
[06/07/2026-16:36:56] [I] Average on 10 runs - GPU latency: 0.425952 ms - Host latency: 0.425952 ms (enqueue 0.00231934 ms)
[06/07/2026-16:36:56] [I] Average on 10 runs - GPU latency: 0.426001 ms - Host latency: 0.426001 ms (enqueue 0.00236816 ms)
[06/07/2026-16:36:56] [I] Average on 10 runs - GPU latency: 0.425659 ms - Host latency: 0.425659 ms (enqueue 0.00241699 ms)
[06/07/2026-16:36:56] [I] Average on 10 runs - GPU latency: 0.426025 ms - Host latency: 0.426025 ms (enqueue 0.00236816 ms)
[06/07/2026-16:36:56] [I] Average on 10 runs - GPU latency: 0.42583 ms - Host latency: 0.42583 ms (enqueue 0.00241699 ms)
[06/07/2026-16:36:56] [I] Average on 10 runs - GPU latency: 0.425806 ms - Host latency: 0.425806 ms (enqueue 0.00219727 ms)
[06/07/2026-16:36:56] [I] Average on 10 runs - GPU latency: 0.425977 ms - Host latency: 0.425977 ms (enqueue 0.00227051 ms)
[06/07/2026-16:36:56] [I] Average on 10 runs - GPU latency: 0.425879 ms - Host latency: 0.425879 ms (enqueue 0.00229492 ms)
[06/07/2026-16:36:56] [I] Average on 10 runs - GPU latency: 0.426074 ms - Host latency: 0.426074 ms (enqueue 0.00227051 ms)
[06/07/2026-16:36:56] [I] Average on 10 runs - GPU latency: 0.425903 ms - Host latency: 0.425903 ms (enqueue 0.00231934 ms)
[06/07/2026-16:36:56] [I] Average on 10 runs - GPU latency: 0.425903 ms - Host latency: 0.425903 ms (enqueue 0.00227051 ms)
[06/07/2026-16:36:56] [I] Average on 10 runs - GPU latency: 0.42583 ms - Host latency: 0.42583 ms (enqueue 0.00227051 ms)
[06/07/2026-16:36:56] [I] Average on 10 runs - GPU latency: 0.426025 ms - Host latency: 0.426025 ms (enqueue 0.00231934 ms)
[06/07/2026-16:36:56] [I] Average on 10 runs - GPU latency: 0.425977 ms - Host latency: 0.425977 ms (enqueue 0.00231934 ms)
[06/07/2026-16:36:56] [I] Average on 10 runs - GPU latency: 0.425757 ms - Host latency: 0.425757 ms (enqueue 0.00231934 ms)
[06/07/2026-16:36:56] [I] Average on 10 runs - GPU latency: 0.425952 ms - Host latency: 0.425952 ms (enqueue 0.00231934 ms)
[06/07/2026-16:36:56] [I] Average on 10 runs - GPU latency: 0.425708 ms - Host latency: 0.425708 ms (enqueue 0.00236816 ms)
[06/07/2026-16:36:56] [I] Average on 10 runs - GPU latency: 0.42583 ms - Host latency: 0.42583 ms (enqueue 0.00229492 ms)
[06/07/2026-16:36:56] [I] Average on 10 runs - GPU latency: 0.425977 ms - Host latency: 0.425977 ms (enqueue 0.00229492 ms)
[06/07/2026-16:36:56] [I] Average on 10 runs - GPU latency: 0.425928 ms - Host latency: 0.425928 ms (enqueue 0.00234375 ms)
[06/07/2026-16:36:56] [I] Average on 10 runs - GPU latency: 0.425855 ms - Host latency: 0.425855 ms (enqueue 0.00234375 ms)
[06/07/2026-16:36:56] [I] Average on 10 runs - GPU latency: 0.425977 ms - Host latency: 0.425977 ms (enqueue 0.00229492 ms)
[06/07/2026-16:36:56] [I] Average on 10 runs - GPU latency: 0.425903 ms - Host latency: 0.425903 ms (enqueue 0.00244141 ms)
[06/07/2026-16:36:56] [I] Average on 10 runs - GPU latency: 0.426001 ms - Host latency: 0.426001 ms (enqueue 0.00229492 ms)
[06/07/2026-16:36:56] [I] Average on 10 runs - GPU latency: 0.426123 ms - Host latency: 0.426123 ms (enqueue 0.00231934 ms)
[06/07/2026-16:36:56] [I] Average on 10 runs - GPU latency: 0.425903 ms - Host latency: 0.425903 ms (enqueue 0.00231934 ms)
[06/07/2026-16:36:56] [I] Average on 10 runs - GPU latency: 0.426001 ms - Host latency: 0.426001 ms (enqueue 0.00234375 ms)
[06/07/2026-16:36:56] [I] Average on 10 runs - GPU latency: 0.425757 ms - Host latency: 0.425757 ms (enqueue 0.00234375 ms)
[06/07/2026-16:36:56] [I] Average on 10 runs - GPU latency: 0.425879 ms - Host latency: 0.425879 ms (enqueue 0.00227051 ms)
[06/07/2026-16:36:56] [I] Average on 10 runs - GPU latency: 0.425708 ms - Host latency: 0.425708 ms (enqueue 0.00229492 ms)
[06/07/2026-16:36:56] [I] Average on 10 runs - GPU latency: 0.425977 ms - Host latency: 0.425977 ms (enqueue 0.00227051 ms)
[06/07/2026-16:36:56] [I] Average on 10 runs - GPU latency: 0.425806 ms - Host latency: 0.425806 ms (enqueue 0.00234375 ms)
[06/07/2026-16:36:56] [I] Average on 10 runs - GPU latency: 0.425952 ms - Host latency: 0.425952 ms (enqueue 0.00234375 ms)
[06/07/2026-16:36:56] [I] Average on 10 runs - GPU latency: 0.426001 ms - Host latency: 0.426001 ms (enqueue 0.00231934 ms)
[06/07/2026-16:36:56] [I] Average on 10 runs - GPU latency: 0.425635 ms - Host latency: 0.425635 ms (enqueue 0.00231934 ms)
[06/07/2026-16:36:56] [I] Average on 10 runs - GPU latency: 0.425977 ms - Host latency: 0.425977 ms (enqueue 0.00229492 ms)
[06/07/2026-16:36:56] [I] Average on 10 runs - GPU latency: 0.426196 ms - Host latency: 0.426196 ms (enqueue 0.00227051 ms)
[06/07/2026-16:36:56] [I] Average on 10 runs - GPU latency: 0.425952 ms - Host latency: 0.425952 ms (enqueue 0.00234375 ms)
[06/07/2026-16:36:56] [I] Average on 10 runs - GPU latency: 0.425977 ms - Host latency: 0.425977 ms (enqueue 0.00224609 ms)
[06/07/2026-16:36:56] [I] Average on 10 runs - GPU latency: 0.425806 ms - Host latency: 0.425806 ms (enqueue 0.00231934 ms)
[06/07/2026-16:36:56] [I] Average on 10 runs - GPU latency: 0.425806 ms - Host latency: 0.425806 ms (enqueue 0.00236816 ms)
[06/07/2026-16:36:56] [I] Average on 10 runs - GPU latency: 0.425757 ms - Host latency: 0.425757 ms (enqueue 0.00241699 ms)
[06/07/2026-16:36:56] [I] Average on 10 runs - GPU latency: 0.425879 ms - Host latency: 0.425879 ms (enqueue 0.00229492 ms)
[06/07/2026-16:36:56] [I] Average on 10 runs - GPU latency: 0.426196 ms - Host latency: 0.426196 ms (enqueue 0.00241699 ms)
[06/07/2026-16:36:56] [I] Average on 10 runs - GPU latency: 0.425977 ms - Host latency: 0.425977 ms (enqueue 0.00227051 ms)
[06/07/2026-16:36:56] [I] Average on 10 runs - GPU latency: 0.425977 ms - Host latency: 0.425977 ms (enqueue 0.00229492 ms)
[06/07/2026-16:36:56] [I] Average on 10 runs - GPU latency: 0.425781 ms - Host latency: 0.425781 ms (enqueue 0.00231934 ms)
[06/07/2026-16:36:56] [I] Average on 10 runs - GPU latency: 0.425977 ms - Host latency: 0.425977 ms (enqueue 0.00231934 ms)
[06/07/2026-16:36:56] [I] Average on 10 runs - GPU latency: 0.425635 ms - Host latency: 0.425635 ms (enqueue 0.00239258 ms)
[06/07/2026-16:36:56] [I] Average on 10 runs - GPU latency: 0.425757 ms - Host latency: 0.425757 ms (enqueue 0.00234375 ms)
[06/07/2026-16:36:56] [I] Average on 10 runs - GPU latency: 0.425757 ms - Host latency: 0.425757 ms (enqueue 0.00234375 ms)
[06/07/2026-16:36:56] [I] Average on 10 runs - GPU latency: 0.426074 ms - Host latency: 0.426074 ms (enqueue 0.00234375 ms)
[06/07/2026-16:36:56] [I] Average on 10 runs - GPU latency: 0.42583 ms - Host latency: 0.42583 ms (enqueue 0.00224609 ms)
[06/07/2026-16:36:56] [I] Average on 10 runs - GPU latency: 0.426099 ms - Host latency: 0.426099 ms (enqueue 0.00244141 ms)
[06/07/2026-16:36:56] [I] Average on 10 runs - GPU latency: 0.426025 ms - Host latency: 0.426025 ms (enqueue 0.00227051 ms)
[06/07/2026-16:36:56] [I] Average on 10 runs - GPU latency: 0.426221 ms - Host latency: 0.426221 ms (enqueue 0.00234375 ms)
[06/07/2026-16:36:56] [I] Average on 10 runs - GPU latency: 0.426099 ms - Host latency: 0.426099 ms (enqueue 0.00239258 ms)
[06/07/2026-16:36:56] [I] Average on 10 runs - GPU latency: 0.425757 ms - Host latency: 0.425757 ms (enqueue 0.00227051 ms)
[06/07/2026-16:36:56] [I] Average on 10 runs - GPU latency: 0.42561 ms - Host latency: 0.42561 ms (enqueue 0.00234375 ms)
[06/07/2026-16:36:56] [I] Average on 10 runs - GPU latency: 0.425684 ms - Host latency: 0.425684 ms (enqueue 0.00236816 ms)
[06/07/2026-16:36:56] [I] Average on 10 runs - GPU latency: 0.426123 ms - Host latency: 0.426123 ms (enqueue 0.00234375 ms)
[06/07/2026-16:36:56] [I] Average on 10 runs - GPU latency: 0.425586 ms - Host latency: 0.425586 ms (enqueue 0.00224609 ms)
[06/07/2026-16:36:56] [I] Average on 10 runs - GPU latency: 0.425879 ms - Host latency: 0.425879 ms (enqueue 0.00227051 ms)
[06/07/2026-16:36:56] [I] Average on 10 runs - GPU latency: 0.425928 ms - Host latency: 0.425928 ms (enqueue 0.00231934 ms)
[06/07/2026-16:36:56] [I] Average on 10 runs - GPU latency: 0.42605 ms - Host latency: 0.42605 ms (enqueue 0.00239258 ms)
[06/07/2026-16:36:56] [I] Average on 10 runs - GPU latency: 0.425757 ms - Host latency: 0.425757 ms (enqueue 0.00229492 ms)
[06/07/2026-16:36:56] [I] Average on 10 runs - GPU latency: 0.426074 ms - Host latency: 0.426074 ms (enqueue 0.00239258 ms)
[06/07/2026-16:36:56] [I] Average on 10 runs - GPU latency: 0.425708 ms - Host latency: 0.425708 ms (enqueue 0.00227051 ms)
[06/07/2026-16:36:56] [I] Average on 10 runs - GPU latency: 0.425879 ms - Host latency: 0.425879 ms (enqueue 0.00231934 ms)
[06/07/2026-16:36:56] [I] Average on 10 runs - GPU latency: 0.426001 ms - Host latency: 0.426001 ms (enqueue 0.00229492 ms)
[06/07/2026-16:36:56] [I] Average on 10 runs - GPU latency: 0.425806 ms - Host latency: 0.425806 ms (enqueue 0.00236816 ms)
[06/07/2026-16:36:56] [I] Average on 10 runs - GPU latency: 0.426001 ms - Host latency: 0.426001 ms (enqueue 0.00236816 ms)
[06/07/2026-16:36:56] [I] Average on 10 runs - GPU latency: 0.425806 ms - Host latency: 0.425806 ms (enqueue 0.00231934 ms)
[06/07/2026-16:36:56] [I] Average on 10 runs - GPU latency: 0.425977 ms - Host latency: 0.425977 ms (enqueue 0.00241699 ms)
[06/07/2026-16:36:56] [I] Average on 10 runs - GPU latency: 0.425977 ms - Host latency: 0.425977 ms (enqueue 0.00231934 ms)
[06/07/2026-16:36:56] [I] Average on 10 runs - GPU latency: 0.425977 ms - Host latency: 0.425977 ms (enqueue 0.00236816 ms)
[06/07/2026-16:36:56] [I] Average on 10 runs - GPU latency: 0.426001 ms - Host latency: 0.426001 ms (enqueue 0.00231934 ms)
[06/07/2026-16:36:56] [I] Average on 10 runs - GPU latency: 0.425806 ms - Host latency: 0.425806 ms (enqueue 0.00236816 ms)
[06/07/2026-16:36:56] [I] Average on 10 runs - GPU latency: 0.425977 ms - Host latency: 0.425977 ms (enqueue 0.00231934 ms)
[06/07/2026-16:36:56] [I] Average on 10 runs - GPU latency: 0.426074 ms - Host latency: 0.426074 ms (enqueue 0.00244141 ms)
[06/07/2026-16:36:56] [I] Average on 10 runs - GPU latency: 0.425952 ms - Host latency: 0.425952 ms (enqueue 0.00239258 ms)
[06/07/2026-16:36:56] [I] Average on 10 runs - GPU latency: 0.42583 ms - Host latency: 0.42583 ms (enqueue 0.00234375 ms)
[06/07/2026-16:36:56] [I] Average on 10 runs - GPU latency: 0.425977 ms - Host latency: 0.425977 ms (enqueue 0.00231934 ms)
[06/07/2026-16:36:56] [I] Average on 10 runs - GPU latency: 0.425879 ms - Host latency: 0.425879 ms (enqueue 0.00229492 ms)
[06/07/2026-16:36:56] [I] Average on 10 runs - GPU latency: 0.425781 ms - Host latency: 0.425781 ms (enqueue 0.00236816 ms)
[06/07/2026-16:36:56] [I] Average on 10 runs - GPU latency: 0.425903 ms - Host latency: 0.425903 ms (enqueue 0.00224609 ms)
[06/07/2026-16:36:56] [I] Average on 10 runs - GPU latency: 0.425537 ms - Host latency: 0.425537 ms (enqueue 0.00229492 ms)
[06/07/2026-16:36:56] [I] Average on 10 runs - GPU latency: 0.426294 ms - Host latency: 0.426294 ms (enqueue 0.00241699 ms)
[06/07/2026-16:36:56] [I] Average on 10 runs - GPU latency: 0.425977 ms - Host latency: 0.425977 ms (enqueue 0.00227051 ms)
[06/07/2026-16:36:56] [I] Average on 10 runs - GPU latency: 0.425757 ms - Host latency: 0.425757 ms (enqueue 0.00231934 ms)
[06/07/2026-16:36:56] [I] Average on 10 runs - GPU latency: 0.42583 ms - Host latency: 0.42583 ms (enqueue 0.00244141 ms)
[06/07/2026-16:36:56] [I] Average on 10 runs - GPU latency: 0.425977 ms - Host latency: 0.425977 ms (enqueue 0.00229492 ms)
[06/07/2026-16:36:56] [I] Average on 10 runs - GPU latency: 0.425806 ms - Host latency: 0.425806 ms (enqueue 0.00290527 ms)
[06/07/2026-16:36:56] [I] Average on 10 runs - GPU latency: 0.425952 ms - Host latency: 0.425952 ms (enqueue 0.00251465 ms)
[06/07/2026-16:36:56] [I] Average on 10 runs - GPU latency: 0.425879 ms - Host latency: 0.425879 ms (enqueue 0.00234375 ms)
[06/07/2026-16:36:56] [I] Average on 10 runs - GPU latency: 0.425903 ms - Host latency: 0.425903 ms (enqueue 0.00229492 ms)
[06/07/2026-16:36:56] [I] Average on 10 runs - GPU latency: 0.425806 ms - Host latency: 0.425806 ms (enqueue 0.00231934 ms)
[06/07/2026-16:36:56] [I] Average on 10 runs - GPU latency: 0.425757 ms - Host latency: 0.425757 ms (enqueue 0.00234375 ms)
[06/07/2026-16:36:56] [I] Average on 10 runs - GPU latency: 0.425757 ms - Host latency: 0.425757 ms (enqueue 0.00234375 ms)
[06/07/2026-16:36:56] [I] Average on 10 runs - GPU latency: 0.425659 ms - Host latency: 0.425659 ms (enqueue 0.00234375 ms)
[06/07/2026-16:36:56] [I] ... Omitting 10041 lines
[06/07/2026-16:36:56] [I] Average on 10 runs - GPU latency: 0.426025 ms - Host latency: 0.426025 ms (enqueue 0.00229492 ms)
[06/07/2026-16:36:56] [I] Average on 10 runs - GPU latency: 0.426025 ms - Host latency: 0.426025 ms (enqueue 0.00239258 ms)
[06/07/2026-16:36:56] [I] Average on 10 runs - GPU latency: 0.425684 ms - Host latency: 0.425684 ms (enqueue 0.00239258 ms)
[06/07/2026-16:36:56] [I] Average on 10 runs - GPU latency: 0.425977 ms - Host latency: 0.425977 ms (enqueue 0.00229492 ms)
[06/07/2026-16:36:56] [I] Average on 10 runs - GPU latency: 0.425879 ms - Host latency: 0.425879 ms (enqueue 0.00219727 ms)
[06/07/2026-16:36:56] [I] Average on 10 runs - GPU latency: 0.426025 ms - Host latency: 0.426025 ms (enqueue 0.00219727 ms)
[06/07/2026-16:36:56] [I] Average on 10 runs - GPU latency: 0.425781 ms - Host latency: 0.425781 ms (enqueue 0.00234375 ms)
[06/07/2026-16:36:56] [I] Average on 10 runs - GPU latency: 0.425928 ms - Host latency: 0.425928 ms (enqueue 0.00229492 ms)
[06/07/2026-16:36:56] [I] Average on 10 runs - GPU latency: 0.425732 ms - Host latency: 0.425732 ms (enqueue 0.00234375 ms)
[06/07/2026-16:36:56] [I] Average on 10 runs - GPU latency: 0.425879 ms - Host latency: 0.425879 ms (enqueue 0.00234375 ms)
[06/07/2026-16:36:56] [I] Average on 10 runs - GPU latency: 0.425781 ms - Host latency: 0.425781 ms (enqueue 0.00229492 ms)
[06/07/2026-16:36:56] [I] Average on 10 runs - GPU latency: 0.425928 ms - Host latency: 0.425928 ms (enqueue 0.00234375 ms)
[06/07/2026-16:36:56] [I] Average on 10 runs - GPU latency: 0.425977 ms - Host latency: 0.425977 ms (enqueue 0.00239258 ms)
[06/07/2026-16:36:56] [I] Average on 10 runs - GPU latency: 0.425781 ms - Host latency: 0.425781 ms (enqueue 0.00239258 ms)
[06/07/2026-16:36:56] [I] Average on 10 runs - GPU latency: 0.425977 ms - Host latency: 0.425977 ms (enqueue 0.00239258 ms)
[06/07/2026-16:36:56] [I] Average on 10 runs - GPU latency: 0.426025 ms - Host latency: 0.426025 ms (enqueue 0.00224609 ms)
[06/07/2026-16:36:56] [I] Average on 10 runs - GPU latency: 0.426074 ms - Host latency: 0.426074 ms (enqueue 0.00234375 ms)
[06/07/2026-16:36:56] [I] Average on 10 runs - GPU latency: 0.425977 ms - Host latency: 0.425977 ms (enqueue 0.00229492 ms)
[06/07/2026-16:36:56] [I] Average on 10 runs - GPU latency: 0.425635 ms - Host latency: 0.425635 ms (enqueue 0.00239258 ms)
[06/07/2026-16:36:56] [I] Average on 10 runs - GPU latency: 0.425977 ms - Host latency: 0.425977 ms (enqueue 0.00219727 ms)
[06/07/2026-16:36:56] [I] Average on 10 runs - GPU latency: 0.42583 ms - Host latency: 0.42583 ms (enqueue 0.00234375 ms)
[06/07/2026-16:36:56] [I] Average on 10 runs - GPU latency: 0.425928 ms - Host latency: 0.425928 ms (enqueue 0.0027832 ms)
[06/07/2026-16:36:56] [I] Average on 10 runs - GPU latency: 0.425977 ms - Host latency: 0.425977 ms (enqueue 0.00234375 ms)
[06/07/2026-16:36:56] [I] Average on 10 runs - GPU latency: 0.425781 ms - Host latency: 0.425781 ms (enqueue 0.00214844 ms)
[06/07/2026-16:36:56] [I] Average on 10 runs - GPU latency: 0.425586 ms - Host latency: 0.425586 ms (enqueue 0.00219727 ms)
[06/07/2026-16:36:56] [I] Average on 10 runs - GPU latency: 0.425781 ms - Host latency: 0.425781 ms (enqueue 0.00234375 ms)
[06/07/2026-16:36:56] [I] Average on 10 runs - GPU latency: 0.42583 ms - Host latency: 0.42583 ms (enqueue 0.00229492 ms)
[06/07/2026-16:36:56] [I] Average on 10 runs - GPU latency: 0.426172 ms - Host latency: 0.426172 ms (enqueue 0.00214844 ms)
[06/07/2026-16:36:56] [I] Average on 10 runs - GPU latency: 0.425977 ms - Host latency: 0.425977 ms (enqueue 0.00209961 ms)
[06/07/2026-16:36:56] [I] Average on 10 runs - GPU latency: 0.425977 ms - Host latency: 0.425977 ms (enqueue 0.00244141 ms)
[06/07/2026-16:36:56] [I] Average on 10 runs - GPU latency: 0.426074 ms - Host latency: 0.426074 ms (enqueue 0.00214844 ms)
[06/07/2026-16:36:56] [I] Average on 10 runs - GPU latency: 0.42583 ms - Host latency: 0.42583 ms (enqueue 0.00239258 ms)
[06/07/2026-16:36:56] [I] Average on 10 runs - GPU latency: 0.426025 ms - Host latency: 0.426025 ms (enqueue 0.00219727 ms)
[06/07/2026-16:36:56] [I] Average on 10 runs - GPU latency: 0.425586 ms - Host latency: 0.425586 ms (enqueue 0.00209961 ms)
[06/07/2026-16:36:56] [I] Average on 10 runs - GPU latency: 0.425879 ms - Host latency: 0.425879 ms (enqueue 0.00229492 ms)
[06/07/2026-16:36:56] [I] Average on 10 runs - GPU latency: 0.426074 ms - Host latency: 0.426074 ms (enqueue 0.00239258 ms)
[06/07/2026-16:36:56] [I] Average on 10 runs - GPU latency: 0.425781 ms - Host latency: 0.425781 ms (enqueue 0.00234375 ms)
[06/07/2026-16:36:56] [I] Average on 10 runs - GPU latency: 0.425781 ms - Host latency: 0.425781 ms (enqueue 0.00239258 ms)
[06/07/2026-16:36:56] [I] Average on 10 runs - GPU latency: 0.426172 ms - Host latency: 0.426172 ms (enqueue 0.00229492 ms)
[06/07/2026-16:36:56] [I] Average on 10 runs - GPU latency: 0.42583 ms - Host latency: 0.42583 ms (enqueue 0.00239258 ms)
[06/07/2026-16:36:56] [I] Average on 10 runs - GPU latency: 0.426074 ms - Host latency: 0.426074 ms (enqueue 0.00224609 ms)
[06/07/2026-16:36:56] [I] Average on 10 runs - GPU latency: 0.42583 ms - Host latency: 0.42583 ms (enqueue 0.00219727 ms)
[06/07/2026-16:36:56] [I] Average on 10 runs - GPU latency: 0.425879 ms - Host latency: 0.425879 ms (enqueue 0.00214844 ms)
[06/07/2026-16:36:56] [I] Average on 10 runs - GPU latency: 0.425977 ms - Host latency: 0.425977 ms (enqueue 0.00224609 ms)
[06/07/2026-16:36:56] [I] Average on 10 runs - GPU latency: 0.426074 ms - Host latency: 0.426074 ms (enqueue 0.00239258 ms)
[06/07/2026-16:36:56] [I] Average on 10 runs - GPU latency: 0.425977 ms - Host latency: 0.425977 ms (enqueue 0.00244141 ms)
[06/07/2026-16:36:56] [I] Average on 10 runs - GPU latency: 0.426025 ms - Host latency: 0.426025 ms (enqueue 0.00214844 ms)
[06/07/2026-16:36:56] [I] Average on 10 runs - GPU latency: 0.426123 ms - Host latency: 0.426123 ms (enqueue 0.00234375 ms)
[06/07/2026-16:36:56] [I] Average on 10 runs - GPU latency: 0.425781 ms - Host latency: 0.425781 ms (enqueue 0.00224609 ms)
[06/07/2026-16:36:56] [I] Average on 10 runs - GPU latency: 0.42583 ms - Host latency: 0.42583 ms (enqueue 0.00234375 ms)
[06/07/2026-16:36:56] [I] Average on 10 runs - GPU latency: 0.425684 ms - Host latency: 0.425684 ms (enqueue 0.00258789 ms)
[06/07/2026-16:36:56] [I] Average on 10 runs - GPU latency: 0.425977 ms - Host latency: 0.425977 ms (enqueue 0.00229492 ms)
[06/07/2026-16:36:56] [I] Average on 10 runs - GPU latency: 0.426074 ms - Host latency: 0.426074 ms (enqueue 0.00239258 ms)
[06/07/2026-16:36:56] [I] Average on 10 runs - GPU latency: 0.425977 ms - Host latency: 0.425977 ms (enqueue 0.00249023 ms)
[06/07/2026-16:36:56] [I] Average on 10 runs - GPU latency: 0.425781 ms - Host latency: 0.425781 ms (enqueue 0.00234375 ms)
[06/07/2026-16:36:56] [I] Average on 10 runs - GPU latency: 0.42583 ms - Host latency: 0.42583 ms (enqueue 0.00239258 ms)
[06/07/2026-16:36:56] [I] Average on 10 runs - GPU latency: 0.425684 ms - Host latency: 0.425684 ms (enqueue 0.00234375 ms)
[06/07/2026-16:36:56] [I] Average on 10 runs - GPU latency: 0.425635 ms - Host latency: 0.425635 ms (enqueue 0.00224609 ms)
[06/07/2026-16:36:56] [I] Average on 10 runs - GPU latency: 0.425928 ms - Host latency: 0.425928 ms (enqueue 0.00224609 ms)
[06/07/2026-16:36:56] [I] Average on 10 runs - GPU latency: 0.425928 ms - Host latency: 0.425928 ms (enqueue 0.00229492 ms)
[06/07/2026-16:36:56] [I] Average on 10 runs - GPU latency: 0.426025 ms - Host latency: 0.426025 ms (enqueue 0.00239258 ms)
[06/07/2026-16:36:56] [I] Average on 10 runs - GPU latency: 0.425684 ms - Host latency: 0.425684 ms (enqueue 0.00244141 ms)
[06/07/2026-16:36:56] [I] Average on 10 runs - GPU latency: 0.426172 ms - Host latency: 0.426172 ms (enqueue 0.00234375 ms)
[06/07/2026-16:36:56] [I] Average on 10 runs - GPU latency: 0.425928 ms - Host latency: 0.425928 ms (enqueue 0.00224609 ms)
[06/07/2026-16:36:56] [I] Average on 10 runs - GPU latency: 0.426025 ms - Host latency: 0.426025 ms (enqueue 0.00234375 ms)
[06/07/2026-16:36:56] [I] Average on 10 runs - GPU latency: 0.425684 ms - Host latency: 0.425684 ms (enqueue 0.00224609 ms)
[06/07/2026-16:36:56] [I] Average on 10 runs - GPU latency: 0.425977 ms - Host latency: 0.425977 ms (enqueue 0.00239258 ms)
[06/07/2026-16:36:56] [I] Average on 10 runs - GPU latency: 0.42583 ms - Host latency: 0.42583 ms (enqueue 0.00239258 ms)
[06/07/2026-16:36:56] [I] Average on 10 runs - GPU latency: 0.42583 ms - Host latency: 0.42583 ms (enqueue 0.00239258 ms)
[06/07/2026-16:36:56] [I] Average on 10 runs - GPU latency: 0.425977 ms - Host latency: 0.425977 ms (enqueue 0.00249023 ms)
[06/07/2026-16:36:56] [I] Average on 10 runs - GPU latency: 0.425879 ms - Host latency: 0.425879 ms (enqueue 0.00214844 ms)
[06/07/2026-16:36:56] [I] Average on 10 runs - GPU latency: 0.426025 ms - Host latency: 0.426025 ms (enqueue 0.00229492 ms)
[06/07/2026-16:36:56] [I] Average on 10 runs - GPU latency: 0.426074 ms - Host latency: 0.426074 ms (enqueue 0.00239258 ms)
[06/07/2026-16:36:56] [I] Average on 10 runs - GPU latency: 0.425879 ms - Host latency: 0.425879 ms (enqueue 0.00224609 ms)
[06/07/2026-16:36:56] [I] Average on 10 runs - GPU latency: 0.426074 ms - Host latency: 0.426074 ms (enqueue 0.00244141 ms)
[06/07/2026-16:36:56] [I] Average on 10 runs - GPU latency: 0.425928 ms - Host latency: 0.425928 ms (enqueue 0.00234375 ms)
[06/07/2026-16:36:56] [I] Average on 10 runs - GPU latency: 0.426074 ms - Host latency: 0.426074 ms (enqueue 0.00224609 ms)
[06/07/2026-16:36:56] [I] Average on 10 runs - GPU latency: 0.42583 ms - Host latency: 0.42583 ms (enqueue 0.00229492 ms)
[06/07/2026-16:36:56] [I] Average on 10 runs - GPU latency: 0.425732 ms - Host latency: 0.425732 ms (enqueue 0.00244141 ms)
[06/07/2026-16:36:56] [I] Average on 10 runs - GPU latency: 0.425977 ms - Host latency: 0.425977 ms (enqueue 0.00224609 ms)
[06/07/2026-16:36:56] [I] Average on 10 runs - GPU latency: 0.425977 ms - Host latency: 0.425977 ms (enqueue 0.00219727 ms)
[06/07/2026-16:36:56] [I] Average on 10 runs - GPU latency: 0.425879 ms - Host latency: 0.425879 ms (enqueue 0.00224609 ms)
[06/07/2026-16:36:56] [I] Average on 10 runs - GPU latency: 0.425684 ms - Host latency: 0.425684 ms (enqueue 0.00224609 ms)
[06/07/2026-16:36:56] [I] Average on 10 runs - GPU latency: 0.425928 ms - Host latency: 0.425928 ms (enqueue 0.00224609 ms)
[06/07/2026-16:36:56] [I] Average on 10 runs - GPU latency: 0.425879 ms - Host latency: 0.425879 ms (enqueue 0.00239258 ms)
[06/07/2026-16:36:56] [I] Average on 10 runs - GPU latency: 0.425684 ms - Host latency: 0.425684 ms (enqueue 0.00239258 ms)
[06/07/2026-16:36:56] [I] Average on 10 runs - GPU latency: 0.425684 ms - Host latency: 0.425684 ms (enqueue 0.00219727 ms)
[06/07/2026-16:36:56] [I] Average on 10 runs - GPU latency: 0.425781 ms - Host latency: 0.425781 ms (enqueue 0.00224609 ms)
[06/07/2026-16:36:56] [I] Average on 10 runs - GPU latency: 0.42583 ms - Host latency: 0.42583 ms (enqueue 0.00229492 ms)
[06/07/2026-16:36:56] [I] Average on 10 runs - GPU latency: 0.425928 ms - Host latency: 0.425928 ms (enqueue 0.00234375 ms)
[06/07/2026-16:36:56] [I] Average on 10 runs - GPU latency: 0.425732 ms - Host latency: 0.425732 ms (enqueue 0.00219727 ms)
[06/07/2026-16:36:56] [I] Average on 10 runs - GPU latency: 0.426025 ms - Host latency: 0.426025 ms (enqueue 0.00239258 ms)
[06/07/2026-16:36:56] [I] Average on 10 runs - GPU latency: 0.426074 ms - Host latency: 0.426074 ms (enqueue 0.00224609 ms)
[06/07/2026-16:36:56] [I] Average on 10 runs - GPU latency: 0.426123 ms - Host latency: 0.426123 ms (enqueue 0.00244141 ms)
[06/07/2026-16:36:56] [I] Average on 10 runs - GPU latency: 0.425977 ms - Host latency: 0.425977 ms (enqueue 0.00224609 ms)
[06/07/2026-16:36:56] [I] Average on 10 runs - GPU latency: 0.425928 ms - Host latency: 0.425928 ms (enqueue 0.00244141 ms)
[06/07/2026-16:36:56] [I] Average on 10 runs - GPU latency: 0.426123 ms - Host latency: 0.426123 ms (enqueue 0.00229492 ms)
[06/07/2026-16:36:56] [I] Average on 10 runs - GPU latency: 0.425781 ms - Host latency: 0.425781 ms (enqueue 0.00229492 ms)
[06/07/2026-16:36:56] [I] Average on 10 runs - GPU latency: 0.426074 ms - Host latency: 0.426074 ms (enqueue 0.00234375 ms)
[06/07/2026-16:36:56] [I] Average on 10 runs - GPU latency: 0.425977 ms - Host latency: 0.425977 ms (enqueue 0.00234375 ms)
[06/07/2026-16:36:56] [I] Average on 10 runs - GPU latency: 0.425928 ms - Host latency: 0.425928 ms (enqueue 0.00239258 ms)
[06/07/2026-16:36:56] [I] Average on 10 runs - GPU latency: 0.42583 ms - Host latency: 0.42583 ms (enqueue 0.00239258 ms)
[06/07/2026-16:36:56] [I] Average on 10 runs - GPU latency: 0.42583 ms - Host latency: 0.42583 ms (enqueue 0.00244141 ms)
[06/07/2026-16:36:56] [I] Average on 10 runs - GPU latency: 0.425977 ms - Host latency: 0.425977 ms (enqueue 0.00249023 ms)
[06/07/2026-16:36:56] [I] Average on 10 runs - GPU latency: 0.425635 ms - Host latency: 0.425635 ms (enqueue 0.00219727 ms)
[06/07/2026-16:36:56] [I] Average on 10 runs - GPU latency: 0.426025 ms - Host latency: 0.426025 ms (enqueue 0.00234375 ms)
[06/07/2026-16:36:56] [I] Average on 10 runs - GPU latency: 0.42583 ms - Host latency: 0.42583 ms (enqueue 0.00234375 ms)
[06/07/2026-16:36:56] [I] Average on 10 runs - GPU latency: 0.426123 ms - Host latency: 0.426123 ms (enqueue 0.00224609 ms)
[06/07/2026-16:36:56] [I] Average on 10 runs - GPU latency: 0.425781 ms - Host latency: 0.425781 ms (enqueue 0.00229492 ms)
[06/07/2026-16:36:56] [I] Average on 10 runs - GPU latency: 0.42583 ms - Host latency: 0.42583 ms (enqueue 0.00229492 ms)
[06/07/2026-16:36:56] [I] Average on 10 runs - GPU latency: 0.425879 ms - Host latency: 0.425879 ms (enqueue 0.00229492 ms)
[06/07/2026-16:36:56] [I] Average on 10 runs - GPU latency: 0.426074 ms - Host latency: 0.426074 ms (enqueue 0.00209961 ms)
[06/07/2026-16:36:56] [I] Average on 10 runs - GPU latency: 0.425781 ms - Host latency: 0.425781 ms (enqueue 0.00214844 ms)
[06/07/2026-16:36:56] [I] Average on 10 runs - GPU latency: 0.42583 ms - Host latency: 0.42583 ms (enqueue 0.00219727 ms)
[06/07/2026-16:36:56] [I] Average on 10 runs - GPU latency: 0.425879 ms - Host latency: 0.425879 ms (enqueue 0.00234375 ms)
[06/07/2026-16:36:56] [I] Average on 10 runs - GPU latency: 0.425732 ms - Host latency: 0.425732 ms (enqueue 0.00224609 ms)
[06/07/2026-16:36:56] [I] Average on 10 runs - GPU latency: 0.426025 ms - Host latency: 0.426025 ms (enqueue 0.00229492 ms)
[06/07/2026-16:36:56] [I] Average on 10 runs - GPU latency: 0.425977 ms - Host latency: 0.425977 ms (enqueue 0.00229492 ms)
[06/07/2026-16:36:56] [I] Average on 10 runs - GPU latency: 0.425977 ms - Host latency: 0.425977 ms (enqueue 0.00229492 ms)
[06/07/2026-16:36:56] [I] Average on 10 runs - GPU latency: 0.425879 ms - Host latency: 0.425879 ms (enqueue 0.00234375 ms)
[06/07/2026-16:36:56] [I] Average on 10 runs - GPU latency: 0.426074 ms - Host latency: 0.426074 ms (enqueue 0.00224609 ms)
[06/07/2026-16:36:56] [I] Average on 10 runs - GPU latency: 0.425879 ms - Host latency: 0.425879 ms (enqueue 0.00234375 ms)
[06/07/2026-16:36:56] [I] Average on 10 runs - GPU latency: 0.425684 ms - Host latency: 0.425684 ms (enqueue 0.00244141 ms)
[06/07/2026-16:36:56] [I] Average on 10 runs - GPU latency: 0.425879 ms - Host latency: 0.425879 ms (enqueue 0.00224609 ms)
[06/07/2026-16:36:56] [I] Average on 10 runs - GPU latency: 0.425977 ms - Host latency: 0.425977 ms (enqueue 0.00234375 ms)
[06/07/2026-16:36:56] [I] Average on 10 runs - GPU latency: 0.42583 ms - Host latency: 0.42583 ms (enqueue 0.00214844 ms)
[06/07/2026-16:36:56] [I] Average on 10 runs - GPU latency: 0.425977 ms - Host latency: 0.425977 ms (enqueue 0.00214844 ms)
[06/07/2026-16:36:56] [I] Average on 10 runs - GPU latency: 0.425586 ms - Host latency: 0.425586 ms (enqueue 0.00239258 ms)
[06/07/2026-16:36:56] [I] Average on 10 runs - GPU latency: 0.425928 ms - Host latency: 0.425928 ms (enqueue 0.00209961 ms)
[06/07/2026-16:36:56] [I] Average on 10 runs - GPU latency: 0.425977 ms - Host latency: 0.425977 ms (enqueue 0.00224609 ms)
[06/07/2026-16:36:56] [I] Average on 10 runs - GPU latency: 0.426025 ms - Host latency: 0.426025 ms (enqueue 0.00234375 ms)
[06/07/2026-16:36:56] [I] Average on 10 runs - GPU latency: 0.426074 ms - Host latency: 0.426074 ms (enqueue 0.00234375 ms)
[06/07/2026-16:36:56] [I] Average on 10 runs - GPU latency: 0.425928 ms - Host latency: 0.425928 ms (enqueue 0.00249023 ms)
[06/07/2026-16:36:56] [I] Average on 10 runs - GPU latency: 0.42583 ms - Host latency: 0.42583 ms (enqueue 0.00214844 ms)
[06/07/2026-16:36:56] [I] Average on 10 runs - GPU latency: 0.426025 ms - Host latency: 0.426025 ms (enqueue 0.00219727 ms)
[06/07/2026-16:36:56] [I] Average on 10 runs - GPU latency: 0.425781 ms - Host latency: 0.425781 ms (enqueue 0.00244141 ms)
[06/07/2026-16:36:56] [I] Average on 10 runs - GPU latency: 0.426172 ms - Host latency: 0.426172 ms (enqueue 0.00234375 ms)
[06/07/2026-16:36:56] [I] Average on 10 runs - GPU latency: 0.426074 ms - Host latency: 0.426074 ms (enqueue 0.00224609 ms)
[06/07/2026-16:36:56] [I] Average on 10 runs - GPU latency: 0.425732 ms - Host latency: 0.425732 ms (enqueue 0.00224609 ms)
[06/07/2026-16:36:56] [I] Average on 10 runs - GPU latency: 0.425977 ms - Host latency: 0.425977 ms (enqueue 0.00234375 ms)
[06/07/2026-16:36:56] [I] Average on 10 runs - GPU latency: 0.426123 ms - Host latency: 0.426123 ms (enqueue 0.00253906 ms)
[06/07/2026-16:36:56] [I] Average on 10 runs - GPU latency: 0.426074 ms - Host latency: 0.426074 ms (enqueue 0.00239258 ms)
[06/07/2026-16:36:56] [I] Average on 10 runs - GPU latency: 0.425879 ms - Host latency: 0.425879 ms (enqueue 0.00229492 ms)
[06/07/2026-16:36:56] [I] Average on 10 runs - GPU latency: 0.425732 ms - Host latency: 0.425732 ms (enqueue 0.00219727 ms)
[06/07/2026-16:36:56] [I] Average on 10 runs - GPU latency: 0.425879 ms - Host latency: 0.425879 ms (enqueue 0.00234375 ms)
[06/07/2026-16:36:56] [I] Average on 10 runs - GPU latency: 0.425635 ms - Host latency: 0.425635 ms (enqueue 0.00224609 ms)
[06/07/2026-16:36:56] [I] Average on 10 runs - GPU latency: 0.425879 ms - Host latency: 0.425879 ms (enqueue 0.00234375 ms)
[06/07/2026-16:36:56] [I] Average on 10 runs - GPU latency: 0.425586 ms - Host latency: 0.425586 ms (enqueue 0.00229492 ms)
[06/07/2026-16:36:56] [I] Average on 10 runs - GPU latency: 0.425781 ms - Host latency: 0.425781 ms (enqueue 0.00224609 ms)
[06/07/2026-16:36:56] [I] Average on 10 runs - GPU latency: 0.425977 ms - Host latency: 0.425977 ms (enqueue 0.00234375 ms)
[06/07/2026-16:36:56] [I] Average on 10 runs - GPU latency: 0.426025 ms - Host latency: 0.426025 ms (enqueue 0.00239258 ms)
[06/07/2026-16:36:56] [I] Average on 10 runs - GPU latency: 0.425684 ms - Host latency: 0.425684 ms (enqueue 0.00224609 ms)
[06/07/2026-16:36:56] [I] Average on 10 runs - GPU latency: 0.426025 ms - Host latency: 0.426025 ms (enqueue 0.00219727 ms)
[06/07/2026-16:36:56] [I] Average on 10 runs - GPU latency: 0.426025 ms - Host latency: 0.426025 ms (enqueue 0.00224609 ms)
[06/07/2026-16:36:56] [I] Average on 10 runs - GPU latency: 0.426025 ms - Host latency: 0.426025 ms (enqueue 0.00239258 ms)
[06/07/2026-16:36:56] [I] Average on 10 runs - GPU latency: 0.425879 ms - Host latency: 0.425879 ms (enqueue 0.00229492 ms)
[06/07/2026-16:36:56] [I] Average on 10 runs - GPU latency: 0.426025 ms - Host latency: 0.426025 ms (enqueue 0.00234375 ms)
[06/07/2026-16:36:56] [I] Average on 10 runs - GPU latency: 0.425977 ms - Host latency: 0.425977 ms (enqueue 0.00234375 ms)
[06/07/2026-16:36:56] [I] Average on 10 runs - GPU latency: 0.425879 ms - Host latency: 0.425879 ms (enqueue 0.00234375 ms)
[06/07/2026-16:36:56] [I] Average on 10 runs - GPU latency: 0.425928 ms - Host latency: 0.425928 ms (enqueue 0.00234375 ms)
[06/07/2026-16:36:56] [I] Average on 10 runs - GPU latency: 0.425879 ms - Host latency: 0.425879 ms (enqueue 0.00224609 ms)
[06/07/2026-16:36:56] [I] Average on 10 runs - GPU latency: 0.425781 ms - Host latency: 0.425781 ms (enqueue 0.00214844 ms)
[06/07/2026-16:36:56] [I] Average on 10 runs - GPU latency: 0.425879 ms - Host latency: 0.425879 ms (enqueue 0.00249023 ms)
[06/07/2026-16:36:56] [I] Average on 10 runs - GPU latency: 0.425879 ms - Host latency: 0.425879 ms (enqueue 0.00224609 ms)
[06/07/2026-16:36:56] [I] Average on 10 runs - GPU latency: 0.425879 ms - Host latency: 0.425879 ms (enqueue 0.00224609 ms)
[06/07/2026-16:36:56] [I] Average on 10 runs - GPU latency: 0.425537 ms - Host latency: 0.425537 ms (enqueue 0.00229492 ms)
[06/07/2026-16:36:56] [I] Average on 10 runs - GPU latency: 0.425977 ms - Host latency: 0.425977 ms (enqueue 0.00239258 ms)
[06/07/2026-16:36:56] [I] Average on 10 runs - GPU latency: 0.42583 ms - Host latency: 0.42583 ms (enqueue 0.00224609 ms)
[06/07/2026-16:36:56] [I] Average on 10 runs - GPU latency: 0.425879 ms - Host latency: 0.425879 ms (enqueue 0.00249023 ms)
[06/07/2026-16:36:56] [I] Average on 10 runs - GPU latency: 0.426025 ms - Host latency: 0.426025 ms (enqueue 0.00224609 ms)
[06/07/2026-16:36:56] [I] Average on 10 runs - GPU latency: 0.426123 ms - Host latency: 0.426123 ms (enqueue 0.00224609 ms)
[06/07/2026-16:36:56] [I] Average on 10 runs - GPU latency: 0.425879 ms - Host latency: 0.425879 ms (enqueue 0.00229492 ms)
[06/07/2026-16:36:56] [I] Average on 10 runs - GPU latency: 0.426025 ms - Host latency: 0.426025 ms (enqueue 0.00234375 ms)
[06/07/2026-16:36:56] [I] Average on 10 runs - GPU latency: 0.426074 ms - Host latency: 0.426074 ms (enqueue 0.00229492 ms)
[06/07/2026-16:36:56] [I] Average on 10 runs - GPU latency: 0.425928 ms - Host latency: 0.425928 ms (enqueue 0.00229492 ms)
[06/07/2026-16:36:56] [I] Average on 10 runs - GPU latency: 0.425684 ms - Host latency: 0.425684 ms (enqueue 0.00249023 ms)
[06/07/2026-16:36:56] [I] Average on 10 runs - GPU latency: 0.426074 ms - Host latency: 0.426074 ms (enqueue 0.00239258 ms)
[06/07/2026-16:36:56] [I] Average on 10 runs - GPU latency: 0.425977 ms - Host latency: 0.425977 ms (enqueue 0.00224609 ms)
[06/07/2026-16:36:56] [I] Average on 10 runs - GPU latency: 0.425977 ms - Host latency: 0.425977 ms (enqueue 0.00229492 ms)
[06/07/2026-16:36:56] [I] Average on 10 runs - GPU latency: 0.425684 ms - Host latency: 0.425684 ms (enqueue 0.00224609 ms)
[06/07/2026-16:36:56] [I] Average on 10 runs - GPU latency: 0.426025 ms - Host latency: 0.426025 ms (enqueue 0.00229492 ms)
[06/07/2026-16:36:56] [I] Average on 10 runs - GPU latency: 0.426074 ms - Host latency: 0.426074 ms (enqueue 0.00224609 ms)
[06/07/2026-16:36:56] [I] Average on 10 runs - GPU latency: 0.426074 ms - Host latency: 0.426074 ms (enqueue 0.00244141 ms)
[06/07/2026-16:36:56] [I] Average on 10 runs - GPU latency: 0.426074 ms - Host latency: 0.426074 ms (enqueue 0.00234375 ms)
[06/07/2026-16:36:56] [I] Average on 10 runs - GPU latency: 0.426074 ms - Host latency: 0.426074 ms (enqueue 0.00229492 ms)
[06/07/2026-16:36:56] [I] Average on 10 runs - GPU latency: 0.425879 ms - Host latency: 0.425879 ms (enqueue 0.00229492 ms)
[06/07/2026-16:36:56] [I] Average on 10 runs - GPU latency: 0.425928 ms - Host latency: 0.425928 ms (enqueue 0.00239258 ms)
[06/07/2026-16:36:56] [I] Average on 10 runs - GPU latency: 0.425732 ms - Host latency: 0.425732 ms (enqueue 0.00239258 ms)
[06/07/2026-16:36:56] [I] Average on 10 runs - GPU latency: 0.425879 ms - Host latency: 0.425879 ms (enqueue 0.00229492 ms)
[06/07/2026-16:36:56] [I] Average on 10 runs - GPU latency: 0.425977 ms - Host latency: 0.425977 ms (enqueue 0.00224609 ms)
[06/07/2026-16:36:56] [I] Average on 10 runs - GPU latency: 0.425879 ms - Host latency: 0.425879 ms (enqueue 0.00239258 ms)
[06/07/2026-16:36:56] [I] Average on 10 runs - GPU latency: 0.426025 ms - Host latency: 0.426025 ms (enqueue 0.00263672 ms)
[06/07/2026-16:36:56] [I] Average on 10 runs - GPU latency: 0.425928 ms - Host latency: 0.425928 ms (enqueue 0.00249023 ms)
[06/07/2026-16:36:56] [I] Average on 10 runs - GPU latency: 0.425781 ms - Host latency: 0.425781 ms (enqueue 0.00224609 ms)
[06/07/2026-16:36:56] [I] Average on 10 runs - GPU latency: 0.425537 ms - Host latency: 0.425537 ms (enqueue 0.00234375 ms)
[06/07/2026-16:36:56] [I] Average on 10 runs - GPU latency: 0.426123 ms - Host latency: 0.426123 ms (enqueue 0.00224609 ms)
[06/07/2026-16:36:56] [I] Average on 10 runs - GPU latency: 0.425928 ms - Host latency: 0.425928 ms (enqueue 0.00239258 ms)
[06/07/2026-16:36:56] [I] Average on 10 runs - GPU latency: 0.425977 ms - Host latency: 0.425977 ms (enqueue 0.00244141 ms)
[06/07/2026-16:36:56] [I] Average on 10 runs - GPU latency: 0.425732 ms - Host latency: 0.425732 ms (enqueue 0.00214844 ms)
[06/07/2026-16:36:56] [I] Average on 10 runs - GPU latency: 0.425928 ms - Host latency: 0.425928 ms (enqueue 0.00219727 ms)
[06/07/2026-16:36:56] [I] 
[06/07/2026-16:36:56] [I] === Performance summary ===
[06/07/2026-16:36:56] [I] Throughput: 2339.81 qps
[06/07/2026-16:36:56] [I] Latency: min = 0.424805 ms, max = 0.427246 ms, mean = 0.425883 ms, median = 0.426025 ms, percentile(99%) = 0.427246 ms
[06/07/2026-16:36:56] [I] Enqueue Time: min = 0.00195312 ms, max = 0.00732422 ms, mean = 0.00233765 ms, median = 0.00244141 ms, percentile(99%) = 0.00292969 ms
[06/07/2026-16:36:56] [I] H2D Latency: min = 0 ms, max = 0 ms, mean = 0 ms, median = 0 ms, percentile(99%) = 0 ms
[06/07/2026-16:36:56] [I] GPU Compute Time: min = 0.424805 ms, max = 0.427246 ms, mean = 0.425883 ms, median = 0.426025 ms, percentile(99%) = 0.427246 ms
[06/07/2026-16:36:56] [I] D2H Latency: min = 0 ms, max = 0 ms, mean = 0 ms, median = 0 ms, percentile(99%) = 0 ms
[06/07/2026-16:36:56] [I] Total Host Walltime: 6.00092 s
[06/07/2026-16:36:56] [I] Total GPU Compute Time: 5.97982 s
[06/07/2026-16:36:56] [I] Explanations of the performance metrics are printed in the verbose logs.
[06/07/2026-16:36:56] [I] 
&&&& PASSED TensorRT.trtexec [TensorRT v101401] [b48] # trtexec --loadEngine=/work/trt_bench_streams/engines/yolo26n_b1.engine --streams=1 --useCudaGraph --useSpinWait --noDataTransfers --warmUp=2000 --duration=6 --percentile=99
