&&&& RUNNING TensorRT.trtexec [TensorRT v101401] [b48] # trtexec --loadEngine=/work/trt_bench_streams/engines/yolo26s_b16.engine --streams=8 --useCudaGraph --useSpinWait --noDataTransfers --warmUp=2000 --duration=6 --percentile=99
[06/07/2026-16:17:09] [I] TF32 is enabled by default. Add --noTF32 flag to further improve accuracy with some performance cost.
[06/07/2026-16:17:09] [W] --streams flag has been deprecated, use --infStreams flag instead.
[06/07/2026-16:17:09] [I] === Model Options ===
[06/07/2026-16:17:09] [I] Format: *
[06/07/2026-16:17:09] [I] Model: 
[06/07/2026-16:17:09] [I] Output:
[06/07/2026-16:17:09] [I] 
[06/07/2026-16:17:09] [I] === System Options ===
[06/07/2026-16:17:09] [I] Device: 0
[06/07/2026-16:17:09] [I] DLACore: 
[06/07/2026-16:17:09] [I] Plugins:
[06/07/2026-16:17:09] [I] setPluginsToSerialize:
[06/07/2026-16:17:09] [I] dynamicPlugins:
[06/07/2026-16:17:09] [I] ignoreParsedPluginLibs: 0
[06/07/2026-16:17:09] [I] 
[06/07/2026-16:17:09] [I] === Inference Options ===
[06/07/2026-16:17:09] [I] Batch: Explicit
[06/07/2026-16:17:09] [I] Input inference shapes: model
[06/07/2026-16:17:09] [I] Iterations: 10
[06/07/2026-16:17:09] [I] Duration: 6s (+ 2000ms warm up)
[06/07/2026-16:17:09] [I] Sleep time: 0ms
[06/07/2026-16:17:09] [I] Idle time: 0ms
[06/07/2026-16:17:09] [I] Inference Streams: 8
[06/07/2026-16:17:09] [I] ExposeDMA: Disabled
[06/07/2026-16:17:09] [I] Data transfers: Disabled
[06/07/2026-16:17:09] [I] Spin-wait: Enabled
[06/07/2026-16:17:09] [I] Multithreading: Disabled
[06/07/2026-16:17:09] [I] CUDA Graph: Enabled
[06/07/2026-16:17:09] [I] Separate profiling: Disabled
[06/07/2026-16:17:09] [I] Time Deserialize: Disabled
[06/07/2026-16:17:09] [I] Time Refit: Disabled
[06/07/2026-16:17:09] [I] NVTX verbosity: 0
[06/07/2026-16:17:09] [I] Persistent Cache Ratio: 0
[06/07/2026-16:17:09] [I] Optimization Profile Index: 0
[06/07/2026-16:17:09] [I] Weight Streaming Budget: 100.000000%
[06/07/2026-16:17:09] [I] Inputs:
[06/07/2026-16:17:09] [I] Debug Tensor Save Destinations:
[06/07/2026-16:17:09] [I] Dump All Debug Tensor in Formats: 
[06/07/2026-16:17:09] [I] === Reporting Options ===
[06/07/2026-16:17:09] [I] Verbose: Disabled
[06/07/2026-16:17:09] [I] Averages: 10 inferences
[06/07/2026-16:17:09] [I] Percentiles: 99
[06/07/2026-16:17:09] [I] Dump refittable layers:Disabled
[06/07/2026-16:17:09] [I] Dump output: Disabled
[06/07/2026-16:17:09] [I] Profile: Disabled
[06/07/2026-16:17:09] [I] Export timing to JSON file: 
[06/07/2026-16:17:09] [I] Export output to JSON file: 
[06/07/2026-16:17:09] [I] Export profile to JSON file: 
[06/07/2026-16:17:09] [I] 
[06/07/2026-16:17:09] [I] === Device Information ===
[06/07/2026-16:17:09] [I] Available Devices: 
[06/07/2026-16:17:09] [I]   Device 0: "NVIDIA GeForce RTX 4090" UUID: GPU-ecde2256-9c06-55af-a9e9-f5ddb7072ede
[06/07/2026-16:17:09] [I] Selected Device: NVIDIA GeForce RTX 4090
[06/07/2026-16:17:09] [I] Selected Device ID: 0
[06/07/2026-16:17:09] [I] Selected Device UUID: GPU-ecde2256-9c06-55af-a9e9-f5ddb7072ede
[06/07/2026-16:17:09] [I] Compute Capability: 8.9
[06/07/2026-16:17:09] [I] SMs: 128
[06/07/2026-16:17:09] [I] Device Global Memory: 24080 MiB
[06/07/2026-16:17:09] [I] Shared Memory per SM: 100 KiB
[06/07/2026-16:17:09] [I] Memory Bus Width: 384 bits (ECC disabled)
[06/07/2026-16:17:09] [I] Application Compute Clock Rate: 2.55 GHz
[06/07/2026-16:17:09] [I] Application Memory Clock Rate: 10.501 GHz
[06/07/2026-16:17:09] [I] 
[06/07/2026-16:17:09] [I] Note: The application clock rates do not reflect the actual clock rates that the GPU is currently running at.
[06/07/2026-16:17:09] [I] 
[06/07/2026-16:17:09] [I] TensorRT version: 10.14.1
[06/07/2026-16:17:09] [I] Loading standard plugins
[06/07/2026-16:17:09] [I] [TRT] Loaded engine size: 21 MiB
[06/07/2026-16:17:09] [I] Engine deserialized in 0.0590283 sec.
[06/07/2026-16:17:09] [I] [TRT] [MemUsageChange] TensorRT-managed allocation in IExecutionContext creation: CPU +0, GPU +136, now: CPU 0, GPU 154 (MiB)
[06/07/2026-16:17:09] [I] Setting persistentCacheLimit to 0 bytes.
[06/07/2026-16:17:09] [I] [TRT] [MemUsageChange] TensorRT-managed allocation in IExecutionContext creation: CPU +1, GPU +136, now: CPU 1, GPU 290 (MiB)
[06/07/2026-16:17:09] [I] Setting persistentCacheLimit to 0 bytes.
[06/07/2026-16:17:09] [I] [TRT] [MemUsageChange] TensorRT-managed allocation in IExecutionContext creation: CPU +1, GPU +136, now: CPU 2, GPU 426 (MiB)
[06/07/2026-16:17:09] [I] Setting persistentCacheLimit to 0 bytes.
[06/07/2026-16:17:09] [I] [TRT] [MemUsageChange] TensorRT-managed allocation in IExecutionContext creation: CPU +0, GPU +137, now: CPU 2, GPU 563 (MiB)
[06/07/2026-16:17:09] [I] Setting persistentCacheLimit to 0 bytes.
[06/07/2026-16:17:09] [I] [TRT] [MemUsageChange] TensorRT-managed allocation in IExecutionContext creation: CPU +1, GPU +136, now: CPU 3, GPU 699 (MiB)
[06/07/2026-16:17:09] [I] Setting persistentCacheLimit to 0 bytes.
[06/07/2026-16:17:09] [I] [TRT] [MemUsageChange] TensorRT-managed allocation in IExecutionContext creation: CPU +0, GPU +136, now: CPU 3, GPU 835 (MiB)
[06/07/2026-16:17:09] [I] Setting persistentCacheLimit to 0 bytes.
[06/07/2026-16:17:09] [I] [TRT] [MemUsageChange] TensorRT-managed allocation in IExecutionContext creation: CPU +1, GPU +137, now: CPU 4, GPU 972 (MiB)
[06/07/2026-16:17:09] [I] Setting persistentCacheLimit to 0 bytes.
[06/07/2026-16:17:09] [I] [TRT] [MemUsageChange] TensorRT-managed allocation in IExecutionContext creation: CPU +0, GPU +136, now: CPU 4, GPU 1108 (MiB)
[06/07/2026-16:17:09] [I] Setting persistentCacheLimit to 0 bytes.
[06/07/2026-16:17:09] [I] Created execution context with device memory size: 136.281 MiB
[06/07/2026-16:17:09] [I] Created execution context with device memory size: 136.281 MiB
[06/07/2026-16:17:09] [I] Created execution context with device memory size: 136.281 MiB
[06/07/2026-16:17:09] [I] Created execution context with device memory size: 136.281 MiB
[06/07/2026-16:17:09] [I] Created execution context with device memory size: 136.281 MiB
[06/07/2026-16:17:09] [I] Created execution context with device memory size: 136.281 MiB
[06/07/2026-16:17:09] [I] Created execution context with device memory size: 136.281 MiB
[06/07/2026-16:17:09] [I] Created execution context with device memory size: 136.281 MiB
[06/07/2026-16:17:09] [I] Using random values for input images
[06/07/2026-16:17:09] [I] Input binding for images with dimensions 16x3x448x448 is created.
[06/07/2026-16:17:09] [I] Using random values for input images
[06/07/2026-16:17:09] [I] Input binding for images with dimensions 16x3x448x448 is created.
[06/07/2026-16:17:09] [I] Using random values for input images
[06/07/2026-16:17:09] [I] Input binding for images with dimensions 16x3x448x448 is created.
[06/07/2026-16:17:09] [I] Using random values for input images
[06/07/2026-16:17:09] [I] Input binding for images with dimensions 16x3x448x448 is created.
[06/07/2026-16:17:09] [I] Using random values for input images
[06/07/2026-16:17:09] [I] Input binding for images with dimensions 16x3x448x448 is created.
[06/07/2026-16:17:09] [I] Using random values for input images
[06/07/2026-16:17:09] [I] Input binding for images with dimensions 16x3x448x448 is created.
[06/07/2026-16:17:09] [I] Using random values for input images
[06/07/2026-16:17:09] [I] Input binding for images with dimensions 16x3x448x448 is created.
[06/07/2026-16:17:09] [I] Using random values for input images
[06/07/2026-16:17:09] [I] Input binding for images with dimensions 16x3x448x448 is created.
[06/07/2026-16:17:09] [I] Output binding for output0 with dimensions 16x300x6 is created.
[06/07/2026-16:17:09] [I] Output binding for output0 with dimensions 16x300x6 is created.
[06/07/2026-16:17:09] [I] Output binding for output0 with dimensions 16x300x6 is created.
[06/07/2026-16:17:09] [I] Output binding for output0 with dimensions 16x300x6 is created.
[06/07/2026-16:17:09] [I] Output binding for output0 with dimensions 16x300x6 is created.
[06/07/2026-16:17:09] [I] Output binding for output0 with dimensions 16x300x6 is created.
[06/07/2026-16:17:09] [I] Output binding for output0 with dimensions 16x300x6 is created.
[06/07/2026-16:17:09] [I] Output binding for output0 with dimensions 16x300x6 is created.
[06/07/2026-16:17:09] [I] Starting inference
[06/07/2026-16:17:09] [I] Capturing CUDA graph for the current execution context
[06/07/2026-16:17:09] [I] Successfully captured CUDA graph for the current execution context
[06/07/2026-16:17:09] [I] Capturing CUDA graph for the current execution context
[06/07/2026-16:17:09] [I] Successfully captured CUDA graph for the current execution context
[06/07/2026-16:17:09] [I] Capturing CUDA graph for the current execution context
[06/07/2026-16:17:09] [I] Successfully captured CUDA graph for the current execution context
[06/07/2026-16:17:09] [I] Capturing CUDA graph for the current execution context
[06/07/2026-16:17:09] [I] Successfully captured CUDA graph for the current execution context
[06/07/2026-16:17:09] [I] Capturing CUDA graph for the current execution context
[06/07/2026-16:17:09] [I] Successfully captured CUDA graph for the current execution context
[06/07/2026-16:17:09] [I] Capturing CUDA graph for the current execution context
[06/07/2026-16:17:09] [I] Successfully captured CUDA graph for the current execution context
[06/07/2026-16:17:09] [I] Capturing CUDA graph for the current execution context
[06/07/2026-16:17:09] [I] Successfully captured CUDA graph for the current execution context
[06/07/2026-16:17:09] [I] Capturing CUDA graph for the current execution context
[06/07/2026-16:17:09] [I] Successfully captured CUDA graph for the current execution context
[06/07/2026-16:17:17] [I] Warmup completed 740 queries over 2000 ms
[06/07/2026-16:17:17] [I] Timing trace has 2340 queries over 6.04551 s
[06/07/2026-16:17:17] [I] 
[06/07/2026-16:17:17] [I] === Trace details ===
[06/07/2026-16:17:17] [I] Trace averages of 10 runs:
[06/07/2026-16:17:17] [I] Average on 10 runs - GPU latency: 20.7832 ms - Host latency: 20.7832 ms (enqueue 0.00253906 ms)
[06/07/2026-16:17:17] [I] Average on 10 runs - GPU latency: 20.6343 ms - Host latency: 20.6343 ms (enqueue 0.00252686 ms)
[06/07/2026-16:17:17] [I] Average on 10 runs - GPU latency: 20.575 ms - Host latency: 20.575 ms (enqueue 0.00249023 ms)
[06/07/2026-16:17:17] [I] Average on 10 runs - GPU latency: 20.2695 ms - Host latency: 20.2695 ms (enqueue 0.00253906 ms)
[06/07/2026-16:17:17] [I] Average on 10 runs - GPU latency: 20.4168 ms - Host latency: 20.4168 ms (enqueue 0.0026123 ms)
[06/07/2026-16:17:17] [I] Average on 10 runs - GPU latency: 20.5801 ms - Host latency: 20.5801 ms (enqueue 0.00256348 ms)
[06/07/2026-16:17:17] [I] Average on 10 runs - GPU latency: 20.4216 ms - Host latency: 20.4216 ms (enqueue 0.00249023 ms)
[06/07/2026-16:17:17] [I] Average on 10 runs - GPU latency: 20.4998 ms - Host latency: 20.4998 ms (enqueue 0.00249023 ms)
[06/07/2026-16:17:17] [I] Average on 10 runs - GPU latency: 20.7684 ms - Host latency: 20.7684 ms (enqueue 0.00241699 ms)
[06/07/2026-16:17:17] [I] Average on 10 runs - GPU latency: 20.7656 ms - Host latency: 20.7656 ms (enqueue 0.00251465 ms)
[06/07/2026-16:17:17] [I] Average on 10 runs - GPU latency: 20.6641 ms - Host latency: 20.6641 ms (enqueue 0.00229492 ms)
[06/07/2026-16:17:17] [I] Average on 10 runs - GPU latency: 20.6531 ms - Host latency: 20.6531 ms (enqueue 0.00249023 ms)
[06/07/2026-16:17:17] [I] Average on 10 runs - GPU latency: 20.7149 ms - Host latency: 20.7149 ms (enqueue 0.00249023 ms)
[06/07/2026-16:17:17] [I] Average on 10 runs - GPU latency: 20.6168 ms - Host latency: 20.6168 ms (enqueue 0.00249023 ms)
[06/07/2026-16:17:17] [I] Average on 10 runs - GPU latency: 20.51 ms - Host latency: 20.51 ms (enqueue 0.00249023 ms)
[06/07/2026-16:17:17] [I] Average on 10 runs - GPU latency: 20.8255 ms - Host latency: 20.8255 ms (enqueue 0.00244141 ms)
[06/07/2026-16:17:17] [I] Average on 10 runs - GPU latency: 20.7014 ms - Host latency: 20.7014 ms (enqueue 0.00256348 ms)
[06/07/2026-16:17:17] [I] Average on 10 runs - GPU latency: 20.5871 ms - Host latency: 20.5871 ms (enqueue 0.00251465 ms)
[06/07/2026-16:17:17] [I] Average on 10 runs - GPU latency: 20.5527 ms - Host latency: 20.5527 ms (enqueue 0.00256348 ms)
[06/07/2026-16:17:17] [I] Average on 10 runs - GPU latency: 20.6823 ms - Host latency: 20.6823 ms (enqueue 0.00305176 ms)
[06/07/2026-16:17:17] [I] Average on 10 runs - GPU latency: 20.4959 ms - Host latency: 20.4959 ms (enqueue 0.00249023 ms)
[06/07/2026-16:17:17] [I] Average on 10 runs - GPU latency: 20.5515 ms - Host latency: 20.5515 ms (enqueue 0.00246582 ms)
[06/07/2026-16:17:17] [I] Average on 10 runs - GPU latency: 20.4358 ms - Host latency: 20.4358 ms (enqueue 0.00253906 ms)
[06/07/2026-16:17:17] [I] Average on 10 runs - GPU latency: 20.4024 ms - Host latency: 20.4024 ms (enqueue 0.00246582 ms)
[06/07/2026-16:17:17] [I] Average on 10 runs - GPU latency: 20.5732 ms - Host latency: 20.5732 ms (enqueue 0.00251465 ms)
[06/07/2026-16:17:17] [I] Average on 10 runs - GPU latency: 20.7608 ms - Host latency: 20.7608 ms (enqueue 0.00241699 ms)
[06/07/2026-16:17:17] [I] Average on 10 runs - GPU latency: 20.746 ms - Host latency: 20.746 ms (enqueue 0.00251465 ms)
[06/07/2026-16:17:17] [I] Average on 10 runs - GPU latency: 20.8266 ms - Host latency: 20.8266 ms (enqueue 0.00246582 ms)
[06/07/2026-16:17:17] [I] Average on 10 runs - GPU latency: 20.7015 ms - Host latency: 20.7015 ms (enqueue 0.00258789 ms)
[06/07/2026-16:17:17] [I] Average on 10 runs - GPU latency: 20.6331 ms - Host latency: 20.6331 ms (enqueue 0.00241699 ms)
[06/07/2026-16:17:17] [I] Average on 10 runs - GPU latency: 20.7158 ms - Host latency: 20.7158 ms (enqueue 0.00268555 ms)
[06/07/2026-16:17:17] [I] Average on 10 runs - GPU latency: 20.7643 ms - Host latency: 20.7643 ms (enqueue 0.00256348 ms)
[06/07/2026-16:17:17] [I] Average on 10 runs - GPU latency: 20.7706 ms - Host latency: 20.7706 ms (enqueue 0.0026123 ms)
[06/07/2026-16:17:17] [I] Average on 10 runs - GPU latency: 20.5597 ms - Host latency: 20.5597 ms (enqueue 0.00249023 ms)
[06/07/2026-16:17:17] [I] Average on 10 runs - GPU latency: 20.4168 ms - Host latency: 20.4168 ms (enqueue 0.00258789 ms)
[06/07/2026-16:17:17] [I] Average on 10 runs - GPU latency: 20.5111 ms - Host latency: 20.5111 ms (enqueue 0.00258789 ms)
[06/07/2026-16:17:17] [I] Average on 10 runs - GPU latency: 20.5137 ms - Host latency: 20.5137 ms (enqueue 0.00246582 ms)
[06/07/2026-16:17:17] [I] Average on 10 runs - GPU latency: 20.5098 ms - Host latency: 20.5098 ms (enqueue 0.00244141 ms)
[06/07/2026-16:17:17] [I] Average on 10 runs - GPU latency: 20.311 ms - Host latency: 20.311 ms (enqueue 0.00246582 ms)
[06/07/2026-16:17:17] [I] Average on 10 runs - GPU latency: 20.4845 ms - Host latency: 20.4845 ms (enqueue 0.00251465 ms)
[06/07/2026-16:17:17] [I] Average on 10 runs - GPU latency: 20.6063 ms - Host latency: 20.6063 ms (enqueue 0.00241699 ms)
[06/07/2026-16:17:17] [I] Average on 10 runs - GPU latency: 20.6775 ms - Host latency: 20.6775 ms (enqueue 0.00253906 ms)
[06/07/2026-16:17:17] [I] Average on 10 runs - GPU latency: 20.6382 ms - Host latency: 20.6382 ms (enqueue 0.00249023 ms)
[06/07/2026-16:17:17] [I] Average on 10 runs - GPU latency: 20.6155 ms - Host latency: 20.6155 ms (enqueue 0.00249023 ms)
[06/07/2026-16:17:17] [I] Average on 10 runs - GPU latency: 20.5585 ms - Host latency: 20.5585 ms (enqueue 0.00253906 ms)
[06/07/2026-16:17:17] [I] Average on 10 runs - GPU latency: 20.6702 ms - Host latency: 20.6702 ms (enqueue 0.00251465 ms)
[06/07/2026-16:17:17] [I] Average on 10 runs - GPU latency: 20.5083 ms - Host latency: 20.5083 ms (enqueue 0.00256348 ms)
[06/07/2026-16:17:17] [I] Average on 10 runs - GPU latency: 20.4683 ms - Host latency: 20.4683 ms (enqueue 0.00246582 ms)
[06/07/2026-16:17:17] [I] Average on 10 runs - GPU latency: 20.3847 ms - Host latency: 20.3847 ms (enqueue 0.00241699 ms)
[06/07/2026-16:17:17] [I] Average on 10 runs - GPU latency: 20.4246 ms - Host latency: 20.4246 ms (enqueue 0.00249023 ms)
[06/07/2026-16:17:17] [I] Average on 10 runs - GPU latency: 20.5539 ms - Host latency: 20.5539 ms (enqueue 0.00239258 ms)
[06/07/2026-16:17:17] [I] Average on 10 runs - GPU latency: 20.3876 ms - Host latency: 20.3876 ms (enqueue 0.00251465 ms)
[06/07/2026-16:17:17] [I] Average on 10 runs - GPU latency: 20.4765 ms - Host latency: 20.4765 ms (enqueue 0.00258789 ms)
[06/07/2026-16:17:17] [I] Average on 10 runs - GPU latency: 20.4316 ms - Host latency: 20.4316 ms (enqueue 0.00290527 ms)
[06/07/2026-16:17:17] [I] Average on 10 runs - GPU latency: 20.2545 ms - Host latency: 20.2545 ms (enqueue 0.00683594 ms)
[06/07/2026-16:17:17] [I] Average on 10 runs - GPU latency: 20.3104 ms - Host latency: 20.3104 ms (enqueue 0.00266113 ms)
[06/07/2026-16:17:17] [I] Average on 10 runs - GPU latency: 20.3429 ms - Host latency: 20.3429 ms (enqueue 0.00251465 ms)
[06/07/2026-16:17:17] [I] Average on 10 runs - GPU latency: 20.4514 ms - Host latency: 20.4514 ms (enqueue 0.00246582 ms)
[06/07/2026-16:17:17] [I] Average on 10 runs - GPU latency: 20.6365 ms - Host latency: 20.6365 ms (enqueue 0.00256348 ms)
[06/07/2026-16:17:17] [I] Average on 10 runs - GPU latency: 20.1606 ms - Host latency: 20.1606 ms (enqueue 0.00280762 ms)
[06/07/2026-16:17:17] [I] Average on 10 runs - GPU latency: 20.3472 ms - Host latency: 20.3472 ms (enqueue 0.00258789 ms)
[06/07/2026-16:17:17] [I] Average on 10 runs - GPU latency: 20.3742 ms - Host latency: 20.3742 ms (enqueue 0.00251465 ms)
[06/07/2026-16:17:17] [I] Average on 10 runs - GPU latency: 20.5957 ms - Host latency: 20.5957 ms (enqueue 0.00270996 ms)
[06/07/2026-16:17:17] [I] Average on 10 runs - GPU latency: 20.5449 ms - Host latency: 20.5449 ms (enqueue 0.00258789 ms)
[06/07/2026-16:17:17] [I] Average on 10 runs - GPU latency: 20.5043 ms - Host latency: 20.5043 ms (enqueue 0.00253906 ms)
[06/07/2026-16:17:17] [I] Average on 10 runs - GPU latency: 20.5804 ms - Host latency: 20.5804 ms (enqueue 0.00239258 ms)
[06/07/2026-16:17:17] [I] Average on 10 runs - GPU latency: 20.4303 ms - Host latency: 20.4303 ms (enqueue 0.00256348 ms)
[06/07/2026-16:17:17] [I] Average on 10 runs - GPU latency: 20.7331 ms - Host latency: 20.7331 ms (enqueue 0.00256348 ms)
[06/07/2026-16:17:17] [I] Average on 10 runs - GPU latency: 20.424 ms - Host latency: 20.424 ms (enqueue 0.00263672 ms)
[06/07/2026-16:17:17] [I] Average on 10 runs - GPU latency: 20.5042 ms - Host latency: 20.5042 ms (enqueue 0.00244141 ms)
[06/07/2026-16:17:17] [I] Average on 10 runs - GPU latency: 20.3576 ms - Host latency: 20.3576 ms (enqueue 0.00246582 ms)
[06/07/2026-16:17:17] [I] Average on 10 runs - GPU latency: 20.2917 ms - Host latency: 20.2917 ms (enqueue 0.00256348 ms)
[06/07/2026-16:17:17] [I] Average on 10 runs - GPU latency: 20.3507 ms - Host latency: 20.3507 ms (enqueue 0.00246582 ms)
[06/07/2026-16:17:17] [I] Average on 10 runs - GPU latency: 20.5028 ms - Host latency: 20.5028 ms (enqueue 0.00239258 ms)
[06/07/2026-16:17:17] [I] Average on 10 runs - GPU latency: 20.3288 ms - Host latency: 20.3288 ms (enqueue 0.00251465 ms)
[06/07/2026-16:17:17] [I] Average on 10 runs - GPU latency: 20.456 ms - Host latency: 20.456 ms (enqueue 0.00280762 ms)
[06/07/2026-16:17:17] [I] Average on 10 runs - GPU latency: 20.6344 ms - Host latency: 20.6344 ms (enqueue 0.00258789 ms)
[06/07/2026-16:17:17] [I] Average on 10 runs - GPU latency: 20.5475 ms - Host latency: 20.5475 ms (enqueue 0.0026123 ms)
[06/07/2026-16:17:17] [I] Average on 10 runs - GPU latency: 20.5042 ms - Host latency: 20.5042 ms (enqueue 0.00249023 ms)
[06/07/2026-16:17:17] [I] Average on 10 runs - GPU latency: 20.4684 ms - Host latency: 20.4684 ms (enqueue 0.00244141 ms)
[06/07/2026-16:17:17] [I] Average on 10 runs - GPU latency: 20.6874 ms - Host latency: 20.6874 ms (enqueue 0.00246582 ms)
[06/07/2026-16:17:17] [I] Average on 10 runs - GPU latency: 20.5051 ms - Host latency: 20.5051 ms (enqueue 0.00253906 ms)
[06/07/2026-16:17:17] [I] Average on 10 runs - GPU latency: 20.607 ms - Host latency: 20.607 ms (enqueue 0.00244141 ms)
[06/07/2026-16:17:17] [I] Average on 10 runs - GPU latency: 20.5568 ms - Host latency: 20.5568 ms (enqueue 0.00244141 ms)
[06/07/2026-16:17:17] [I] Average on 10 runs - GPU latency: 20.5974 ms - Host latency: 20.5974 ms (enqueue 0.00258789 ms)
[06/07/2026-16:17:17] [I] Average on 10 runs - GPU latency: 20.6369 ms - Host latency: 20.6369 ms (enqueue 0.00244141 ms)
[06/07/2026-16:17:17] [I] Average on 10 runs - GPU latency: 20.7097 ms - Host latency: 20.7097 ms (enqueue 0.00263672 ms)
[06/07/2026-16:17:17] [I] Average on 10 runs - GPU latency: 20.6153 ms - Host latency: 20.6153 ms (enqueue 0.00253906 ms)
[06/07/2026-16:17:17] [I] Average on 10 runs - GPU latency: 20.7528 ms - Host latency: 20.7528 ms (enqueue 0.00249023 ms)
[06/07/2026-16:17:17] [I] Average on 10 runs - GPU latency: 20.5921 ms - Host latency: 20.5921 ms (enqueue 0.00244141 ms)
[06/07/2026-16:17:17] [I] Average on 10 runs - GPU latency: 20.592 ms - Host latency: 20.592 ms (enqueue 0.00253906 ms)
[06/07/2026-16:17:17] [I] Average on 10 runs - GPU latency: 20.6204 ms - Host latency: 20.6204 ms (enqueue 0.00253906 ms)
[06/07/2026-16:17:17] [I] Average on 10 runs - GPU latency: 20.5706 ms - Host latency: 20.5706 ms (enqueue 0.00253906 ms)
[06/07/2026-16:17:17] [I] Average on 10 runs - GPU latency: 20.5586 ms - Host latency: 20.5586 ms (enqueue 0.00253906 ms)
[06/07/2026-16:17:17] [I] Average on 10 runs - GPU latency: 20.8449 ms - Host latency: 20.8449 ms (enqueue 0.00244141 ms)
[06/07/2026-16:17:17] [I] Average on 10 runs - GPU latency: 20.8118 ms - Host latency: 20.8118 ms (enqueue 0.00263672 ms)
[06/07/2026-16:17:17] [I] Average on 10 runs - GPU latency: 20.6441 ms - Host latency: 20.6441 ms (enqueue 0.00268555 ms)
[06/07/2026-16:17:17] [I] Average on 10 runs - GPU latency: 20.7557 ms - Host latency: 20.7557 ms (enqueue 0.00253906 ms)
[06/07/2026-16:17:17] [I] Average on 10 runs - GPU latency: 20.763 ms - Host latency: 20.763 ms (enqueue 0.00258789 ms)
[06/07/2026-16:17:17] [I] Average on 10 runs - GPU latency: 20.5438 ms - Host latency: 20.5438 ms (enqueue 0.00249023 ms)
[06/07/2026-16:17:17] [I] Average on 10 runs - GPU latency: 20.3797 ms - Host latency: 20.3797 ms (enqueue 0.00249023 ms)
[06/07/2026-16:17:17] [I] Average on 10 runs - GPU latency: 20.4557 ms - Host latency: 20.4557 ms (enqueue 0.00244141 ms)
[06/07/2026-16:17:17] [I] Average on 10 runs - GPU latency: 20.6236 ms - Host latency: 20.6236 ms (enqueue 0.00244141 ms)
[06/07/2026-16:17:17] [I] Average on 10 runs - GPU latency: 20.8315 ms - Host latency: 20.8315 ms (enqueue 0.00249023 ms)
[06/07/2026-16:17:17] [I] Average on 10 runs - GPU latency: 20.6494 ms - Host latency: 20.6494 ms (enqueue 0.00253906 ms)
[06/07/2026-16:17:17] [I] Average on 10 runs - GPU latency: 20.6897 ms - Host latency: 20.6897 ms (enqueue 0.00249023 ms)
[06/07/2026-16:17:17] [I] Average on 10 runs - GPU latency: 20.7736 ms - Host latency: 20.7736 ms (enqueue 0.00258789 ms)
[06/07/2026-16:17:17] [I] Average on 10 runs - GPU latency: 20.7504 ms - Host latency: 20.7504 ms (enqueue 0.00249023 ms)
[06/07/2026-16:17:17] [I] Average on 10 runs - GPU latency: 20.9706 ms - Host latency: 20.9706 ms (enqueue 0.00244141 ms)
[06/07/2026-16:17:17] [I] Average on 10 runs - GPU latency: 20.8454 ms - Host latency: 20.8454 ms (enqueue 0.00253906 ms)
[06/07/2026-16:17:17] [I] Average on 10 runs - GPU latency: 20.8117 ms - Host latency: 20.8117 ms (enqueue 0.00253906 ms)
[06/07/2026-16:17:17] [I] Average on 10 runs - GPU latency: 20.7687 ms - Host latency: 20.7687 ms (enqueue 0.00244141 ms)
[06/07/2026-16:17:17] [I] Average on 10 runs - GPU latency: 20.8315 ms - Host latency: 20.8315 ms (enqueue 0.00253906 ms)
[06/07/2026-16:17:17] [I] Average on 10 runs - GPU latency: 20.7744 ms - Host latency: 20.7744 ms (enqueue 0.00239258 ms)
[06/07/2026-16:17:17] [I] Average on 10 runs - GPU latency: 20.8189 ms - Host latency: 20.8189 ms (enqueue 0.00263672 ms)
[06/07/2026-16:17:17] [I] Average on 10 runs - GPU latency: 20.629 ms - Host latency: 20.629 ms (enqueue 0.00244141 ms)
[06/07/2026-16:17:17] [I] Average on 10 runs - GPU latency: 20.746 ms - Host latency: 20.746 ms (enqueue 0.00244141 ms)
[06/07/2026-16:17:17] [I] Average on 10 runs - GPU latency: 20.7773 ms - Host latency: 20.7773 ms (enqueue 0.0027832 ms)
[06/07/2026-16:17:17] [I] Average on 10 runs - GPU latency: 20.3573 ms - Host latency: 20.3573 ms (enqueue 0.00244141 ms)
[06/07/2026-16:17:17] [I] Average on 10 runs - GPU latency: 20.5544 ms - Host latency: 20.5544 ms (enqueue 0.00229492 ms)
[06/07/2026-16:17:17] [I] Average on 10 runs - GPU latency: 20.7329 ms - Host latency: 20.7329 ms (enqueue 0.00244141 ms)
[06/07/2026-16:17:17] [I] Average on 10 runs - GPU latency: 20.4749 ms - Host latency: 20.4749 ms (enqueue 0.00234375 ms)
[06/07/2026-16:17:17] [I] Average on 10 runs - GPU latency: 20.5692 ms - Host latency: 20.5692 ms (enqueue 0.00244141 ms)
[06/07/2026-16:17:17] [I] Average on 10 runs - GPU latency: 20.9019 ms - Host latency: 20.9019 ms (enqueue 0.00263672 ms)
[06/07/2026-16:17:17] [I] Average on 10 runs - GPU latency: 20.7904 ms - Host latency: 20.7904 ms (enqueue 0.00239258 ms)
[06/07/2026-16:17:17] [I] Average on 10 runs - GPU latency: 20.8636 ms - Host latency: 20.8636 ms (enqueue 0.00258789 ms)
[06/07/2026-16:17:17] [I] Average on 10 runs - GPU latency: 20.8907 ms - Host latency: 20.8907 ms (enqueue 0.00249023 ms)
[06/07/2026-16:17:17] [I] Average on 10 runs - GPU latency: 20.9892 ms - Host latency: 20.9892 ms (enqueue 0.00258789 ms)
[06/07/2026-16:17:17] [I] Average on 10 runs - GPU latency: 20.8277 ms - Host latency: 20.8277 ms (enqueue 0.00239258 ms)
[06/07/2026-16:17:17] [I] Average on 10 runs - GPU latency: 20.8602 ms - Host latency: 20.8602 ms (enqueue 0.00234375 ms)
[06/07/2026-16:17:17] [I] Average on 10 runs - GPU latency: 20.7884 ms - Host latency: 20.7884 ms (enqueue 0.00239258 ms)
[06/07/2026-16:17:17] [I] Average on 10 runs - GPU latency: 20.8328 ms - Host latency: 20.8328 ms (enqueue 0.00249023 ms)
[06/07/2026-16:17:17] [I] Average on 10 runs - GPU latency: 20.7846 ms - Host latency: 20.7846 ms (enqueue 0.00268555 ms)
[06/07/2026-16:17:17] [I] Average on 10 runs - GPU latency: 20.4166 ms - Host latency: 20.4166 ms (enqueue 0.00249023 ms)
[06/07/2026-16:17:17] [I] Average on 10 runs - GPU latency: 20.5833 ms - Host latency: 20.5833 ms (enqueue 0.00239258 ms)
[06/07/2026-16:17:17] [I] Average on 10 runs - GPU latency: 20.6282 ms - Host latency: 20.6282 ms (enqueue 0.00258789 ms)
[06/07/2026-16:17:17] [I] Average on 10 runs - GPU latency: 20.6896 ms - Host latency: 20.6896 ms (enqueue 0.00253906 ms)
[06/07/2026-16:17:17] [I] Average on 10 runs - GPU latency: 20.6779 ms - Host latency: 20.6779 ms (enqueue 0.00244141 ms)
[06/07/2026-16:17:17] [I] Average on 10 runs - GPU latency: 20.5102 ms - Host latency: 20.5102 ms (enqueue 0.00258789 ms)
[06/07/2026-16:17:17] [I] Average on 10 runs - GPU latency: 20.7 ms - Host latency: 20.7 ms (enqueue 0.00253906 ms)
[06/07/2026-16:17:17] [I] Average on 10 runs - GPU latency: 20.7362 ms - Host latency: 20.7362 ms (enqueue 0.00253906 ms)
[06/07/2026-16:17:17] [I] Average on 10 runs - GPU latency: 20.9617 ms - Host latency: 20.9617 ms (enqueue 0.00244141 ms)
[06/07/2026-16:17:17] [I] Average on 10 runs - GPU latency: 21.0771 ms - Host latency: 21.0771 ms (enqueue 0.00292969 ms)
[06/07/2026-16:17:17] [I] Average on 10 runs - GPU latency: 20.973 ms - Host latency: 20.973 ms (enqueue 0.00263672 ms)
[06/07/2026-16:17:17] [I] Average on 10 runs - GPU latency: 20.8898 ms - Host latency: 20.8898 ms (enqueue 0.00307617 ms)
[06/07/2026-16:17:17] [I] Average on 10 runs - GPU latency: 20.9603 ms - Host latency: 20.9603 ms (enqueue 0.00258789 ms)
[06/07/2026-16:17:17] [I] Average on 10 runs - GPU latency: 20.8516 ms - Host latency: 20.8516 ms (enqueue 0.00253906 ms)
[06/07/2026-16:17:17] [I] Average on 10 runs - GPU latency: 20.9229 ms - Host latency: 20.9229 ms (enqueue 0.00249023 ms)
[06/07/2026-16:17:17] [I] Average on 10 runs - GPU latency: 20.8387 ms - Host latency: 20.8387 ms (enqueue 0.00258789 ms)
[06/07/2026-16:17:17] [I] Average on 10 runs - GPU latency: 20.7867 ms - Host latency: 20.7867 ms (enqueue 0.00239258 ms)
[06/07/2026-16:17:17] [I] Average on 10 runs - GPU latency: 20.8271 ms - Host latency: 20.8271 ms (enqueue 0.00253906 ms)
[06/07/2026-16:17:17] [I] Average on 10 runs - GPU latency: 20.753 ms - Host latency: 20.753 ms (enqueue 0.00244141 ms)
[06/07/2026-16:17:17] [I] Average on 10 runs - GPU latency: 20.8333 ms - Host latency: 20.8333 ms (enqueue 0.00253906 ms)
[06/07/2026-16:17:17] [I] Average on 10 runs - GPU latency: 20.8506 ms - Host latency: 20.8506 ms (enqueue 0.00258789 ms)
[06/07/2026-16:17:17] [I] Average on 10 runs - GPU latency: 20.7985 ms - Host latency: 20.7985 ms (enqueue 0.00239258 ms)
[06/07/2026-16:17:17] [I] Average on 10 runs - GPU latency: 20.9337 ms - Host latency: 20.9337 ms (enqueue 0.00249023 ms)
[06/07/2026-16:17:17] [I] Average on 10 runs - GPU latency: 20.761 ms - Host latency: 20.761 ms (enqueue 0.00249023 ms)
[06/07/2026-16:17:17] [I] Average on 10 runs - GPU latency: 20.7702 ms - Host latency: 20.7702 ms (enqueue 0.00253906 ms)
[06/07/2026-16:17:17] [I] Average on 10 runs - GPU latency: 20.6856 ms - Host latency: 20.6856 ms (enqueue 0.00258789 ms)
[06/07/2026-16:17:17] [I] Average on 10 runs - GPU latency: 20.9604 ms - Host latency: 20.9604 ms (enqueue 0.00263672 ms)
[06/07/2026-16:17:17] [I] Average on 10 runs - GPU latency: 20.9783 ms - Host latency: 20.9783 ms (enqueue 0.00239258 ms)
[06/07/2026-16:17:17] [I] Average on 10 runs - GPU latency: 20.7969 ms - Host latency: 20.7969 ms (enqueue 0.00244141 ms)
[06/07/2026-16:17:17] [I] Average on 10 runs - GPU latency: 20.7679 ms - Host latency: 20.7679 ms (enqueue 0.00249023 ms)
[06/07/2026-16:17:17] [I] Average on 10 runs - GPU latency: 20.69 ms - Host latency: 20.69 ms (enqueue 0.00249023 ms)
[06/07/2026-16:17:17] [I] Average on 10 runs - GPU latency: 20.7231 ms - Host latency: 20.7231 ms (enqueue 0.00249023 ms)
[06/07/2026-16:17:17] [I] Average on 10 runs - GPU latency: 20.668 ms - Host latency: 20.668 ms (enqueue 0.00253906 ms)
[06/07/2026-16:17:17] [I] Average on 10 runs - GPU latency: 20.7145 ms - Host latency: 20.7145 ms (enqueue 0.00258789 ms)
[06/07/2026-16:17:17] [I] Average on 10 runs - GPU latency: 20.8718 ms - Host latency: 20.8718 ms (enqueue 0.00249023 ms)
[06/07/2026-16:17:17] [I] Average on 10 runs - GPU latency: 20.568 ms - Host latency: 20.568 ms (enqueue 0.00258789 ms)
[06/07/2026-16:17:17] [I] Average on 10 runs - GPU latency: 20.5978 ms - Host latency: 20.5978 ms (enqueue 0.00253906 ms)
[06/07/2026-16:17:17] [I] Average on 10 runs - GPU latency: 20.6794 ms - Host latency: 20.6794 ms (enqueue 0.00244141 ms)
[06/07/2026-16:17:17] [I] Average on 10 runs - GPU latency: 20.7533 ms - Host latency: 20.7533 ms (enqueue 0.00258789 ms)
[06/07/2026-16:17:17] [I] Average on 10 runs - GPU latency: 20.8185 ms - Host latency: 20.8185 ms (enqueue 0.00268555 ms)
[06/07/2026-16:17:17] [I] Average on 10 runs - GPU latency: 20.734 ms - Host latency: 20.734 ms (enqueue 0.00249023 ms)
[06/07/2026-16:17:17] [I] Average on 10 runs - GPU latency: 20.5102 ms - Host latency: 20.5102 ms (enqueue 0.00244141 ms)
[06/07/2026-16:17:17] [I] Average on 10 runs - GPU latency: 20.7352 ms - Host latency: 20.7352 ms (enqueue 0.00258789 ms)
[06/07/2026-16:17:17] [I] Average on 10 runs - GPU latency: 20.6738 ms - Host latency: 20.6738 ms (enqueue 0.00234375 ms)
[06/07/2026-16:17:17] [I] Average on 10 runs - GPU latency: 20.4984 ms - Host latency: 20.4984 ms (enqueue 0.00258789 ms)
[06/07/2026-16:17:17] [I] Average on 10 runs - GPU latency: 20.497 ms - Host latency: 20.497 ms (enqueue 0.00244141 ms)
[06/07/2026-16:17:17] [I] Average on 10 runs - GPU latency: 20.8006 ms - Host latency: 20.8006 ms (enqueue 0.00244141 ms)
[06/07/2026-16:17:17] [I] Average on 10 runs - GPU latency: 20.7335 ms - Host latency: 20.7335 ms (enqueue 0.00244141 ms)
[06/07/2026-16:17:17] [I] Average on 10 runs - GPU latency: 20.8634 ms - Host latency: 20.8634 ms (enqueue 0.00249023 ms)
[06/07/2026-16:17:17] [I] Average on 10 runs - GPU latency: 20.9665 ms - Host latency: 20.9665 ms (enqueue 0.00244141 ms)
[06/07/2026-16:17:17] [I] Average on 10 runs - GPU latency: 20.9589 ms - Host latency: 20.9589 ms (enqueue 0.00263672 ms)
[06/07/2026-16:17:17] [I] Average on 10 runs - GPU latency: 20.9919 ms - Host latency: 20.9919 ms (enqueue 0.00244141 ms)
[06/07/2026-16:17:17] [I] Average on 10 runs - GPU latency: 20.9426 ms - Host latency: 20.9426 ms (enqueue 0.00244141 ms)
[06/07/2026-16:17:17] [I] Average on 10 runs - GPU latency: 20.9323 ms - Host latency: 20.9323 ms (enqueue 0.00253906 ms)
[06/07/2026-16:17:17] [I] Average on 10 runs - GPU latency: 20.8859 ms - Host latency: 20.8859 ms (enqueue 0.00253906 ms)
[06/07/2026-16:17:17] [I] Average on 10 runs - GPU latency: 20.7861 ms - Host latency: 20.7861 ms (enqueue 0.00258789 ms)
[06/07/2026-16:17:17] [I] Average on 10 runs - GPU latency: 20.5561 ms - Host latency: 20.5561 ms (enqueue 0.00239258 ms)
[06/07/2026-16:17:17] [I] Average on 10 runs - GPU latency: 20.6008 ms - Host latency: 20.6008 ms (enqueue 0.00244141 ms)
[06/07/2026-16:17:17] [I] Average on 10 runs - GPU latency: 20.7404 ms - Host latency: 20.7404 ms (enqueue 0.00263672 ms)
[06/07/2026-16:17:17] [I] Average on 10 runs - GPU latency: 20.7601 ms - Host latency: 20.7601 ms (enqueue 0.00263672 ms)
[06/07/2026-16:17:17] [I] Average on 10 runs - GPU latency: 20.7858 ms - Host latency: 20.7858 ms (enqueue 0.00239258 ms)
[06/07/2026-16:17:17] [I] Average on 10 runs - GPU latency: 20.7696 ms - Host latency: 20.7696 ms (enqueue 0.00239258 ms)
[06/07/2026-16:17:17] [I] Average on 10 runs - GPU latency: 20.6051 ms - Host latency: 20.6051 ms (enqueue 0.00253906 ms)
[06/07/2026-16:17:17] [I] Average on 10 runs - GPU latency: 20.5649 ms - Host latency: 20.5649 ms (enqueue 0.00244141 ms)
[06/07/2026-16:17:17] [I] Average on 10 runs - GPU latency: 20.5729 ms - Host latency: 20.5729 ms (enqueue 0.00249023 ms)
[06/07/2026-16:17:17] [I] Average on 10 runs - GPU latency: 20.5142 ms - Host latency: 20.5142 ms (enqueue 0.00258789 ms)
[06/07/2026-16:17:17] [I] Average on 10 runs - GPU latency: 20.7917 ms - Host latency: 20.7917 ms (enqueue 0.00258789 ms)
[06/07/2026-16:17:17] [I] Average on 10 runs - GPU latency: 20.5366 ms - Host latency: 20.5366 ms (enqueue 0.00253906 ms)
[06/07/2026-16:17:17] [I] Average on 10 runs - GPU latency: 20.3856 ms - Host latency: 20.3856 ms (enqueue 0.00244141 ms)
[06/07/2026-16:17:17] [I] Average on 10 runs - GPU latency: 20.5048 ms - Host latency: 20.5048 ms (enqueue 0.00249023 ms)
[06/07/2026-16:17:17] [I] Average on 10 runs - GPU latency: 20.6145 ms - Host latency: 20.6145 ms (enqueue 0.00253906 ms)
[06/07/2026-16:17:17] [I] Average on 10 runs - GPU latency: 20.5917 ms - Host latency: 20.5917 ms (enqueue 0.00239258 ms)
[06/07/2026-16:17:17] [I] Average on 10 runs - GPU latency: 20.6273 ms - Host latency: 20.6273 ms (enqueue 0.00249023 ms)
[06/07/2026-16:17:17] [I] Average on 10 runs - GPU latency: 20.547 ms - Host latency: 20.547 ms (enqueue 0.00258789 ms)
[06/07/2026-16:17:17] [I] Average on 10 runs - GPU latency: 20.4357 ms - Host latency: 20.4357 ms (enqueue 0.00239258 ms)
[06/07/2026-16:17:17] [I] Average on 10 runs - GPU latency: 20.6423 ms - Host latency: 20.6423 ms (enqueue 0.00249023 ms)
[06/07/2026-16:17:17] [I] Average on 10 runs - GPU latency: 20.5545 ms - Host latency: 20.5545 ms (enqueue 0.00258789 ms)
[06/07/2026-16:17:17] [I] Average on 10 runs - GPU latency: 20.8779 ms - Host latency: 20.8779 ms (enqueue 0.00258789 ms)
[06/07/2026-16:17:17] [I] Average on 10 runs - GPU latency: 20.8428 ms - Host latency: 20.8428 ms (enqueue 0.00258789 ms)
[06/07/2026-16:17:17] [I] Average on 10 runs - GPU latency: 20.6018 ms - Host latency: 20.6018 ms (enqueue 0.00253906 ms)
[06/07/2026-16:17:17] [I] Average on 10 runs - GPU latency: 20.5554 ms - Host latency: 20.5554 ms (enqueue 0.00249023 ms)
[06/07/2026-16:17:17] [I] Average on 10 runs - GPU latency: 20.3695 ms - Host latency: 20.3695 ms (enqueue 0.00253906 ms)
[06/07/2026-16:17:17] [I] Average on 10 runs - GPU latency: 20.6398 ms - Host latency: 20.6398 ms (enqueue 0.00249023 ms)
[06/07/2026-16:17:17] [I] Average on 10 runs - GPU latency: 20.3796 ms - Host latency: 20.3796 ms (enqueue 0.00244141 ms)
[06/07/2026-16:17:17] [I] Average on 10 runs - GPU latency: 20.5729 ms - Host latency: 20.5729 ms (enqueue 0.0027832 ms)
[06/07/2026-16:17:17] [I] Average on 10 runs - GPU latency: 20.6945 ms - Host latency: 20.6945 ms (enqueue 0.00244141 ms)
[06/07/2026-16:17:17] [I] Average on 10 runs - GPU latency: 20.5889 ms - Host latency: 20.5889 ms (enqueue 0.00234375 ms)
[06/07/2026-16:17:17] [I] Average on 10 runs - GPU latency: 20.4923 ms - Host latency: 20.4923 ms (enqueue 0.00249023 ms)
[06/07/2026-16:17:17] [I] Average on 10 runs - GPU latency: 20.6994 ms - Host latency: 20.6994 ms (enqueue 0.00253906 ms)
[06/07/2026-16:17:17] [I] Average on 10 runs - GPU latency: 20.5338 ms - Host latency: 20.5338 ms (enqueue 0.00258789 ms)
[06/07/2026-16:17:17] [I] Average on 10 runs - GPU latency: 20.5102 ms - Host latency: 20.5102 ms (enqueue 0.00244141 ms)
[06/07/2026-16:17:17] [I] Average on 10 runs - GPU latency: 20.6486 ms - Host latency: 20.6486 ms (enqueue 0.00263672 ms)
[06/07/2026-16:17:17] [I] Average on 10 runs - GPU latency: 20.6057 ms - Host latency: 20.6057 ms (enqueue 0.00263672 ms)
[06/07/2026-16:17:17] [I] Average on 10 runs - GPU latency: 20.5956 ms - Host latency: 20.5956 ms (enqueue 0.00263672 ms)
[06/07/2026-16:17:17] [I] Average on 10 runs - GPU latency: 20.4106 ms - Host latency: 20.4106 ms (enqueue 0.00249023 ms)
[06/07/2026-16:17:17] [I] Average on 10 runs - GPU latency: 20.4551 ms - Host latency: 20.4551 ms (enqueue 0.00234375 ms)
[06/07/2026-16:17:17] [I] Average on 10 runs - GPU latency: 20.7151 ms - Host latency: 20.7151 ms (enqueue 0.00253906 ms)
[06/07/2026-16:17:17] [I] Average on 10 runs - GPU latency: 20.6305 ms - Host latency: 20.6305 ms (enqueue 0.00234375 ms)
[06/07/2026-16:17:17] [I] Average on 10 runs - GPU latency: 20.5123 ms - Host latency: 20.5123 ms (enqueue 0.00263672 ms)
[06/07/2026-16:17:17] [I] Average on 10 runs - GPU latency: 20.6786 ms - Host latency: 20.6786 ms (enqueue 0.00249023 ms)
[06/07/2026-16:17:17] [I] Average on 10 runs - GPU latency: 17.2093 ms - Host latency: 17.2093 ms (enqueue 0.00258789 ms)
[06/07/2026-16:17:17] [I] 
[06/07/2026-16:17:17] [I] === Performance summary ===
[06/07/2026-16:17:17] [I] Throughput: 387.064 qps
[06/07/2026-16:17:17] [I] Latency: min = 12.4272 ms, max = 21.7583 ms, mean = 20.6294 ms, median = 20.656 ms, percentile(99%) = 21.2532 ms
[06/07/2026-16:17:17] [I] Enqueue Time: min = 0.00195312 ms, max = 0.0144043 ms, mean = 0.00254037 ms, median = 0.00244141 ms, percentile(99%) = 0.00341797 ms
[06/07/2026-16:17:17] [I] H2D Latency: min = 0 ms, max = 0 ms, mean = 0 ms, median = 0 ms, percentile(99%) = 0 ms
[06/07/2026-16:17:17] [I] GPU Compute Time: min = 12.4272 ms, max = 21.7583 ms, mean = 20.6294 ms, median = 20.656 ms, percentile(99%) = 21.2532 ms
[06/07/2026-16:17:17] [I] D2H Latency: min = 0 ms, max = 0 ms, mean = 0 ms, median = 0 ms, percentile(99%) = 0 ms
[06/07/2026-16:17:17] [I] Total Host Walltime: 6.04551 s
[06/07/2026-16:17:17] [I] Total GPU Compute Time: 48.2728 s
[06/07/2026-16:17:17] [W] * Multiple inference streams are used. Latencies may not be accurate since inferences may run in   parallel. Please use "Throughput" as the performance metric instead.
[06/07/2026-16:17:17] [I] Explanations of the performance metrics are printed in the verbose logs.
[06/07/2026-16:17:17] [I] 
&&&& PASSED TensorRT.trtexec [TensorRT v101401] [b48] # trtexec --loadEngine=/work/trt_bench_streams/engines/yolo26s_b16.engine --streams=8 --useCudaGraph --useSpinWait --noDataTransfers --warmUp=2000 --duration=6 --percentile=99
