&&&& RUNNING TensorRT.trtexec [TensorRT v101401] [b48] # trtexec --loadEngine=/work/trt_bench_streams/engines/yolo26n_b1.engine --streams=8 --useCudaGraph --useSpinWait --noDataTransfers --warmUp=2000 --duration=6 --percentile=99
[06/07/2026-16:37:13] [I] TF32 is enabled by default. Add --noTF32 flag to further improve accuracy with some performance cost.
[06/07/2026-16:37:13] [W] --streams flag has been deprecated, use --infStreams flag instead.
[06/07/2026-16:37:13] [I] === Model Options ===
[06/07/2026-16:37:13] [I] Format: *
[06/07/2026-16:37:13] [I] Model: 
[06/07/2026-16:37:13] [I] Output:
[06/07/2026-16:37:13] [I] 
[06/07/2026-16:37:13] [I] === System Options ===
[06/07/2026-16:37:13] [I] Device: 0
[06/07/2026-16:37:13] [I] DLACore: 
[06/07/2026-16:37:13] [I] Plugins:
[06/07/2026-16:37:13] [I] setPluginsToSerialize:
[06/07/2026-16:37:13] [I] dynamicPlugins:
[06/07/2026-16:37:13] [I] ignoreParsedPluginLibs: 0
[06/07/2026-16:37:13] [I] 
[06/07/2026-16:37:13] [I] === Inference Options ===
[06/07/2026-16:37:13] [I] Batch: Explicit
[06/07/2026-16:37:13] [I] Input inference shapes: model
[06/07/2026-16:37:13] [I] Iterations: 10
[06/07/2026-16:37:13] [I] Duration: 6s (+ 2000ms warm up)
[06/07/2026-16:37:13] [I] Sleep time: 0ms
[06/07/2026-16:37:13] [I] Idle time: 0ms
[06/07/2026-16:37:13] [I] Inference Streams: 8
[06/07/2026-16:37:13] [I] ExposeDMA: Disabled
[06/07/2026-16:37:13] [I] Data transfers: Disabled
[06/07/2026-16:37:13] [I] Spin-wait: Enabled
[06/07/2026-16:37:13] [I] Multithreading: Disabled
[06/07/2026-16:37:13] [I] CUDA Graph: Enabled
[06/07/2026-16:37:13] [I] Separate profiling: Disabled
[06/07/2026-16:37:13] [I] Time Deserialize: Disabled
[06/07/2026-16:37:13] [I] Time Refit: Disabled
[06/07/2026-16:37:13] [I] NVTX verbosity: 0
[06/07/2026-16:37:13] [I] Persistent Cache Ratio: 0
[06/07/2026-16:37:13] [I] Optimization Profile Index: 0
[06/07/2026-16:37:13] [I] Weight Streaming Budget: 100.000000%
[06/07/2026-16:37:13] [I] Inputs:
[06/07/2026-16:37:13] [I] Debug Tensor Save Destinations:
[06/07/2026-16:37:13] [I] Dump All Debug Tensor in Formats: 
[06/07/2026-16:37:13] [I] === Reporting Options ===
[06/07/2026-16:37:13] [I] Verbose: Disabled
[06/07/2026-16:37:13] [I] Averages: 10 inferences
[06/07/2026-16:37:13] [I] Percentiles: 99
[06/07/2026-16:37:13] [I] Dump refittable layers:Disabled
[06/07/2026-16:37:13] [I] Dump output: Disabled
[06/07/2026-16:37:13] [I] Profile: Disabled
[06/07/2026-16:37:13] [I] Export timing to JSON file: 
[06/07/2026-16:37:13] [I] Export output to JSON file: 
[06/07/2026-16:37:13] [I] Export profile to JSON file: 
[06/07/2026-16:37:13] [I] 
[06/07/2026-16:37:13] [I] === Device Information ===
[06/07/2026-16:37:13] [I] Available Devices: 
[06/07/2026-16:37:13] [I]   Device 0: "NVIDIA GeForce RTX 4090" UUID: GPU-f84a2a8b-f125-2892-c40d-fe37bcae6c60
[06/07/2026-16:37:13] [I] Selected Device: NVIDIA GeForce RTX 4090
[06/07/2026-16:37:13] [I] Selected Device ID: 0
[06/07/2026-16:37:13] [I] Selected Device UUID: GPU-f84a2a8b-f125-2892-c40d-fe37bcae6c60
[06/07/2026-16:37:13] [I] Compute Capability: 8.9
[06/07/2026-16:37:13] [I] SMs: 128
[06/07/2026-16:37:13] [I] Device Global Memory: 24080 MiB
[06/07/2026-16:37:13] [I] Shared Memory per SM: 100 KiB
[06/07/2026-16:37:13] [I] Memory Bus Width: 384 bits (ECC disabled)
[06/07/2026-16:37:13] [I] Application Compute Clock Rate: 2.55 GHz
[06/07/2026-16:37:13] [I] Application Memory Clock Rate: 10.501 GHz
[06/07/2026-16:37:13] [I] 
[06/07/2026-16:37:13] [I] Note: The application clock rates do not reflect the actual clock rates that the GPU is currently running at.
[06/07/2026-16:37:13] [I] 
[06/07/2026-16:37:13] [I] TensorRT version: 10.14.1
[06/07/2026-16:37:13] [I] Loading standard plugins
[06/07/2026-16:37:13] [I] [TRT] Loaded engine size: 6 MiB
[06/07/2026-16:37:13] [I] Engine deserialized in 0.0313652 sec.
[06/07/2026-16:37:13] [I] [TRT] [MemUsageChange] TensorRT-managed allocation in IExecutionContext creation: CPU +0, GPU +5, now: CPU 0, GPU 9 (MiB)
[06/07/2026-16:37:13] [I] Setting persistentCacheLimit to 0 bytes.
[06/07/2026-16:37:13] [I] [TRT] [MemUsageChange] TensorRT-managed allocation in IExecutionContext creation: CPU +1, GPU +5, now: CPU 1, GPU 14 (MiB)
[06/07/2026-16:37:13] [I] Setting persistentCacheLimit to 0 bytes.
[06/07/2026-16:37:13] [I] [TRT] [MemUsageChange] TensorRT-managed allocation in IExecutionContext creation: CPU +1, GPU +6, now: CPU 2, GPU 20 (MiB)
[06/07/2026-16:37:13] [I] Setting persistentCacheLimit to 0 bytes.
[06/07/2026-16:37:13] [I] [TRT] [MemUsageChange] TensorRT-managed allocation in IExecutionContext creation: CPU +0, GPU +5, now: CPU 2, GPU 25 (MiB)
[06/07/2026-16:37:13] [I] Setting persistentCacheLimit to 0 bytes.
[06/07/2026-16:37:13] [I] [TRT] [MemUsageChange] TensorRT-managed allocation in IExecutionContext creation: CPU +1, GPU +5, now: CPU 3, GPU 30 (MiB)
[06/07/2026-16:37:13] [I] Setting persistentCacheLimit to 0 bytes.
[06/07/2026-16:37:13] [I] [TRT] [MemUsageChange] TensorRT-managed allocation in IExecutionContext creation: CPU +0, GPU +5, now: CPU 3, GPU 35 (MiB)
[06/07/2026-16:37:13] [I] Setting persistentCacheLimit to 0 bytes.
[06/07/2026-16:37:13] [I] [TRT] [MemUsageChange] TensorRT-managed allocation in IExecutionContext creation: CPU +1, GPU +5, now: CPU 4, GPU 40 (MiB)
[06/07/2026-16:37:13] [I] Setting persistentCacheLimit to 0 bytes.
[06/07/2026-16:37:13] [I] [TRT] [MemUsageChange] TensorRT-managed allocation in IExecutionContext creation: CPU +0, GPU +5, now: CPU 4, GPU 45 (MiB)
[06/07/2026-16:37:13] [I] Setting persistentCacheLimit to 0 bytes.
[06/07/2026-16:37:13] [I] Created execution context with device memory size: 5.15771 MiB
[06/07/2026-16:37:13] [I] Created execution context with device memory size: 5.15771 MiB
[06/07/2026-16:37:13] [I] Created execution context with device memory size: 5.15771 MiB
[06/07/2026-16:37:13] [I] Created execution context with device memory size: 5.15771 MiB
[06/07/2026-16:37:13] [I] Created execution context with device memory size: 5.15771 MiB
[06/07/2026-16:37:13] [I] Created execution context with device memory size: 5.15771 MiB
[06/07/2026-16:37:13] [I] Created execution context with device memory size: 5.15771 MiB
[06/07/2026-16:37:13] [I] Created execution context with device memory size: 5.15771 MiB
[06/07/2026-16:37:13] [I] Using random values for input images
[06/07/2026-16:37:13] [I] Input binding for images with dimensions 1x3x416x416 is created.
[06/07/2026-16:37:13] [I] Using random values for input images
[06/07/2026-16:37:13] [I] Input binding for images with dimensions 1x3x416x416 is created.
[06/07/2026-16:37:13] [I] Using random values for input images
[06/07/2026-16:37:13] [I] Input binding for images with dimensions 1x3x416x416 is created.
[06/07/2026-16:37:13] [I] Using random values for input images
[06/07/2026-16:37:13] [I] Input binding for images with dimensions 1x3x416x416 is created.
[06/07/2026-16:37:13] [I] Using random values for input images
[06/07/2026-16:37:13] [I] Input binding for images with dimensions 1x3x416x416 is created.
[06/07/2026-16:37:13] [I] Using random values for input images
[06/07/2026-16:37:13] [I] Input binding for images with dimensions 1x3x416x416 is created.
[06/07/2026-16:37:13] [I] Using random values for input images
[06/07/2026-16:37:13] [I] Input binding for images with dimensions 1x3x416x416 is created.
[06/07/2026-16:37:13] [I] Using random values for input images
[06/07/2026-16:37:13] [I] Input binding for images with dimensions 1x3x416x416 is created.
[06/07/2026-16:37:13] [I] Output binding for output0 with dimensions 1x300x6 is created.
[06/07/2026-16:37:13] [I] Output binding for output0 with dimensions 1x300x6 is created.
[06/07/2026-16:37:13] [I] Output binding for output0 with dimensions 1x300x6 is created.
[06/07/2026-16:37:13] [I] Output binding for output0 with dimensions 1x300x6 is created.
[06/07/2026-16:37:13] [I] Output binding for output0 with dimensions 1x300x6 is created.
[06/07/2026-16:37:13] [I] Output binding for output0 with dimensions 1x300x6 is created.
[06/07/2026-16:37:13] [I] Output binding for output0 with dimensions 1x300x6 is created.
[06/07/2026-16:37:13] [I] Output binding for output0 with dimensions 1x300x6 is created.
[06/07/2026-16:37:13] [I] Starting inference
[06/07/2026-16:37:13] [I] Capturing CUDA graph for the current execution context
[06/07/2026-16:37:14] [I] Successfully captured CUDA graph for the current execution context
[06/07/2026-16:37:14] [I] Capturing CUDA graph for the current execution context
[06/07/2026-16:37:14] [I] Successfully captured CUDA graph for the current execution context
[06/07/2026-16:37:14] [I] Capturing CUDA graph for the current execution context
[06/07/2026-16:37:14] [I] Successfully captured CUDA graph for the current execution context
[06/07/2026-16:37:14] [I] Capturing CUDA graph for the current execution context
[06/07/2026-16:37:14] [I] Successfully captured CUDA graph for the current execution context
[06/07/2026-16:37:14] [I] Capturing CUDA graph for the current execution context
[06/07/2026-16:37:14] [I] Successfully captured CUDA graph for the current execution context
[06/07/2026-16:37:14] [I] Capturing CUDA graph for the current execution context
[06/07/2026-16:37:14] [I] Successfully captured CUDA graph for the current execution context
[06/07/2026-16:37:14] [I] Capturing CUDA graph for the current execution context
[06/07/2026-16:37:14] [I] Successfully captured CUDA graph for the current execution context
[06/07/2026-16:37:14] [I] Capturing CUDA graph for the current execution context
[06/07/2026-16:37:14] [I] Successfully captured CUDA graph for the current execution context
[06/07/2026-16:37:21] [I] Warmup completed 17351 queries over 2000 ms
[06/07/2026-16:37:21] [I] Timing trace has 54105 queries over 6.00211 s
[06/07/2026-16:37:21] [I] 
[06/07/2026-16:37:21] [I] === Trace details ===
[06/07/2026-16:37:21] [I] Trace averages of 10 runs:
[06/07/2026-16:37:21] [I] Average on 10 runs - GPU latency: 0.859839 ms - Host latency: 0.859839 ms (enqueue 0.0024292 ms)
[06/07/2026-16:37:21] [I] Average on 10 runs - GPU latency: 0.862842 ms - Host latency: 0.862842 ms (enqueue 0.00244141 ms)
[06/07/2026-16:37:21] [I] Average on 10 runs - GPU latency: 0.857898 ms - Host latency: 0.857898 ms (enqueue 0.00238037 ms)
[06/07/2026-16:37:21] [I] Average on 10 runs - GPU latency: 0.867749 ms - Host latency: 0.867749 ms (enqueue 0.00244141 ms)
[06/07/2026-16:37:21] [I] Average on 10 runs - GPU latency: 0.864453 ms - Host latency: 0.864453 ms (enqueue 0.0024292 ms)
[06/07/2026-16:37:21] [I] Average on 10 runs - GPU latency: 0.855115 ms - Host latency: 0.855115 ms (enqueue 0.00246582 ms)
[06/07/2026-16:37:21] [I] Average on 10 runs - GPU latency: 0.855981 ms - Host latency: 0.855981 ms (enqueue 0.00236816 ms)
[06/07/2026-16:37:21] [I] Average on 10 runs - GPU latency: 0.862219 ms - Host latency: 0.862219 ms (enqueue 0.00245361 ms)
[06/07/2026-16:37:21] [I] Average on 10 runs - GPU latency: 0.856763 ms - Host latency: 0.856763 ms (enqueue 0.00240479 ms)
[06/07/2026-16:37:21] [I] Average on 10 runs - GPU latency: 0.846252 ms - Host latency: 0.846252 ms (enqueue 0.0024292 ms)
[06/07/2026-16:37:21] [I] Average on 10 runs - GPU latency: 0.860291 ms - Host latency: 0.860291 ms (enqueue 0.00235596 ms)
[06/07/2026-16:37:21] [I] Average on 10 runs - GPU latency: 0.866394 ms - Host latency: 0.866394 ms (enqueue 0.00244141 ms)
[06/07/2026-16:37:21] [I] Average on 10 runs - GPU latency: 0.870435 ms - Host latency: 0.870435 ms (enqueue 0.00246582 ms)
[06/07/2026-16:37:21] [I] Average on 10 runs - GPU latency: 0.860986 ms - Host latency: 0.860986 ms (enqueue 0.00241699 ms)
[06/07/2026-16:37:21] [I] Average on 10 runs - GPU latency: 0.8573 ms - Host latency: 0.8573 ms (enqueue 0.0024292 ms)
[06/07/2026-16:37:21] [I] Average on 10 runs - GPU latency: 0.862842 ms - Host latency: 0.862842 ms (enqueue 0.00279541 ms)
[06/07/2026-16:37:21] [I] Average on 10 runs - GPU latency: 0.854358 ms - Host latency: 0.854358 ms (enqueue 0.00240479 ms)
[06/07/2026-16:37:21] [I] Average on 10 runs - GPU latency: 0.85708 ms - Host latency: 0.85708 ms (enqueue 0.00249023 ms)
[06/07/2026-16:37:21] [I] Average on 10 runs - GPU latency: 0.846741 ms - Host latency: 0.846741 ms (enqueue 0.0024292 ms)
[06/07/2026-16:37:21] [I] Average on 10 runs - GPU latency: 0.862524 ms - Host latency: 0.862524 ms (enqueue 0.0024292 ms)
[06/07/2026-16:37:21] [I] Average on 10 runs - GPU latency: 0.872131 ms - Host latency: 0.872131 ms (enqueue 0.00244141 ms)
[06/07/2026-16:37:21] [I] Average on 10 runs - GPU latency: 0.860156 ms - Host latency: 0.860156 ms (enqueue 0.00247803 ms)
[06/07/2026-16:37:21] [I] Average on 10 runs - GPU latency: 0.854407 ms - Host latency: 0.854407 ms (enqueue 0.0027832 ms)
[06/07/2026-16:37:21] [I] Average on 10 runs - GPU latency: 0.866089 ms - Host latency: 0.866089 ms (enqueue 0.00245361 ms)
[06/07/2026-16:37:21] [I] Average on 10 runs - GPU latency: 0.858765 ms - Host latency: 0.858765 ms (enqueue 0.00250244 ms)
[06/07/2026-16:37:21] [I] Average on 10 runs - GPU latency: 0.85791 ms - Host latency: 0.85791 ms (enqueue 0.0024292 ms)
[06/07/2026-16:37:21] [I] Average on 10 runs - GPU latency: 0.861169 ms - Host latency: 0.861169 ms (enqueue 0.00249023 ms)
[06/07/2026-16:37:21] [I] Average on 10 runs - GPU latency: 0.869287 ms - Host latency: 0.869287 ms (enqueue 0.00246582 ms)
[06/07/2026-16:37:21] [I] Average on 10 runs - GPU latency: 0.864771 ms - Host latency: 0.864771 ms (enqueue 0.00244141 ms)
[06/07/2026-16:37:21] [I] Average on 10 runs - GPU latency: 0.860962 ms - Host latency: 0.860962 ms (enqueue 0.00269775 ms)
[06/07/2026-16:37:21] [I] Average on 10 runs - GPU latency: 0.851355 ms - Host latency: 0.851355 ms (enqueue 0.00239258 ms)
[06/07/2026-16:37:21] [I] Average on 10 runs - GPU latency: 0.859631 ms - Host latency: 0.859631 ms (enqueue 0.00247803 ms)
[06/07/2026-16:37:21] [I] Average on 10 runs - GPU latency: 0.867761 ms - Host latency: 0.867761 ms (enqueue 0.00240479 ms)
[06/07/2026-16:37:21] [I] Average on 10 runs - GPU latency: 0.858716 ms - Host latency: 0.858716 ms (enqueue 0.00244141 ms)
[06/07/2026-16:37:21] [I] Average on 10 runs - GPU latency: 0.852063 ms - Host latency: 0.852063 ms (enqueue 0.00253906 ms)
[06/07/2026-16:37:21] [I] Average on 10 runs - GPU latency: 0.85658 ms - Host latency: 0.85658 ms (enqueue 0.00240479 ms)
[06/07/2026-16:37:21] [I] Average on 10 runs - GPU latency: 0.865271 ms - Host latency: 0.865271 ms (enqueue 0.0024292 ms)
[06/07/2026-16:37:21] [I] Average on 10 runs - GPU latency: 0.862305 ms - Host latency: 0.862305 ms (enqueue 0.00263672 ms)
[06/07/2026-16:37:21] [I] Average on 10 runs - GPU latency: 0.860144 ms - Host latency: 0.860144 ms (enqueue 0.00244141 ms)
[06/07/2026-16:37:21] [I] Average on 10 runs - GPU latency: 0.860974 ms - Host latency: 0.860974 ms (enqueue 0.00247803 ms)
[06/07/2026-16:37:21] [I] Average on 10 runs - GPU latency: 0.863013 ms - Host latency: 0.863013 ms (enqueue 0.00235596 ms)
[06/07/2026-16:37:21] [I] Average on 10 runs - GPU latency: 0.853906 ms - Host latency: 0.853906 ms (enqueue 0.00241699 ms)
[06/07/2026-16:37:21] [I] Average on 10 runs - GPU latency: 0.86311 ms - Host latency: 0.86311 ms (enqueue 0.00238037 ms)
[06/07/2026-16:37:21] [I] Average on 10 runs - GPU latency: 0.860339 ms - Host latency: 0.860339 ms (enqueue 0.00236816 ms)
[06/07/2026-16:37:21] [I] Average on 10 runs - GPU latency: 0.854614 ms - Host latency: 0.854614 ms (enqueue 0.00246582 ms)
[06/07/2026-16:37:21] [I] Average on 10 runs - GPU latency: 0.847925 ms - Host latency: 0.847925 ms (enqueue 0.00241699 ms)
[06/07/2026-16:37:21] [I] Average on 10 runs - GPU latency: 0.857813 ms - Host latency: 0.857813 ms (enqueue 0.00234375 ms)
[06/07/2026-16:37:21] [I] Average on 10 runs - GPU latency: 0.860254 ms - Host latency: 0.860254 ms (enqueue 0.00236816 ms)
[06/07/2026-16:37:21] [I] Average on 10 runs - GPU latency: 0.861499 ms - Host latency: 0.861499 ms (enqueue 0.00246582 ms)
[06/07/2026-16:37:21] [I] Average on 10 runs - GPU latency: 0.857007 ms - Host latency: 0.857007 ms (enqueue 0.00239258 ms)
[06/07/2026-16:37:21] [I] Average on 10 runs - GPU latency: 0.861255 ms - Host latency: 0.861255 ms (enqueue 0.00251465 ms)
[06/07/2026-16:37:21] [I] Average on 10 runs - GPU latency: 0.875928 ms - Host latency: 0.875928 ms (enqueue 0.00239258 ms)
[06/07/2026-16:37:21] [I] Average on 10 runs - GPU latency: 0.862085 ms - Host latency: 0.862085 ms (enqueue 0.00249023 ms)
[06/07/2026-16:37:21] [I] Average on 10 runs - GPU latency: 0.860571 ms - Host latency: 0.860571 ms (enqueue 0.00241699 ms)
[06/07/2026-16:37:21] [I] Average on 10 runs - GPU latency: 0.853223 ms - Host latency: 0.853223 ms (enqueue 0.00244141 ms)
[06/07/2026-16:37:21] [I] Average on 10 runs - GPU latency: 0.860962 ms - Host latency: 0.860962 ms (enqueue 0.00241699 ms)
[06/07/2026-16:37:21] [I] Average on 10 runs - GPU latency: 0.863403 ms - Host latency: 0.863403 ms (enqueue 0.00241699 ms)
[06/07/2026-16:37:21] [I] Average on 10 runs - GPU latency: 0.850903 ms - Host latency: 0.850903 ms (enqueue 0.00239258 ms)
[06/07/2026-16:37:21] [I] Average on 10 runs - GPU latency: 0.853491 ms - Host latency: 0.853491 ms (enqueue 0.00239258 ms)
[06/07/2026-16:37:21] [I] Average on 10 runs - GPU latency: 0.86084 ms - Host latency: 0.86084 ms (enqueue 0.00246582 ms)
[06/07/2026-16:37:21] [I] Average on 10 runs - GPU latency: 0.87417 ms - Host latency: 0.87417 ms (enqueue 0.00256348 ms)
[06/07/2026-16:37:21] [I] Average on 10 runs - GPU latency: 0.869019 ms - Host latency: 0.869019 ms (enqueue 0.00236816 ms)
[06/07/2026-16:37:21] [I] Average on 10 runs - GPU latency: 0.859228 ms - Host latency: 0.859228 ms (enqueue 0.00236816 ms)
[06/07/2026-16:37:21] [I] Average on 10 runs - GPU latency: 0.867285 ms - Host latency: 0.867285 ms (enqueue 0.00236816 ms)
[06/07/2026-16:37:21] [I] Average on 10 runs - GPU latency: 0.867944 ms - Host latency: 0.867944 ms (enqueue 0.00246582 ms)
[06/07/2026-16:37:21] [I] Average on 10 runs - GPU latency: 0.85271 ms - Host latency: 0.85271 ms (enqueue 0.00244141 ms)
[06/07/2026-16:37:21] [I] Average on 10 runs - GPU latency: 0.859473 ms - Host latency: 0.859473 ms (enqueue 0.00236816 ms)
[06/07/2026-16:37:21] [I] Average on 10 runs - GPU latency: 0.866821 ms - Host latency: 0.866821 ms (enqueue 0.00241699 ms)
[06/07/2026-16:37:21] [I] Average on 10 runs - GPU latency: 0.862988 ms - Host latency: 0.862988 ms (enqueue 0.00244141 ms)
[06/07/2026-16:37:21] [I] Average on 10 runs - GPU latency: 0.858276 ms - Host latency: 0.858276 ms (enqueue 0.00239258 ms)
[06/07/2026-16:37:21] [I] Average on 10 runs - GPU latency: 0.856665 ms - Host latency: 0.856665 ms (enqueue 0.00244141 ms)
[06/07/2026-16:37:21] [I] Average on 10 runs - GPU latency: 0.864258 ms - Host latency: 0.864258 ms (enqueue 0.00241699 ms)
[06/07/2026-16:37:21] [I] Average on 10 runs - GPU latency: 0.86311 ms - Host latency: 0.86311 ms (enqueue 0.00244141 ms)
[06/07/2026-16:37:21] [I] Average on 10 runs - GPU latency: 0.863574 ms - Host latency: 0.863574 ms (enqueue 0.00246582 ms)
[06/07/2026-16:37:21] [I] Average on 10 runs - GPU latency: 0.859277 ms - Host latency: 0.859277 ms (enqueue 0.00236816 ms)
[06/07/2026-16:37:21] [I] Average on 10 runs - GPU latency: 0.863794 ms - Host latency: 0.863794 ms (enqueue 0.00241699 ms)
[06/07/2026-16:37:21] [I] Average on 10 runs - GPU latency: 0.865869 ms - Host latency: 0.865869 ms (enqueue 0.00249023 ms)
[06/07/2026-16:37:21] [I] Average on 10 runs - GPU latency: 0.854346 ms - Host latency: 0.854346 ms (enqueue 0.00241699 ms)
[06/07/2026-16:37:21] [I] Average on 10 runs - GPU latency: 0.856177 ms - Host latency: 0.856177 ms (enqueue 0.00239258 ms)
[06/07/2026-16:37:21] [I] Average on 10 runs - GPU latency: 0.864722 ms - Host latency: 0.864722 ms (enqueue 0.00239258 ms)
[06/07/2026-16:37:21] [I] Average on 10 runs - GPU latency: 0.860083 ms - Host latency: 0.860083 ms (enqueue 0.00239258 ms)
[06/07/2026-16:37:21] [I] Average on 10 runs - GPU latency: 0.852979 ms - Host latency: 0.852979 ms (enqueue 0.00246582 ms)
[06/07/2026-16:37:21] [I] Average on 10 runs - GPU latency: 0.856226 ms - Host latency: 0.856226 ms (enqueue 0.00251465 ms)
[06/07/2026-16:37:21] [I] Average on 10 runs - GPU latency: 0.858984 ms - Host latency: 0.858984 ms (enqueue 0.00239258 ms)
[06/07/2026-16:37:21] [I] Average on 10 runs - GPU latency: 0.868774 ms - Host latency: 0.868774 ms (enqueue 0.00239258 ms)
[06/07/2026-16:37:21] [I] Average on 10 runs - GPU latency: 0.854321 ms - Host latency: 0.854321 ms (enqueue 0.00236816 ms)
[06/07/2026-16:37:21] [I] Average on 10 runs - GPU latency: 0.854688 ms - Host latency: 0.854688 ms (enqueue 0.00241699 ms)
[06/07/2026-16:37:21] [I] Average on 10 runs - GPU latency: 0.865601 ms - Host latency: 0.865601 ms (enqueue 0.00246582 ms)
[06/07/2026-16:37:21] [I] Average on 10 runs - GPU latency: 0.856909 ms - Host latency: 0.856909 ms (enqueue 0.00244141 ms)
[06/07/2026-16:37:21] [I] Average on 10 runs - GPU latency: 0.854199 ms - Host latency: 0.854199 ms (enqueue 0.00234375 ms)
[06/07/2026-16:37:21] [I] Average on 10 runs - GPU latency: 0.854126 ms - Host latency: 0.854126 ms (enqueue 0.00241699 ms)
[06/07/2026-16:37:21] [I] Average on 10 runs - GPU latency: 0.855884 ms - Host latency: 0.855884 ms (enqueue 0.00244141 ms)
[06/07/2026-16:37:21] [I] Average on 10 runs - GPU latency: 0.876001 ms - Host latency: 0.876001 ms (enqueue 0.00246582 ms)
[06/07/2026-16:37:21] [I] Average on 10 runs - GPU latency: 0.853003 ms - Host latency: 0.853003 ms (enqueue 0.00239258 ms)
[06/07/2026-16:37:21] [I] Average on 10 runs - GPU latency: 0.851904 ms - Host latency: 0.851904 ms (enqueue 0.00236816 ms)
[06/07/2026-16:37:21] [I] Average on 10 runs - GPU latency: 0.863355 ms - Host latency: 0.863355 ms (enqueue 0.00236816 ms)
[06/07/2026-16:37:21] [I] Average on 10 runs - GPU latency: 0.863574 ms - Host latency: 0.863574 ms (enqueue 0.00236816 ms)
[06/07/2026-16:37:21] [I] Average on 10 runs - GPU latency: 0.851294 ms - Host latency: 0.851294 ms (enqueue 0.00241699 ms)
[06/07/2026-16:37:21] [I] Average on 10 runs - GPU latency: 0.85227 ms - Host latency: 0.85227 ms (enqueue 0.00246582 ms)
[06/07/2026-16:37:21] [I] Average on 10 runs - GPU latency: 0.864014 ms - Host latency: 0.864014 ms (enqueue 0.00241699 ms)
[06/07/2026-16:37:21] [I] Average on 10 runs - GPU latency: 0.861816 ms - Host latency: 0.861816 ms (enqueue 0.00244141 ms)
[06/07/2026-16:37:21] [I] Average on 10 runs - GPU latency: 0.864551 ms - Host latency: 0.864551 ms (enqueue 0.00244141 ms)
[06/07/2026-16:37:21] [I] Average on 10 runs - GPU latency: 0.860571 ms - Host latency: 0.860571 ms (enqueue 0.00241699 ms)
[06/07/2026-16:37:21] [I] Average on 10 runs - GPU latency: 0.854077 ms - Host latency: 0.854077 ms (enqueue 0.00236816 ms)
[06/07/2026-16:37:21] [I] Average on 10 runs - GPU latency: 0.862329 ms - Host latency: 0.862329 ms (enqueue 0.00239258 ms)
[06/07/2026-16:37:21] [I] Average on 10 runs - GPU latency: 0.86499 ms - Host latency: 0.86499 ms (enqueue 0.00236816 ms)
[06/07/2026-16:37:21] [I] Average on 10 runs - GPU latency: 0.858911 ms - Host latency: 0.858911 ms (enqueue 0.00241699 ms)
[06/07/2026-16:37:21] [I] Average on 10 runs - GPU latency: 0.873071 ms - Host latency: 0.873071 ms (enqueue 0.00239258 ms)
[06/07/2026-16:37:21] [I] Average on 10 runs - GPU latency: 0.856616 ms - Host latency: 0.856616 ms (enqueue 0.00251465 ms)
[06/07/2026-16:37:21] [I] Average on 10 runs - GPU latency: 0.855347 ms - Host latency: 0.855347 ms (enqueue 0.00246582 ms)
[06/07/2026-16:37:21] [I] Average on 10 runs - GPU latency: 0.859277 ms - Host latency: 0.859277 ms (enqueue 0.00253906 ms)
[06/07/2026-16:37:21] [I] Average on 10 runs - GPU latency: 0.852954 ms - Host latency: 0.852954 ms (enqueue 0.00249023 ms)
[06/07/2026-16:37:21] [I] Average on 10 runs - GPU latency: 0.865552 ms - Host latency: 0.865552 ms (enqueue 0.00241699 ms)
[06/07/2026-16:37:21] [I] Average on 10 runs - GPU latency: 0.869287 ms - Host latency: 0.869287 ms (enqueue 0.00249023 ms)
[06/07/2026-16:37:21] [I] Average on 10 runs - GPU latency: 0.86228 ms - Host latency: 0.86228 ms (enqueue 0.00246582 ms)
[06/07/2026-16:37:21] [I] Average on 10 runs - GPU latency: 0.859082 ms - Host latency: 0.859082 ms (enqueue 0.00244141 ms)
[06/07/2026-16:37:21] [I] Average on 10 runs - GPU latency: 0.861084 ms - Host latency: 0.861084 ms (enqueue 0.00241699 ms)
[06/07/2026-16:37:21] [I] Average on 10 runs - GPU latency: 0.85874 ms - Host latency: 0.85874 ms (enqueue 0.00253906 ms)
[06/07/2026-16:37:21] [I] Average on 10 runs - GPU latency: 0.864478 ms - Host latency: 0.864478 ms (enqueue 0.00283203 ms)
[06/07/2026-16:37:21] [I] Average on 10 runs - GPU latency: 0.867773 ms - Host latency: 0.867773 ms (enqueue 0.00253906 ms)
[06/07/2026-16:37:21] [I] Average on 10 runs - GPU latency: 0.87439 ms - Host latency: 0.87439 ms (enqueue 0.00251465 ms)
[06/07/2026-16:37:21] [I] Average on 10 runs - GPU latency: 0.862817 ms - Host latency: 0.862817 ms (enqueue 0.00246582 ms)
[06/07/2026-16:37:21] [I] Average on 10 runs - GPU latency: 0.864355 ms - Host latency: 0.864355 ms (enqueue 0.00246582 ms)
[06/07/2026-16:37:21] [I] Average on 10 runs - GPU latency: 0.87522 ms - Host latency: 0.87522 ms (enqueue 0.00241699 ms)
[06/07/2026-16:37:21] [I] Average on 10 runs - GPU latency: 0.858545 ms - Host latency: 0.858545 ms (enqueue 0.00251465 ms)
[06/07/2026-16:37:21] [I] Average on 10 runs - GPU latency: 0.853296 ms - Host latency: 0.853296 ms (enqueue 0.00241699 ms)
[06/07/2026-16:37:21] [I] Average on 10 runs - GPU latency: 0.858813 ms - Host latency: 0.858813 ms (enqueue 0.00239258 ms)
[06/07/2026-16:37:21] [I] Average on 10 runs - GPU latency: 0.863892 ms - Host latency: 0.863892 ms (enqueue 0.00239258 ms)
[06/07/2026-16:37:21] [I] Average on 10 runs - GPU latency: 0.865454 ms - Host latency: 0.865454 ms (enqueue 0.00241699 ms)
[06/07/2026-16:37:21] [I] Average on 10 runs - GPU latency: 0.857275 ms - Host latency: 0.857275 ms (enqueue 0.00241699 ms)
[06/07/2026-16:37:21] [I] Average on 10 runs - GPU latency: 0.857251 ms - Host latency: 0.857251 ms (enqueue 0.00239258 ms)
[06/07/2026-16:37:21] [I] Average on 10 runs - GPU latency: 0.853418 ms - Host latency: 0.853418 ms (enqueue 0.00241699 ms)
[06/07/2026-16:37:21] [I] Average on 10 runs - GPU latency: 0.861157 ms - Host latency: 0.861157 ms (enqueue 0.00244141 ms)
[06/07/2026-16:37:21] [I] Average on 10 runs - GPU latency: 0.85625 ms - Host latency: 0.85625 ms (enqueue 0.00244141 ms)
[06/07/2026-16:37:21] [I] Average on 10 runs - GPU latency: 0.852881 ms - Host latency: 0.852881 ms (enqueue 0.00246582 ms)
[06/07/2026-16:37:21] [I] Average on 10 runs - GPU latency: 0.870679 ms - Host latency: 0.870679 ms (enqueue 0.00256348 ms)
[06/07/2026-16:37:21] [I] Average on 10 runs - GPU latency: 0.855518 ms - Host latency: 0.855518 ms (enqueue 0.00246582 ms)
[06/07/2026-16:37:21] [I] Average on 10 runs - GPU latency: 0.862085 ms - Host latency: 0.862085 ms (enqueue 0.00249023 ms)
[06/07/2026-16:37:21] [I] Average on 10 runs - GPU latency: 0.859644 ms - Host latency: 0.859644 ms (enqueue 0.00244141 ms)
[06/07/2026-16:37:21] [I] Average on 10 runs - GPU latency: 0.867969 ms - Host latency: 0.867969 ms (enqueue 0.00246582 ms)
[06/07/2026-16:37:21] [I] Average on 10 runs - GPU latency: 0.859448 ms - Host latency: 0.859448 ms (enqueue 0.00241699 ms)
[06/07/2026-16:37:21] [I] Average on 10 runs - GPU latency: 0.858228 ms - Host latency: 0.858228 ms (enqueue 0.00249023 ms)
[06/07/2026-16:37:21] [I] Average on 10 runs - GPU latency: 0.851562 ms - Host latency: 0.851562 ms (enqueue 0.00251465 ms)
[06/07/2026-16:37:21] [I] Average on 10 runs - GPU latency: 0.859619 ms - Host latency: 0.859619 ms (enqueue 0.00244141 ms)
[06/07/2026-16:37:21] [I] Average on 10 runs - GPU latency: 0.856714 ms - Host latency: 0.856714 ms (enqueue 0.00239258 ms)
[06/07/2026-16:37:21] [I] Average on 10 runs - GPU latency: 0.854028 ms - Host latency: 0.854028 ms (enqueue 0.00244141 ms)
[06/07/2026-16:37:21] [I] Average on 10 runs - GPU latency: 0.850708 ms - Host latency: 0.850708 ms (enqueue 0.00253906 ms)
[06/07/2026-16:37:21] [I] Average on 10 runs - GPU latency: 0.863843 ms - Host latency: 0.863843 ms (enqueue 0.00234375 ms)
[06/07/2026-16:37:21] [I] Average on 10 runs - GPU latency: 0.859131 ms - Host latency: 0.859131 ms (enqueue 0.00249023 ms)
[06/07/2026-16:37:21] [I] Average on 10 runs - GPU latency: 0.853149 ms - Host latency: 0.853149 ms (enqueue 0.00244141 ms)
[06/07/2026-16:37:21] [I] Average on 10 runs - GPU latency: 0.853345 ms - Host latency: 0.853345 ms (enqueue 0.00241699 ms)
[06/07/2026-16:37:21] [I] Average on 10 runs - GPU latency: 0.862915 ms - Host latency: 0.862915 ms (enqueue 0.00251465 ms)
[06/07/2026-16:37:21] [I] Average on 10 runs - GPU latency: 0.860913 ms - Host latency: 0.860913 ms (enqueue 0.00249023 ms)
[06/07/2026-16:37:21] [I] Average on 10 runs - GPU latency: 0.85791 ms - Host latency: 0.85791 ms (enqueue 0.00244141 ms)
[06/07/2026-16:37:21] [I] Average on 10 runs - GPU latency: 0.855371 ms - Host latency: 0.855371 ms (enqueue 0.00236816 ms)
[06/07/2026-16:37:21] [I] Average on 10 runs - GPU latency: 0.867725 ms - Host latency: 0.867725 ms (enqueue 0.00251465 ms)
[06/07/2026-16:37:21] [I] Average on 10 runs - GPU latency: 0.869897 ms - Host latency: 0.869897 ms (enqueue 0.00241699 ms)
[06/07/2026-16:37:21] [I] Average on 10 runs - GPU latency: 0.857129 ms - Host latency: 0.857129 ms (enqueue 0.00241699 ms)
[06/07/2026-16:37:21] [I] Average on 10 runs - GPU latency: 0.856909 ms - Host latency: 0.856909 ms (enqueue 0.00239258 ms)
[06/07/2026-16:37:21] [I] Average on 10 runs - GPU latency: 0.86648 ms - Host latency: 0.86648 ms (enqueue 0.00241699 ms)
[06/07/2026-16:37:21] [I] Average on 10 runs - GPU latency: 0.871655 ms - Host latency: 0.871655 ms (enqueue 0.00244141 ms)
[06/07/2026-16:37:21] [I] Average on 10 runs - GPU latency: 0.859375 ms - Host latency: 0.859375 ms (enqueue 0.00236816 ms)
[06/07/2026-16:37:21] [I] Average on 10 runs - GPU latency: 0.858105 ms - Host latency: 0.858105 ms (enqueue 0.00241699 ms)
[06/07/2026-16:37:21] [I] Average on 10 runs - GPU latency: 0.855444 ms - Host latency: 0.855444 ms (enqueue 0.00241699 ms)
[06/07/2026-16:37:21] [I] Average on 10 runs - GPU latency: 0.864673 ms - Host latency: 0.864673 ms (enqueue 0.00239258 ms)
[06/07/2026-16:37:21] [I] Average on 10 runs - GPU latency: 0.862378 ms - Host latency: 0.862378 ms (enqueue 0.00244141 ms)
[06/07/2026-16:37:21] [I] Average on 10 runs - GPU latency: 0.858716 ms - Host latency: 0.858716 ms (enqueue 0.00244141 ms)
[06/07/2026-16:37:21] [I] Average on 10 runs - GPU latency: 0.862964 ms - Host latency: 0.862964 ms (enqueue 0.00244141 ms)
[06/07/2026-16:37:21] [I] Average on 10 runs - GPU latency: 0.859692 ms - Host latency: 0.859692 ms (enqueue 0.00251465 ms)
[06/07/2026-16:37:21] [I] Average on 10 runs - GPU latency: 0.855176 ms - Host latency: 0.855176 ms (enqueue 0.00244141 ms)
[06/07/2026-16:37:21] [I] Average on 10 runs - GPU latency: 0.85603 ms - Host latency: 0.85603 ms (enqueue 0.00244141 ms)
[06/07/2026-16:37:21] [I] Average on 10 runs - GPU latency: 0.868237 ms - Host latency: 0.868237 ms (enqueue 0.00241699 ms)
[06/07/2026-16:37:21] [I] Average on 10 runs - GPU latency: 0.854834 ms - Host latency: 0.854834 ms (enqueue 0.00249023 ms)
[06/07/2026-16:37:21] [I] Average on 10 runs - GPU latency: 0.85332 ms - Host latency: 0.85332 ms (enqueue 0.00249023 ms)
[06/07/2026-16:37:21] [I] Average on 10 runs - GPU latency: 0.844971 ms - Host latency: 0.844971 ms (enqueue 0.00244141 ms)
[06/07/2026-16:37:21] [I] Average on 10 runs - GPU latency: 0.857495 ms - Host latency: 0.857495 ms (enqueue 0.00239258 ms)
[06/07/2026-16:37:21] [I] Average on 10 runs - GPU latency: 0.8625 ms - Host latency: 0.8625 ms (enqueue 0.00244141 ms)
[06/07/2026-16:37:21] [I] Average on 10 runs - GPU latency: 0.851929 ms - Host latency: 0.851929 ms (enqueue 0.00236816 ms)
[06/07/2026-16:37:21] [I] Average on 10 runs - GPU latency: 0.853516 ms - Host latency: 0.853516 ms (enqueue 0.00249023 ms)
[06/07/2026-16:37:21] [I] Average on 10 runs - GPU latency: 0.860303 ms - Host latency: 0.860303 ms (enqueue 0.00246582 ms)
[06/07/2026-16:37:21] [I] Average on 10 runs - GPU latency: 0.858789 ms - Host latency: 0.858789 ms (enqueue 0.00239258 ms)
[06/07/2026-16:37:21] [I] Average on 10 runs - GPU latency: 0.860889 ms - Host latency: 0.860889 ms (enqueue 0.00239258 ms)
[06/07/2026-16:37:21] [I] Average on 10 runs - GPU latency: 0.848437 ms - Host latency: 0.848437 ms (enqueue 0.00241699 ms)
[06/07/2026-16:37:21] [I] Average on 10 runs - GPU latency: 0.851782 ms - Host latency: 0.851782 ms (enqueue 0.00246582 ms)
[06/07/2026-16:37:21] [I] Average on 10 runs - GPU latency: 0.860425 ms - Host latency: 0.860425 ms (enqueue 0.00246582 ms)
[06/07/2026-16:37:21] [I] Average on 10 runs - GPU latency: 0.861914 ms - Host latency: 0.861914 ms (enqueue 0.00246582 ms)
[06/07/2026-16:37:21] [I] Average on 10 runs - GPU latency: 0.851392 ms - Host latency: 0.851392 ms (enqueue 0.00244141 ms)
[06/07/2026-16:37:21] [I] Average on 10 runs - GPU latency: 0.857788 ms - Host latency: 0.857788 ms (enqueue 0.00239258 ms)
[06/07/2026-16:37:21] [I] Average on 10 runs - GPU latency: 0.865503 ms - Host latency: 0.865503 ms (enqueue 0.00234375 ms)
[06/07/2026-16:37:21] [I] Average on 10 runs - GPU latency: 0.860327 ms - Host latency: 0.860327 ms (enqueue 0.00244141 ms)
[06/07/2026-16:37:21] [I] Average on 10 runs - GPU latency: 0.849585 ms - Host latency: 0.849585 ms (enqueue 0.00234375 ms)
[06/07/2026-16:37:21] [I] Average on 10 runs - GPU latency: 0.872021 ms - Host latency: 0.872021 ms (enqueue 0.00241699 ms)
[06/07/2026-16:37:21] [I] Average on 10 runs - GPU latency: 0.870801 ms - Host latency: 0.870801 ms (enqueue 0.00268555 ms)
[06/07/2026-16:37:21] [I] Average on 10 runs - GPU latency: 0.859839 ms - Host latency: 0.859839 ms (enqueue 0.00246582 ms)
[06/07/2026-16:37:21] [I] Average on 10 runs - GPU latency: 0.858716 ms - Host latency: 0.858716 ms (enqueue 0.00246582 ms)
[06/07/2026-16:37:21] [I] Average on 10 runs - GPU latency: 0.870386 ms - Host latency: 0.870386 ms (enqueue 0.00249023 ms)
[06/07/2026-16:37:21] [I] Average on 10 runs - GPU latency: 0.863647 ms - Host latency: 0.863647 ms (enqueue 0.00256348 ms)
[06/07/2026-16:37:21] [I] Average on 10 runs - GPU latency: 0.86355 ms - Host latency: 0.86355 ms (enqueue 0.00241699 ms)
[06/07/2026-16:37:21] [I] Average on 10 runs - GPU latency: 0.857324 ms - Host latency: 0.857324 ms (enqueue 0.00234375 ms)
[06/07/2026-16:37:21] [I] Average on 10 runs - GPU latency: 0.857715 ms - Host latency: 0.857715 ms (enqueue 0.00249023 ms)
[06/07/2026-16:37:21] [I] ... Omitting 50105 lines
[06/07/2026-16:37:21] [I] Average on 10 runs - GPU latency: 0.853467 ms - Host latency: 0.853467 ms (enqueue 0.00244141 ms)
[06/07/2026-16:37:21] [I] Average on 10 runs - GPU latency: 0.860107 ms - Host latency: 0.860107 ms (enqueue 0.00244141 ms)
[06/07/2026-16:37:21] [I] Average on 10 runs - GPU latency: 0.861963 ms - Host latency: 0.861963 ms (enqueue 0.00244141 ms)
[06/07/2026-16:37:21] [I] Average on 10 runs - GPU latency: 0.866162 ms - Host latency: 0.866162 ms (enqueue 0.00253906 ms)
[06/07/2026-16:37:21] [I] Average on 10 runs - GPU latency: 0.864404 ms - Host latency: 0.864404 ms (enqueue 0.00249023 ms)
[06/07/2026-16:37:21] [I] Average on 10 runs - GPU latency: 0.859277 ms - Host latency: 0.859277 ms (enqueue 0.00229492 ms)
[06/07/2026-16:37:21] [I] Average on 10 runs - GPU latency: 0.865088 ms - Host latency: 0.865088 ms (enqueue 0.00244141 ms)
[06/07/2026-16:37:21] [I] Average on 10 runs - GPU latency: 0.861182 ms - Host latency: 0.861182 ms (enqueue 0.00244141 ms)
[06/07/2026-16:37:21] [I] Average on 10 runs - GPU latency: 0.857568 ms - Host latency: 0.857568 ms (enqueue 0.00253906 ms)
[06/07/2026-16:37:21] [I] Average on 10 runs - GPU latency: 0.862598 ms - Host latency: 0.862598 ms (enqueue 0.00239258 ms)
[06/07/2026-16:37:21] [I] Average on 10 runs - GPU latency: 0.857861 ms - Host latency: 0.857861 ms (enqueue 0.00224609 ms)
[06/07/2026-16:37:21] [I] Average on 10 runs - GPU latency: 0.85835 ms - Host latency: 0.85835 ms (enqueue 0.00244141 ms)
[06/07/2026-16:37:21] [I] Average on 10 runs - GPU latency: 0.861328 ms - Host latency: 0.861328 ms (enqueue 0.00263672 ms)
[06/07/2026-16:37:21] [I] Average on 10 runs - GPU latency: 0.850732 ms - Host latency: 0.850732 ms (enqueue 0.00244141 ms)
[06/07/2026-16:37:21] [I] Average on 10 runs - GPU latency: 0.853125 ms - Host latency: 0.853125 ms (enqueue 0.00244141 ms)
[06/07/2026-16:37:21] [I] Average on 10 runs - GPU latency: 0.860449 ms - Host latency: 0.860449 ms (enqueue 0.00229492 ms)
[06/07/2026-16:37:21] [I] Average on 10 runs - GPU latency: 0.86709 ms - Host latency: 0.86709 ms (enqueue 0.00253906 ms)
[06/07/2026-16:37:21] [I] Average on 10 runs - GPU latency: 0.860205 ms - Host latency: 0.860205 ms (enqueue 0.00244141 ms)
[06/07/2026-16:37:21] [I] Average on 10 runs - GPU latency: 0.854395 ms - Host latency: 0.854395 ms (enqueue 0.00239258 ms)
[06/07/2026-16:37:21] [I] Average on 10 runs - GPU latency: 0.852393 ms - Host latency: 0.852393 ms (enqueue 0.00234375 ms)
[06/07/2026-16:37:21] [I] Average on 10 runs - GPU latency: 0.862695 ms - Host latency: 0.862695 ms (enqueue 0.00249023 ms)
[06/07/2026-16:37:21] [I] Average on 10 runs - GPU latency: 0.858643 ms - Host latency: 0.858643 ms (enqueue 0.00253906 ms)
[06/07/2026-16:37:21] [I] Average on 10 runs - GPU latency: 0.858643 ms - Host latency: 0.858643 ms (enqueue 0.00244141 ms)
[06/07/2026-16:37:21] [I] Average on 10 runs - GPU latency: 0.866357 ms - Host latency: 0.866357 ms (enqueue 0.00244141 ms)
[06/07/2026-16:37:21] [I] Average on 10 runs - GPU latency: 0.865186 ms - Host latency: 0.865186 ms (enqueue 0.00229492 ms)
[06/07/2026-16:37:21] [I] Average on 10 runs - GPU latency: 0.854395 ms - Host latency: 0.854395 ms (enqueue 0.00249023 ms)
[06/07/2026-16:37:21] [I] Average on 10 runs - GPU latency: 0.854248 ms - Host latency: 0.854248 ms (enqueue 0.00224609 ms)
[06/07/2026-16:37:21] [I] Average on 10 runs - GPU latency: 0.861914 ms - Host latency: 0.861914 ms (enqueue 0.00239258 ms)
[06/07/2026-16:37:21] [I] Average on 10 runs - GPU latency: 0.853027 ms - Host latency: 0.853027 ms (enqueue 0.00253906 ms)
[06/07/2026-16:37:21] [I] Average on 10 runs - GPU latency: 0.860498 ms - Host latency: 0.860498 ms (enqueue 0.00234375 ms)
[06/07/2026-16:37:21] [I] Average on 10 runs - GPU latency: 0.868018 ms - Host latency: 0.868018 ms (enqueue 0.00249023 ms)
[06/07/2026-16:37:21] [I] Average on 10 runs - GPU latency: 0.86709 ms - Host latency: 0.86709 ms (enqueue 0.00253906 ms)
[06/07/2026-16:37:21] [I] Average on 10 runs - GPU latency: 0.864941 ms - Host latency: 0.864941 ms (enqueue 0.00239258 ms)
[06/07/2026-16:37:21] [I] Average on 10 runs - GPU latency: 0.863721 ms - Host latency: 0.863721 ms (enqueue 0.00249023 ms)
[06/07/2026-16:37:21] [I] Average on 10 runs - GPU latency: 0.866113 ms - Host latency: 0.866113 ms (enqueue 0.00249023 ms)
[06/07/2026-16:37:21] [I] Average on 10 runs - GPU latency: 0.862793 ms - Host latency: 0.862793 ms (enqueue 0.00239258 ms)
[06/07/2026-16:37:21] [I] Average on 10 runs - GPU latency: 0.860937 ms - Host latency: 0.860937 ms (enqueue 0.00244141 ms)
[06/07/2026-16:37:21] [I] Average on 10 runs - GPU latency: 0.852979 ms - Host latency: 0.852979 ms (enqueue 0.00239258 ms)
[06/07/2026-16:37:21] [I] Average on 10 runs - GPU latency: 0.851904 ms - Host latency: 0.851904 ms (enqueue 0.00229492 ms)
[06/07/2026-16:37:21] [I] Average on 10 runs - GPU latency: 0.861035 ms - Host latency: 0.861035 ms (enqueue 0.00244141 ms)
[06/07/2026-16:37:21] [I] Average on 10 runs - GPU latency: 0.86084 ms - Host latency: 0.86084 ms (enqueue 0.00239258 ms)
[06/07/2026-16:37:21] [I] Average on 10 runs - GPU latency: 0.852588 ms - Host latency: 0.852588 ms (enqueue 0.00244141 ms)
[06/07/2026-16:37:21] [I] Average on 10 runs - GPU latency: 0.85127 ms - Host latency: 0.85127 ms (enqueue 0.00234375 ms)
[06/07/2026-16:37:21] [I] Average on 10 runs - GPU latency: 0.871191 ms - Host latency: 0.871191 ms (enqueue 0.00234375 ms)
[06/07/2026-16:37:21] [I] Average on 10 runs - GPU latency: 0.870215 ms - Host latency: 0.870215 ms (enqueue 0.00244141 ms)
[06/07/2026-16:37:21] [I] Average on 10 runs - GPU latency: 0.861279 ms - Host latency: 0.861279 ms (enqueue 0.00219727 ms)
[06/07/2026-16:37:21] [I] Average on 10 runs - GPU latency: 0.85874 ms - Host latency: 0.85874 ms (enqueue 0.00239258 ms)
[06/07/2026-16:37:21] [I] Average on 10 runs - GPU latency: 0.864209 ms - Host latency: 0.864209 ms (enqueue 0.00244141 ms)
[06/07/2026-16:37:21] [I] Average on 10 runs - GPU latency: 0.855518 ms - Host latency: 0.855518 ms (enqueue 0.00249023 ms)
[06/07/2026-16:37:21] [I] Average on 10 runs - GPU latency: 0.858496 ms - Host latency: 0.858496 ms (enqueue 0.00244141 ms)
[06/07/2026-16:37:21] [I] Average on 10 runs - GPU latency: 0.861572 ms - Host latency: 0.861572 ms (enqueue 0.00249023 ms)
[06/07/2026-16:37:21] [I] Average on 10 runs - GPU latency: 0.865234 ms - Host latency: 0.865234 ms (enqueue 0.00234375 ms)
[06/07/2026-16:37:21] [I] Average on 10 runs - GPU latency: 0.86377 ms - Host latency: 0.86377 ms (enqueue 0.00253906 ms)
[06/07/2026-16:37:21] [I] Average on 10 runs - GPU latency: 0.861182 ms - Host latency: 0.861182 ms (enqueue 0.00249023 ms)
[06/07/2026-16:37:21] [I] Average on 10 runs - GPU latency: 0.857959 ms - Host latency: 0.857959 ms (enqueue 0.00253906 ms)
[06/07/2026-16:37:21] [I] Average on 10 runs - GPU latency: 0.851953 ms - Host latency: 0.851953 ms (enqueue 0.00239258 ms)
[06/07/2026-16:37:21] [I] Average on 10 runs - GPU latency: 0.858838 ms - Host latency: 0.858838 ms (enqueue 0.00244141 ms)
[06/07/2026-16:37:21] [I] Average on 10 runs - GPU latency: 0.858301 ms - Host latency: 0.858301 ms (enqueue 0.00229492 ms)
[06/07/2026-16:37:21] [I] Average on 10 runs - GPU latency: 0.859131 ms - Host latency: 0.859131 ms (enqueue 0.00244141 ms)
[06/07/2026-16:37:21] [I] Average on 10 runs - GPU latency: 0.853906 ms - Host latency: 0.853906 ms (enqueue 0.00258789 ms)
[06/07/2026-16:37:21] [I] Average on 10 runs - GPU latency: 0.862891 ms - Host latency: 0.862891 ms (enqueue 0.00249023 ms)
[06/07/2026-16:37:21] [I] Average on 10 runs - GPU latency: 0.855078 ms - Host latency: 0.855078 ms (enqueue 0.00249023 ms)
[06/07/2026-16:37:21] [I] Average on 10 runs - GPU latency: 0.859131 ms - Host latency: 0.859131 ms (enqueue 0.00234375 ms)
[06/07/2026-16:37:21] [I] Average on 10 runs - GPU latency: 0.864551 ms - Host latency: 0.864551 ms (enqueue 0.00234375 ms)
[06/07/2026-16:37:21] [I] Average on 10 runs - GPU latency: 0.869873 ms - Host latency: 0.869873 ms (enqueue 0.00253906 ms)
[06/07/2026-16:37:21] [I] Average on 10 runs - GPU latency: 0.860742 ms - Host latency: 0.860742 ms (enqueue 0.00239258 ms)
[06/07/2026-16:37:21] [I] Average on 10 runs - GPU latency: 0.851123 ms - Host latency: 0.851123 ms (enqueue 0.00249023 ms)
[06/07/2026-16:37:21] [I] Average on 10 runs - GPU latency: 0.855566 ms - Host latency: 0.855566 ms (enqueue 0.00253906 ms)
[06/07/2026-16:37:21] [I] Average on 10 runs - GPU latency: 0.868994 ms - Host latency: 0.868994 ms (enqueue 0.00239258 ms)
[06/07/2026-16:37:21] [I] Average on 10 runs - GPU latency: 0.861377 ms - Host latency: 0.861377 ms (enqueue 0.00249023 ms)
[06/07/2026-16:37:21] [I] Average on 10 runs - GPU latency: 0.853662 ms - Host latency: 0.853662 ms (enqueue 0.00229492 ms)
[06/07/2026-16:37:21] [I] Average on 10 runs - GPU latency: 0.853662 ms - Host latency: 0.853662 ms (enqueue 0.00253906 ms)
[06/07/2026-16:37:21] [I] Average on 10 runs - GPU latency: 0.85752 ms - Host latency: 0.85752 ms (enqueue 0.00229492 ms)
[06/07/2026-16:37:21] [I] Average on 10 runs - GPU latency: 0.854248 ms - Host latency: 0.854248 ms (enqueue 0.00249023 ms)
[06/07/2026-16:37:21] [I] Average on 10 runs - GPU latency: 0.854883 ms - Host latency: 0.854883 ms (enqueue 0.00229492 ms)
[06/07/2026-16:37:21] [I] Average on 10 runs - GPU latency: 0.860791 ms - Host latency: 0.860791 ms (enqueue 0.00253906 ms)
[06/07/2026-16:37:21] [I] Average on 10 runs - GPU latency: 0.863867 ms - Host latency: 0.863867 ms (enqueue 0.00268555 ms)
[06/07/2026-16:37:21] [I] Average on 10 runs - GPU latency: 0.853125 ms - Host latency: 0.853125 ms (enqueue 0.00249023 ms)
[06/07/2026-16:37:21] [I] Average on 10 runs - GPU latency: 0.861475 ms - Host latency: 0.861475 ms (enqueue 0.00244141 ms)
[06/07/2026-16:37:21] [I] Average on 10 runs - GPU latency: 0.860303 ms - Host latency: 0.860303 ms (enqueue 0.00239258 ms)
[06/07/2026-16:37:21] [I] Average on 10 runs - GPU latency: 0.861816 ms - Host latency: 0.861816 ms (enqueue 0.00249023 ms)
[06/07/2026-16:37:21] [I] Average on 10 runs - GPU latency: 0.858643 ms - Host latency: 0.858643 ms (enqueue 0.00249023 ms)
[06/07/2026-16:37:21] [I] Average on 10 runs - GPU latency: 0.866064 ms - Host latency: 0.866064 ms (enqueue 0.00229492 ms)
[06/07/2026-16:37:21] [I] Average on 10 runs - GPU latency: 0.870605 ms - Host latency: 0.870605 ms (enqueue 0.00229492 ms)
[06/07/2026-16:37:21] [I] Average on 10 runs - GPU latency: 0.858936 ms - Host latency: 0.858936 ms (enqueue 0.00239258 ms)
[06/07/2026-16:37:21] [I] Average on 10 runs - GPU latency: 0.853271 ms - Host latency: 0.853271 ms (enqueue 0.00239258 ms)
[06/07/2026-16:37:21] [I] Average on 10 runs - GPU latency: 0.859326 ms - Host latency: 0.859326 ms (enqueue 0.00253906 ms)
[06/07/2026-16:37:21] [I] Average on 10 runs - GPU latency: 0.860156 ms - Host latency: 0.860156 ms (enqueue 0.00244141 ms)
[06/07/2026-16:37:21] [I] Average on 10 runs - GPU latency: 0.862256 ms - Host latency: 0.862256 ms (enqueue 0.00244141 ms)
[06/07/2026-16:37:21] [I] Average on 10 runs - GPU latency: 0.859131 ms - Host latency: 0.859131 ms (enqueue 0.00239258 ms)
[06/07/2026-16:37:21] [I] Average on 10 runs - GPU latency: 0.853711 ms - Host latency: 0.853711 ms (enqueue 0.00249023 ms)
[06/07/2026-16:37:21] [I] Average on 10 runs - GPU latency: 0.866748 ms - Host latency: 0.866748 ms (enqueue 0.00234375 ms)
[06/07/2026-16:37:21] [I] Average on 10 runs - GPU latency: 0.863135 ms - Host latency: 0.863135 ms (enqueue 0.00239258 ms)
[06/07/2026-16:37:21] [I] Average on 10 runs - GPU latency: 0.854004 ms - Host latency: 0.854004 ms (enqueue 0.00239258 ms)
[06/07/2026-16:37:21] [I] Average on 10 runs - GPU latency: 0.851514 ms - Host latency: 0.851514 ms (enqueue 0.00234375 ms)
[06/07/2026-16:37:21] [I] Average on 10 runs - GPU latency: 0.863574 ms - Host latency: 0.863574 ms (enqueue 0.00253906 ms)
[06/07/2026-16:37:21] [I] Average on 10 runs - GPU latency: 0.866016 ms - Host latency: 0.866016 ms (enqueue 0.00239258 ms)
[06/07/2026-16:37:21] [I] Average on 10 runs - GPU latency: 0.857568 ms - Host latency: 0.857568 ms (enqueue 0.00234375 ms)
[06/07/2026-16:37:21] [I] Average on 10 runs - GPU latency: 0.853271 ms - Host latency: 0.853271 ms (enqueue 0.00249023 ms)
[06/07/2026-16:37:21] [I] Average on 10 runs - GPU latency: 0.85957 ms - Host latency: 0.85957 ms (enqueue 0.00249023 ms)
[06/07/2026-16:37:21] [I] Average on 10 runs - GPU latency: 0.858252 ms - Host latency: 0.858252 ms (enqueue 0.00249023 ms)
[06/07/2026-16:37:21] [I] Average on 10 runs - GPU latency: 0.855566 ms - Host latency: 0.855566 ms (enqueue 0.00244141 ms)
[06/07/2026-16:37:21] [I] Average on 10 runs - GPU latency: 0.854492 ms - Host latency: 0.854492 ms (enqueue 0.00219727 ms)
[06/07/2026-16:37:21] [I] Average on 10 runs - GPU latency: 0.861523 ms - Host latency: 0.861523 ms (enqueue 0.00224609 ms)
[06/07/2026-16:37:21] [I] Average on 10 runs - GPU latency: 0.861719 ms - Host latency: 0.861719 ms (enqueue 0.00234375 ms)
[06/07/2026-16:37:21] [I] Average on 10 runs - GPU latency: 0.855469 ms - Host latency: 0.855469 ms (enqueue 0.00244141 ms)
[06/07/2026-16:37:21] [I] Average on 10 runs - GPU latency: 0.851904 ms - Host latency: 0.851904 ms (enqueue 0.00244141 ms)
[06/07/2026-16:37:21] [I] Average on 10 runs - GPU latency: 0.861182 ms - Host latency: 0.861182 ms (enqueue 0.00229492 ms)
[06/07/2026-16:37:21] [I] Average on 10 runs - GPU latency: 0.862939 ms - Host latency: 0.862939 ms (enqueue 0.00244141 ms)
[06/07/2026-16:37:21] [I] Average on 10 runs - GPU latency: 0.856299 ms - Host latency: 0.856299 ms (enqueue 0.00239258 ms)
[06/07/2026-16:37:21] [I] Average on 10 runs - GPU latency: 0.862598 ms - Host latency: 0.862598 ms (enqueue 0.00234375 ms)
[06/07/2026-16:37:21] [I] Average on 10 runs - GPU latency: 0.872607 ms - Host latency: 0.872607 ms (enqueue 0.00249023 ms)
[06/07/2026-16:37:21] [I] Average on 10 runs - GPU latency: 0.857813 ms - Host latency: 0.857813 ms (enqueue 0.00249023 ms)
[06/07/2026-16:37:21] [I] Average on 10 runs - GPU latency: 0.853809 ms - Host latency: 0.853809 ms (enqueue 0.00258789 ms)
[06/07/2026-16:37:21] [I] Average on 10 runs - GPU latency: 0.861865 ms - Host latency: 0.861865 ms (enqueue 0.00234375 ms)
[06/07/2026-16:37:21] [I] Average on 10 runs - GPU latency: 0.856543 ms - Host latency: 0.856543 ms (enqueue 0.00239258 ms)
[06/07/2026-16:37:21] [I] Average on 10 runs - GPU latency: 0.856104 ms - Host latency: 0.856104 ms (enqueue 0.00234375 ms)
[06/07/2026-16:37:21] [I] Average on 10 runs - GPU latency: 0.851514 ms - Host latency: 0.851514 ms (enqueue 0.00249023 ms)
[06/07/2026-16:37:21] [I] Average on 10 runs - GPU latency: 0.855713 ms - Host latency: 0.855713 ms (enqueue 0.00249023 ms)
[06/07/2026-16:37:21] [I] Average on 10 runs - GPU latency: 0.859912 ms - Host latency: 0.859912 ms (enqueue 0.00244141 ms)
[06/07/2026-16:37:21] [I] Average on 10 runs - GPU latency: 0.865625 ms - Host latency: 0.865625 ms (enqueue 0.00234375 ms)
[06/07/2026-16:37:21] [I] Average on 10 runs - GPU latency: 0.85957 ms - Host latency: 0.85957 ms (enqueue 0.00214844 ms)
[06/07/2026-16:37:21] [I] Average on 10 runs - GPU latency: 0.855273 ms - Host latency: 0.855273 ms (enqueue 0.00234375 ms)
[06/07/2026-16:37:21] [I] Average on 10 runs - GPU latency: 0.854102 ms - Host latency: 0.854102 ms (enqueue 0.00234375 ms)
[06/07/2026-16:37:21] [I] Average on 10 runs - GPU latency: 0.866797 ms - Host latency: 0.866797 ms (enqueue 0.00263672 ms)
[06/07/2026-16:37:21] [I] Average on 10 runs - GPU latency: 0.857178 ms - Host latency: 0.857178 ms (enqueue 0.00224609 ms)
[06/07/2026-16:37:21] [I] Average on 10 runs - GPU latency: 0.855029 ms - Host latency: 0.855029 ms (enqueue 0.00224609 ms)
[06/07/2026-16:37:21] [I] Average on 10 runs - GPU latency: 0.862744 ms - Host latency: 0.862744 ms (enqueue 0.00234375 ms)
[06/07/2026-16:37:21] [I] Average on 10 runs - GPU latency: 0.867529 ms - Host latency: 0.867529 ms (enqueue 0.00249023 ms)
[06/07/2026-16:37:21] [I] Average on 10 runs - GPU latency: 0.855225 ms - Host latency: 0.855225 ms (enqueue 0.00239258 ms)
[06/07/2026-16:37:21] [I] Average on 10 runs - GPU latency: 0.848096 ms - Host latency: 0.848096 ms (enqueue 0.00258789 ms)
[06/07/2026-16:37:21] [I] Average on 10 runs - GPU latency: 0.865186 ms - Host latency: 0.865186 ms (enqueue 0.00234375 ms)
[06/07/2026-16:37:21] [I] Average on 10 runs - GPU latency: 0.859961 ms - Host latency: 0.859961 ms (enqueue 0.00244141 ms)
[06/07/2026-16:37:21] [I] Average on 10 runs - GPU latency: 0.856201 ms - Host latency: 0.856201 ms (enqueue 0.00239258 ms)
[06/07/2026-16:37:21] [I] Average on 10 runs - GPU latency: 0.85957 ms - Host latency: 0.85957 ms (enqueue 0.00239258 ms)
[06/07/2026-16:37:21] [I] Average on 10 runs - GPU latency: 0.866846 ms - Host latency: 0.866846 ms (enqueue 0.00249023 ms)
[06/07/2026-16:37:21] [I] Average on 10 runs - GPU latency: 0.869922 ms - Host latency: 0.869922 ms (enqueue 0.00239258 ms)
[06/07/2026-16:37:21] [I] Average on 10 runs - GPU latency: 0.851123 ms - Host latency: 0.851123 ms (enqueue 0.00239258 ms)
[06/07/2026-16:37:21] [I] Average on 10 runs - GPU latency: 0.856201 ms - Host latency: 0.856201 ms (enqueue 0.00239258 ms)
[06/07/2026-16:37:21] [I] Average on 10 runs - GPU latency: 0.862305 ms - Host latency: 0.862305 ms (enqueue 0.00224609 ms)
[06/07/2026-16:37:21] [I] Average on 10 runs - GPU latency: 0.865723 ms - Host latency: 0.865723 ms (enqueue 0.00244141 ms)
[06/07/2026-16:37:21] [I] Average on 10 runs - GPU latency: 0.853613 ms - Host latency: 0.853613 ms (enqueue 0.00229492 ms)
[06/07/2026-16:37:21] [I] Average on 10 runs - GPU latency: 0.855566 ms - Host latency: 0.855566 ms (enqueue 0.00249023 ms)
[06/07/2026-16:37:21] [I] Average on 10 runs - GPU latency: 0.866846 ms - Host latency: 0.866846 ms (enqueue 0.00249023 ms)
[06/07/2026-16:37:21] [I] Average on 10 runs - GPU latency: 0.865967 ms - Host latency: 0.865967 ms (enqueue 0.00224609 ms)
[06/07/2026-16:37:21] [I] Average on 10 runs - GPU latency: 0.855273 ms - Host latency: 0.855273 ms (enqueue 0.00234375 ms)
[06/07/2026-16:37:21] [I] Average on 10 runs - GPU latency: 0.852686 ms - Host latency: 0.852686 ms (enqueue 0.00249023 ms)
[06/07/2026-16:37:21] [I] Average on 10 runs - GPU latency: 0.855029 ms - Host latency: 0.855029 ms (enqueue 0.00239258 ms)
[06/07/2026-16:37:21] [I] Average on 10 runs - GPU latency: 0.866504 ms - Host latency: 0.866504 ms (enqueue 0.00244141 ms)
[06/07/2026-16:37:21] [I] Average on 10 runs - GPU latency: 0.858545 ms - Host latency: 0.858545 ms (enqueue 0.00239258 ms)
[06/07/2026-16:37:21] [I] Average on 10 runs - GPU latency: 0.851025 ms - Host latency: 0.851025 ms (enqueue 0.00249023 ms)
[06/07/2026-16:37:21] [I] Average on 10 runs - GPU latency: 0.860693 ms - Host latency: 0.860693 ms (enqueue 0.00244141 ms)
[06/07/2026-16:37:21] [I] Average on 10 runs - GPU latency: 0.863525 ms - Host latency: 0.863525 ms (enqueue 0.00234375 ms)
[06/07/2026-16:37:21] [I] Average on 10 runs - GPU latency: 0.85874 ms - Host latency: 0.85874 ms (enqueue 0.00258789 ms)
[06/07/2026-16:37:21] [I] Average on 10 runs - GPU latency: 0.85791 ms - Host latency: 0.85791 ms (enqueue 0.00244141 ms)
[06/07/2026-16:37:21] [I] Average on 10 runs - GPU latency: 0.868408 ms - Host latency: 0.868408 ms (enqueue 0.00249023 ms)
[06/07/2026-16:37:21] [I] Average on 10 runs - GPU latency: 0.858691 ms - Host latency: 0.858691 ms (enqueue 0.00239258 ms)
[06/07/2026-16:37:21] [I] Average on 10 runs - GPU latency: 0.863672 ms - Host latency: 0.863672 ms (enqueue 0.00234375 ms)
[06/07/2026-16:37:21] [I] Average on 10 runs - GPU latency: 0.866211 ms - Host latency: 0.866211 ms (enqueue 0.00258789 ms)
[06/07/2026-16:37:21] [I] Average on 10 runs - GPU latency: 0.864355 ms - Host latency: 0.864355 ms (enqueue 0.00244141 ms)
[06/07/2026-16:37:21] [I] Average on 10 runs - GPU latency: 0.857715 ms - Host latency: 0.857715 ms (enqueue 0.00249023 ms)
[06/07/2026-16:37:21] [I] Average on 10 runs - GPU latency: 0.856104 ms - Host latency: 0.856104 ms (enqueue 0.00244141 ms)
[06/07/2026-16:37:21] [I] Average on 10 runs - GPU latency: 0.852051 ms - Host latency: 0.852051 ms (enqueue 0.00249023 ms)
[06/07/2026-16:37:21] [I] Average on 10 runs - GPU latency: 0.863623 ms - Host latency: 0.863623 ms (enqueue 0.00239258 ms)
[06/07/2026-16:37:21] [I] Average on 10 runs - GPU latency: 0.866846 ms - Host latency: 0.866846 ms (enqueue 0.00239258 ms)
[06/07/2026-16:37:21] [I] Average on 10 runs - GPU latency: 0.858008 ms - Host latency: 0.858008 ms (enqueue 0.00239258 ms)
[06/07/2026-16:37:21] [I] Average on 10 runs - GPU latency: 0.863232 ms - Host latency: 0.863232 ms (enqueue 0.00234375 ms)
[06/07/2026-16:37:21] [I] Average on 10 runs - GPU latency: 0.862451 ms - Host latency: 0.862451 ms (enqueue 0.00249023 ms)
[06/07/2026-16:37:21] [I] Average on 10 runs - GPU latency: 0.865479 ms - Host latency: 0.865479 ms (enqueue 0.00239258 ms)
[06/07/2026-16:37:21] [I] Average on 10 runs - GPU latency: 0.860596 ms - Host latency: 0.860596 ms (enqueue 0.00253906 ms)
[06/07/2026-16:37:21] [I] Average on 10 runs - GPU latency: 0.863916 ms - Host latency: 0.863916 ms (enqueue 0.00244141 ms)
[06/07/2026-16:37:21] [I] Average on 10 runs - GPU latency: 0.857764 ms - Host latency: 0.857764 ms (enqueue 0.00244141 ms)
[06/07/2026-16:37:21] [I] Average on 10 runs - GPU latency: 0.84834 ms - Host latency: 0.84834 ms (enqueue 0.00244141 ms)
[06/07/2026-16:37:21] [I] Average on 10 runs - GPU latency: 0.854102 ms - Host latency: 0.854102 ms (enqueue 0.00224609 ms)
[06/07/2026-16:37:21] [I] Average on 10 runs - GPU latency: 0.861182 ms - Host latency: 0.861182 ms (enqueue 0.00253906 ms)
[06/07/2026-16:37:21] [I] Average on 10 runs - GPU latency: 0.865234 ms - Host latency: 0.865234 ms (enqueue 0.00244141 ms)
[06/07/2026-16:37:21] [I] Average on 10 runs - GPU latency: 0.860889 ms - Host latency: 0.860889 ms (enqueue 0.00229492 ms)
[06/07/2026-16:37:21] [I] Average on 10 runs - GPU latency: 0.852979 ms - Host latency: 0.852979 ms (enqueue 0.00239258 ms)
[06/07/2026-16:37:21] [I] Average on 10 runs - GPU latency: 0.85791 ms - Host latency: 0.85791 ms (enqueue 0.00239258 ms)
[06/07/2026-16:37:21] [I] Average on 10 runs - GPU latency: 0.864111 ms - Host latency: 0.864111 ms (enqueue 0.00234375 ms)
[06/07/2026-16:37:21] [I] Average on 10 runs - GPU latency: 0.859961 ms - Host latency: 0.859961 ms (enqueue 0.00239258 ms)
[06/07/2026-16:37:21] [I] Average on 10 runs - GPU latency: 0.855811 ms - Host latency: 0.855811 ms (enqueue 0.00229492 ms)
[06/07/2026-16:37:21] [I] Average on 10 runs - GPU latency: 0.853857 ms - Host latency: 0.853857 ms (enqueue 0.00239258 ms)
[06/07/2026-16:37:21] [I] Average on 10 runs - GPU latency: 0.858789 ms - Host latency: 0.858789 ms (enqueue 0.00244141 ms)
[06/07/2026-16:37:21] [I] Average on 10 runs - GPU latency: 0.857227 ms - Host latency: 0.857227 ms (enqueue 0.00263672 ms)
[06/07/2026-16:37:21] [I] Average on 10 runs - GPU latency: 0.858496 ms - Host latency: 0.858496 ms (enqueue 0.00273437 ms)
[06/07/2026-16:37:21] [I] Average on 10 runs - GPU latency: 0.848926 ms - Host latency: 0.848926 ms (enqueue 0.00239258 ms)
[06/07/2026-16:37:21] [I] Average on 10 runs - GPU latency: 0.866113 ms - Host latency: 0.866113 ms (enqueue 0.00249023 ms)
[06/07/2026-16:37:21] [I] Average on 10 runs - GPU latency: 0.849707 ms - Host latency: 0.849707 ms (enqueue 0.00234375 ms)
[06/07/2026-16:37:21] [I] Average on 10 runs - GPU latency: 0.856934 ms - Host latency: 0.856934 ms (enqueue 0.00239258 ms)
[06/07/2026-16:37:21] [I] Average on 10 runs - GPU latency: 0.868311 ms - Host latency: 0.868311 ms (enqueue 0.00229492 ms)
[06/07/2026-16:37:21] [I] Average on 10 runs - GPU latency: 0.865918 ms - Host latency: 0.865918 ms (enqueue 0.00234375 ms)
[06/07/2026-16:37:21] [I] Average on 10 runs - GPU latency: 0.871631 ms - Host latency: 0.871631 ms (enqueue 0.00258789 ms)
[06/07/2026-16:37:21] [I] Average on 10 runs - GPU latency: 0.866553 ms - Host latency: 0.866553 ms (enqueue 0.00229492 ms)
[06/07/2026-16:37:21] [I] Average on 10 runs - GPU latency: 0.858594 ms - Host latency: 0.858594 ms (enqueue 0.00239258 ms)
[06/07/2026-16:37:21] [I] Average on 10 runs - GPU latency: 0.863281 ms - Host latency: 0.863281 ms (enqueue 0.00249023 ms)
[06/07/2026-16:37:21] [I] Average on 10 runs - GPU latency: 0.862793 ms - Host latency: 0.862793 ms (enqueue 0.00219727 ms)
[06/07/2026-16:37:21] [I] Average on 10 runs - GPU latency: 0.860791 ms - Host latency: 0.860791 ms (enqueue 0.00239258 ms)
[06/07/2026-16:37:21] [I] Average on 10 runs - GPU latency: 0.851514 ms - Host latency: 0.851514 ms (enqueue 0.00253906 ms)
[06/07/2026-16:37:21] [I] Average on 10 runs - GPU latency: 0.845459 ms - Host latency: 0.845459 ms (enqueue 0.00273437 ms)
[06/07/2026-16:37:21] [I] 
[06/07/2026-16:37:21] [I] === Performance summary ===
[06/07/2026-16:37:21] [I] Throughput: 9014.32 qps
[06/07/2026-16:37:21] [I] Latency: min = 0.463867 ms, max = 0.95752 ms, mean = 0.85974 ms, median = 0.855957 ms, percentile(99%) = 0.901123 ms
[06/07/2026-16:37:21] [I] Enqueue Time: min = 0.00195312 ms, max = 0.0078125 ms, mean = 0.00243294 ms, median = 0.00244141 ms, percentile(99%) = 0.00292969 ms
[06/07/2026-16:37:21] [I] H2D Latency: min = 0 ms, max = 0 ms, mean = 0 ms, median = 0 ms, percentile(99%) = 0 ms
[06/07/2026-16:37:21] [I] GPU Compute Time: min = 0.463867 ms, max = 0.95752 ms, mean = 0.85974 ms, median = 0.855957 ms, percentile(99%) = 0.901123 ms
[06/07/2026-16:37:21] [I] D2H Latency: min = 0 ms, max = 0 ms, mean = 0 ms, median = 0 ms, percentile(99%) = 0 ms
[06/07/2026-16:37:21] [I] Total Host Walltime: 6.00211 s
[06/07/2026-16:37:21] [I] Total GPU Compute Time: 46.5162 s
[06/07/2026-16:37:21] [W] * Multiple inference streams are used. Latencies may not be accurate since inferences may run in   parallel. Please use "Throughput" as the performance metric instead.
[06/07/2026-16:37:21] [I] Explanations of the performance metrics are printed in the verbose logs.
[06/07/2026-16:37:21] [I] 
&&&& PASSED TensorRT.trtexec [TensorRT v101401] [b48] # trtexec --loadEngine=/work/trt_bench_streams/engines/yolo26n_b1.engine --streams=8 --useCudaGraph --useSpinWait --noDataTransfers --warmUp=2000 --duration=6 --percentile=99
