&&&& RUNNING TensorRT.trtexec [TensorRT v101401] [b48] # trtexec --loadEngine=/work/trt_bench_streams/engines/yolo26n_b8.engine --streams=1 --useCudaGraph --useSpinWait --noDataTransfers --warmUp=2000 --duration=6 --percentile=99
[06/07/2026-16:40:26] [I] TF32 is enabled by default. Add --noTF32 flag to further improve accuracy with some performance cost.
[06/07/2026-16:40:26] [W] --streams flag has been deprecated, use --infStreams flag instead.
[06/07/2026-16:40:26] [I] === Model Options ===
[06/07/2026-16:40:26] [I] Format: *
[06/07/2026-16:40:26] [I] Model: 
[06/07/2026-16:40:26] [I] Output:
[06/07/2026-16:40:26] [I] 
[06/07/2026-16:40:26] [I] === System Options ===
[06/07/2026-16:40:26] [I] Device: 0
[06/07/2026-16:40:26] [I] DLACore: 
[06/07/2026-16:40:26] [I] Plugins:
[06/07/2026-16:40:26] [I] setPluginsToSerialize:
[06/07/2026-16:40:26] [I] dynamicPlugins:
[06/07/2026-16:40:26] [I] ignoreParsedPluginLibs: 0
[06/07/2026-16:40:26] [I] 
[06/07/2026-16:40:26] [I] === Inference Options ===
[06/07/2026-16:40:26] [I] Batch: Explicit
[06/07/2026-16:40:26] [I] Input inference shapes: model
[06/07/2026-16:40:26] [I] Iterations: 10
[06/07/2026-16:40:26] [I] Duration: 6s (+ 2000ms warm up)
[06/07/2026-16:40:26] [I] Sleep time: 0ms
[06/07/2026-16:40:26] [I] Idle time: 0ms
[06/07/2026-16:40:26] [I] Inference Streams: 1
[06/07/2026-16:40:26] [I] ExposeDMA: Disabled
[06/07/2026-16:40:26] [I] Data transfers: Disabled
[06/07/2026-16:40:26] [I] Spin-wait: Enabled
[06/07/2026-16:40:26] [I] Multithreading: Disabled
[06/07/2026-16:40:26] [I] CUDA Graph: Enabled
[06/07/2026-16:40:26] [I] Separate profiling: Disabled
[06/07/2026-16:40:26] [I] Time Deserialize: Disabled
[06/07/2026-16:40:26] [I] Time Refit: Disabled
[06/07/2026-16:40:26] [I] NVTX verbosity: 0
[06/07/2026-16:40:26] [I] Persistent Cache Ratio: 0
[06/07/2026-16:40:26] [I] Optimization Profile Index: 0
[06/07/2026-16:40:26] [I] Weight Streaming Budget: 100.000000%
[06/07/2026-16:40:26] [I] Inputs:
[06/07/2026-16:40:26] [I] Debug Tensor Save Destinations:
[06/07/2026-16:40:26] [I] Dump All Debug Tensor in Formats: 
[06/07/2026-16:40:26] [I] === Reporting Options ===
[06/07/2026-16:40:26] [I] Verbose: Disabled
[06/07/2026-16:40:26] [I] Averages: 10 inferences
[06/07/2026-16:40:26] [I] Percentiles: 99
[06/07/2026-16:40:26] [I] Dump refittable layers:Disabled
[06/07/2026-16:40:26] [I] Dump output: Disabled
[06/07/2026-16:40:26] [I] Profile: Disabled
[06/07/2026-16:40:26] [I] Export timing to JSON file: 
[06/07/2026-16:40:26] [I] Export output to JSON file: 
[06/07/2026-16:40:26] [I] Export profile to JSON file: 
[06/07/2026-16:40:26] [I] 
[06/07/2026-16:40:26] [I] === Device Information ===
[06/07/2026-16:40:26] [I] Available Devices: 
[06/07/2026-16:40:26] [I]   Device 0: "NVIDIA GeForce RTX 4090" UUID: GPU-f84a2a8b-f125-2892-c40d-fe37bcae6c60
[06/07/2026-16:40:26] [I] Selected Device: NVIDIA GeForce RTX 4090
[06/07/2026-16:40:26] [I] Selected Device ID: 0
[06/07/2026-16:40:26] [I] Selected Device UUID: GPU-f84a2a8b-f125-2892-c40d-fe37bcae6c60
[06/07/2026-16:40:26] [I] Compute Capability: 8.9
[06/07/2026-16:40:26] [I] SMs: 128
[06/07/2026-16:40:26] [I] Device Global Memory: 24080 MiB
[06/07/2026-16:40:26] [I] Shared Memory per SM: 100 KiB
[06/07/2026-16:40:26] [I] Memory Bus Width: 384 bits (ECC disabled)
[06/07/2026-16:40:26] [I] Application Compute Clock Rate: 2.55 GHz
[06/07/2026-16:40:26] [I] Application Memory Clock Rate: 10.501 GHz
[06/07/2026-16:40:26] [I] 
[06/07/2026-16:40:26] [I] Note: The application clock rates do not reflect the actual clock rates that the GPU is currently running at.
[06/07/2026-16:40:26] [I] 
[06/07/2026-16:40:26] [I] TensorRT version: 10.14.1
[06/07/2026-16:40:26] [I] Loading standard plugins
[06/07/2026-16:40:26] [I] [TRT] Loaded engine size: 7 MiB
[06/07/2026-16:40:27] [I] Engine deserialized in 0.0448148 sec.
[06/07/2026-16:40:27] [I] [TRT] [MemUsageChange] TensorRT-managed allocation in IExecutionContext creation: CPU +0, GPU +31, now: CPU 0, GPU 35 (MiB)
[06/07/2026-16:40:27] [I] Setting persistentCacheLimit to 0 bytes.
[06/07/2026-16:40:27] [I] Created execution context with device memory size: 30.6973 MiB
[06/07/2026-16:40:27] [I] Using random values for input images
[06/07/2026-16:40:27] [I] Input binding for images with dimensions 8x3x416x416 is created.
[06/07/2026-16:40:27] [I] Output binding for output0 with dimensions 8x300x6 is created.
[06/07/2026-16:40:27] [I] Starting inference
[06/07/2026-16:40:27] [I] Capturing CUDA graph for the current execution context
[06/07/2026-16:40:27] [I] Successfully captured CUDA graph for the current execution context
[06/07/2026-16:40:35] [I] Warmup completed 2742 queries over 2000 ms
[06/07/2026-16:40:35] [I] Timing trace has 8547 queries over 6.00087 s
[06/07/2026-16:40:35] [I] 
[06/07/2026-16:40:35] [I] === Trace details ===
[06/07/2026-16:40:35] [I] Trace averages of 10 runs:
[06/07/2026-16:40:35] [I] Average on 10 runs - GPU latency: 0.700598 ms - Host latency: 0.700598 ms (enqueue 0.00238037 ms)
[06/07/2026-16:40:35] [I] Average on 10 runs - GPU latency: 0.700623 ms - Host latency: 0.700623 ms (enqueue 0.00247803 ms)
[06/07/2026-16:40:35] [I] Average on 10 runs - GPU latency: 0.701038 ms - Host latency: 0.701038 ms (enqueue 0.00235596 ms)
[06/07/2026-16:40:35] [I] Average on 10 runs - GPU latency: 0.70061 ms - Host latency: 0.70061 ms (enqueue 0.00228271 ms)
[06/07/2026-16:40:35] [I] Average on 10 runs - GPU latency: 0.70083 ms - Host latency: 0.70083 ms (enqueue 0.00239258 ms)
[06/07/2026-16:40:35] [I] Average on 10 runs - GPU latency: 0.700732 ms - Host latency: 0.700732 ms (enqueue 0.00230713 ms)
[06/07/2026-16:40:35] [I] Average on 10 runs - GPU latency: 0.700403 ms - Host latency: 0.700403 ms (enqueue 0.00235596 ms)
[06/07/2026-16:40:35] [I] Average on 10 runs - GPU latency: 0.700391 ms - Host latency: 0.700391 ms (enqueue 0.00229492 ms)
[06/07/2026-16:40:35] [I] Average on 10 runs - GPU latency: 0.700513 ms - Host latency: 0.700513 ms (enqueue 0.00239258 ms)
[06/07/2026-16:40:35] [I] Average on 10 runs - GPU latency: 0.700415 ms - Host latency: 0.700415 ms (enqueue 0.00229492 ms)
[06/07/2026-16:40:35] [I] Average on 10 runs - GPU latency: 0.70105 ms - Host latency: 0.70105 ms (enqueue 0.00234375 ms)
[06/07/2026-16:40:35] [I] Average on 10 runs - GPU latency: 0.700586 ms - Host latency: 0.700586 ms (enqueue 0.00241699 ms)
[06/07/2026-16:40:35] [I] Average on 10 runs - GPU latency: 0.701025 ms - Host latency: 0.701025 ms (enqueue 0.00244141 ms)
[06/07/2026-16:40:35] [I] Average on 10 runs - GPU latency: 0.700513 ms - Host latency: 0.700513 ms (enqueue 0.00239258 ms)
[06/07/2026-16:40:35] [I] Average on 10 runs - GPU latency: 0.700854 ms - Host latency: 0.700854 ms (enqueue 0.00241699 ms)
[06/07/2026-16:40:35] [I] Average on 10 runs - GPU latency: 0.70061 ms - Host latency: 0.70061 ms (enqueue 0.00229492 ms)
[06/07/2026-16:40:35] [I] Average on 10 runs - GPU latency: 0.700513 ms - Host latency: 0.700513 ms (enqueue 0.00234375 ms)
[06/07/2026-16:40:35] [I] Average on 10 runs - GPU latency: 0.700513 ms - Host latency: 0.700513 ms (enqueue 0.00231934 ms)
[06/07/2026-16:40:35] [I] Average on 10 runs - GPU latency: 0.700488 ms - Host latency: 0.700488 ms (enqueue 0.00239258 ms)
[06/07/2026-16:40:35] [I] Average on 10 runs - GPU latency: 0.700415 ms - Host latency: 0.700415 ms (enqueue 0.00234375 ms)
[06/07/2026-16:40:35] [I] Average on 10 runs - GPU latency: 0.700903 ms - Host latency: 0.700903 ms (enqueue 0.00231934 ms)
[06/07/2026-16:40:35] [I] Average on 10 runs - GPU latency: 0.700415 ms - Host latency: 0.700415 ms (enqueue 0.00229492 ms)
[06/07/2026-16:40:35] [I] Average on 10 runs - GPU latency: 0.70083 ms - Host latency: 0.70083 ms (enqueue 0.00229492 ms)
[06/07/2026-16:40:35] [I] Average on 10 runs - GPU latency: 0.700513 ms - Host latency: 0.700513 ms (enqueue 0.00231934 ms)
[06/07/2026-16:40:35] [I] Average on 10 runs - GPU latency: 0.700684 ms - Host latency: 0.700684 ms (enqueue 0.00234375 ms)
[06/07/2026-16:40:35] [I] Average on 10 runs - GPU latency: 0.700708 ms - Host latency: 0.700708 ms (enqueue 0.00229492 ms)
[06/07/2026-16:40:35] [I] Average on 10 runs - GPU latency: 0.700513 ms - Host latency: 0.700513 ms (enqueue 0.00234375 ms)
[06/07/2026-16:40:35] [I] Average on 10 runs - GPU latency: 0.700513 ms - Host latency: 0.700513 ms (enqueue 0.00231934 ms)
[06/07/2026-16:40:35] [I] Average on 10 runs - GPU latency: 0.700586 ms - Host latency: 0.700586 ms (enqueue 0.00239258 ms)
[06/07/2026-16:40:35] [I] Average on 10 runs - GPU latency: 0.700391 ms - Host latency: 0.700391 ms (enqueue 0.00236816 ms)
[06/07/2026-16:40:35] [I] Average on 10 runs - GPU latency: 0.700391 ms - Host latency: 0.700391 ms (enqueue 0.00229492 ms)
[06/07/2026-16:40:35] [I] Average on 10 runs - GPU latency: 0.700732 ms - Host latency: 0.700732 ms (enqueue 0.00236816 ms)
[06/07/2026-16:40:35] [I] Average on 10 runs - GPU latency: 0.700342 ms - Host latency: 0.700342 ms (enqueue 0.00246582 ms)
[06/07/2026-16:40:35] [I] Average on 10 runs - GPU latency: 0.700854 ms - Host latency: 0.700854 ms (enqueue 0.00236816 ms)
[06/07/2026-16:40:35] [I] Average on 10 runs - GPU latency: 0.700439 ms - Host latency: 0.700439 ms (enqueue 0.00227051 ms)
[06/07/2026-16:40:35] [I] Average on 10 runs - GPU latency: 0.70083 ms - Host latency: 0.70083 ms (enqueue 0.00234375 ms)
[06/07/2026-16:40:35] [I] Average on 10 runs - GPU latency: 0.70105 ms - Host latency: 0.70105 ms (enqueue 0.00229492 ms)
[06/07/2026-16:40:35] [I] Average on 10 runs - GPU latency: 0.700757 ms - Host latency: 0.700757 ms (enqueue 0.00229492 ms)
[06/07/2026-16:40:35] [I] Average on 10 runs - GPU latency: 0.700439 ms - Host latency: 0.700439 ms (enqueue 0.00241699 ms)
[06/07/2026-16:40:35] [I] Average on 10 runs - GPU latency: 0.700488 ms - Host latency: 0.700488 ms (enqueue 0.00224609 ms)
[06/07/2026-16:40:35] [I] Average on 10 runs - GPU latency: 0.699976 ms - Host latency: 0.699976 ms (enqueue 0.00239258 ms)
[06/07/2026-16:40:35] [I] Average on 10 runs - GPU latency: 0.700537 ms - Host latency: 0.700537 ms (enqueue 0.00231934 ms)
[06/07/2026-16:40:35] [I] Average on 10 runs - GPU latency: 0.700513 ms - Host latency: 0.700513 ms (enqueue 0.00234375 ms)
[06/07/2026-16:40:35] [I] Average on 10 runs - GPU latency: 0.700708 ms - Host latency: 0.700708 ms (enqueue 0.00236816 ms)
[06/07/2026-16:40:35] [I] Average on 10 runs - GPU latency: 0.700635 ms - Host latency: 0.700635 ms (enqueue 0.00236816 ms)
[06/07/2026-16:40:35] [I] Average on 10 runs - GPU latency: 0.700513 ms - Host latency: 0.700513 ms (enqueue 0.00239258 ms)
[06/07/2026-16:40:35] [I] Average on 10 runs - GPU latency: 0.700806 ms - Host latency: 0.700806 ms (enqueue 0.00234375 ms)
[06/07/2026-16:40:35] [I] Average on 10 runs - GPU latency: 0.700708 ms - Host latency: 0.700708 ms (enqueue 0.00229492 ms)
[06/07/2026-16:40:35] [I] Average on 10 runs - GPU latency: 0.70061 ms - Host latency: 0.70061 ms (enqueue 0.00236816 ms)
[06/07/2026-16:40:35] [I] Average on 10 runs - GPU latency: 0.700513 ms - Host latency: 0.700513 ms (enqueue 0.00236816 ms)
[06/07/2026-16:40:35] [I] Average on 10 runs - GPU latency: 0.700635 ms - Host latency: 0.700635 ms (enqueue 0.00234375 ms)
[06/07/2026-16:40:35] [I] Average on 10 runs - GPU latency: 0.700659 ms - Host latency: 0.700659 ms (enqueue 0.00234375 ms)
[06/07/2026-16:40:35] [I] Average on 10 runs - GPU latency: 0.700415 ms - Host latency: 0.700415 ms (enqueue 0.00239258 ms)
[06/07/2026-16:40:35] [I] Average on 10 runs - GPU latency: 0.70022 ms - Host latency: 0.70022 ms (enqueue 0.00236816 ms)
[06/07/2026-16:40:35] [I] Average on 10 runs - GPU latency: 0.70061 ms - Host latency: 0.70061 ms (enqueue 0.00234375 ms)
[06/07/2026-16:40:35] [I] Average on 10 runs - GPU latency: 0.70061 ms - Host latency: 0.70061 ms (enqueue 0.00231934 ms)
[06/07/2026-16:40:35] [I] Average on 10 runs - GPU latency: 0.700635 ms - Host latency: 0.700635 ms (enqueue 0.00234375 ms)
[06/07/2026-16:40:35] [I] Average on 10 runs - GPU latency: 0.700562 ms - Host latency: 0.700562 ms (enqueue 0.00241699 ms)
[06/07/2026-16:40:35] [I] Average on 10 runs - GPU latency: 0.700781 ms - Host latency: 0.700781 ms (enqueue 0.00234375 ms)
[06/07/2026-16:40:35] [I] Average on 10 runs - GPU latency: 0.700537 ms - Host latency: 0.700537 ms (enqueue 0.00234375 ms)
[06/07/2026-16:40:35] [I] Average on 10 runs - GPU latency: 0.700586 ms - Host latency: 0.700586 ms (enqueue 0.00231934 ms)
[06/07/2026-16:40:35] [I] Average on 10 runs - GPU latency: 0.700195 ms - Host latency: 0.700195 ms (enqueue 0.00234375 ms)
[06/07/2026-16:40:35] [I] Average on 10 runs - GPU latency: 0.700562 ms - Host latency: 0.700562 ms (enqueue 0.00236816 ms)
[06/07/2026-16:40:35] [I] Average on 10 runs - GPU latency: 0.700513 ms - Host latency: 0.700513 ms (enqueue 0.00234375 ms)
[06/07/2026-16:40:35] [I] Average on 10 runs - GPU latency: 0.700122 ms - Host latency: 0.700122 ms (enqueue 0.00231934 ms)
[06/07/2026-16:40:35] [I] Average on 10 runs - GPU latency: 0.700293 ms - Host latency: 0.700293 ms (enqueue 0.00239258 ms)
[06/07/2026-16:40:35] [I] Average on 10 runs - GPU latency: 0.700415 ms - Host latency: 0.700415 ms (enqueue 0.00231934 ms)
[06/07/2026-16:40:35] [I] Average on 10 runs - GPU latency: 0.701001 ms - Host latency: 0.701001 ms (enqueue 0.00241699 ms)
[06/07/2026-16:40:35] [I] Average on 10 runs - GPU latency: 0.700732 ms - Host latency: 0.700732 ms (enqueue 0.00244141 ms)
[06/07/2026-16:40:35] [I] Average on 10 runs - GPU latency: 0.700806 ms - Host latency: 0.700806 ms (enqueue 0.00231934 ms)
[06/07/2026-16:40:35] [I] Average on 10 runs - GPU latency: 0.700439 ms - Host latency: 0.700439 ms (enqueue 0.00231934 ms)
[06/07/2026-16:40:35] [I] Average on 10 runs - GPU latency: 0.700806 ms - Host latency: 0.700806 ms (enqueue 0.00234375 ms)
[06/07/2026-16:40:35] [I] Average on 10 runs - GPU latency: 0.700317 ms - Host latency: 0.700317 ms (enqueue 0.00222168 ms)
[06/07/2026-16:40:35] [I] Average on 10 runs - GPU latency: 0.70061 ms - Host latency: 0.70061 ms (enqueue 0.00239258 ms)
[06/07/2026-16:40:35] [I] Average on 10 runs - GPU latency: 0.700562 ms - Host latency: 0.700562 ms (enqueue 0.00229492 ms)
[06/07/2026-16:40:35] [I] Average on 10 runs - GPU latency: 0.700952 ms - Host latency: 0.700952 ms (enqueue 0.00229492 ms)
[06/07/2026-16:40:35] [I] Average on 10 runs - GPU latency: 0.700513 ms - Host latency: 0.700513 ms (enqueue 0.00246582 ms)
[06/07/2026-16:40:35] [I] Average on 10 runs - GPU latency: 0.70083 ms - Host latency: 0.70083 ms (enqueue 0.00231934 ms)
[06/07/2026-16:40:35] [I] Average on 10 runs - GPU latency: 0.700513 ms - Host latency: 0.700513 ms (enqueue 0.00234375 ms)
[06/07/2026-16:40:35] [I] Average on 10 runs - GPU latency: 0.70083 ms - Host latency: 0.70083 ms (enqueue 0.00227051 ms)
[06/07/2026-16:40:35] [I] Average on 10 runs - GPU latency: 0.700537 ms - Host latency: 0.700537 ms (enqueue 0.00229492 ms)
[06/07/2026-16:40:35] [I] Average on 10 runs - GPU latency: 0.700659 ms - Host latency: 0.700659 ms (enqueue 0.00229492 ms)
[06/07/2026-16:40:35] [I] Average on 10 runs - GPU latency: 0.700732 ms - Host latency: 0.700732 ms (enqueue 0.00239258 ms)
[06/07/2026-16:40:35] [I] Average on 10 runs - GPU latency: 0.700513 ms - Host latency: 0.700513 ms (enqueue 0.00236816 ms)
[06/07/2026-16:40:35] [I] Average on 10 runs - GPU latency: 0.700391 ms - Host latency: 0.700391 ms (enqueue 0.00229492 ms)
[06/07/2026-16:40:35] [I] Average on 10 runs - GPU latency: 0.700635 ms - Host latency: 0.700635 ms (enqueue 0.00236816 ms)
[06/07/2026-16:40:35] [I] Average on 10 runs - GPU latency: 0.700708 ms - Host latency: 0.700708 ms (enqueue 0.00231934 ms)
[06/07/2026-16:40:35] [I] Average on 10 runs - GPU latency: 0.700635 ms - Host latency: 0.700635 ms (enqueue 0.00236816 ms)
[06/07/2026-16:40:35] [I] Average on 10 runs - GPU latency: 0.700586 ms - Host latency: 0.700586 ms (enqueue 0.00239258 ms)
[06/07/2026-16:40:35] [I] Average on 10 runs - GPU latency: 0.700488 ms - Host latency: 0.700488 ms (enqueue 0.00229492 ms)
[06/07/2026-16:40:35] [I] Average on 10 runs - GPU latency: 0.700757 ms - Host latency: 0.700757 ms (enqueue 0.00234375 ms)
[06/07/2026-16:40:35] [I] Average on 10 runs - GPU latency: 0.700659 ms - Host latency: 0.700659 ms (enqueue 0.00244141 ms)
[06/07/2026-16:40:35] [I] Average on 10 runs - GPU latency: 0.700464 ms - Host latency: 0.700464 ms (enqueue 0.00236816 ms)
[06/07/2026-16:40:35] [I] Average on 10 runs - GPU latency: 0.700977 ms - Host latency: 0.700977 ms (enqueue 0.00231934 ms)
[06/07/2026-16:40:35] [I] Average on 10 runs - GPU latency: 0.700806 ms - Host latency: 0.700806 ms (enqueue 0.00239258 ms)
[06/07/2026-16:40:35] [I] Average on 10 runs - GPU latency: 0.700708 ms - Host latency: 0.700708 ms (enqueue 0.00227051 ms)
[06/07/2026-16:40:35] [I] Average on 10 runs - GPU latency: 0.700732 ms - Host latency: 0.700732 ms (enqueue 0.00234375 ms)
[06/07/2026-16:40:35] [I] Average on 10 runs - GPU latency: 0.700635 ms - Host latency: 0.700635 ms (enqueue 0.00231934 ms)
[06/07/2026-16:40:35] [I] Average on 10 runs - GPU latency: 0.700586 ms - Host latency: 0.700586 ms (enqueue 0.00227051 ms)
[06/07/2026-16:40:35] [I] Average on 10 runs - GPU latency: 0.700806 ms - Host latency: 0.700806 ms (enqueue 0.00236816 ms)
[06/07/2026-16:40:35] [I] Average on 10 runs - GPU latency: 0.700854 ms - Host latency: 0.700854 ms (enqueue 0.00231934 ms)
[06/07/2026-16:40:35] [I] Average on 10 runs - GPU latency: 0.700415 ms - Host latency: 0.700415 ms (enqueue 0.00231934 ms)
[06/07/2026-16:40:35] [I] Average on 10 runs - GPU latency: 0.700415 ms - Host latency: 0.700415 ms (enqueue 0.00227051 ms)
[06/07/2026-16:40:35] [I] Average on 10 runs - GPU latency: 0.700806 ms - Host latency: 0.700806 ms (enqueue 0.00229492 ms)
[06/07/2026-16:40:35] [I] Average on 10 runs - GPU latency: 0.70061 ms - Host latency: 0.70061 ms (enqueue 0.00224609 ms)
[06/07/2026-16:40:35] [I] Average on 10 runs - GPU latency: 0.700439 ms - Host latency: 0.700439 ms (enqueue 0.00236816 ms)
[06/07/2026-16:40:35] [I] Average on 10 runs - GPU latency: 0.700513 ms - Host latency: 0.700513 ms (enqueue 0.00234375 ms)
[06/07/2026-16:40:35] [I] Average on 10 runs - GPU latency: 0.700854 ms - Host latency: 0.700854 ms (enqueue 0.00234375 ms)
[06/07/2026-16:40:35] [I] Average on 10 runs - GPU latency: 0.700732 ms - Host latency: 0.700732 ms (enqueue 0.00229492 ms)
[06/07/2026-16:40:35] [I] Average on 10 runs - GPU latency: 0.700415 ms - Host latency: 0.700415 ms (enqueue 0.00229492 ms)
[06/07/2026-16:40:35] [I] Average on 10 runs - GPU latency: 0.700439 ms - Host latency: 0.700439 ms (enqueue 0.00234375 ms)
[06/07/2026-16:40:35] [I] Average on 10 runs - GPU latency: 0.70083 ms - Host latency: 0.70083 ms (enqueue 0.00229492 ms)
[06/07/2026-16:40:35] [I] Average on 10 runs - GPU latency: 0.70061 ms - Host latency: 0.70061 ms (enqueue 0.00227051 ms)
[06/07/2026-16:40:35] [I] Average on 10 runs - GPU latency: 0.700513 ms - Host latency: 0.700513 ms (enqueue 0.00236816 ms)
[06/07/2026-16:40:35] [I] Average on 10 runs - GPU latency: 0.700708 ms - Host latency: 0.700708 ms (enqueue 0.00236816 ms)
[06/07/2026-16:40:35] [I] Average on 10 runs - GPU latency: 0.700708 ms - Host latency: 0.700708 ms (enqueue 0.00229492 ms)
[06/07/2026-16:40:35] [I] Average on 10 runs - GPU latency: 0.700659 ms - Host latency: 0.700659 ms (enqueue 0.00229492 ms)
[06/07/2026-16:40:35] [I] Average on 10 runs - GPU latency: 0.700537 ms - Host latency: 0.700537 ms (enqueue 0.00231934 ms)
[06/07/2026-16:40:35] [I] Average on 10 runs - GPU latency: 0.701025 ms - Host latency: 0.701025 ms (enqueue 0.00227051 ms)
[06/07/2026-16:40:35] [I] Average on 10 runs - GPU latency: 0.700415 ms - Host latency: 0.700415 ms (enqueue 0.00234375 ms)
[06/07/2026-16:40:35] [I] Average on 10 runs - GPU latency: 0.700708 ms - Host latency: 0.700708 ms (enqueue 0.00244141 ms)
[06/07/2026-16:40:35] [I] Average on 10 runs - GPU latency: 0.700415 ms - Host latency: 0.700415 ms (enqueue 0.00239258 ms)
[06/07/2026-16:40:35] [I] Average on 10 runs - GPU latency: 0.700537 ms - Host latency: 0.700537 ms (enqueue 0.00231934 ms)
[06/07/2026-16:40:35] [I] Average on 10 runs - GPU latency: 0.700757 ms - Host latency: 0.700757 ms (enqueue 0.00241699 ms)
[06/07/2026-16:40:35] [I] Average on 10 runs - GPU latency: 0.700757 ms - Host latency: 0.700757 ms (enqueue 0.00241699 ms)
[06/07/2026-16:40:35] [I] Average on 10 runs - GPU latency: 0.701001 ms - Host latency: 0.701001 ms (enqueue 0.00239258 ms)
[06/07/2026-16:40:35] [I] Average on 10 runs - GPU latency: 0.700903 ms - Host latency: 0.700903 ms (enqueue 0.00241699 ms)
[06/07/2026-16:40:35] [I] Average on 10 runs - GPU latency: 0.700806 ms - Host latency: 0.700806 ms (enqueue 0.00231934 ms)
[06/07/2026-16:40:35] [I] Average on 10 runs - GPU latency: 0.700293 ms - Host latency: 0.700293 ms (enqueue 0.00227051 ms)
[06/07/2026-16:40:35] [I] Average on 10 runs - GPU latency: 0.700513 ms - Host latency: 0.700513 ms (enqueue 0.00241699 ms)
[06/07/2026-16:40:35] [I] Average on 10 runs - GPU latency: 0.700928 ms - Host latency: 0.700928 ms (enqueue 0.00234375 ms)
[06/07/2026-16:40:35] [I] Average on 10 runs - GPU latency: 0.700488 ms - Host latency: 0.700488 ms (enqueue 0.00229492 ms)
[06/07/2026-16:40:35] [I] Average on 10 runs - GPU latency: 0.700635 ms - Host latency: 0.700635 ms (enqueue 0.00236816 ms)
[06/07/2026-16:40:35] [I] Average on 10 runs - GPU latency: 0.700635 ms - Host latency: 0.700635 ms (enqueue 0.00229492 ms)
[06/07/2026-16:40:35] [I] Average on 10 runs - GPU latency: 0.700586 ms - Host latency: 0.700586 ms (enqueue 0.00239258 ms)
[06/07/2026-16:40:35] [I] Average on 10 runs - GPU latency: 0.700952 ms - Host latency: 0.700952 ms (enqueue 0.00239258 ms)
[06/07/2026-16:40:35] [I] Average on 10 runs - GPU latency: 0.700879 ms - Host latency: 0.700879 ms (enqueue 0.00241699 ms)
[06/07/2026-16:40:35] [I] Average on 10 runs - GPU latency: 0.700537 ms - Host latency: 0.700537 ms (enqueue 0.00229492 ms)
[06/07/2026-16:40:35] [I] Average on 10 runs - GPU latency: 0.700659 ms - Host latency: 0.700659 ms (enqueue 0.00227051 ms)
[06/07/2026-16:40:35] [I] Average on 10 runs - GPU latency: 0.700537 ms - Host latency: 0.700537 ms (enqueue 0.00234375 ms)
[06/07/2026-16:40:35] [I] Average on 10 runs - GPU latency: 0.70105 ms - Host latency: 0.70105 ms (enqueue 0.00236816 ms)
[06/07/2026-16:40:35] [I] Average on 10 runs - GPU latency: 0.700757 ms - Host latency: 0.700757 ms (enqueue 0.00236816 ms)
[06/07/2026-16:40:35] [I] Average on 10 runs - GPU latency: 0.700708 ms - Host latency: 0.700708 ms (enqueue 0.00229492 ms)
[06/07/2026-16:40:35] [I] Average on 10 runs - GPU latency: 0.700439 ms - Host latency: 0.700439 ms (enqueue 0.00231934 ms)
[06/07/2026-16:40:35] [I] Average on 10 runs - GPU latency: 0.700732 ms - Host latency: 0.700732 ms (enqueue 0.00236816 ms)
[06/07/2026-16:40:35] [I] Average on 10 runs - GPU latency: 0.700537 ms - Host latency: 0.700537 ms (enqueue 0.00229492 ms)
[06/07/2026-16:40:35] [I] Average on 10 runs - GPU latency: 0.700903 ms - Host latency: 0.700903 ms (enqueue 0.00231934 ms)
[06/07/2026-16:40:35] [I] Average on 10 runs - GPU latency: 0.701221 ms - Host latency: 0.701221 ms (enqueue 0.00236816 ms)
[06/07/2026-16:40:35] [I] Average on 10 runs - GPU latency: 0.700415 ms - Host latency: 0.700415 ms (enqueue 0.00239258 ms)
[06/07/2026-16:40:35] [I] Average on 10 runs - GPU latency: 0.700928 ms - Host latency: 0.700928 ms (enqueue 0.00239258 ms)
[06/07/2026-16:40:35] [I] Average on 10 runs - GPU latency: 0.70083 ms - Host latency: 0.70083 ms (enqueue 0.00234375 ms)
[06/07/2026-16:40:35] [I] Average on 10 runs - GPU latency: 0.700269 ms - Host latency: 0.700269 ms (enqueue 0.00236816 ms)
[06/07/2026-16:40:35] [I] Average on 10 runs - GPU latency: 0.70061 ms - Host latency: 0.70061 ms (enqueue 0.00236816 ms)
[06/07/2026-16:40:35] [I] Average on 10 runs - GPU latency: 0.700488 ms - Host latency: 0.700488 ms (enqueue 0.00241699 ms)
[06/07/2026-16:40:35] [I] Average on 10 runs - GPU latency: 0.700757 ms - Host latency: 0.700757 ms (enqueue 0.00236816 ms)
[06/07/2026-16:40:35] [I] Average on 10 runs - GPU latency: 0.700928 ms - Host latency: 0.700928 ms (enqueue 0.00234375 ms)
[06/07/2026-16:40:35] [I] Average on 10 runs - GPU latency: 0.700415 ms - Host latency: 0.700415 ms (enqueue 0.00229492 ms)
[06/07/2026-16:40:35] [I] Average on 10 runs - GPU latency: 0.700488 ms - Host latency: 0.700488 ms (enqueue 0.00239258 ms)
[06/07/2026-16:40:35] [I] Average on 10 runs - GPU latency: 0.700806 ms - Host latency: 0.700806 ms (enqueue 0.00236816 ms)
[06/07/2026-16:40:35] [I] Average on 10 runs - GPU latency: 0.700757 ms - Host latency: 0.700757 ms (enqueue 0.00229492 ms)
[06/07/2026-16:40:35] [I] Average on 10 runs - GPU latency: 0.700586 ms - Host latency: 0.700586 ms (enqueue 0.00234375 ms)
[06/07/2026-16:40:35] [I] Average on 10 runs - GPU latency: 0.700513 ms - Host latency: 0.700513 ms (enqueue 0.00234375 ms)
[06/07/2026-16:40:35] [I] Average on 10 runs - GPU latency: 0.700732 ms - Host latency: 0.700732 ms (enqueue 0.00244141 ms)
[06/07/2026-16:40:35] [I] Average on 10 runs - GPU latency: 0.700903 ms - Host latency: 0.700903 ms (enqueue 0.00229492 ms)
[06/07/2026-16:40:35] [I] Average on 10 runs - GPU latency: 0.700586 ms - Host latency: 0.700586 ms (enqueue 0.00231934 ms)
[06/07/2026-16:40:35] [I] Average on 10 runs - GPU latency: 0.700537 ms - Host latency: 0.700537 ms (enqueue 0.00229492 ms)
[06/07/2026-16:40:35] [I] Average on 10 runs - GPU latency: 0.700342 ms - Host latency: 0.700342 ms (enqueue 0.00227051 ms)
[06/07/2026-16:40:35] [I] Average on 10 runs - GPU latency: 0.700586 ms - Host latency: 0.700586 ms (enqueue 0.00234375 ms)
[06/07/2026-16:40:35] [I] Average on 10 runs - GPU latency: 0.700928 ms - Host latency: 0.700928 ms (enqueue 0.00229492 ms)
[06/07/2026-16:40:35] [I] Average on 10 runs - GPU latency: 0.700391 ms - Host latency: 0.700391 ms (enqueue 0.00236816 ms)
[06/07/2026-16:40:35] [I] Average on 10 runs - GPU latency: 0.700537 ms - Host latency: 0.700537 ms (enqueue 0.00234375 ms)
[06/07/2026-16:40:35] [I] Average on 10 runs - GPU latency: 0.700586 ms - Host latency: 0.700586 ms (enqueue 0.00234375 ms)
[06/07/2026-16:40:35] [I] Average on 10 runs - GPU latency: 0.700415 ms - Host latency: 0.700415 ms (enqueue 0.00236816 ms)
[06/07/2026-16:40:35] [I] Average on 10 runs - GPU latency: 0.70083 ms - Host latency: 0.70083 ms (enqueue 0.00236816 ms)
[06/07/2026-16:40:35] [I] Average on 10 runs - GPU latency: 0.700122 ms - Host latency: 0.700122 ms (enqueue 0.00234375 ms)
[06/07/2026-16:40:35] [I] Average on 10 runs - GPU latency: 0.700342 ms - Host latency: 0.700342 ms (enqueue 0.00229492 ms)
[06/07/2026-16:40:35] [I] Average on 10 runs - GPU latency: 0.700708 ms - Host latency: 0.700708 ms (enqueue 0.00231934 ms)
[06/07/2026-16:40:35] [I] Average on 10 runs - GPU latency: 0.700635 ms - Host latency: 0.700635 ms (enqueue 0.00234375 ms)
[06/07/2026-16:40:35] [I] Average on 10 runs - GPU latency: 0.700562 ms - Host latency: 0.700562 ms (enqueue 0.00236816 ms)
[06/07/2026-16:40:35] [I] Average on 10 runs - GPU latency: 0.70083 ms - Host latency: 0.70083 ms (enqueue 0.00234375 ms)
[06/07/2026-16:40:35] [I] Average on 10 runs - GPU latency: 0.700928 ms - Host latency: 0.700928 ms (enqueue 0.00236816 ms)
[06/07/2026-16:40:35] [I] Average on 10 runs - GPU latency: 0.700659 ms - Host latency: 0.700659 ms (enqueue 0.00241699 ms)
[06/07/2026-16:40:35] [I] Average on 10 runs - GPU latency: 0.700342 ms - Host latency: 0.700342 ms (enqueue 0.00234375 ms)
[06/07/2026-16:40:35] [I] Average on 10 runs - GPU latency: 0.700635 ms - Host latency: 0.700635 ms (enqueue 0.00244141 ms)
[06/07/2026-16:40:35] [I] Average on 10 runs - GPU latency: 0.70061 ms - Host latency: 0.70061 ms (enqueue 0.00234375 ms)
[06/07/2026-16:40:35] [I] Average on 10 runs - GPU latency: 0.70083 ms - Host latency: 0.70083 ms (enqueue 0.00231934 ms)
[06/07/2026-16:40:35] [I] Average on 10 runs - GPU latency: 0.700854 ms - Host latency: 0.700854 ms (enqueue 0.00227051 ms)
[06/07/2026-16:40:35] [I] Average on 10 runs - GPU latency: 0.700317 ms - Host latency: 0.700317 ms (enqueue 0.00231934 ms)
[06/07/2026-16:40:35] [I] Average on 10 runs - GPU latency: 0.700708 ms - Host latency: 0.700708 ms (enqueue 0.00273437 ms)
[06/07/2026-16:40:35] [I] Average on 10 runs - GPU latency: 0.700757 ms - Host latency: 0.700757 ms (enqueue 0.00231934 ms)
[06/07/2026-16:40:35] [I] Average on 10 runs - GPU latency: 0.700903 ms - Host latency: 0.700903 ms (enqueue 0.00234375 ms)
[06/07/2026-16:40:35] [I] Average on 10 runs - GPU latency: 0.700586 ms - Host latency: 0.700586 ms (enqueue 0.00229492 ms)
[06/07/2026-16:40:35] [I] Average on 10 runs - GPU latency: 0.700732 ms - Host latency: 0.700732 ms (enqueue 0.00229492 ms)
[06/07/2026-16:40:35] [I] Average on 10 runs - GPU latency: 0.700415 ms - Host latency: 0.700415 ms (enqueue 0.00244141 ms)
[06/07/2026-16:40:35] [I] Average on 10 runs - GPU latency: 0.700391 ms - Host latency: 0.700391 ms (enqueue 0.00234375 ms)
[06/07/2026-16:40:35] [I] Average on 10 runs - GPU latency: 0.700293 ms - Host latency: 0.700293 ms (enqueue 0.00231934 ms)
[06/07/2026-16:40:35] [I] Average on 10 runs - GPU latency: 0.700293 ms - Host latency: 0.700293 ms (enqueue 0.00227051 ms)
[06/07/2026-16:40:35] [I] Average on 10 runs - GPU latency: 0.700391 ms - Host latency: 0.700391 ms (enqueue 0.00244141 ms)
[06/07/2026-16:40:35] [I] Average on 10 runs - GPU latency: 0.700708 ms - Host latency: 0.700708 ms (enqueue 0.00227051 ms)
[06/07/2026-16:40:35] [I] Average on 10 runs - GPU latency: 0.700537 ms - Host latency: 0.700537 ms (enqueue 0.00231934 ms)
[06/07/2026-16:40:35] [I] ... Omitting 4547 lines
[06/07/2026-16:40:35] [I] Average on 10 runs - GPU latency: 0.700732 ms - Host latency: 0.700732 ms (enqueue 0.00234375 ms)
[06/07/2026-16:40:35] [I] Average on 10 runs - GPU latency: 0.700781 ms - Host latency: 0.700781 ms (enqueue 0.00219727 ms)
[06/07/2026-16:40:35] [I] Average on 10 runs - GPU latency: 0.700537 ms - Host latency: 0.700537 ms (enqueue 0.00224609 ms)
[06/07/2026-16:40:35] [I] Average on 10 runs - GPU latency: 0.700635 ms - Host latency: 0.700635 ms (enqueue 0.00244141 ms)
[06/07/2026-16:40:35] [I] Average on 10 runs - GPU latency: 0.700488 ms - Host latency: 0.700488 ms (enqueue 0.00239258 ms)
[06/07/2026-16:40:35] [I] Average on 10 runs - GPU latency: 0.700635 ms - Host latency: 0.700635 ms (enqueue 0.00244141 ms)
[06/07/2026-16:40:35] [I] Average on 10 runs - GPU latency: 0.70083 ms - Host latency: 0.70083 ms (enqueue 0.00234375 ms)
[06/07/2026-16:40:35] [I] Average on 10 runs - GPU latency: 0.701123 ms - Host latency: 0.701123 ms (enqueue 0.00244141 ms)
[06/07/2026-16:40:35] [I] Average on 10 runs - GPU latency: 0.700781 ms - Host latency: 0.700781 ms (enqueue 0.00234375 ms)
[06/07/2026-16:40:35] [I] Average on 10 runs - GPU latency: 0.700635 ms - Host latency: 0.700635 ms (enqueue 0.00234375 ms)
[06/07/2026-16:40:35] [I] Average on 10 runs - GPU latency: 0.700879 ms - Host latency: 0.700879 ms (enqueue 0.00234375 ms)
[06/07/2026-16:40:35] [I] Average on 10 runs - GPU latency: 0.700928 ms - Host latency: 0.700928 ms (enqueue 0.00244141 ms)
[06/07/2026-16:40:35] [I] Average on 10 runs - GPU latency: 0.700488 ms - Host latency: 0.700488 ms (enqueue 0.00229492 ms)
[06/07/2026-16:40:35] [I] Average on 10 runs - GPU latency: 0.700537 ms - Host latency: 0.700537 ms (enqueue 0.00239258 ms)
[06/07/2026-16:40:35] [I] Average on 10 runs - GPU latency: 0.700684 ms - Host latency: 0.700684 ms (enqueue 0.00234375 ms)
[06/07/2026-16:40:35] [I] Average on 10 runs - GPU latency: 0.700391 ms - Host latency: 0.700391 ms (enqueue 0.00239258 ms)
[06/07/2026-16:40:35] [I] Average on 10 runs - GPU latency: 0.70083 ms - Host latency: 0.70083 ms (enqueue 0.00234375 ms)
[06/07/2026-16:40:35] [I] Average on 10 runs - GPU latency: 0.700732 ms - Host latency: 0.700732 ms (enqueue 0.00239258 ms)
[06/07/2026-16:40:35] [I] Average on 10 runs - GPU latency: 0.700732 ms - Host latency: 0.700732 ms (enqueue 0.00244141 ms)
[06/07/2026-16:40:35] [I] Average on 10 runs - GPU latency: 0.700293 ms - Host latency: 0.700293 ms (enqueue 0.00234375 ms)
[06/07/2026-16:40:35] [I] Average on 10 runs - GPU latency: 0.700488 ms - Host latency: 0.700488 ms (enqueue 0.00234375 ms)
[06/07/2026-16:40:35] [I] Average on 10 runs - GPU latency: 0.700684 ms - Host latency: 0.700684 ms (enqueue 0.00229492 ms)
[06/07/2026-16:40:35] [I] Average on 10 runs - GPU latency: 0.700732 ms - Host latency: 0.700732 ms (enqueue 0.00219727 ms)
[06/07/2026-16:40:35] [I] Average on 10 runs - GPU latency: 0.700537 ms - Host latency: 0.700537 ms (enqueue 0.00224609 ms)
[06/07/2026-16:40:35] [I] Average on 10 runs - GPU latency: 0.700977 ms - Host latency: 0.700977 ms (enqueue 0.00229492 ms)
[06/07/2026-16:40:35] [I] Average on 10 runs - GPU latency: 0.700928 ms - Host latency: 0.700928 ms (enqueue 0.00219727 ms)
[06/07/2026-16:40:35] [I] Average on 10 runs - GPU latency: 0.700293 ms - Host latency: 0.700293 ms (enqueue 0.00239258 ms)
[06/07/2026-16:40:35] [I] Average on 10 runs - GPU latency: 0.700635 ms - Host latency: 0.700635 ms (enqueue 0.00244141 ms)
[06/07/2026-16:40:35] [I] Average on 10 runs - GPU latency: 0.700586 ms - Host latency: 0.700586 ms (enqueue 0.00239258 ms)
[06/07/2026-16:40:35] [I] Average on 10 runs - GPU latency: 0.700781 ms - Host latency: 0.700781 ms (enqueue 0.00239258 ms)
[06/07/2026-16:40:35] [I] Average on 10 runs - GPU latency: 0.700781 ms - Host latency: 0.700781 ms (enqueue 0.00234375 ms)
[06/07/2026-16:40:35] [I] Average on 10 runs - GPU latency: 0.700488 ms - Host latency: 0.700488 ms (enqueue 0.00229492 ms)
[06/07/2026-16:40:35] [I] Average on 10 runs - GPU latency: 0.700879 ms - Host latency: 0.700879 ms (enqueue 0.00239258 ms)
[06/07/2026-16:40:35] [I] Average on 10 runs - GPU latency: 0.70083 ms - Host latency: 0.70083 ms (enqueue 0.00239258 ms)
[06/07/2026-16:40:35] [I] Average on 10 runs - GPU latency: 0.700586 ms - Host latency: 0.700586 ms (enqueue 0.00224609 ms)
[06/07/2026-16:40:35] [I] Average on 10 runs - GPU latency: 0.700684 ms - Host latency: 0.700684 ms (enqueue 0.00224609 ms)
[06/07/2026-16:40:35] [I] Average on 10 runs - GPU latency: 0.700439 ms - Host latency: 0.700439 ms (enqueue 0.00214844 ms)
[06/07/2026-16:40:35] [I] Average on 10 runs - GPU latency: 0.700732 ms - Host latency: 0.700732 ms (enqueue 0.00244141 ms)
[06/07/2026-16:40:35] [I] Average on 10 runs - GPU latency: 0.700488 ms - Host latency: 0.700488 ms (enqueue 0.00229492 ms)
[06/07/2026-16:40:35] [I] Average on 10 runs - GPU latency: 0.700488 ms - Host latency: 0.700488 ms (enqueue 0.00249023 ms)
[06/07/2026-16:40:35] [I] Average on 10 runs - GPU latency: 0.700293 ms - Host latency: 0.700293 ms (enqueue 0.00234375 ms)
[06/07/2026-16:40:35] [I] Average on 10 runs - GPU latency: 0.700586 ms - Host latency: 0.700586 ms (enqueue 0.00244141 ms)
[06/07/2026-16:40:35] [I] Average on 10 runs - GPU latency: 0.700439 ms - Host latency: 0.700439 ms (enqueue 0.00234375 ms)
[06/07/2026-16:40:35] [I] Average on 10 runs - GPU latency: 0.700977 ms - Host latency: 0.700977 ms (enqueue 0.00229492 ms)
[06/07/2026-16:40:35] [I] Average on 10 runs - GPU latency: 0.700488 ms - Host latency: 0.700488 ms (enqueue 0.00224609 ms)
[06/07/2026-16:40:35] [I] Average on 10 runs - GPU latency: 0.700391 ms - Host latency: 0.700391 ms (enqueue 0.00224609 ms)
[06/07/2026-16:40:35] [I] Average on 10 runs - GPU latency: 0.700684 ms - Host latency: 0.700684 ms (enqueue 0.00229492 ms)
[06/07/2026-16:40:35] [I] Average on 10 runs - GPU latency: 0.700488 ms - Host latency: 0.700488 ms (enqueue 0.00234375 ms)
[06/07/2026-16:40:35] [I] Average on 10 runs - GPU latency: 0.700488 ms - Host latency: 0.700488 ms (enqueue 0.00234375 ms)
[06/07/2026-16:40:35] [I] Average on 10 runs - GPU latency: 0.700439 ms - Host latency: 0.700439 ms (enqueue 0.00239258 ms)
[06/07/2026-16:40:35] [I] Average on 10 runs - GPU latency: 0.700439 ms - Host latency: 0.700439 ms (enqueue 0.00244141 ms)
[06/07/2026-16:40:35] [I] Average on 10 runs - GPU latency: 0.700586 ms - Host latency: 0.700586 ms (enqueue 0.00239258 ms)
[06/07/2026-16:40:35] [I] Average on 10 runs - GPU latency: 0.700488 ms - Host latency: 0.700488 ms (enqueue 0.00224609 ms)
[06/07/2026-16:40:35] [I] Average on 10 runs - GPU latency: 0.700684 ms - Host latency: 0.700684 ms (enqueue 0.00224609 ms)
[06/07/2026-16:40:35] [I] Average on 10 runs - GPU latency: 0.700684 ms - Host latency: 0.700684 ms (enqueue 0.00244141 ms)
[06/07/2026-16:40:35] [I] Average on 10 runs - GPU latency: 0.700586 ms - Host latency: 0.700586 ms (enqueue 0.00234375 ms)
[06/07/2026-16:40:35] [I] Average on 10 runs - GPU latency: 0.70083 ms - Host latency: 0.70083 ms (enqueue 0.00224609 ms)
[06/07/2026-16:40:35] [I] Average on 10 runs - GPU latency: 0.700732 ms - Host latency: 0.700732 ms (enqueue 0.00239258 ms)
[06/07/2026-16:40:35] [I] Average on 10 runs - GPU latency: 0.700293 ms - Host latency: 0.700293 ms (enqueue 0.00244141 ms)
[06/07/2026-16:40:35] [I] Average on 10 runs - GPU latency: 0.700684 ms - Host latency: 0.700684 ms (enqueue 0.00239258 ms)
[06/07/2026-16:40:35] [I] Average on 10 runs - GPU latency: 0.700586 ms - Host latency: 0.700586 ms (enqueue 0.00214844 ms)
[06/07/2026-16:40:35] [I] Average on 10 runs - GPU latency: 0.700684 ms - Host latency: 0.700684 ms (enqueue 0.00229492 ms)
[06/07/2026-16:40:35] [I] Average on 10 runs - GPU latency: 0.70083 ms - Host latency: 0.70083 ms (enqueue 0.00244141 ms)
[06/07/2026-16:40:35] [I] Average on 10 runs - GPU latency: 0.701025 ms - Host latency: 0.701025 ms (enqueue 0.00224609 ms)
[06/07/2026-16:40:35] [I] Average on 10 runs - GPU latency: 0.700977 ms - Host latency: 0.700977 ms (enqueue 0.00229492 ms)
[06/07/2026-16:40:35] [I] Average on 10 runs - GPU latency: 0.701074 ms - Host latency: 0.701074 ms (enqueue 0.00214844 ms)
[06/07/2026-16:40:35] [I] Average on 10 runs - GPU latency: 0.700537 ms - Host latency: 0.700537 ms (enqueue 0.00219727 ms)
[06/07/2026-16:40:35] [I] Average on 10 runs - GPU latency: 0.700732 ms - Host latency: 0.700732 ms (enqueue 0.00239258 ms)
[06/07/2026-16:40:35] [I] Average on 10 runs - GPU latency: 0.700635 ms - Host latency: 0.700635 ms (enqueue 0.00239258 ms)
[06/07/2026-16:40:35] [I] Average on 10 runs - GPU latency: 0.700537 ms - Host latency: 0.700537 ms (enqueue 0.00249023 ms)
[06/07/2026-16:40:35] [I] Average on 10 runs - GPU latency: 0.700635 ms - Host latency: 0.700635 ms (enqueue 0.00239258 ms)
[06/07/2026-16:40:35] [I] Average on 10 runs - GPU latency: 0.700928 ms - Host latency: 0.700928 ms (enqueue 0.00244141 ms)
[06/07/2026-16:40:35] [I] Average on 10 runs - GPU latency: 0.701123 ms - Host latency: 0.701123 ms (enqueue 0.00229492 ms)
[06/07/2026-16:40:35] [I] Average on 10 runs - GPU latency: 0.700586 ms - Host latency: 0.700586 ms (enqueue 0.00239258 ms)
[06/07/2026-16:40:35] [I] Average on 10 runs - GPU latency: 0.700781 ms - Host latency: 0.700781 ms (enqueue 0.00224609 ms)
[06/07/2026-16:40:35] [I] Average on 10 runs - GPU latency: 0.700781 ms - Host latency: 0.700781 ms (enqueue 0.00239258 ms)
[06/07/2026-16:40:35] [I] Average on 10 runs - GPU latency: 0.700293 ms - Host latency: 0.700293 ms (enqueue 0.00224609 ms)
[06/07/2026-16:40:35] [I] Average on 10 runs - GPU latency: 0.700537 ms - Host latency: 0.700537 ms (enqueue 0.00234375 ms)
[06/07/2026-16:40:35] [I] Average on 10 runs - GPU latency: 0.700732 ms - Host latency: 0.700732 ms (enqueue 0.00219727 ms)
[06/07/2026-16:40:35] [I] Average on 10 runs - GPU latency: 0.700684 ms - Host latency: 0.700684 ms (enqueue 0.00234375 ms)
[06/07/2026-16:40:35] [I] Average on 10 runs - GPU latency: 0.700391 ms - Host latency: 0.700391 ms (enqueue 0.00229492 ms)
[06/07/2026-16:40:35] [I] Average on 10 runs - GPU latency: 0.700879 ms - Host latency: 0.700879 ms (enqueue 0.00224609 ms)
[06/07/2026-16:40:35] [I] Average on 10 runs - GPU latency: 0.700635 ms - Host latency: 0.700635 ms (enqueue 0.00253906 ms)
[06/07/2026-16:40:35] [I] Average on 10 runs - GPU latency: 0.700293 ms - Host latency: 0.700293 ms (enqueue 0.00253906 ms)
[06/07/2026-16:40:35] [I] Average on 10 runs - GPU latency: 0.700586 ms - Host latency: 0.700586 ms (enqueue 0.00258789 ms)
[06/07/2026-16:40:35] [I] Average on 10 runs - GPU latency: 0.700879 ms - Host latency: 0.700879 ms (enqueue 0.00229492 ms)
[06/07/2026-16:40:35] [I] Average on 10 runs - GPU latency: 0.700439 ms - Host latency: 0.700439 ms (enqueue 0.00219727 ms)
[06/07/2026-16:40:35] [I] Average on 10 runs - GPU latency: 0.700879 ms - Host latency: 0.700879 ms (enqueue 0.00234375 ms)
[06/07/2026-16:40:35] [I] Average on 10 runs - GPU latency: 0.700488 ms - Host latency: 0.700488 ms (enqueue 0.00263672 ms)
[06/07/2026-16:40:35] [I] Average on 10 runs - GPU latency: 0.700439 ms - Host latency: 0.700439 ms (enqueue 0.00229492 ms)
[06/07/2026-16:40:35] [I] Average on 10 runs - GPU latency: 0.700488 ms - Host latency: 0.700488 ms (enqueue 0.00229492 ms)
[06/07/2026-16:40:35] [I] Average on 10 runs - GPU latency: 0.700684 ms - Host latency: 0.700684 ms (enqueue 0.00224609 ms)
[06/07/2026-16:40:35] [I] Average on 10 runs - GPU latency: 0.700537 ms - Host latency: 0.700537 ms (enqueue 0.00219727 ms)
[06/07/2026-16:40:35] [I] Average on 10 runs - GPU latency: 0.700879 ms - Host latency: 0.700879 ms (enqueue 0.00214844 ms)
[06/07/2026-16:40:35] [I] Average on 10 runs - GPU latency: 0.700732 ms - Host latency: 0.700732 ms (enqueue 0.00224609 ms)
[06/07/2026-16:40:35] [I] Average on 10 runs - GPU latency: 0.700537 ms - Host latency: 0.700537 ms (enqueue 0.00234375 ms)
[06/07/2026-16:40:35] [I] Average on 10 runs - GPU latency: 0.700781 ms - Host latency: 0.700781 ms (enqueue 0.00249023 ms)
[06/07/2026-16:40:35] [I] Average on 10 runs - GPU latency: 0.700391 ms - Host latency: 0.700391 ms (enqueue 0.00239258 ms)
[06/07/2026-16:40:35] [I] Average on 10 runs - GPU latency: 0.700684 ms - Host latency: 0.700684 ms (enqueue 0.00234375 ms)
[06/07/2026-16:40:35] [I] Average on 10 runs - GPU latency: 0.700684 ms - Host latency: 0.700684 ms (enqueue 0.00219727 ms)
[06/07/2026-16:40:35] [I] Average on 10 runs - GPU latency: 0.700732 ms - Host latency: 0.700732 ms (enqueue 0.00229492 ms)
[06/07/2026-16:40:35] [I] Average on 10 runs - GPU latency: 0.700781 ms - Host latency: 0.700781 ms (enqueue 0.00239258 ms)
[06/07/2026-16:40:35] [I] Average on 10 runs - GPU latency: 0.700635 ms - Host latency: 0.700635 ms (enqueue 0.00234375 ms)
[06/07/2026-16:40:35] [I] Average on 10 runs - GPU latency: 0.700635 ms - Host latency: 0.700635 ms (enqueue 0.00244141 ms)
[06/07/2026-16:40:35] [I] Average on 10 runs - GPU latency: 0.700732 ms - Host latency: 0.700732 ms (enqueue 0.00229492 ms)
[06/07/2026-16:40:35] [I] Average on 10 runs - GPU latency: 0.700391 ms - Host latency: 0.700391 ms (enqueue 0.00239258 ms)
[06/07/2026-16:40:35] [I] Average on 10 runs - GPU latency: 0.700537 ms - Host latency: 0.700537 ms (enqueue 0.00229492 ms)
[06/07/2026-16:40:35] [I] Average on 10 runs - GPU latency: 0.700439 ms - Host latency: 0.700439 ms (enqueue 0.00234375 ms)
[06/07/2026-16:40:35] [I] Average on 10 runs - GPU latency: 0.700781 ms - Host latency: 0.700781 ms (enqueue 0.00229492 ms)
[06/07/2026-16:40:35] [I] Average on 10 runs - GPU latency: 0.700684 ms - Host latency: 0.700684 ms (enqueue 0.00214844 ms)
[06/07/2026-16:40:35] [I] Average on 10 runs - GPU latency: 0.700781 ms - Host latency: 0.700781 ms (enqueue 0.00239258 ms)
[06/07/2026-16:40:35] [I] Average on 10 runs - GPU latency: 0.700195 ms - Host latency: 0.700195 ms (enqueue 0.00234375 ms)
[06/07/2026-16:40:35] [I] Average on 10 runs - GPU latency: 0.700781 ms - Host latency: 0.700781 ms (enqueue 0.00234375 ms)
[06/07/2026-16:40:35] [I] Average on 10 runs - GPU latency: 0.70083 ms - Host latency: 0.70083 ms (enqueue 0.00234375 ms)
[06/07/2026-16:40:35] [I] Average on 10 runs - GPU latency: 0.70083 ms - Host latency: 0.70083 ms (enqueue 0.00224609 ms)
[06/07/2026-16:40:35] [I] Average on 10 runs - GPU latency: 0.700488 ms - Host latency: 0.700488 ms (enqueue 0.00239258 ms)
[06/07/2026-16:40:35] [I] Average on 10 runs - GPU latency: 0.700781 ms - Host latency: 0.700781 ms (enqueue 0.00239258 ms)
[06/07/2026-16:40:35] [I] Average on 10 runs - GPU latency: 0.700586 ms - Host latency: 0.700586 ms (enqueue 0.00239258 ms)
[06/07/2026-16:40:35] [I] Average on 10 runs - GPU latency: 0.700684 ms - Host latency: 0.700684 ms (enqueue 0.00219727 ms)
[06/07/2026-16:40:35] [I] Average on 10 runs - GPU latency: 0.700488 ms - Host latency: 0.700488 ms (enqueue 0.00209961 ms)
[06/07/2026-16:40:35] [I] Average on 10 runs - GPU latency: 0.700537 ms - Host latency: 0.700537 ms (enqueue 0.00249023 ms)
[06/07/2026-16:40:35] [I] Average on 10 runs - GPU latency: 0.700537 ms - Host latency: 0.700537 ms (enqueue 0.00219727 ms)
[06/07/2026-16:40:35] [I] Average on 10 runs - GPU latency: 0.700586 ms - Host latency: 0.700586 ms (enqueue 0.00244141 ms)
[06/07/2026-16:40:35] [I] Average on 10 runs - GPU latency: 0.700537 ms - Host latency: 0.700537 ms (enqueue 0.00224609 ms)
[06/07/2026-16:40:35] [I] Average on 10 runs - GPU latency: 0.700635 ms - Host latency: 0.700635 ms (enqueue 0.00244141 ms)
[06/07/2026-16:40:35] [I] Average on 10 runs - GPU latency: 0.700586 ms - Host latency: 0.700586 ms (enqueue 0.00239258 ms)
[06/07/2026-16:40:35] [I] Average on 10 runs - GPU latency: 0.70083 ms - Host latency: 0.70083 ms (enqueue 0.00273437 ms)
[06/07/2026-16:40:35] [I] Average on 10 runs - GPU latency: 0.700244 ms - Host latency: 0.700244 ms (enqueue 0.00224609 ms)
[06/07/2026-16:40:35] [I] Average on 10 runs - GPU latency: 0.700879 ms - Host latency: 0.700879 ms (enqueue 0.00234375 ms)
[06/07/2026-16:40:35] [I] Average on 10 runs - GPU latency: 0.700781 ms - Host latency: 0.700781 ms (enqueue 0.00239258 ms)
[06/07/2026-16:40:35] [I] Average on 10 runs - GPU latency: 0.700586 ms - Host latency: 0.700586 ms (enqueue 0.00219727 ms)
[06/07/2026-16:40:35] [I] Average on 10 runs - GPU latency: 0.700537 ms - Host latency: 0.700537 ms (enqueue 0.00229492 ms)
[06/07/2026-16:40:35] [I] Average on 10 runs - GPU latency: 0.700586 ms - Host latency: 0.700586 ms (enqueue 0.00224609 ms)
[06/07/2026-16:40:35] [I] Average on 10 runs - GPU latency: 0.700635 ms - Host latency: 0.700635 ms (enqueue 0.00229492 ms)
[06/07/2026-16:40:35] [I] Average on 10 runs - GPU latency: 0.700488 ms - Host latency: 0.700488 ms (enqueue 0.00239258 ms)
[06/07/2026-16:40:35] [I] Average on 10 runs - GPU latency: 0.700391 ms - Host latency: 0.700391 ms (enqueue 0.00229492 ms)
[06/07/2026-16:40:35] [I] Average on 10 runs - GPU latency: 0.700586 ms - Host latency: 0.700586 ms (enqueue 0.00239258 ms)
[06/07/2026-16:40:35] [I] Average on 10 runs - GPU latency: 0.700488 ms - Host latency: 0.700488 ms (enqueue 0.00244141 ms)
[06/07/2026-16:40:35] [I] Average on 10 runs - GPU latency: 0.700537 ms - Host latency: 0.700537 ms (enqueue 0.00244141 ms)
[06/07/2026-16:40:35] [I] Average on 10 runs - GPU latency: 0.700781 ms - Host latency: 0.700781 ms (enqueue 0.00224609 ms)
[06/07/2026-16:40:35] [I] Average on 10 runs - GPU latency: 0.700684 ms - Host latency: 0.700684 ms (enqueue 0.00234375 ms)
[06/07/2026-16:40:35] [I] Average on 10 runs - GPU latency: 0.700586 ms - Host latency: 0.700586 ms (enqueue 0.00244141 ms)
[06/07/2026-16:40:35] [I] Average on 10 runs - GPU latency: 0.700879 ms - Host latency: 0.700879 ms (enqueue 0.00224609 ms)
[06/07/2026-16:40:35] [I] Average on 10 runs - GPU latency: 0.700488 ms - Host latency: 0.700488 ms (enqueue 0.00234375 ms)
[06/07/2026-16:40:35] [I] Average on 10 runs - GPU latency: 0.700977 ms - Host latency: 0.700977 ms (enqueue 0.00229492 ms)
[06/07/2026-16:40:35] [I] Average on 10 runs - GPU latency: 0.700391 ms - Host latency: 0.700391 ms (enqueue 0.00258789 ms)
[06/07/2026-16:40:35] [I] Average on 10 runs - GPU latency: 0.700781 ms - Host latency: 0.700781 ms (enqueue 0.00239258 ms)
[06/07/2026-16:40:35] [I] Average on 10 runs - GPU latency: 0.700781 ms - Host latency: 0.700781 ms (enqueue 0.00219727 ms)
[06/07/2026-16:40:35] [I] Average on 10 runs - GPU latency: 0.700391 ms - Host latency: 0.700391 ms (enqueue 0.00229492 ms)
[06/07/2026-16:40:35] [I] Average on 10 runs - GPU latency: 0.700439 ms - Host latency: 0.700439 ms (enqueue 0.00234375 ms)
[06/07/2026-16:40:35] [I] Average on 10 runs - GPU latency: 0.70083 ms - Host latency: 0.70083 ms (enqueue 0.00234375 ms)
[06/07/2026-16:40:35] [I] Average on 10 runs - GPU latency: 0.701123 ms - Host latency: 0.701123 ms (enqueue 0.00224609 ms)
[06/07/2026-16:40:35] [I] Average on 10 runs - GPU latency: 0.700781 ms - Host latency: 0.700781 ms (enqueue 0.00239258 ms)
[06/07/2026-16:40:35] [I] Average on 10 runs - GPU latency: 0.70083 ms - Host latency: 0.70083 ms (enqueue 0.00249023 ms)
[06/07/2026-16:40:35] [I] Average on 10 runs - GPU latency: 0.701123 ms - Host latency: 0.701123 ms (enqueue 0.00244141 ms)
[06/07/2026-16:40:35] [I] Average on 10 runs - GPU latency: 0.700732 ms - Host latency: 0.700732 ms (enqueue 0.00239258 ms)
[06/07/2026-16:40:35] [I] Average on 10 runs - GPU latency: 0.700781 ms - Host latency: 0.700781 ms (enqueue 0.00234375 ms)
[06/07/2026-16:40:35] [I] Average on 10 runs - GPU latency: 0.700635 ms - Host latency: 0.700635 ms (enqueue 0.00229492 ms)
[06/07/2026-16:40:35] [I] Average on 10 runs - GPU latency: 0.700635 ms - Host latency: 0.700635 ms (enqueue 0.00234375 ms)
[06/07/2026-16:40:35] [I] Average on 10 runs - GPU latency: 0.700293 ms - Host latency: 0.700293 ms (enqueue 0.00249023 ms)
[06/07/2026-16:40:35] [I] Average on 10 runs - GPU latency: 0.700635 ms - Host latency: 0.700635 ms (enqueue 0.00253906 ms)
[06/07/2026-16:40:35] [I] Average on 10 runs - GPU latency: 0.700586 ms - Host latency: 0.700586 ms (enqueue 0.00239258 ms)
[06/07/2026-16:40:35] [I] Average on 10 runs - GPU latency: 0.700635 ms - Host latency: 0.700635 ms (enqueue 0.00239258 ms)
[06/07/2026-16:40:35] [I] Average on 10 runs - GPU latency: 0.700635 ms - Host latency: 0.700635 ms (enqueue 0.00234375 ms)
[06/07/2026-16:40:35] [I] Average on 10 runs - GPU latency: 0.700684 ms - Host latency: 0.700684 ms (enqueue 0.00263672 ms)
[06/07/2026-16:40:35] [I] Average on 10 runs - GPU latency: 0.70083 ms - Host latency: 0.70083 ms (enqueue 0.00224609 ms)
[06/07/2026-16:40:35] [I] Average on 10 runs - GPU latency: 0.700537 ms - Host latency: 0.700537 ms (enqueue 0.00244141 ms)
[06/07/2026-16:40:35] [I] Average on 10 runs - GPU latency: 0.700537 ms - Host latency: 0.700537 ms (enqueue 0.00229492 ms)
[06/07/2026-16:40:35] [I] Average on 10 runs - GPU latency: 0.700391 ms - Host latency: 0.700391 ms (enqueue 0.00224609 ms)
[06/07/2026-16:40:35] [I] Average on 10 runs - GPU latency: 0.700781 ms - Host latency: 0.700781 ms (enqueue 0.00239258 ms)
[06/07/2026-16:40:35] [I] Average on 10 runs - GPU latency: 0.700488 ms - Host latency: 0.700488 ms (enqueue 0.00219727 ms)
[06/07/2026-16:40:35] [I] Average on 10 runs - GPU latency: 0.700879 ms - Host latency: 0.700879 ms (enqueue 0.00224609 ms)
[06/07/2026-16:40:35] [I] Average on 10 runs - GPU latency: 0.700537 ms - Host latency: 0.700537 ms (enqueue 0.00214844 ms)
[06/07/2026-16:40:35] [I] Average on 10 runs - GPU latency: 0.700439 ms - Host latency: 0.700439 ms (enqueue 0.00234375 ms)
[06/07/2026-16:40:35] [I] Average on 10 runs - GPU latency: 0.70083 ms - Host latency: 0.70083 ms (enqueue 0.00234375 ms)
[06/07/2026-16:40:35] [I] Average on 10 runs - GPU latency: 0.700928 ms - Host latency: 0.700928 ms (enqueue 0.00229492 ms)
[06/07/2026-16:40:35] [I] Average on 10 runs - GPU latency: 0.700488 ms - Host latency: 0.700488 ms (enqueue 0.00239258 ms)
[06/07/2026-16:40:35] [I] Average on 10 runs - GPU latency: 0.700781 ms - Host latency: 0.700781 ms (enqueue 0.00249023 ms)
[06/07/2026-16:40:35] [I] Average on 10 runs - GPU latency: 0.700879 ms - Host latency: 0.700879 ms (enqueue 0.00214844 ms)
[06/07/2026-16:40:35] [I] Average on 10 runs - GPU latency: 0.700488 ms - Host latency: 0.700488 ms (enqueue 0.00224609 ms)
[06/07/2026-16:40:35] [I] Average on 10 runs - GPU latency: 0.700635 ms - Host latency: 0.700635 ms (enqueue 0.00219727 ms)
[06/07/2026-16:40:35] [I] Average on 10 runs - GPU latency: 0.700732 ms - Host latency: 0.700732 ms (enqueue 0.00224609 ms)
[06/07/2026-16:40:35] [I] Average on 10 runs - GPU latency: 0.700488 ms - Host latency: 0.700488 ms (enqueue 0.00234375 ms)
[06/07/2026-16:40:35] [I] Average on 10 runs - GPU latency: 0.700537 ms - Host latency: 0.700537 ms (enqueue 0.00234375 ms)
[06/07/2026-16:40:35] [I] Average on 10 runs - GPU latency: 0.700488 ms - Host latency: 0.700488 ms (enqueue 0.00229492 ms)
[06/07/2026-16:40:35] [I] Average on 10 runs - GPU latency: 0.700781 ms - Host latency: 0.700781 ms (enqueue 0.00239258 ms)
[06/07/2026-16:40:35] [I] Average on 10 runs - GPU latency: 0.701074 ms - Host latency: 0.701074 ms (enqueue 0.00239258 ms)
[06/07/2026-16:40:35] [I] Average on 10 runs - GPU latency: 0.700586 ms - Host latency: 0.700586 ms (enqueue 0.00234375 ms)
[06/07/2026-16:40:35] [I] Average on 10 runs - GPU latency: 0.700586 ms - Host latency: 0.700586 ms (enqueue 0.00219727 ms)
[06/07/2026-16:40:35] [I] Average on 10 runs - GPU latency: 0.70083 ms - Host latency: 0.70083 ms (enqueue 0.00229492 ms)
[06/07/2026-16:40:35] [I] Average on 10 runs - GPU latency: 0.70083 ms - Host latency: 0.70083 ms (enqueue 0.00229492 ms)
[06/07/2026-16:40:35] [I] Average on 10 runs - GPU latency: 0.700439 ms - Host latency: 0.700439 ms (enqueue 0.00244141 ms)
[06/07/2026-16:40:35] [I] Average on 10 runs - GPU latency: 0.700781 ms - Host latency: 0.700781 ms (enqueue 0.00224609 ms)
[06/07/2026-16:40:35] [I] Average on 10 runs - GPU latency: 0.700732 ms - Host latency: 0.700732 ms (enqueue 0.00219727 ms)
[06/07/2026-16:40:35] [I] Average on 10 runs - GPU latency: 0.701025 ms - Host latency: 0.701025 ms (enqueue 0.00229492 ms)
[06/07/2026-16:40:35] [I] Average on 10 runs - GPU latency: 0.700537 ms - Host latency: 0.700537 ms (enqueue 0.00214844 ms)
[06/07/2026-16:40:35] [I] Average on 10 runs - GPU latency: 0.700879 ms - Host latency: 0.700879 ms (enqueue 0.00239258 ms)
[06/07/2026-16:40:35] [I] Average on 10 runs - GPU latency: 0.700879 ms - Host latency: 0.700879 ms (enqueue 0.00244141 ms)
[06/07/2026-16:40:35] [I] Average on 10 runs - GPU latency: 0.700928 ms - Host latency: 0.700928 ms (enqueue 0.00229492 ms)
[06/07/2026-16:40:35] [I] Average on 10 runs - GPU latency: 0.700439 ms - Host latency: 0.700439 ms (enqueue 0.00239258 ms)
[06/07/2026-16:40:35] [I] 
[06/07/2026-16:40:35] [I] === Performance summary ===
[06/07/2026-16:40:35] [I] Throughput: 1424.29 qps
[06/07/2026-16:40:35] [I] Latency: min = 0.698242 ms, max = 0.702637 ms, mean = 0.700607 ms, median = 0.700439 ms, percentile(99%) = 0.70166 ms
[06/07/2026-16:40:35] [I] Enqueue Time: min = 0.00195312 ms, max = 0.00732422 ms, mean = 0.00233777 ms, median = 0.00244141 ms, percentile(99%) = 0.00292969 ms
[06/07/2026-16:40:35] [I] H2D Latency: min = 0 ms, max = 0 ms, mean = 0 ms, median = 0 ms, percentile(99%) = 0 ms
[06/07/2026-16:40:35] [I] GPU Compute Time: min = 0.698242 ms, max = 0.702637 ms, mean = 0.700607 ms, median = 0.700439 ms, percentile(99%) = 0.70166 ms
[06/07/2026-16:40:35] [I] D2H Latency: min = 0 ms, max = 0 ms, mean = 0 ms, median = 0 ms, percentile(99%) = 0 ms
[06/07/2026-16:40:35] [I] Total Host Walltime: 6.00087 s
[06/07/2026-16:40:35] [I] Total GPU Compute Time: 5.98809 s
[06/07/2026-16:40:35] [I] Explanations of the performance metrics are printed in the verbose logs.
[06/07/2026-16:40:35] [I] 
&&&& PASSED TensorRT.trtexec [TensorRT v101401] [b48] # trtexec --loadEngine=/work/trt_bench_streams/engines/yolo26n_b8.engine --streams=1 --useCudaGraph --useSpinWait --noDataTransfers --warmUp=2000 --duration=6 --percentile=99
