&&&& RUNNING TensorRT.trtexec [TensorRT v101401] [b48] # trtexec --loadEngine=/work/trt_bench_streams/engines/yolo26n_b16.engine --streams=4 --useCudaGraph --useSpinWait --noDataTransfers --warmUp=2000 --duration=6 --percentile=99
[06/07/2026-16:44:23] [I] TF32 is enabled by default. Add --noTF32 flag to further improve accuracy with some performance cost.
[06/07/2026-16:44:23] [W] --streams flag has been deprecated, use --infStreams flag instead.
[06/07/2026-16:44:23] [I] === Model Options ===
[06/07/2026-16:44:23] [I] Format: *
[06/07/2026-16:44:23] [I] Model: 
[06/07/2026-16:44:23] [I] Output:
[06/07/2026-16:44:23] [I] 
[06/07/2026-16:44:23] [I] === System Options ===
[06/07/2026-16:44:23] [I] Device: 0
[06/07/2026-16:44:23] [I] DLACore: 
[06/07/2026-16:44:23] [I] Plugins:
[06/07/2026-16:44:23] [I] setPluginsToSerialize:
[06/07/2026-16:44:23] [I] dynamicPlugins:
[06/07/2026-16:44:23] [I] ignoreParsedPluginLibs: 0
[06/07/2026-16:44:23] [I] 
[06/07/2026-16:44:23] [I] === Inference Options ===
[06/07/2026-16:44:23] [I] Batch: Explicit
[06/07/2026-16:44:23] [I] Input inference shapes: model
[06/07/2026-16:44:23] [I] Iterations: 10
[06/07/2026-16:44:23] [I] Duration: 6s (+ 2000ms warm up)
[06/07/2026-16:44:23] [I] Sleep time: 0ms
[06/07/2026-16:44:23] [I] Idle time: 0ms
[06/07/2026-16:44:23] [I] Inference Streams: 4
[06/07/2026-16:44:23] [I] ExposeDMA: Disabled
[06/07/2026-16:44:23] [I] Data transfers: Disabled
[06/07/2026-16:44:23] [I] Spin-wait: Enabled
[06/07/2026-16:44:23] [I] Multithreading: Disabled
[06/07/2026-16:44:23] [I] CUDA Graph: Enabled
[06/07/2026-16:44:23] [I] Separate profiling: Disabled
[06/07/2026-16:44:23] [I] Time Deserialize: Disabled
[06/07/2026-16:44:23] [I] Time Refit: Disabled
[06/07/2026-16:44:23] [I] NVTX verbosity: 0
[06/07/2026-16:44:23] [I] Persistent Cache Ratio: 0
[06/07/2026-16:44:23] [I] Optimization Profile Index: 0
[06/07/2026-16:44:23] [I] Weight Streaming Budget: 100.000000%
[06/07/2026-16:44:23] [I] Inputs:
[06/07/2026-16:44:23] [I] Debug Tensor Save Destinations:
[06/07/2026-16:44:23] [I] Dump All Debug Tensor in Formats: 
[06/07/2026-16:44:23] [I] === Reporting Options ===
[06/07/2026-16:44:23] [I] Verbose: Disabled
[06/07/2026-16:44:23] [I] Averages: 10 inferences
[06/07/2026-16:44:23] [I] Percentiles: 99
[06/07/2026-16:44:23] [I] Dump refittable layers:Disabled
[06/07/2026-16:44:23] [I] Dump output: Disabled
[06/07/2026-16:44:23] [I] Profile: Disabled
[06/07/2026-16:44:23] [I] Export timing to JSON file: 
[06/07/2026-16:44:23] [I] Export output to JSON file: 
[06/07/2026-16:44:23] [I] Export profile to JSON file: 
[06/07/2026-16:44:23] [I] 
[06/07/2026-16:44:23] [I] === Device Information ===
[06/07/2026-16:44:23] [I] Available Devices: 
[06/07/2026-16:44:23] [I]   Device 0: "NVIDIA GeForce RTX 4090" UUID: GPU-f84a2a8b-f125-2892-c40d-fe37bcae6c60
[06/07/2026-16:44:23] [I] Selected Device: NVIDIA GeForce RTX 4090
[06/07/2026-16:44:23] [I] Selected Device ID: 0
[06/07/2026-16:44:23] [I] Selected Device UUID: GPU-f84a2a8b-f125-2892-c40d-fe37bcae6c60
[06/07/2026-16:44:23] [I] Compute Capability: 8.9
[06/07/2026-16:44:23] [I] SMs: 128
[06/07/2026-16:44:23] [I] Device Global Memory: 24080 MiB
[06/07/2026-16:44:23] [I] Shared Memory per SM: 100 KiB
[06/07/2026-16:44:23] [I] Memory Bus Width: 384 bits (ECC disabled)
[06/07/2026-16:44:23] [I] Application Compute Clock Rate: 2.55 GHz
[06/07/2026-16:44:23] [I] Application Memory Clock Rate: 10.501 GHz
[06/07/2026-16:44:23] [I] 
[06/07/2026-16:44:23] [I] Note: The application clock rates do not reflect the actual clock rates that the GPU is currently running at.
[06/07/2026-16:44:23] [I] 
[06/07/2026-16:44:23] [I] TensorRT version: 10.14.1
[06/07/2026-16:44:23] [I] Loading standard plugins
[06/07/2026-16:44:23] [I] [TRT] Loaded engine size: 7 MiB
[06/07/2026-16:44:23] [I] Engine deserialized in 0.0444602 sec.
[06/07/2026-16:44:23] [I] [TRT] [MemUsageChange] TensorRT-managed allocation in IExecutionContext creation: CPU +0, GPU +63, now: CPU 0, GPU 67 (MiB)
[06/07/2026-16:44:23] [I] Setting persistentCacheLimit to 0 bytes.
[06/07/2026-16:44:23] [I] [TRT] [MemUsageChange] TensorRT-managed allocation in IExecutionContext creation: CPU +1, GPU +63, now: CPU 1, GPU 130 (MiB)
[06/07/2026-16:44:23] [I] Setting persistentCacheLimit to 0 bytes.
[06/07/2026-16:44:23] [I] [TRT] [MemUsageChange] TensorRT-managed allocation in IExecutionContext creation: CPU +1, GPU +62, now: CPU 2, GPU 192 (MiB)
[06/07/2026-16:44:23] [I] Setting persistentCacheLimit to 0 bytes.
[06/07/2026-16:44:23] [I] [TRT] [MemUsageChange] TensorRT-managed allocation in IExecutionContext creation: CPU +0, GPU +63, now: CPU 2, GPU 255 (MiB)
[06/07/2026-16:44:23] [I] Setting persistentCacheLimit to 0 bytes.
[06/07/2026-16:44:23] [I] Created execution context with device memory size: 62.7148 MiB
[06/07/2026-16:44:23] [I] Created execution context with device memory size: 62.7148 MiB
[06/07/2026-16:44:23] [I] Created execution context with device memory size: 62.7148 MiB
[06/07/2026-16:44:23] [I] Created execution context with device memory size: 62.7148 MiB
[06/07/2026-16:44:23] [I] Using random values for input images
[06/07/2026-16:44:24] [I] Input binding for images with dimensions 16x3x416x416 is created.
[06/07/2026-16:44:24] [I] Using random values for input images
[06/07/2026-16:44:24] [I] Input binding for images with dimensions 16x3x416x416 is created.
[06/07/2026-16:44:24] [I] Using random values for input images
[06/07/2026-16:44:24] [I] Input binding for images with dimensions 16x3x416x416 is created.
[06/07/2026-16:44:24] [I] Using random values for input images
[06/07/2026-16:44:24] [I] Input binding for images with dimensions 16x3x416x416 is created.
[06/07/2026-16:44:24] [I] Output binding for output0 with dimensions 16x300x6 is created.
[06/07/2026-16:44:24] [I] Output binding for output0 with dimensions 16x300x6 is created.
[06/07/2026-16:44:24] [I] Output binding for output0 with dimensions 16x300x6 is created.
[06/07/2026-16:44:24] [I] Output binding for output0 with dimensions 16x300x6 is created.
[06/07/2026-16:44:24] [I] Starting inference
[06/07/2026-16:44:24] [I] Capturing CUDA graph for the current execution context
[06/07/2026-16:44:24] [I] Successfully captured CUDA graph for the current execution context
[06/07/2026-16:44:24] [I] Capturing CUDA graph for the current execution context
[06/07/2026-16:44:24] [I] Successfully captured CUDA graph for the current execution context
[06/07/2026-16:44:24] [I] Capturing CUDA graph for the current execution context
[06/07/2026-16:44:24] [I] Successfully captured CUDA graph for the current execution context
[06/07/2026-16:44:24] [I] Capturing CUDA graph for the current execution context
[06/07/2026-16:44:24] [I] Successfully captured CUDA graph for the current execution context
[06/07/2026-16:44:32] [I] Warmup completed 1999 queries over 2000 ms
[06/07/2026-16:44:32] [I] Timing trace has 6241 queries over 6.01034 s
[06/07/2026-16:44:32] [I] 
[06/07/2026-16:44:32] [I] === Trace details ===
[06/07/2026-16:44:32] [I] Trace averages of 10 runs:
[06/07/2026-16:44:32] [I] Average on 10 runs - GPU latency: 3.8917 ms - Host latency: 3.8917 ms (enqueue 0.00257568 ms)
[06/07/2026-16:44:32] [I] Average on 10 runs - GPU latency: 3.88904 ms - Host latency: 3.88904 ms (enqueue 0.00253906 ms)
[06/07/2026-16:44:32] [I] Average on 10 runs - GPU latency: 3.93379 ms - Host latency: 3.93379 ms (enqueue 0.00257568 ms)
[06/07/2026-16:44:32] [I] Average on 10 runs - GPU latency: 3.83835 ms - Host latency: 3.83835 ms (enqueue 0.00264893 ms)
[06/07/2026-16:44:32] [I] Average on 10 runs - GPU latency: 3.83506 ms - Host latency: 3.83506 ms (enqueue 0.00251465 ms)
[06/07/2026-16:44:32] [I] Average on 10 runs - GPU latency: 3.85461 ms - Host latency: 3.85461 ms (enqueue 0.00257568 ms)
[06/07/2026-16:44:32] [I] Average on 10 runs - GPU latency: 3.78264 ms - Host latency: 3.78264 ms (enqueue 0.0026123 ms)
[06/07/2026-16:44:32] [I] Average on 10 runs - GPU latency: 3.75298 ms - Host latency: 3.75298 ms (enqueue 0.00253906 ms)
[06/07/2026-16:44:32] [I] Average on 10 runs - GPU latency: 3.82209 ms - Host latency: 3.82209 ms (enqueue 0.00256348 ms)
[06/07/2026-16:44:32] [I] Average on 10 runs - GPU latency: 3.81475 ms - Host latency: 3.81475 ms (enqueue 0.00258789 ms)
[06/07/2026-16:44:32] [I] Average on 10 runs - GPU latency: 3.7812 ms - Host latency: 3.7812 ms (enqueue 0.00258789 ms)
[06/07/2026-16:44:32] [I] Average on 10 runs - GPU latency: 3.80415 ms - Host latency: 3.80415 ms (enqueue 0.00251465 ms)
[06/07/2026-16:44:32] [I] Average on 10 runs - GPU latency: 3.8886 ms - Host latency: 3.8886 ms (enqueue 0.00246582 ms)
[06/07/2026-16:44:32] [I] Average on 10 runs - GPU latency: 3.84495 ms - Host latency: 3.84495 ms (enqueue 0.00251465 ms)
[06/07/2026-16:44:32] [I] Average on 10 runs - GPU latency: 3.87498 ms - Host latency: 3.87498 ms (enqueue 0.00251465 ms)
[06/07/2026-16:44:32] [I] Average on 10 runs - GPU latency: 3.88174 ms - Host latency: 3.88174 ms (enqueue 0.00256348 ms)
[06/07/2026-16:44:32] [I] Average on 10 runs - GPU latency: 3.89114 ms - Host latency: 3.89114 ms (enqueue 0.00234375 ms)
[06/07/2026-16:44:32] [I] Average on 10 runs - GPU latency: 3.81528 ms - Host latency: 3.81528 ms (enqueue 0.00234375 ms)
[06/07/2026-16:44:32] [I] Average on 10 runs - GPU latency: 3.83889 ms - Host latency: 3.83889 ms (enqueue 0.00251465 ms)
[06/07/2026-16:44:32] [I] Average on 10 runs - GPU latency: 3.85464 ms - Host latency: 3.85464 ms (enqueue 0.00231934 ms)
[06/07/2026-16:44:32] [I] Average on 10 runs - GPU latency: 3.85842 ms - Host latency: 3.85842 ms (enqueue 0.00246582 ms)
[06/07/2026-16:44:32] [I] Average on 10 runs - GPU latency: 3.9041 ms - Host latency: 3.9041 ms (enqueue 0.00258789 ms)
[06/07/2026-16:44:32] [I] Average on 10 runs - GPU latency: 3.82029 ms - Host latency: 3.82029 ms (enqueue 0.00253906 ms)
[06/07/2026-16:44:32] [I] Average on 10 runs - GPU latency: 3.85117 ms - Host latency: 3.85117 ms (enqueue 0.00256348 ms)
[06/07/2026-16:44:32] [I] Average on 10 runs - GPU latency: 3.87031 ms - Host latency: 3.87031 ms (enqueue 0.00263672 ms)
[06/07/2026-16:44:32] [I] Average on 10 runs - GPU latency: 3.83733 ms - Host latency: 3.83733 ms (enqueue 0.00231934 ms)
[06/07/2026-16:44:32] [I] Average on 10 runs - GPU latency: 3.91191 ms - Host latency: 3.91191 ms (enqueue 0.00246582 ms)
[06/07/2026-16:44:32] [I] Average on 10 runs - GPU latency: 3.85771 ms - Host latency: 3.85771 ms (enqueue 0.0026123 ms)
[06/07/2026-16:44:32] [I] Average on 10 runs - GPU latency: 3.8312 ms - Host latency: 3.8312 ms (enqueue 0.00234375 ms)
[06/07/2026-16:44:32] [I] Average on 10 runs - GPU latency: 3.86602 ms - Host latency: 3.86602 ms (enqueue 0.00256348 ms)
[06/07/2026-16:44:32] [I] Average on 10 runs - GPU latency: 3.8698 ms - Host latency: 3.8698 ms (enqueue 0.00241699 ms)
[06/07/2026-16:44:32] [I] Average on 10 runs - GPU latency: 3.85557 ms - Host latency: 3.85557 ms (enqueue 0.00253906 ms)
[06/07/2026-16:44:32] [I] Average on 10 runs - GPU latency: 3.84299 ms - Host latency: 3.84299 ms (enqueue 0.0026123 ms)
[06/07/2026-16:44:32] [I] Average on 10 runs - GPU latency: 3.9186 ms - Host latency: 3.9186 ms (enqueue 0.00256348 ms)
[06/07/2026-16:44:32] [I] Average on 10 runs - GPU latency: 3.94109 ms - Host latency: 3.94109 ms (enqueue 0.00256348 ms)
[06/07/2026-16:44:32] [I] Average on 10 runs - GPU latency: 3.76128 ms - Host latency: 3.76128 ms (enqueue 0.00256348 ms)
[06/07/2026-16:44:32] [I] Average on 10 runs - GPU latency: 3.81199 ms - Host latency: 3.81199 ms (enqueue 0.00251465 ms)
[06/07/2026-16:44:32] [I] Average on 10 runs - GPU latency: 3.87776 ms - Host latency: 3.87776 ms (enqueue 0.00246582 ms)
[06/07/2026-16:44:32] [I] Average on 10 runs - GPU latency: 3.84644 ms - Host latency: 3.84644 ms (enqueue 0.00244141 ms)
[06/07/2026-16:44:32] [I] Average on 10 runs - GPU latency: 3.80525 ms - Host latency: 3.80525 ms (enqueue 0.00239258 ms)
[06/07/2026-16:44:32] [I] Average on 10 runs - GPU latency: 3.90635 ms - Host latency: 3.90635 ms (enqueue 0.00258789 ms)
[06/07/2026-16:44:32] [I] Average on 10 runs - GPU latency: 3.84648 ms - Host latency: 3.84648 ms (enqueue 0.00236816 ms)
[06/07/2026-16:44:32] [I] Average on 10 runs - GPU latency: 3.88794 ms - Host latency: 3.88794 ms (enqueue 0.00256348 ms)
[06/07/2026-16:44:32] [I] Average on 10 runs - GPU latency: 3.80454 ms - Host latency: 3.80454 ms (enqueue 0.00246582 ms)
[06/07/2026-16:44:32] [I] Average on 10 runs - GPU latency: 3.87952 ms - Host latency: 3.87952 ms (enqueue 0.00251465 ms)
[06/07/2026-16:44:32] [I] Average on 10 runs - GPU latency: 3.82415 ms - Host latency: 3.82415 ms (enqueue 0.00256348 ms)
[06/07/2026-16:44:32] [I] Average on 10 runs - GPU latency: 3.83005 ms - Host latency: 3.83005 ms (enqueue 0.00251465 ms)
[06/07/2026-16:44:32] [I] Average on 10 runs - GPU latency: 3.85879 ms - Host latency: 3.85879 ms (enqueue 0.00249023 ms)
[06/07/2026-16:44:32] [I] Average on 10 runs - GPU latency: 3.80374 ms - Host latency: 3.80374 ms (enqueue 0.00258789 ms)
[06/07/2026-16:44:32] [I] Average on 10 runs - GPU latency: 3.82466 ms - Host latency: 3.82466 ms (enqueue 0.00253906 ms)
[06/07/2026-16:44:32] [I] Average on 10 runs - GPU latency: 3.83262 ms - Host latency: 3.83262 ms (enqueue 0.00253906 ms)
[06/07/2026-16:44:32] [I] Average on 10 runs - GPU latency: 3.85752 ms - Host latency: 3.85752 ms (enqueue 0.00253906 ms)
[06/07/2026-16:44:32] [I] Average on 10 runs - GPU latency: 3.81582 ms - Host latency: 3.81582 ms (enqueue 0.00256348 ms)
[06/07/2026-16:44:32] [I] Average on 10 runs - GPU latency: 3.86489 ms - Host latency: 3.86489 ms (enqueue 0.00256348 ms)
[06/07/2026-16:44:32] [I] Average on 10 runs - GPU latency: 3.88884 ms - Host latency: 3.88884 ms (enqueue 0.00258789 ms)
[06/07/2026-16:44:32] [I] Average on 10 runs - GPU latency: 3.86946 ms - Host latency: 3.86946 ms (enqueue 0.00246582 ms)
[06/07/2026-16:44:32] [I] Average on 10 runs - GPU latency: 3.8053 ms - Host latency: 3.8053 ms (enqueue 0.00258789 ms)
[06/07/2026-16:44:32] [I] Average on 10 runs - GPU latency: 3.74712 ms - Host latency: 3.74712 ms (enqueue 0.00256348 ms)
[06/07/2026-16:44:32] [I] Average on 10 runs - GPU latency: 3.84229 ms - Host latency: 3.84229 ms (enqueue 0.0026123 ms)
[06/07/2026-16:44:32] [I] Average on 10 runs - GPU latency: 3.80276 ms - Host latency: 3.80276 ms (enqueue 0.00258789 ms)
[06/07/2026-16:44:32] [I] Average on 10 runs - GPU latency: 3.8344 ms - Host latency: 3.8344 ms (enqueue 0.00244141 ms)
[06/07/2026-16:44:32] [I] Average on 10 runs - GPU latency: 3.88879 ms - Host latency: 3.88879 ms (enqueue 0.00246582 ms)
[06/07/2026-16:44:32] [I] Average on 10 runs - GPU latency: 3.87839 ms - Host latency: 3.87839 ms (enqueue 0.00263672 ms)
[06/07/2026-16:44:32] [I] Average on 10 runs - GPU latency: 3.87483 ms - Host latency: 3.87483 ms (enqueue 0.00244141 ms)
[06/07/2026-16:44:32] [I] Average on 10 runs - GPU latency: 3.88469 ms - Host latency: 3.88469 ms (enqueue 0.00253906 ms)
[06/07/2026-16:44:32] [I] Average on 10 runs - GPU latency: 3.8093 ms - Host latency: 3.8093 ms (enqueue 0.00263672 ms)
[06/07/2026-16:44:32] [I] Average on 10 runs - GPU latency: 3.83735 ms - Host latency: 3.83735 ms (enqueue 0.00256348 ms)
[06/07/2026-16:44:32] [I] Average on 10 runs - GPU latency: 3.88691 ms - Host latency: 3.88691 ms (enqueue 0.00256348 ms)
[06/07/2026-16:44:32] [I] Average on 10 runs - GPU latency: 3.89492 ms - Host latency: 3.89492 ms (enqueue 0.00258789 ms)
[06/07/2026-16:44:32] [I] Average on 10 runs - GPU latency: 3.79082 ms - Host latency: 3.79082 ms (enqueue 0.00258789 ms)
[06/07/2026-16:44:32] [I] Average on 10 runs - GPU latency: 3.80234 ms - Host latency: 3.80234 ms (enqueue 0.00263672 ms)
[06/07/2026-16:44:32] [I] Average on 10 runs - GPU latency: 3.84785 ms - Host latency: 3.84785 ms (enqueue 0.00244141 ms)
[06/07/2026-16:44:32] [I] Average on 10 runs - GPU latency: 3.84031 ms - Host latency: 3.84031 ms (enqueue 0.00256348 ms)
[06/07/2026-16:44:32] [I] Average on 10 runs - GPU latency: 3.79312 ms - Host latency: 3.79312 ms (enqueue 0.00256348 ms)
[06/07/2026-16:44:32] [I] Average on 10 runs - GPU latency: 3.85793 ms - Host latency: 3.85793 ms (enqueue 0.00246582 ms)
[06/07/2026-16:44:32] [I] Average on 10 runs - GPU latency: 3.89097 ms - Host latency: 3.89097 ms (enqueue 0.00253906 ms)
[06/07/2026-16:44:32] [I] Average on 10 runs - GPU latency: 3.96174 ms - Host latency: 3.96174 ms (enqueue 0.00256348 ms)
[06/07/2026-16:44:32] [I] Average on 10 runs - GPU latency: 3.83894 ms - Host latency: 3.83894 ms (enqueue 0.00253906 ms)
[06/07/2026-16:44:32] [I] Average on 10 runs - GPU latency: 3.8488 ms - Host latency: 3.8488 ms (enqueue 0.00263672 ms)
[06/07/2026-16:44:32] [I] Average on 10 runs - GPU latency: 3.903 ms - Host latency: 3.903 ms (enqueue 0.00253906 ms)
[06/07/2026-16:44:32] [I] Average on 10 runs - GPU latency: 3.85105 ms - Host latency: 3.85105 ms (enqueue 0.00256348 ms)
[06/07/2026-16:44:32] [I] Average on 10 runs - GPU latency: 3.89878 ms - Host latency: 3.89878 ms (enqueue 0.00253906 ms)
[06/07/2026-16:44:32] [I] Average on 10 runs - GPU latency: 3.91404 ms - Host latency: 3.91404 ms (enqueue 0.00253906 ms)
[06/07/2026-16:44:32] [I] Average on 10 runs - GPU latency: 3.86794 ms - Host latency: 3.86794 ms (enqueue 0.00256348 ms)
[06/07/2026-16:44:32] [I] Average on 10 runs - GPU latency: 3.87134 ms - Host latency: 3.87134 ms (enqueue 0.00239258 ms)
[06/07/2026-16:44:32] [I] Average on 10 runs - GPU latency: 3.87642 ms - Host latency: 3.87642 ms (enqueue 0.00258789 ms)
[06/07/2026-16:44:32] [I] Average on 10 runs - GPU latency: 3.84207 ms - Host latency: 3.84207 ms (enqueue 0.00239258 ms)
[06/07/2026-16:44:32] [I] Average on 10 runs - GPU latency: 3.86191 ms - Host latency: 3.86191 ms (enqueue 0.00251465 ms)
[06/07/2026-16:44:32] [I] Average on 10 runs - GPU latency: 3.87788 ms - Host latency: 3.87788 ms (enqueue 0.00246582 ms)
[06/07/2026-16:44:32] [I] Average on 10 runs - GPU latency: 3.85271 ms - Host latency: 3.85271 ms (enqueue 0.00241699 ms)
[06/07/2026-16:44:32] [I] Average on 10 runs - GPU latency: 3.83723 ms - Host latency: 3.83723 ms (enqueue 0.00241699 ms)
[06/07/2026-16:44:32] [I] Average on 10 runs - GPU latency: 3.81511 ms - Host latency: 3.81511 ms (enqueue 0.00251465 ms)
[06/07/2026-16:44:32] [I] Average on 10 runs - GPU latency: 3.89849 ms - Host latency: 3.89849 ms (enqueue 0.00249023 ms)
[06/07/2026-16:44:32] [I] Average on 10 runs - GPU latency: 3.86489 ms - Host latency: 3.86489 ms (enqueue 0.00256348 ms)
[06/07/2026-16:44:32] [I] Average on 10 runs - GPU latency: 3.85156 ms - Host latency: 3.85156 ms (enqueue 0.00246582 ms)
[06/07/2026-16:44:32] [I] Average on 10 runs - GPU latency: 3.87751 ms - Host latency: 3.87751 ms (enqueue 0.00256348 ms)
[06/07/2026-16:44:32] [I] Average on 10 runs - GPU latency: 3.91926 ms - Host latency: 3.91926 ms (enqueue 0.00251465 ms)
[06/07/2026-16:44:32] [I] Average on 10 runs - GPU latency: 3.87295 ms - Host latency: 3.87295 ms (enqueue 0.00236816 ms)
[06/07/2026-16:44:32] [I] Average on 10 runs - GPU latency: 3.86743 ms - Host latency: 3.86743 ms (enqueue 0.00246582 ms)
[06/07/2026-16:44:32] [I] Average on 10 runs - GPU latency: 3.82026 ms - Host latency: 3.82026 ms (enqueue 0.00256348 ms)
[06/07/2026-16:44:32] [I] Average on 10 runs - GPU latency: 3.76921 ms - Host latency: 3.76921 ms (enqueue 0.00246582 ms)
[06/07/2026-16:44:32] [I] Average on 10 runs - GPU latency: 3.85464 ms - Host latency: 3.85464 ms (enqueue 0.00231934 ms)
[06/07/2026-16:44:32] [I] Average on 10 runs - GPU latency: 3.90747 ms - Host latency: 3.90747 ms (enqueue 0.00251465 ms)
[06/07/2026-16:44:32] [I] Average on 10 runs - GPU latency: 3.94307 ms - Host latency: 3.94307 ms (enqueue 0.00256348 ms)
[06/07/2026-16:44:32] [I] Average on 10 runs - GPU latency: 3.89766 ms - Host latency: 3.89766 ms (enqueue 0.00251465 ms)
[06/07/2026-16:44:32] [I] Average on 10 runs - GPU latency: 3.90576 ms - Host latency: 3.90576 ms (enqueue 0.00258789 ms)
[06/07/2026-16:44:32] [I] Average on 10 runs - GPU latency: 3.89993 ms - Host latency: 3.89993 ms (enqueue 0.00251465 ms)
[06/07/2026-16:44:32] [I] Average on 10 runs - GPU latency: 3.83572 ms - Host latency: 3.83572 ms (enqueue 0.00256348 ms)
[06/07/2026-16:44:32] [I] Average on 10 runs - GPU latency: 3.89209 ms - Host latency: 3.89209 ms (enqueue 0.0026123 ms)
[06/07/2026-16:44:32] [I] Average on 10 runs - GPU latency: 3.81294 ms - Host latency: 3.81294 ms (enqueue 0.00258789 ms)
[06/07/2026-16:44:32] [I] Average on 10 runs - GPU latency: 3.84763 ms - Host latency: 3.84763 ms (enqueue 0.00251465 ms)
[06/07/2026-16:44:32] [I] Average on 10 runs - GPU latency: 3.84932 ms - Host latency: 3.84932 ms (enqueue 0.00268555 ms)
[06/07/2026-16:44:32] [I] Average on 10 runs - GPU latency: 3.91943 ms - Host latency: 3.91943 ms (enqueue 0.0026123 ms)
[06/07/2026-16:44:32] [I] Average on 10 runs - GPU latency: 3.84521 ms - Host latency: 3.84521 ms (enqueue 0.00253906 ms)
[06/07/2026-16:44:32] [I] Average on 10 runs - GPU latency: 3.85027 ms - Host latency: 3.85027 ms (enqueue 0.00246582 ms)
[06/07/2026-16:44:32] [I] Average on 10 runs - GPU latency: 3.86526 ms - Host latency: 3.86526 ms (enqueue 0.00249023 ms)
[06/07/2026-16:44:32] [I] Average on 10 runs - GPU latency: 3.86006 ms - Host latency: 3.86006 ms (enqueue 0.00241699 ms)
[06/07/2026-16:44:32] [I] Average on 10 runs - GPU latency: 3.83418 ms - Host latency: 3.83418 ms (enqueue 0.00253906 ms)
[06/07/2026-16:44:32] [I] Average on 10 runs - GPU latency: 3.86711 ms - Host latency: 3.86711 ms (enqueue 0.00270996 ms)
[06/07/2026-16:44:32] [I] Average on 10 runs - GPU latency: 3.84609 ms - Host latency: 3.84609 ms (enqueue 0.0026123 ms)
[06/07/2026-16:44:32] [I] Average on 10 runs - GPU latency: 3.86301 ms - Host latency: 3.86301 ms (enqueue 0.00256348 ms)
[06/07/2026-16:44:32] [I] Average on 10 runs - GPU latency: 3.8999 ms - Host latency: 3.8999 ms (enqueue 0.00253906 ms)
[06/07/2026-16:44:32] [I] Average on 10 runs - GPU latency: 3.8459 ms - Host latency: 3.8459 ms (enqueue 0.00251465 ms)
[06/07/2026-16:44:32] [I] Average on 10 runs - GPU latency: 3.87292 ms - Host latency: 3.87292 ms (enqueue 0.00241699 ms)
[06/07/2026-16:44:32] [I] Average on 10 runs - GPU latency: 3.90344 ms - Host latency: 3.90344 ms (enqueue 0.00244141 ms)
[06/07/2026-16:44:32] [I] Average on 10 runs - GPU latency: 3.84697 ms - Host latency: 3.84697 ms (enqueue 0.00239258 ms)
[06/07/2026-16:44:32] [I] Average on 10 runs - GPU latency: 3.85544 ms - Host latency: 3.85544 ms (enqueue 0.00256348 ms)
[06/07/2026-16:44:32] [I] Average on 10 runs - GPU latency: 3.8158 ms - Host latency: 3.8158 ms (enqueue 0.00258789 ms)
[06/07/2026-16:44:32] [I] Average on 10 runs - GPU latency: 3.78716 ms - Host latency: 3.78716 ms (enqueue 0.00251465 ms)
[06/07/2026-16:44:32] [I] Average on 10 runs - GPU latency: 3.87048 ms - Host latency: 3.87048 ms (enqueue 0.00266113 ms)
[06/07/2026-16:44:32] [I] Average on 10 runs - GPU latency: 3.85449 ms - Host latency: 3.85449 ms (enqueue 0.00258789 ms)
[06/07/2026-16:44:32] [I] Average on 10 runs - GPU latency: 3.78086 ms - Host latency: 3.78086 ms (enqueue 0.00244141 ms)
[06/07/2026-16:44:32] [I] Average on 10 runs - GPU latency: 3.87461 ms - Host latency: 3.87461 ms (enqueue 0.00253906 ms)
[06/07/2026-16:44:32] [I] Average on 10 runs - GPU latency: 3.88311 ms - Host latency: 3.88311 ms (enqueue 0.00244141 ms)
[06/07/2026-16:44:32] [I] Average on 10 runs - GPU latency: 3.83972 ms - Host latency: 3.83972 ms (enqueue 0.00251465 ms)
[06/07/2026-16:44:32] [I] Average on 10 runs - GPU latency: 3.78625 ms - Host latency: 3.78625 ms (enqueue 0.00253906 ms)
[06/07/2026-16:44:32] [I] Average on 10 runs - GPU latency: 3.69993 ms - Host latency: 3.69993 ms (enqueue 0.00263672 ms)
[06/07/2026-16:44:32] [I] Average on 10 runs - GPU latency: 3.79329 ms - Host latency: 3.79329 ms (enqueue 0.00253906 ms)
[06/07/2026-16:44:32] [I] Average on 10 runs - GPU latency: 3.86519 ms - Host latency: 3.86519 ms (enqueue 0.00270996 ms)
[06/07/2026-16:44:32] [I] Average on 10 runs - GPU latency: 3.86174 ms - Host latency: 3.86174 ms (enqueue 0.00256348 ms)
[06/07/2026-16:44:32] [I] Average on 10 runs - GPU latency: 3.85732 ms - Host latency: 3.85732 ms (enqueue 0.00253906 ms)
[06/07/2026-16:44:32] [I] Average on 10 runs - GPU latency: 3.89387 ms - Host latency: 3.89387 ms (enqueue 0.00251465 ms)
[06/07/2026-16:44:32] [I] Average on 10 runs - GPU latency: 3.92207 ms - Host latency: 3.92207 ms (enqueue 0.00253906 ms)
[06/07/2026-16:44:32] [I] Average on 10 runs - GPU latency: 3.87915 ms - Host latency: 3.87915 ms (enqueue 0.00253906 ms)
[06/07/2026-16:44:32] [I] Average on 10 runs - GPU latency: 3.89426 ms - Host latency: 3.89426 ms (enqueue 0.00251465 ms)
[06/07/2026-16:44:32] [I] Average on 10 runs - GPU latency: 3.85732 ms - Host latency: 3.85732 ms (enqueue 0.00244141 ms)
[06/07/2026-16:44:32] [I] Average on 10 runs - GPU latency: 3.805 ms - Host latency: 3.805 ms (enqueue 0.00263672 ms)
[06/07/2026-16:44:32] [I] Average on 10 runs - GPU latency: 3.80574 ms - Host latency: 3.80574 ms (enqueue 0.0026123 ms)
[06/07/2026-16:44:32] [I] Average on 10 runs - GPU latency: 3.88738 ms - Host latency: 3.88738 ms (enqueue 0.00246582 ms)
[06/07/2026-16:44:32] [I] Average on 10 runs - GPU latency: 3.86775 ms - Host latency: 3.86775 ms (enqueue 0.0026123 ms)
[06/07/2026-16:44:32] [I] Average on 10 runs - GPU latency: 3.76155 ms - Host latency: 3.76155 ms (enqueue 0.00256348 ms)
[06/07/2026-16:44:32] [I] Average on 10 runs - GPU latency: 3.81699 ms - Host latency: 3.81699 ms (enqueue 0.00258789 ms)
[06/07/2026-16:44:32] [I] Average on 10 runs - GPU latency: 3.84436 ms - Host latency: 3.84436 ms (enqueue 0.00249023 ms)
[06/07/2026-16:44:32] [I] Average on 10 runs - GPU latency: 3.84556 ms - Host latency: 3.84556 ms (enqueue 0.00241699 ms)
[06/07/2026-16:44:32] [I] Average on 10 runs - GPU latency: 3.79717 ms - Host latency: 3.79717 ms (enqueue 0.00253906 ms)
[06/07/2026-16:44:32] [I] Average on 10 runs - GPU latency: 3.77451 ms - Host latency: 3.77451 ms (enqueue 0.00231934 ms)
[06/07/2026-16:44:32] [I] Average on 10 runs - GPU latency: 3.78997 ms - Host latency: 3.78997 ms (enqueue 0.00246582 ms)
[06/07/2026-16:44:32] [I] Average on 10 runs - GPU latency: 3.89568 ms - Host latency: 3.89568 ms (enqueue 0.00249023 ms)
[06/07/2026-16:44:32] [I] Average on 10 runs - GPU latency: 3.80955 ms - Host latency: 3.80955 ms (enqueue 0.00253906 ms)
[06/07/2026-16:44:32] [I] Average on 10 runs - GPU latency: 3.80215 ms - Host latency: 3.80215 ms (enqueue 0.00253906 ms)
[06/07/2026-16:44:32] [I] Average on 10 runs - GPU latency: 3.9146 ms - Host latency: 3.9146 ms (enqueue 0.00270996 ms)
[06/07/2026-16:44:32] [I] Average on 10 runs - GPU latency: 3.92402 ms - Host latency: 3.92402 ms (enqueue 0.00253906 ms)
[06/07/2026-16:44:32] [I] Average on 10 runs - GPU latency: 3.84819 ms - Host latency: 3.84819 ms (enqueue 0.00239258 ms)
[06/07/2026-16:44:32] [I] Average on 10 runs - GPU latency: 3.90942 ms - Host latency: 3.90942 ms (enqueue 0.00239258 ms)
[06/07/2026-16:44:32] [I] Average on 10 runs - GPU latency: 3.85977 ms - Host latency: 3.85977 ms (enqueue 0.00239258 ms)
[06/07/2026-16:44:32] [I] Average on 10 runs - GPU latency: 3.85742 ms - Host latency: 3.85742 ms (enqueue 0.00253906 ms)
[06/07/2026-16:44:32] [I] Average on 10 runs - GPU latency: 3.84749 ms - Host latency: 3.84749 ms (enqueue 0.00256348 ms)
[06/07/2026-16:44:32] [I] Average on 10 runs - GPU latency: 3.84226 ms - Host latency: 3.84226 ms (enqueue 0.00246582 ms)
[06/07/2026-16:44:32] [I] Average on 10 runs - GPU latency: 3.77617 ms - Host latency: 3.77617 ms (enqueue 0.00246582 ms)
[06/07/2026-16:44:32] [I] Average on 10 runs - GPU latency: 3.86191 ms - Host latency: 3.86191 ms (enqueue 0.0026123 ms)
[06/07/2026-16:44:32] [I] Average on 10 runs - GPU latency: 3.9075 ms - Host latency: 3.9075 ms (enqueue 0.00234375 ms)
[06/07/2026-16:44:32] [I] Average on 10 runs - GPU latency: 3.84392 ms - Host latency: 3.84392 ms (enqueue 0.00256348 ms)
[06/07/2026-16:44:32] [I] Average on 10 runs - GPU latency: 3.86948 ms - Host latency: 3.86948 ms (enqueue 0.00253906 ms)
[06/07/2026-16:44:32] [I] Average on 10 runs - GPU latency: 3.85759 ms - Host latency: 3.85759 ms (enqueue 0.00253906 ms)
[06/07/2026-16:44:32] [I] Average on 10 runs - GPU latency: 3.77402 ms - Host latency: 3.77402 ms (enqueue 0.00249023 ms)
[06/07/2026-16:44:32] [I] Average on 10 runs - GPU latency: 3.8563 ms - Host latency: 3.8563 ms (enqueue 0.00249023 ms)
[06/07/2026-16:44:32] [I] Average on 10 runs - GPU latency: 3.9344 ms - Host latency: 3.9344 ms (enqueue 0.00266113 ms)
[06/07/2026-16:44:32] [I] Average on 10 runs - GPU latency: 3.88601 ms - Host latency: 3.88601 ms (enqueue 0.00246582 ms)
[06/07/2026-16:44:32] [I] Average on 10 runs - GPU latency: 3.83037 ms - Host latency: 3.83037 ms (enqueue 0.00258789 ms)
[06/07/2026-16:44:32] [I] Average on 10 runs - GPU latency: 3.88721 ms - Host latency: 3.88721 ms (enqueue 0.00258789 ms)
[06/07/2026-16:44:32] [I] Average on 10 runs - GPU latency: 3.83164 ms - Host latency: 3.83164 ms (enqueue 0.00251465 ms)
[06/07/2026-16:44:32] [I] Average on 10 runs - GPU latency: 3.89138 ms - Host latency: 3.89138 ms (enqueue 0.00263672 ms)
[06/07/2026-16:44:32] [I] Average on 10 runs - GPU latency: 3.84687 ms - Host latency: 3.84687 ms (enqueue 0.0026123 ms)
[06/07/2026-16:44:32] [I] Average on 10 runs - GPU latency: 3.82842 ms - Host latency: 3.82842 ms (enqueue 0.00258789 ms)
[06/07/2026-16:44:32] [I] Average on 10 runs - GPU latency: 3.89565 ms - Host latency: 3.89565 ms (enqueue 0.00251465 ms)
[06/07/2026-16:44:32] [I] Average on 10 runs - GPU latency: 3.94792 ms - Host latency: 3.94792 ms (enqueue 0.00244141 ms)
[06/07/2026-16:44:32] [I] Average on 10 runs - GPU latency: 3.879 ms - Host latency: 3.879 ms (enqueue 0.00251465 ms)
[06/07/2026-16:44:32] [I] Average on 10 runs - GPU latency: 3.91587 ms - Host latency: 3.91587 ms (enqueue 0.00251465 ms)
[06/07/2026-16:44:32] [I] Average on 10 runs - GPU latency: 3.95117 ms - Host latency: 3.95117 ms (enqueue 0.00246582 ms)
[06/07/2026-16:44:32] [I] Average on 10 runs - GPU latency: 3.92429 ms - Host latency: 3.92429 ms (enqueue 0.00251465 ms)
[06/07/2026-16:44:32] [I] Average on 10 runs - GPU latency: 3.90571 ms - Host latency: 3.90571 ms (enqueue 0.00253906 ms)
[06/07/2026-16:44:32] [I] Average on 10 runs - GPU latency: 3.83499 ms - Host latency: 3.83499 ms (enqueue 0.00231934 ms)
[06/07/2026-16:44:32] [I] Average on 10 runs - GPU latency: 3.88184 ms - Host latency: 3.88184 ms (enqueue 0.00258789 ms)
[06/07/2026-16:44:32] [I] Average on 10 runs - GPU latency: 3.89368 ms - Host latency: 3.89368 ms (enqueue 0.00297852 ms)
[06/07/2026-16:44:32] [I] Average on 10 runs - GPU latency: 3.83528 ms - Host latency: 3.83528 ms (enqueue 0.00251465 ms)
[06/07/2026-16:44:32] [I] Average on 10 runs - GPU latency: 3.88855 ms - Host latency: 3.88855 ms (enqueue 0.00246582 ms)
[06/07/2026-16:44:32] [I] Average on 10 runs - GPU latency: 3.83643 ms - Host latency: 3.83643 ms (enqueue 0.00251465 ms)
[06/07/2026-16:44:32] [I] Average on 10 runs - GPU latency: 3.84016 ms - Host latency: 3.84016 ms (enqueue 0.00249023 ms)
[06/07/2026-16:44:32] [I] Average on 10 runs - GPU latency: 3.90054 ms - Host latency: 3.90054 ms (enqueue 0.00256348 ms)
[06/07/2026-16:44:32] [I] Average on 10 runs - GPU latency: 3.93166 ms - Host latency: 3.93166 ms (enqueue 0.00239258 ms)
[06/07/2026-16:44:32] [I] ... Omitting 2241 lines
[06/07/2026-16:44:32] [I] Average on 10 runs - GPU latency: 3.82085 ms - Host latency: 3.82085 ms (enqueue 0.00258789 ms)
[06/07/2026-16:44:32] [I] Average on 10 runs - GPU latency: 3.86143 ms - Host latency: 3.86143 ms (enqueue 0.00273437 ms)
[06/07/2026-16:44:32] [I] Average on 10 runs - GPU latency: 3.88735 ms - Host latency: 3.88735 ms (enqueue 0.00239258 ms)
[06/07/2026-16:44:32] [I] Average on 10 runs - GPU latency: 3.74849 ms - Host latency: 3.74849 ms (enqueue 0.00253906 ms)
[06/07/2026-16:44:32] [I] Average on 10 runs - GPU latency: 3.73354 ms - Host latency: 3.73354 ms (enqueue 0.00249023 ms)
[06/07/2026-16:44:32] [I] Average on 10 runs - GPU latency: 3.69004 ms - Host latency: 3.69004 ms (enqueue 0.00263672 ms)
[06/07/2026-16:44:32] [I] Average on 10 runs - GPU latency: 3.74316 ms - Host latency: 3.74316 ms (enqueue 0.00244141 ms)
[06/07/2026-16:44:32] [I] Average on 10 runs - GPU latency: 3.73643 ms - Host latency: 3.73643 ms (enqueue 0.00253906 ms)
[06/07/2026-16:44:32] [I] Average on 10 runs - GPU latency: 3.75889 ms - Host latency: 3.75889 ms (enqueue 0.00249023 ms)
[06/07/2026-16:44:32] [I] Average on 10 runs - GPU latency: 3.74609 ms - Host latency: 3.74609 ms (enqueue 0.00263672 ms)
[06/07/2026-16:44:32] [I] Average on 10 runs - GPU latency: 3.81162 ms - Host latency: 3.81162 ms (enqueue 0.00258789 ms)
[06/07/2026-16:44:32] [I] Average on 10 runs - GPU latency: 3.80913 ms - Host latency: 3.80913 ms (enqueue 0.00253906 ms)
[06/07/2026-16:44:32] [I] Average on 10 runs - GPU latency: 3.83169 ms - Host latency: 3.83169 ms (enqueue 0.00258789 ms)
[06/07/2026-16:44:32] [I] Average on 10 runs - GPU latency: 3.82544 ms - Host latency: 3.82544 ms (enqueue 0.00253906 ms)
[06/07/2026-16:44:32] [I] Average on 10 runs - GPU latency: 3.91558 ms - Host latency: 3.91558 ms (enqueue 0.00253906 ms)
[06/07/2026-16:44:32] [I] Average on 10 runs - GPU latency: 3.8207 ms - Host latency: 3.8207 ms (enqueue 0.00258789 ms)
[06/07/2026-16:44:32] [I] Average on 10 runs - GPU latency: 3.86431 ms - Host latency: 3.86431 ms (enqueue 0.00249023 ms)
[06/07/2026-16:44:32] [I] Average on 10 runs - GPU latency: 3.81963 ms - Host latency: 3.81963 ms (enqueue 0.00249023 ms)
[06/07/2026-16:44:32] [I] Average on 10 runs - GPU latency: 3.8626 ms - Host latency: 3.8626 ms (enqueue 0.00249023 ms)
[06/07/2026-16:44:32] [I] Average on 10 runs - GPU latency: 3.88169 ms - Host latency: 3.88169 ms (enqueue 0.00283203 ms)
[06/07/2026-16:44:32] [I] Average on 10 runs - GPU latency: 3.83506 ms - Host latency: 3.83506 ms (enqueue 0.00268555 ms)
[06/07/2026-16:44:32] [I] Average on 10 runs - GPU latency: 3.90806 ms - Host latency: 3.90806 ms (enqueue 0.00249023 ms)
[06/07/2026-16:44:32] [I] Average on 10 runs - GPU latency: 3.8458 ms - Host latency: 3.8458 ms (enqueue 0.00249023 ms)
[06/07/2026-16:44:32] [I] Average on 10 runs - GPU latency: 3.896 ms - Host latency: 3.896 ms (enqueue 0.00244141 ms)
[06/07/2026-16:44:32] [I] Average on 10 runs - GPU latency: 3.91836 ms - Host latency: 3.91836 ms (enqueue 0.00253906 ms)
[06/07/2026-16:44:32] [I] Average on 10 runs - GPU latency: 3.81489 ms - Host latency: 3.81489 ms (enqueue 0.00253906 ms)
[06/07/2026-16:44:32] [I] Average on 10 runs - GPU latency: 3.84292 ms - Host latency: 3.84292 ms (enqueue 0.00258789 ms)
[06/07/2026-16:44:32] [I] Average on 10 runs - GPU latency: 3.89473 ms - Host latency: 3.89473 ms (enqueue 0.00263672 ms)
[06/07/2026-16:44:32] [I] Average on 10 runs - GPU latency: 3.86587 ms - Host latency: 3.86587 ms (enqueue 0.00249023 ms)
[06/07/2026-16:44:32] [I] Average on 10 runs - GPU latency: 3.92061 ms - Host latency: 3.92061 ms (enqueue 0.00239258 ms)
[06/07/2026-16:44:32] [I] Average on 10 runs - GPU latency: 3.8064 ms - Host latency: 3.8064 ms (enqueue 0.00234375 ms)
[06/07/2026-16:44:32] [I] Average on 10 runs - GPU latency: 3.88945 ms - Host latency: 3.88945 ms (enqueue 0.00258789 ms)
[06/07/2026-16:44:32] [I] Average on 10 runs - GPU latency: 3.82285 ms - Host latency: 3.82285 ms (enqueue 0.0027832 ms)
[06/07/2026-16:44:32] [I] Average on 10 runs - GPU latency: 3.86782 ms - Host latency: 3.86782 ms (enqueue 0.00244141 ms)
[06/07/2026-16:44:32] [I] Average on 10 runs - GPU latency: 3.87007 ms - Host latency: 3.87007 ms (enqueue 0.00239258 ms)
[06/07/2026-16:44:32] [I] Average on 10 runs - GPU latency: 3.88516 ms - Host latency: 3.88516 ms (enqueue 0.00249023 ms)
[06/07/2026-16:44:32] [I] Average on 10 runs - GPU latency: 3.86289 ms - Host latency: 3.86289 ms (enqueue 0.00249023 ms)
[06/07/2026-16:44:32] [I] Average on 10 runs - GPU latency: 3.83975 ms - Host latency: 3.83975 ms (enqueue 0.00249023 ms)
[06/07/2026-16:44:32] [I] Average on 10 runs - GPU latency: 3.79966 ms - Host latency: 3.79966 ms (enqueue 0.00268555 ms)
[06/07/2026-16:44:32] [I] Average on 10 runs - GPU latency: 3.8938 ms - Host latency: 3.8938 ms (enqueue 0.00244141 ms)
[06/07/2026-16:44:32] [I] Average on 10 runs - GPU latency: 3.84482 ms - Host latency: 3.84482 ms (enqueue 0.00258789 ms)
[06/07/2026-16:44:32] [I] Average on 10 runs - GPU latency: 3.86621 ms - Host latency: 3.86621 ms (enqueue 0.00253906 ms)
[06/07/2026-16:44:32] [I] Average on 10 runs - GPU latency: 3.89521 ms - Host latency: 3.89521 ms (enqueue 0.00239258 ms)
[06/07/2026-16:44:32] [I] Average on 10 runs - GPU latency: 3.90225 ms - Host latency: 3.90225 ms (enqueue 0.00288086 ms)
[06/07/2026-16:44:32] [I] Average on 10 runs - GPU latency: 3.89243 ms - Host latency: 3.89243 ms (enqueue 0.00249023 ms)
[06/07/2026-16:44:32] [I] Average on 10 runs - GPU latency: 3.87939 ms - Host latency: 3.87939 ms (enqueue 0.00239258 ms)
[06/07/2026-16:44:32] [I] Average on 10 runs - GPU latency: 3.87817 ms - Host latency: 3.87817 ms (enqueue 0.00249023 ms)
[06/07/2026-16:44:32] [I] Average on 10 runs - GPU latency: 3.89292 ms - Host latency: 3.89292 ms (enqueue 0.00273437 ms)
[06/07/2026-16:44:32] [I] Average on 10 runs - GPU latency: 3.88535 ms - Host latency: 3.88535 ms (enqueue 0.00234375 ms)
[06/07/2026-16:44:32] [I] Average on 10 runs - GPU latency: 3.86406 ms - Host latency: 3.86406 ms (enqueue 0.00239258 ms)
[06/07/2026-16:44:32] [I] Average on 10 runs - GPU latency: 3.87544 ms - Host latency: 3.87544 ms (enqueue 0.00244141 ms)
[06/07/2026-16:44:32] [I] Average on 10 runs - GPU latency: 3.93433 ms - Host latency: 3.93433 ms (enqueue 0.00253906 ms)
[06/07/2026-16:44:32] [I] Average on 10 runs - GPU latency: 3.93657 ms - Host latency: 3.93657 ms (enqueue 0.00249023 ms)
[06/07/2026-16:44:32] [I] Average on 10 runs - GPU latency: 3.83296 ms - Host latency: 3.83296 ms (enqueue 0.00249023 ms)
[06/07/2026-16:44:32] [I] Average on 10 runs - GPU latency: 3.86074 ms - Host latency: 3.86074 ms (enqueue 0.00253906 ms)
[06/07/2026-16:44:32] [I] Average on 10 runs - GPU latency: 3.86558 ms - Host latency: 3.86558 ms (enqueue 0.00239258 ms)
[06/07/2026-16:44:32] [I] Average on 10 runs - GPU latency: 3.77124 ms - Host latency: 3.77124 ms (enqueue 0.00258789 ms)
[06/07/2026-16:44:32] [I] Average on 10 runs - GPU latency: 3.78667 ms - Host latency: 3.78667 ms (enqueue 0.00244141 ms)
[06/07/2026-16:44:32] [I] Average on 10 runs - GPU latency: 3.74287 ms - Host latency: 3.74287 ms (enqueue 0.00263672 ms)
[06/07/2026-16:44:32] [I] Average on 10 runs - GPU latency: 3.73223 ms - Host latency: 3.73223 ms (enqueue 0.00263672 ms)
[06/07/2026-16:44:32] [I] Average on 10 runs - GPU latency: 3.75444 ms - Host latency: 3.75444 ms (enqueue 0.00263672 ms)
[06/07/2026-16:44:32] [I] Average on 10 runs - GPU latency: 3.87178 ms - Host latency: 3.87178 ms (enqueue 0.00258789 ms)
[06/07/2026-16:44:32] [I] Average on 10 runs - GPU latency: 3.78516 ms - Host latency: 3.78516 ms (enqueue 0.00249023 ms)
[06/07/2026-16:44:32] [I] Average on 10 runs - GPU latency: 3.78276 ms - Host latency: 3.78276 ms (enqueue 0.00249023 ms)
[06/07/2026-16:44:32] [I] Average on 10 runs - GPU latency: 3.81538 ms - Host latency: 3.81538 ms (enqueue 0.00244141 ms)
[06/07/2026-16:44:32] [I] Average on 10 runs - GPU latency: 3.83994 ms - Host latency: 3.83994 ms (enqueue 0.00258789 ms)
[06/07/2026-16:44:32] [I] Average on 10 runs - GPU latency: 3.86655 ms - Host latency: 3.86655 ms (enqueue 0.00263672 ms)
[06/07/2026-16:44:32] [I] Average on 10 runs - GPU latency: 3.89028 ms - Host latency: 3.89028 ms (enqueue 0.00253906 ms)
[06/07/2026-16:44:32] [I] Average on 10 runs - GPU latency: 3.68086 ms - Host latency: 3.68086 ms (enqueue 0.00244141 ms)
[06/07/2026-16:44:32] [I] Average on 10 runs - GPU latency: 3.88315 ms - Host latency: 3.88315 ms (enqueue 0.00263672 ms)
[06/07/2026-16:44:32] [I] Average on 10 runs - GPU latency: 3.85947 ms - Host latency: 3.85947 ms (enqueue 0.00263672 ms)
[06/07/2026-16:44:32] [I] Average on 10 runs - GPU latency: 3.84121 ms - Host latency: 3.84121 ms (enqueue 0.00244141 ms)
[06/07/2026-16:44:32] [I] Average on 10 runs - GPU latency: 3.82178 ms - Host latency: 3.82178 ms (enqueue 0.00249023 ms)
[06/07/2026-16:44:32] [I] Average on 10 runs - GPU latency: 3.92012 ms - Host latency: 3.92012 ms (enqueue 0.00253906 ms)
[06/07/2026-16:44:32] [I] Average on 10 runs - GPU latency: 3.91636 ms - Host latency: 3.91636 ms (enqueue 0.00244141 ms)
[06/07/2026-16:44:32] [I] Average on 10 runs - GPU latency: 3.82832 ms - Host latency: 3.82832 ms (enqueue 0.00239258 ms)
[06/07/2026-16:44:32] [I] Average on 10 runs - GPU latency: 3.91172 ms - Host latency: 3.91172 ms (enqueue 0.00249023 ms)
[06/07/2026-16:44:32] [I] Average on 10 runs - GPU latency: 3.87695 ms - Host latency: 3.87695 ms (enqueue 0.00253906 ms)
[06/07/2026-16:44:32] [I] Average on 10 runs - GPU latency: 3.89478 ms - Host latency: 3.89478 ms (enqueue 0.00244141 ms)
[06/07/2026-16:44:32] [I] Average on 10 runs - GPU latency: 3.88599 ms - Host latency: 3.88599 ms (enqueue 0.00249023 ms)
[06/07/2026-16:44:32] [I] Average on 10 runs - GPU latency: 3.84214 ms - Host latency: 3.84214 ms (enqueue 0.00234375 ms)
[06/07/2026-16:44:32] [I] Average on 10 runs - GPU latency: 3.85146 ms - Host latency: 3.85146 ms (enqueue 0.00249023 ms)
[06/07/2026-16:44:32] [I] Average on 10 runs - GPU latency: 3.91514 ms - Host latency: 3.91514 ms (enqueue 0.00258789 ms)
[06/07/2026-16:44:32] [I] Average on 10 runs - GPU latency: 3.87451 ms - Host latency: 3.87451 ms (enqueue 0.00258789 ms)
[06/07/2026-16:44:32] [I] Average on 10 runs - GPU latency: 3.89912 ms - Host latency: 3.89912 ms (enqueue 0.00249023 ms)
[06/07/2026-16:44:32] [I] Average on 10 runs - GPU latency: 3.83887 ms - Host latency: 3.83887 ms (enqueue 0.00253906 ms)
[06/07/2026-16:44:32] [I] Average on 10 runs - GPU latency: 3.81851 ms - Host latency: 3.81851 ms (enqueue 0.00249023 ms)
[06/07/2026-16:44:32] [I] Average on 10 runs - GPU latency: 3.81343 ms - Host latency: 3.81343 ms (enqueue 0.00244141 ms)
[06/07/2026-16:44:32] [I] Average on 10 runs - GPU latency: 3.88467 ms - Host latency: 3.88467 ms (enqueue 0.00244141 ms)
[06/07/2026-16:44:32] [I] Average on 10 runs - GPU latency: 3.81953 ms - Host latency: 3.81953 ms (enqueue 0.00258789 ms)
[06/07/2026-16:44:32] [I] Average on 10 runs - GPU latency: 3.83027 ms - Host latency: 3.83027 ms (enqueue 0.00244141 ms)
[06/07/2026-16:44:32] [I] Average on 10 runs - GPU latency: 3.93486 ms - Host latency: 3.93486 ms (enqueue 0.00244141 ms)
[06/07/2026-16:44:32] [I] Average on 10 runs - GPU latency: 3.90039 ms - Host latency: 3.90039 ms (enqueue 0.00249023 ms)
[06/07/2026-16:44:32] [I] Average on 10 runs - GPU latency: 3.88765 ms - Host latency: 3.88765 ms (enqueue 0.00244141 ms)
[06/07/2026-16:44:32] [I] Average on 10 runs - GPU latency: 3.85571 ms - Host latency: 3.85571 ms (enqueue 0.00258789 ms)
[06/07/2026-16:44:32] [I] Average on 10 runs - GPU latency: 3.88706 ms - Host latency: 3.88706 ms (enqueue 0.00258789 ms)
[06/07/2026-16:44:32] [I] Average on 10 runs - GPU latency: 3.84463 ms - Host latency: 3.84463 ms (enqueue 0.00239258 ms)
[06/07/2026-16:44:32] [I] Average on 10 runs - GPU latency: 3.82856 ms - Host latency: 3.82856 ms (enqueue 0.00249023 ms)
[06/07/2026-16:44:32] [I] Average on 10 runs - GPU latency: 3.87998 ms - Host latency: 3.87998 ms (enqueue 0.00244141 ms)
[06/07/2026-16:44:32] [I] Average on 10 runs - GPU latency: 3.81812 ms - Host latency: 3.81812 ms (enqueue 0.00258789 ms)
[06/07/2026-16:44:32] [I] Average on 10 runs - GPU latency: 3.87856 ms - Host latency: 3.87856 ms (enqueue 0.00244141 ms)
[06/07/2026-16:44:32] [I] Average on 10 runs - GPU latency: 3.85596 ms - Host latency: 3.85596 ms (enqueue 0.00258789 ms)
[06/07/2026-16:44:32] [I] Average on 10 runs - GPU latency: 3.85581 ms - Host latency: 3.85581 ms (enqueue 0.00239258 ms)
[06/07/2026-16:44:32] [I] Average on 10 runs - GPU latency: 3.92153 ms - Host latency: 3.92153 ms (enqueue 0.00268555 ms)
[06/07/2026-16:44:32] [I] Average on 10 runs - GPU latency: 3.88784 ms - Host latency: 3.88784 ms (enqueue 0.00253906 ms)
[06/07/2026-16:44:32] [I] Average on 10 runs - GPU latency: 3.80361 ms - Host latency: 3.80361 ms (enqueue 0.00253906 ms)
[06/07/2026-16:44:32] [I] Average on 10 runs - GPU latency: 3.80249 ms - Host latency: 3.80249 ms (enqueue 0.00253906 ms)
[06/07/2026-16:44:32] [I] Average on 10 runs - GPU latency: 3.73965 ms - Host latency: 3.73965 ms (enqueue 0.00239258 ms)
[06/07/2026-16:44:32] [I] Average on 10 runs - GPU latency: 3.78604 ms - Host latency: 3.78604 ms (enqueue 0.00244141 ms)
[06/07/2026-16:44:32] [I] Average on 10 runs - GPU latency: 3.827 ms - Host latency: 3.827 ms (enqueue 0.00258789 ms)
[06/07/2026-16:44:32] [I] Average on 10 runs - GPU latency: 3.76724 ms - Host latency: 3.76724 ms (enqueue 0.00263672 ms)
[06/07/2026-16:44:32] [I] Average on 10 runs - GPU latency: 3.75732 ms - Host latency: 3.75732 ms (enqueue 0.00244141 ms)
[06/07/2026-16:44:32] [I] Average on 10 runs - GPU latency: 3.84033 ms - Host latency: 3.84033 ms (enqueue 0.00239258 ms)
[06/07/2026-16:44:32] [I] Average on 10 runs - GPU latency: 3.88213 ms - Host latency: 3.88213 ms (enqueue 0.00234375 ms)
[06/07/2026-16:44:32] [I] Average on 10 runs - GPU latency: 3.85352 ms - Host latency: 3.85352 ms (enqueue 0.00258789 ms)
[06/07/2026-16:44:32] [I] Average on 10 runs - GPU latency: 3.91143 ms - Host latency: 3.91143 ms (enqueue 0.00253906 ms)
[06/07/2026-16:44:32] [I] Average on 10 runs - GPU latency: 3.97446 ms - Host latency: 3.97446 ms (enqueue 0.00253906 ms)
[06/07/2026-16:44:32] [I] Average on 10 runs - GPU latency: 3.93931 ms - Host latency: 3.93931 ms (enqueue 0.00244141 ms)
[06/07/2026-16:44:32] [I] Average on 10 runs - GPU latency: 3.9019 ms - Host latency: 3.9019 ms (enqueue 0.00249023 ms)
[06/07/2026-16:44:32] [I] Average on 10 runs - GPU latency: 3.87285 ms - Host latency: 3.87285 ms (enqueue 0.00249023 ms)
[06/07/2026-16:44:32] [I] Average on 10 runs - GPU latency: 3.89814 ms - Host latency: 3.89814 ms (enqueue 0.00249023 ms)
[06/07/2026-16:44:32] [I] Average on 10 runs - GPU latency: 3.90063 ms - Host latency: 3.90063 ms (enqueue 0.00229492 ms)
[06/07/2026-16:44:32] [I] Average on 10 runs - GPU latency: 3.91592 ms - Host latency: 3.91592 ms (enqueue 0.00244141 ms)
[06/07/2026-16:44:32] [I] Average on 10 runs - GPU latency: 3.89043 ms - Host latency: 3.89043 ms (enqueue 0.00244141 ms)
[06/07/2026-16:44:32] [I] Average on 10 runs - GPU latency: 3.84712 ms - Host latency: 3.84712 ms (enqueue 0.00244141 ms)
[06/07/2026-16:44:32] [I] Average on 10 runs - GPU latency: 3.85972 ms - Host latency: 3.85972 ms (enqueue 0.00244141 ms)
[06/07/2026-16:44:32] [I] Average on 10 runs - GPU latency: 3.86333 ms - Host latency: 3.86333 ms (enqueue 0.00244141 ms)
[06/07/2026-16:44:32] [I] Average on 10 runs - GPU latency: 3.79263 ms - Host latency: 3.79263 ms (enqueue 0.00249023 ms)
[06/07/2026-16:44:32] [I] Average on 10 runs - GPU latency: 3.92529 ms - Host latency: 3.92529 ms (enqueue 0.00263672 ms)
[06/07/2026-16:44:32] [I] Average on 10 runs - GPU latency: 3.85664 ms - Host latency: 3.85664 ms (enqueue 0.00234375 ms)
[06/07/2026-16:44:32] [I] Average on 10 runs - GPU latency: 3.85435 ms - Host latency: 3.85435 ms (enqueue 0.00253906 ms)
[06/07/2026-16:44:32] [I] Average on 10 runs - GPU latency: 3.87949 ms - Host latency: 3.87949 ms (enqueue 0.00244141 ms)
[06/07/2026-16:44:32] [I] Average on 10 runs - GPU latency: 3.88687 ms - Host latency: 3.88687 ms (enqueue 0.00258789 ms)
[06/07/2026-16:44:32] [I] Average on 10 runs - GPU latency: 3.86514 ms - Host latency: 3.86514 ms (enqueue 0.00253906 ms)
[06/07/2026-16:44:32] [I] Average on 10 runs - GPU latency: 3.91196 ms - Host latency: 3.91196 ms (enqueue 0.00253906 ms)
[06/07/2026-16:44:32] [I] Average on 10 runs - GPU latency: 3.96162 ms - Host latency: 3.96162 ms (enqueue 0.00239258 ms)
[06/07/2026-16:44:32] [I] Average on 10 runs - GPU latency: 3.90747 ms - Host latency: 3.90747 ms (enqueue 0.00253906 ms)
[06/07/2026-16:44:32] [I] Average on 10 runs - GPU latency: 3.79961 ms - Host latency: 3.79961 ms (enqueue 0.00244141 ms)
[06/07/2026-16:44:32] [I] Average on 10 runs - GPU latency: 3.81094 ms - Host latency: 3.81094 ms (enqueue 0.00244141 ms)
[06/07/2026-16:44:32] [I] Average on 10 runs - GPU latency: 3.79844 ms - Host latency: 3.79844 ms (enqueue 0.00244141 ms)
[06/07/2026-16:44:32] [I] Average on 10 runs - GPU latency: 3.74023 ms - Host latency: 3.74023 ms (enqueue 0.00258789 ms)
[06/07/2026-16:44:32] [I] Average on 10 runs - GPU latency: 3.82856 ms - Host latency: 3.82856 ms (enqueue 0.00268555 ms)
[06/07/2026-16:44:32] [I] Average on 10 runs - GPU latency: 3.7853 ms - Host latency: 3.7853 ms (enqueue 0.00244141 ms)
[06/07/2026-16:44:32] [I] Average on 10 runs - GPU latency: 3.83735 ms - Host latency: 3.83735 ms (enqueue 0.00258789 ms)
[06/07/2026-16:44:32] [I] Average on 10 runs - GPU latency: 3.84531 ms - Host latency: 3.84531 ms (enqueue 0.00244141 ms)
[06/07/2026-16:44:32] [I] Average on 10 runs - GPU latency: 3.89712 ms - Host latency: 3.89712 ms (enqueue 0.00253906 ms)
[06/07/2026-16:44:32] [I] Average on 10 runs - GPU latency: 3.93271 ms - Host latency: 3.93271 ms (enqueue 0.00249023 ms)
[06/07/2026-16:44:32] [I] Average on 10 runs - GPU latency: 3.85454 ms - Host latency: 3.85454 ms (enqueue 0.00234375 ms)
[06/07/2026-16:44:32] [I] Average on 10 runs - GPU latency: 3.8333 ms - Host latency: 3.8333 ms (enqueue 0.00249023 ms)
[06/07/2026-16:44:32] [I] Average on 10 runs - GPU latency: 3.8148 ms - Host latency: 3.8148 ms (enqueue 0.00249023 ms)
[06/07/2026-16:44:32] [I] Average on 10 runs - GPU latency: 3.69321 ms - Host latency: 3.69321 ms (enqueue 0.00249023 ms)
[06/07/2026-16:44:32] [I] Average on 10 runs - GPU latency: 3.78877 ms - Host latency: 3.78877 ms (enqueue 0.00249023 ms)
[06/07/2026-16:44:32] [I] Average on 10 runs - GPU latency: 3.80542 ms - Host latency: 3.80542 ms (enqueue 0.00239258 ms)
[06/07/2026-16:44:32] [I] Average on 10 runs - GPU latency: 3.78169 ms - Host latency: 3.78169 ms (enqueue 0.00244141 ms)
[06/07/2026-16:44:32] [I] Average on 10 runs - GPU latency: 3.80337 ms - Host latency: 3.80337 ms (enqueue 0.00244141 ms)
[06/07/2026-16:44:32] [I] Average on 10 runs - GPU latency: 3.76543 ms - Host latency: 3.76543 ms (enqueue 0.00249023 ms)
[06/07/2026-16:44:32] [I] Average on 10 runs - GPU latency: 3.84282 ms - Host latency: 3.84282 ms (enqueue 0.00244141 ms)
[06/07/2026-16:44:32] [I] Average on 10 runs - GPU latency: 3.89683 ms - Host latency: 3.89683 ms (enqueue 0.00249023 ms)
[06/07/2026-16:44:32] [I] Average on 10 runs - GPU latency: 3.89199 ms - Host latency: 3.89199 ms (enqueue 0.00249023 ms)
[06/07/2026-16:44:32] [I] Average on 10 runs - GPU latency: 3.92842 ms - Host latency: 3.92842 ms (enqueue 0.00258789 ms)
[06/07/2026-16:44:32] [I] Average on 10 runs - GPU latency: 3.85537 ms - Host latency: 3.85537 ms (enqueue 0.00244141 ms)
[06/07/2026-16:44:32] [I] Average on 10 runs - GPU latency: 3.93159 ms - Host latency: 3.93159 ms (enqueue 0.00249023 ms)
[06/07/2026-16:44:32] [I] Average on 10 runs - GPU latency: 3.8145 ms - Host latency: 3.8145 ms (enqueue 0.00258789 ms)
[06/07/2026-16:44:32] [I] Average on 10 runs - GPU latency: 3.84687 ms - Host latency: 3.84687 ms (enqueue 0.00253906 ms)
[06/07/2026-16:44:32] [I] Average on 10 runs - GPU latency: 3.86191 ms - Host latency: 3.86191 ms (enqueue 0.00239258 ms)
[06/07/2026-16:44:32] [I] Average on 10 runs - GPU latency: 3.87979 ms - Host latency: 3.87979 ms (enqueue 0.00253906 ms)
[06/07/2026-16:44:32] [I] Average on 10 runs - GPU latency: 3.84438 ms - Host latency: 3.84438 ms (enqueue 0.00244141 ms)
[06/07/2026-16:44:32] [I] Average on 10 runs - GPU latency: 3.97031 ms - Host latency: 3.97031 ms (enqueue 0.00253906 ms)
[06/07/2026-16:44:32] [I] Average on 10 runs - GPU latency: 3.87529 ms - Host latency: 3.87529 ms (enqueue 0.00234375 ms)
[06/07/2026-16:44:32] [I] Average on 10 runs - GPU latency: 3.80977 ms - Host latency: 3.80977 ms (enqueue 0.00249023 ms)
[06/07/2026-16:44:32] [I] Average on 10 runs - GPU latency: 3.7627 ms - Host latency: 3.7627 ms (enqueue 0.00229492 ms)
[06/07/2026-16:44:32] [I] Average on 10 runs - GPU latency: 3.77988 ms - Host latency: 3.77988 ms (enqueue 0.00263672 ms)
[06/07/2026-16:44:32] [I] Average on 10 runs - GPU latency: 3.65386 ms - Host latency: 3.65386 ms (enqueue 0.00244141 ms)
[06/07/2026-16:44:32] [I] Average on 10 runs - GPU latency: 3.70679 ms - Host latency: 3.70679 ms (enqueue 0.00258789 ms)
[06/07/2026-16:44:32] [I] Average on 10 runs - GPU latency: 3.6812 ms - Host latency: 3.6812 ms (enqueue 0.00249023 ms)
[06/07/2026-16:44:32] [I] Average on 10 runs - GPU latency: 3.64766 ms - Host latency: 3.64766 ms (enqueue 0.00273437 ms)
[06/07/2026-16:44:32] [I] Average on 10 runs - GPU latency: 3.67964 ms - Host latency: 3.67964 ms (enqueue 0.00239258 ms)
[06/07/2026-16:44:32] [I] Average on 10 runs - GPU latency: 3.85239 ms - Host latency: 3.85239 ms (enqueue 0.00258789 ms)
[06/07/2026-16:44:32] [I] Average on 10 runs - GPU latency: 4.04165 ms - Host latency: 4.04165 ms (enqueue 0.00253906 ms)
[06/07/2026-16:44:32] [I] Average on 10 runs - GPU latency: 4.07837 ms - Host latency: 4.07837 ms (enqueue 0.00258789 ms)
[06/07/2026-16:44:32] [I] Average on 10 runs - GPU latency: 3.99141 ms - Host latency: 3.99141 ms (enqueue 0.00258789 ms)
[06/07/2026-16:44:32] [I] Average on 10 runs - GPU latency: 3.75581 ms - Host latency: 3.75581 ms (enqueue 0.00219727 ms)
[06/07/2026-16:44:32] [I] Average on 10 runs - GPU latency: 3.72485 ms - Host latency: 3.72485 ms (enqueue 0.00253906 ms)
[06/07/2026-16:44:32] [I] Average on 10 runs - GPU latency: 3.69868 ms - Host latency: 3.69868 ms (enqueue 0.00219727 ms)
[06/07/2026-16:44:32] [I] Average on 10 runs - GPU latency: 3.70146 ms - Host latency: 3.70146 ms (enqueue 0.00244141 ms)
[06/07/2026-16:44:32] [I] Average on 10 runs - GPU latency: 3.76406 ms - Host latency: 3.76406 ms (enqueue 0.00253906 ms)
[06/07/2026-16:44:32] [I] Average on 10 runs - GPU latency: 3.77935 ms - Host latency: 3.77935 ms (enqueue 0.00239258 ms)
[06/07/2026-16:44:32] [I] Average on 10 runs - GPU latency: 3.79287 ms - Host latency: 3.79287 ms (enqueue 0.00249023 ms)
[06/07/2026-16:44:32] [I] Average on 10 runs - GPU latency: 3.86431 ms - Host latency: 3.86431 ms (enqueue 0.00253906 ms)
[06/07/2026-16:44:32] [I] Average on 10 runs - GPU latency: 3.85161 ms - Host latency: 3.85161 ms (enqueue 0.00253906 ms)
[06/07/2026-16:44:32] [I] Average on 10 runs - GPU latency: 3.89082 ms - Host latency: 3.89082 ms (enqueue 0.00249023 ms)
[06/07/2026-16:44:32] [I] Average on 10 runs - GPU latency: 3.90562 ms - Host latency: 3.90562 ms (enqueue 0.00214844 ms)
[06/07/2026-16:44:32] [I] Average on 10 runs - GPU latency: 3.929 ms - Host latency: 3.929 ms (enqueue 0.00234375 ms)
[06/07/2026-16:44:32] [I] Average on 10 runs - GPU latency: 3.85049 ms - Host latency: 3.85049 ms (enqueue 0.00244141 ms)
[06/07/2026-16:44:32] [I] Average on 10 runs - GPU latency: 3.85117 ms - Host latency: 3.85117 ms (enqueue 0.00263672 ms)
[06/07/2026-16:44:32] [I] Average on 10 runs - GPU latency: 3.86636 ms - Host latency: 3.86636 ms (enqueue 0.00249023 ms)
[06/07/2026-16:44:32] [I] Average on 10 runs - GPU latency: 3.85815 ms - Host latency: 3.85815 ms (enqueue 0.00249023 ms)
[06/07/2026-16:44:32] [I] Average on 10 runs - GPU latency: 3.83892 ms - Host latency: 3.83892 ms (enqueue 0.00239258 ms)
[06/07/2026-16:44:32] [I] Average on 10 runs - GPU latency: 3.84663 ms - Host latency: 3.84663 ms (enqueue 0.00258789 ms)
[06/07/2026-16:44:32] [I] Average on 10 runs - GPU latency: 3.75488 ms - Host latency: 3.75488 ms (enqueue 0.00229492 ms)
[06/07/2026-16:44:32] [I] 
[06/07/2026-16:44:32] [I] === Performance summary ===
[06/07/2026-16:44:32] [I] Throughput: 1038.38 qps
[06/07/2026-16:44:32] [I] Latency: min = 2.77832 ms, max = 4.36523 ms, mean = 3.8489 ms, median = 3.85303 ms, percentile(99%) = 4.07422 ms
[06/07/2026-16:44:32] [I] Enqueue Time: min = 0.00195312 ms, max = 0.00683594 ms, mean = 0.00251773 ms, median = 0.00244141 ms, percentile(99%) = 0.00317383 ms
[06/07/2026-16:44:32] [I] H2D Latency: min = 0 ms, max = 0 ms, mean = 0 ms, median = 0 ms, percentile(99%) = 0 ms
[06/07/2026-16:44:32] [I] GPU Compute Time: min = 2.77832 ms, max = 4.36523 ms, mean = 3.8489 ms, median = 3.85303 ms, percentile(99%) = 4.07422 ms
[06/07/2026-16:44:32] [I] D2H Latency: min = 0 ms, max = 0 ms, mean = 0 ms, median = 0 ms, percentile(99%) = 0 ms
[06/07/2026-16:44:32] [I] Total Host Walltime: 6.01034 s
[06/07/2026-16:44:32] [I] Total GPU Compute Time: 24.021 s
[06/07/2026-16:44:32] [W] * GPU compute time is unstable, with coefficient of variance = 2.52997%.
[06/07/2026-16:44:32] [W]   If not already in use, locking GPU clock frequency or adding --useSpinWait may improve the stability.
[06/07/2026-16:44:32] [W] * Multiple inference streams are used. Latencies may not be accurate since inferences may run in   parallel. Please use "Throughput" as the performance metric instead.
[06/07/2026-16:44:32] [I] Explanations of the performance metrics are printed in the verbose logs.
[06/07/2026-16:44:32] [I] 
&&&& PASSED TensorRT.trtexec [TensorRT v101401] [b48] # trtexec --loadEngine=/work/trt_bench_streams/engines/yolo26n_b16.engine --streams=4 --useCudaGraph --useSpinWait --noDataTransfers --warmUp=2000 --duration=6 --percentile=99
