&&&& RUNNING TensorRT.trtexec [TensorRT v101401] [b48] # trtexec --loadEngine=/work/trt_bench_streams/engines/yolo26n_b16.engine --streams=1 --useCudaGraph --useSpinWait --noDataTransfers --warmUp=2000 --duration=6 --percentile=99
[06/07/2026-16:44:06] [I] TF32 is enabled by default. Add --noTF32 flag to further improve accuracy with some performance cost.
[06/07/2026-16:44:06] [W] --streams flag has been deprecated, use --infStreams flag instead.
[06/07/2026-16:44:06] [I] === Model Options ===
[06/07/2026-16:44:06] [I] Format: *
[06/07/2026-16:44:06] [I] Model: 
[06/07/2026-16:44:06] [I] Output:
[06/07/2026-16:44:06] [I] 
[06/07/2026-16:44:06] [I] === System Options ===
[06/07/2026-16:44:06] [I] Device: 0
[06/07/2026-16:44:06] [I] DLACore: 
[06/07/2026-16:44:06] [I] Plugins:
[06/07/2026-16:44:06] [I] setPluginsToSerialize:
[06/07/2026-16:44:06] [I] dynamicPlugins:
[06/07/2026-16:44:06] [I] ignoreParsedPluginLibs: 0
[06/07/2026-16:44:06] [I] 
[06/07/2026-16:44:06] [I] === Inference Options ===
[06/07/2026-16:44:06] [I] Batch: Explicit
[06/07/2026-16:44:06] [I] Input inference shapes: model
[06/07/2026-16:44:06] [I] Iterations: 10
[06/07/2026-16:44:06] [I] Duration: 6s (+ 2000ms warm up)
[06/07/2026-16:44:06] [I] Sleep time: 0ms
[06/07/2026-16:44:06] [I] Idle time: 0ms
[06/07/2026-16:44:06] [I] Inference Streams: 1
[06/07/2026-16:44:06] [I] ExposeDMA: Disabled
[06/07/2026-16:44:06] [I] Data transfers: Disabled
[06/07/2026-16:44:06] [I] Spin-wait: Enabled
[06/07/2026-16:44:06] [I] Multithreading: Disabled
[06/07/2026-16:44:06] [I] CUDA Graph: Enabled
[06/07/2026-16:44:06] [I] Separate profiling: Disabled
[06/07/2026-16:44:06] [I] Time Deserialize: Disabled
[06/07/2026-16:44:06] [I] Time Refit: Disabled
[06/07/2026-16:44:06] [I] NVTX verbosity: 0
[06/07/2026-16:44:06] [I] Persistent Cache Ratio: 0
[06/07/2026-16:44:06] [I] Optimization Profile Index: 0
[06/07/2026-16:44:06] [I] Weight Streaming Budget: 100.000000%
[06/07/2026-16:44:06] [I] Inputs:
[06/07/2026-16:44:06] [I] Debug Tensor Save Destinations:
[06/07/2026-16:44:06] [I] Dump All Debug Tensor in Formats: 
[06/07/2026-16:44:06] [I] === Reporting Options ===
[06/07/2026-16:44:06] [I] Verbose: Disabled
[06/07/2026-16:44:06] [I] Averages: 10 inferences
[06/07/2026-16:44:06] [I] Percentiles: 99
[06/07/2026-16:44:06] [I] Dump refittable layers:Disabled
[06/07/2026-16:44:06] [I] Dump output: Disabled
[06/07/2026-16:44:06] [I] Profile: Disabled
[06/07/2026-16:44:06] [I] Export timing to JSON file: 
[06/07/2026-16:44:06] [I] Export output to JSON file: 
[06/07/2026-16:44:06] [I] Export profile to JSON file: 
[06/07/2026-16:44:06] [I] 
[06/07/2026-16:44:06] [I] === Device Information ===
[06/07/2026-16:44:06] [I] Available Devices: 
[06/07/2026-16:44:06] [I]   Device 0: "NVIDIA GeForce RTX 4090" UUID: GPU-f84a2a8b-f125-2892-c40d-fe37bcae6c60
[06/07/2026-16:44:06] [I] Selected Device: NVIDIA GeForce RTX 4090
[06/07/2026-16:44:06] [I] Selected Device ID: 0
[06/07/2026-16:44:06] [I] Selected Device UUID: GPU-f84a2a8b-f125-2892-c40d-fe37bcae6c60
[06/07/2026-16:44:06] [I] Compute Capability: 8.9
[06/07/2026-16:44:06] [I] SMs: 128
[06/07/2026-16:44:06] [I] Device Global Memory: 24080 MiB
[06/07/2026-16:44:06] [I] Shared Memory per SM: 100 KiB
[06/07/2026-16:44:06] [I] Memory Bus Width: 384 bits (ECC disabled)
[06/07/2026-16:44:06] [I] Application Compute Clock Rate: 2.55 GHz
[06/07/2026-16:44:06] [I] Application Memory Clock Rate: 10.501 GHz
[06/07/2026-16:44:06] [I] 
[06/07/2026-16:44:06] [I] Note: The application clock rates do not reflect the actual clock rates that the GPU is currently running at.
[06/07/2026-16:44:06] [I] 
[06/07/2026-16:44:06] [I] TensorRT version: 10.14.1
[06/07/2026-16:44:06] [I] Loading standard plugins
[06/07/2026-16:44:07] [I] [TRT] Loaded engine size: 7 MiB
[06/07/2026-16:44:07] [I] Engine deserialized in 0.0448468 sec.
[06/07/2026-16:44:07] [I] [TRT] [MemUsageChange] TensorRT-managed allocation in IExecutionContext creation: CPU +0, GPU +63, now: CPU 0, GPU 67 (MiB)
[06/07/2026-16:44:07] [I] Setting persistentCacheLimit to 0 bytes.
[06/07/2026-16:44:07] [I] Created execution context with device memory size: 62.7148 MiB
[06/07/2026-16:44:07] [I] Using random values for input images
[06/07/2026-16:44:07] [I] Input binding for images with dimensions 16x3x416x416 is created.
[06/07/2026-16:44:07] [I] Output binding for output0 with dimensions 16x300x6 is created.
[06/07/2026-16:44:07] [I] Starting inference
[06/07/2026-16:44:07] [I] Capturing CUDA graph for the current execution context
[06/07/2026-16:44:07] [I] Successfully captured CUDA graph for the current execution context
[06/07/2026-16:44:15] [I] Warmup completed 1858 queries over 2000 ms
[06/07/2026-16:44:15] [I] Timing trace has 5798 queries over 6.00248 s
[06/07/2026-16:44:15] [I] 
[06/07/2026-16:44:15] [I] === Trace details ===
[06/07/2026-16:44:15] [I] Trace averages of 10 runs:
[06/07/2026-16:44:15] [I] Average on 10 runs - GPU latency: 1.03351 ms - Host latency: 1.03351 ms (enqueue 0.00240479 ms)
[06/07/2026-16:44:15] [I] Average on 10 runs - GPU latency: 1.03425 ms - Host latency: 1.03425 ms (enqueue 0.00245361 ms)
[06/07/2026-16:44:15] [I] Average on 10 runs - GPU latency: 1.03396 ms - Host latency: 1.03396 ms (enqueue 0.00241699 ms)
[06/07/2026-16:44:15] [I] Average on 10 runs - GPU latency: 1.03364 ms - Host latency: 1.03364 ms (enqueue 0.00247803 ms)
[06/07/2026-16:44:15] [I] Average on 10 runs - GPU latency: 1.03363 ms - Host latency: 1.03363 ms (enqueue 0.00251465 ms)
[06/07/2026-16:44:15] [I] Average on 10 runs - GPU latency: 1.03408 ms - Host latency: 1.03408 ms (enqueue 0.00241699 ms)
[06/07/2026-16:44:15] [I] Average on 10 runs - GPU latency: 1.03379 ms - Host latency: 1.03379 ms (enqueue 0.00239258 ms)
[06/07/2026-16:44:15] [I] Average on 10 runs - GPU latency: 1.03345 ms - Host latency: 1.03345 ms (enqueue 0.00241699 ms)
[06/07/2026-16:44:15] [I] Average on 10 runs - GPU latency: 1.03342 ms - Host latency: 1.03342 ms (enqueue 0.00241699 ms)
[06/07/2026-16:44:15] [I] Average on 10 runs - GPU latency: 1.03362 ms - Host latency: 1.03362 ms (enqueue 0.00241699 ms)
[06/07/2026-16:44:15] [I] Average on 10 runs - GPU latency: 1.03311 ms - Host latency: 1.03311 ms (enqueue 0.00249023 ms)
[06/07/2026-16:44:15] [I] Average on 10 runs - GPU latency: 1.03372 ms - Host latency: 1.03372 ms (enqueue 0.00249023 ms)
[06/07/2026-16:44:15] [I] Average on 10 runs - GPU latency: 1.03394 ms - Host latency: 1.03394 ms (enqueue 0.00241699 ms)
[06/07/2026-16:44:15] [I] Average on 10 runs - GPU latency: 1.03364 ms - Host latency: 1.03364 ms (enqueue 0.00244141 ms)
[06/07/2026-16:44:15] [I] Average on 10 runs - GPU latency: 1.03364 ms - Host latency: 1.03364 ms (enqueue 0.00249023 ms)
[06/07/2026-16:44:15] [I] Average on 10 runs - GPU latency: 1.03394 ms - Host latency: 1.03394 ms (enqueue 0.00249023 ms)
[06/07/2026-16:44:15] [I] Average on 10 runs - GPU latency: 1.03394 ms - Host latency: 1.03394 ms (enqueue 0.00249023 ms)
[06/07/2026-16:44:15] [I] Average on 10 runs - GPU latency: 1.03398 ms - Host latency: 1.03398 ms (enqueue 0.00239258 ms)
[06/07/2026-16:44:15] [I] Average on 10 runs - GPU latency: 1.03437 ms - Host latency: 1.03437 ms (enqueue 0.00246582 ms)
[06/07/2026-16:44:15] [I] Average on 10 runs - GPU latency: 1.03403 ms - Host latency: 1.03403 ms (enqueue 0.00246582 ms)
[06/07/2026-16:44:15] [I] Average on 10 runs - GPU latency: 1.03354 ms - Host latency: 1.03354 ms (enqueue 0.00244141 ms)
[06/07/2026-16:44:15] [I] Average on 10 runs - GPU latency: 1.03352 ms - Host latency: 1.03352 ms (enqueue 0.00244141 ms)
[06/07/2026-16:44:15] [I] Average on 10 runs - GPU latency: 1.03391 ms - Host latency: 1.03391 ms (enqueue 0.0026123 ms)
[06/07/2026-16:44:15] [I] Average on 10 runs - GPU latency: 1.03398 ms - Host latency: 1.03398 ms (enqueue 0.00270996 ms)
[06/07/2026-16:44:15] [I] Average on 10 runs - GPU latency: 1.03423 ms - Host latency: 1.03423 ms (enqueue 0.00234375 ms)
[06/07/2026-16:44:15] [I] Average on 10 runs - GPU latency: 1.03379 ms - Host latency: 1.03379 ms (enqueue 0.00236816 ms)
[06/07/2026-16:44:15] [I] Average on 10 runs - GPU latency: 1.0335 ms - Host latency: 1.0335 ms (enqueue 0.00251465 ms)
[06/07/2026-16:44:15] [I] Average on 10 runs - GPU latency: 1.03369 ms - Host latency: 1.03369 ms (enqueue 0.00241699 ms)
[06/07/2026-16:44:15] [I] Average on 10 runs - GPU latency: 1.03369 ms - Host latency: 1.03369 ms (enqueue 0.00244141 ms)
[06/07/2026-16:44:15] [I] Average on 10 runs - GPU latency: 1.03333 ms - Host latency: 1.03333 ms (enqueue 0.00236816 ms)
[06/07/2026-16:44:15] [I] Average on 10 runs - GPU latency: 1.03406 ms - Host latency: 1.03406 ms (enqueue 0.00249023 ms)
[06/07/2026-16:44:15] [I] Average on 10 runs - GPU latency: 1.03362 ms - Host latency: 1.03362 ms (enqueue 0.00251465 ms)
[06/07/2026-16:44:15] [I] Average on 10 runs - GPU latency: 1.03289 ms - Host latency: 1.03289 ms (enqueue 0.00244141 ms)
[06/07/2026-16:44:15] [I] Average on 10 runs - GPU latency: 1.03374 ms - Host latency: 1.03374 ms (enqueue 0.00234375 ms)
[06/07/2026-16:44:15] [I] Average on 10 runs - GPU latency: 1.03418 ms - Host latency: 1.03418 ms (enqueue 0.00256348 ms)
[06/07/2026-16:44:15] [I] Average on 10 runs - GPU latency: 1.03311 ms - Host latency: 1.03311 ms (enqueue 0.00244141 ms)
[06/07/2026-16:44:15] [I] Average on 10 runs - GPU latency: 1.03384 ms - Host latency: 1.03384 ms (enqueue 0.00239258 ms)
[06/07/2026-16:44:15] [I] Average on 10 runs - GPU latency: 1.03418 ms - Host latency: 1.03418 ms (enqueue 0.00249023 ms)
[06/07/2026-16:44:15] [I] Average on 10 runs - GPU latency: 1.03369 ms - Host latency: 1.03369 ms (enqueue 0.00256348 ms)
[06/07/2026-16:44:15] [I] Average on 10 runs - GPU latency: 1.03386 ms - Host latency: 1.03386 ms (enqueue 0.00249023 ms)
[06/07/2026-16:44:15] [I] Average on 10 runs - GPU latency: 1.03425 ms - Host latency: 1.03425 ms (enqueue 0.00244141 ms)
[06/07/2026-16:44:15] [I] Average on 10 runs - GPU latency: 1.03394 ms - Host latency: 1.03394 ms (enqueue 0.00246582 ms)
[06/07/2026-16:44:15] [I] Average on 10 runs - GPU latency: 1.03372 ms - Host latency: 1.03372 ms (enqueue 0.00236816 ms)
[06/07/2026-16:44:15] [I] Average on 10 runs - GPU latency: 1.03374 ms - Host latency: 1.03374 ms (enqueue 0.00239258 ms)
[06/07/2026-16:44:15] [I] Average on 10 runs - GPU latency: 1.03345 ms - Host latency: 1.03345 ms (enqueue 0.00239258 ms)
[06/07/2026-16:44:15] [I] Average on 10 runs - GPU latency: 1.03381 ms - Host latency: 1.03381 ms (enqueue 0.00234375 ms)
[06/07/2026-16:44:15] [I] Average on 10 runs - GPU latency: 1.03308 ms - Host latency: 1.03308 ms (enqueue 0.00246582 ms)
[06/07/2026-16:44:15] [I] Average on 10 runs - GPU latency: 1.03401 ms - Host latency: 1.03401 ms (enqueue 0.00246582 ms)
[06/07/2026-16:44:15] [I] Average on 10 runs - GPU latency: 1.03372 ms - Host latency: 1.03372 ms (enqueue 0.00239258 ms)
[06/07/2026-16:44:15] [I] Average on 10 runs - GPU latency: 1.03379 ms - Host latency: 1.03379 ms (enqueue 0.00249023 ms)
[06/07/2026-16:44:15] [I] Average on 10 runs - GPU latency: 1.03403 ms - Host latency: 1.03403 ms (enqueue 0.00249023 ms)
[06/07/2026-16:44:15] [I] Average on 10 runs - GPU latency: 1.03315 ms - Host latency: 1.03315 ms (enqueue 0.00241699 ms)
[06/07/2026-16:44:15] [I] Average on 10 runs - GPU latency: 1.03413 ms - Host latency: 1.03413 ms (enqueue 0.00251465 ms)
[06/07/2026-16:44:15] [I] Average on 10 runs - GPU latency: 1.03284 ms - Host latency: 1.03284 ms (enqueue 0.00234375 ms)
[06/07/2026-16:44:15] [I] Average on 10 runs - GPU latency: 1.03328 ms - Host latency: 1.03328 ms (enqueue 0.00249023 ms)
[06/07/2026-16:44:15] [I] Average on 10 runs - GPU latency: 1.03364 ms - Host latency: 1.03364 ms (enqueue 0.00246582 ms)
[06/07/2026-16:44:15] [I] Average on 10 runs - GPU latency: 1.03362 ms - Host latency: 1.03362 ms (enqueue 0.00246582 ms)
[06/07/2026-16:44:15] [I] Average on 10 runs - GPU latency: 1.03391 ms - Host latency: 1.03391 ms (enqueue 0.00236816 ms)
[06/07/2026-16:44:15] [I] Average on 10 runs - GPU latency: 1.03391 ms - Host latency: 1.03391 ms (enqueue 0.00244141 ms)
[06/07/2026-16:44:15] [I] Average on 10 runs - GPU latency: 1.03337 ms - Host latency: 1.03337 ms (enqueue 0.00246582 ms)
[06/07/2026-16:44:15] [I] Average on 10 runs - GPU latency: 1.03352 ms - Host latency: 1.03352 ms (enqueue 0.00251465 ms)
[06/07/2026-16:44:15] [I] Average on 10 runs - GPU latency: 1.03428 ms - Host latency: 1.03428 ms (enqueue 0.00241699 ms)
[06/07/2026-16:44:15] [I] Average on 10 runs - GPU latency: 1.03374 ms - Host latency: 1.03374 ms (enqueue 0.00246582 ms)
[06/07/2026-16:44:15] [I] Average on 10 runs - GPU latency: 1.03379 ms - Host latency: 1.03379 ms (enqueue 0.00241699 ms)
[06/07/2026-16:44:15] [I] Average on 10 runs - GPU latency: 1.03386 ms - Host latency: 1.03386 ms (enqueue 0.00249023 ms)
[06/07/2026-16:44:15] [I] Average on 10 runs - GPU latency: 1.03372 ms - Host latency: 1.03372 ms (enqueue 0.00236816 ms)
[06/07/2026-16:44:15] [I] Average on 10 runs - GPU latency: 1.03391 ms - Host latency: 1.03391 ms (enqueue 0.00241699 ms)
[06/07/2026-16:44:15] [I] Average on 10 runs - GPU latency: 1.03303 ms - Host latency: 1.03303 ms (enqueue 0.00246582 ms)
[06/07/2026-16:44:15] [I] Average on 10 runs - GPU latency: 1.03374 ms - Host latency: 1.03374 ms (enqueue 0.00241699 ms)
[06/07/2026-16:44:15] [I] Average on 10 runs - GPU latency: 1.03394 ms - Host latency: 1.03394 ms (enqueue 0.00239258 ms)
[06/07/2026-16:44:15] [I] Average on 10 runs - GPU latency: 1.03333 ms - Host latency: 1.03333 ms (enqueue 0.00244141 ms)
[06/07/2026-16:44:15] [I] Average on 10 runs - GPU latency: 1.03374 ms - Host latency: 1.03374 ms (enqueue 0.00241699 ms)
[06/07/2026-16:44:15] [I] Average on 10 runs - GPU latency: 1.0334 ms - Host latency: 1.0334 ms (enqueue 0.00246582 ms)
[06/07/2026-16:44:15] [I] Average on 10 runs - GPU latency: 1.03403 ms - Host latency: 1.03403 ms (enqueue 0.00244141 ms)
[06/07/2026-16:44:15] [I] Average on 10 runs - GPU latency: 1.03381 ms - Host latency: 1.03381 ms (enqueue 0.00268555 ms)
[06/07/2026-16:44:15] [I] Average on 10 runs - GPU latency: 1.03425 ms - Host latency: 1.03425 ms (enqueue 0.00239258 ms)
[06/07/2026-16:44:15] [I] Average on 10 runs - GPU latency: 1.03352 ms - Host latency: 1.03352 ms (enqueue 0.00244141 ms)
[06/07/2026-16:44:15] [I] Average on 10 runs - GPU latency: 1.03381 ms - Host latency: 1.03381 ms (enqueue 0.00244141 ms)
[06/07/2026-16:44:15] [I] Average on 10 runs - GPU latency: 1.03394 ms - Host latency: 1.03394 ms (enqueue 0.00246582 ms)
[06/07/2026-16:44:15] [I] Average on 10 runs - GPU latency: 1.03386 ms - Host latency: 1.03386 ms (enqueue 0.00234375 ms)
[06/07/2026-16:44:15] [I] Average on 10 runs - GPU latency: 1.03381 ms - Host latency: 1.03381 ms (enqueue 0.00280762 ms)
[06/07/2026-16:44:15] [I] Average on 10 runs - GPU latency: 1.03369 ms - Host latency: 1.03369 ms (enqueue 0.00249023 ms)
[06/07/2026-16:44:15] [I] Average on 10 runs - GPU latency: 1.03403 ms - Host latency: 1.03403 ms (enqueue 0.00256348 ms)
[06/07/2026-16:44:15] [I] Average on 10 runs - GPU latency: 1.03386 ms - Host latency: 1.03386 ms (enqueue 0.00236816 ms)
[06/07/2026-16:44:15] [I] Average on 10 runs - GPU latency: 1.03396 ms - Host latency: 1.03396 ms (enqueue 0.00256348 ms)
[06/07/2026-16:44:15] [I] Average on 10 runs - GPU latency: 1.03374 ms - Host latency: 1.03374 ms (enqueue 0.00253906 ms)
[06/07/2026-16:44:15] [I] Average on 10 runs - GPU latency: 1.03362 ms - Host latency: 1.03362 ms (enqueue 0.00244141 ms)
[06/07/2026-16:44:15] [I] Average on 10 runs - GPU latency: 1.03406 ms - Host latency: 1.03406 ms (enqueue 0.00241699 ms)
[06/07/2026-16:44:15] [I] Average on 10 runs - GPU latency: 1.03374 ms - Host latency: 1.03374 ms (enqueue 0.00244141 ms)
[06/07/2026-16:44:15] [I] Average on 10 runs - GPU latency: 1.03359 ms - Host latency: 1.03359 ms (enqueue 0.00244141 ms)
[06/07/2026-16:44:15] [I] Average on 10 runs - GPU latency: 1.03389 ms - Host latency: 1.03389 ms (enqueue 0.00244141 ms)
[06/07/2026-16:44:15] [I] Average on 10 runs - GPU latency: 1.03281 ms - Host latency: 1.03281 ms (enqueue 0.00246582 ms)
[06/07/2026-16:44:15] [I] Average on 10 runs - GPU latency: 1.03359 ms - Host latency: 1.03359 ms (enqueue 0.00256348 ms)
[06/07/2026-16:44:15] [I] Average on 10 runs - GPU latency: 1.03394 ms - Host latency: 1.03394 ms (enqueue 0.00256348 ms)
[06/07/2026-16:44:15] [I] Average on 10 runs - GPU latency: 1.03401 ms - Host latency: 1.03401 ms (enqueue 0.00241699 ms)
[06/07/2026-16:44:15] [I] Average on 10 runs - GPU latency: 1.03394 ms - Host latency: 1.03394 ms (enqueue 0.00249023 ms)
[06/07/2026-16:44:15] [I] Average on 10 runs - GPU latency: 1.03418 ms - Host latency: 1.03418 ms (enqueue 0.00246582 ms)
[06/07/2026-16:44:15] [I] Average on 10 runs - GPU latency: 1.03423 ms - Host latency: 1.03423 ms (enqueue 0.00244141 ms)
[06/07/2026-16:44:15] [I] Average on 10 runs - GPU latency: 1.03408 ms - Host latency: 1.03408 ms (enqueue 0.00231934 ms)
[06/07/2026-16:44:15] [I] Average on 10 runs - GPU latency: 1.0334 ms - Host latency: 1.0334 ms (enqueue 0.00241699 ms)
[06/07/2026-16:44:15] [I] Average on 10 runs - GPU latency: 1.03359 ms - Host latency: 1.03359 ms (enqueue 0.00251465 ms)
[06/07/2026-16:44:15] [I] Average on 10 runs - GPU latency: 1.03406 ms - Host latency: 1.03406 ms (enqueue 0.00249023 ms)
[06/07/2026-16:44:15] [I] Average on 10 runs - GPU latency: 1.03425 ms - Host latency: 1.03425 ms (enqueue 0.00251465 ms)
[06/07/2026-16:44:15] [I] Average on 10 runs - GPU latency: 1.03313 ms - Host latency: 1.03313 ms (enqueue 0.00251465 ms)
[06/07/2026-16:44:15] [I] Average on 10 runs - GPU latency: 1.03418 ms - Host latency: 1.03418 ms (enqueue 0.00249023 ms)
[06/07/2026-16:44:15] [I] Average on 10 runs - GPU latency: 1.03406 ms - Host latency: 1.03406 ms (enqueue 0.00244141 ms)
[06/07/2026-16:44:15] [I] Average on 10 runs - GPU latency: 1.03313 ms - Host latency: 1.03313 ms (enqueue 0.00244141 ms)
[06/07/2026-16:44:15] [I] Average on 10 runs - GPU latency: 1.03372 ms - Host latency: 1.03372 ms (enqueue 0.00246582 ms)
[06/07/2026-16:44:15] [I] Average on 10 runs - GPU latency: 1.03401 ms - Host latency: 1.03401 ms (enqueue 0.00241699 ms)
[06/07/2026-16:44:15] [I] Average on 10 runs - GPU latency: 1.03372 ms - Host latency: 1.03372 ms (enqueue 0.00239258 ms)
[06/07/2026-16:44:15] [I] Average on 10 runs - GPU latency: 1.03406 ms - Host latency: 1.03406 ms (enqueue 0.00239258 ms)
[06/07/2026-16:44:15] [I] Average on 10 runs - GPU latency: 1.03345 ms - Host latency: 1.03345 ms (enqueue 0.00244141 ms)
[06/07/2026-16:44:15] [I] Average on 10 runs - GPU latency: 1.03381 ms - Host latency: 1.03381 ms (enqueue 0.00241699 ms)
[06/07/2026-16:44:15] [I] Average on 10 runs - GPU latency: 1.03374 ms - Host latency: 1.03374 ms (enqueue 0.00251465 ms)
[06/07/2026-16:44:15] [I] Average on 10 runs - GPU latency: 1.03425 ms - Host latency: 1.03425 ms (enqueue 0.00246582 ms)
[06/07/2026-16:44:15] [I] Average on 10 runs - GPU latency: 1.03437 ms - Host latency: 1.03437 ms (enqueue 0.00263672 ms)
[06/07/2026-16:44:15] [I] Average on 10 runs - GPU latency: 1.03396 ms - Host latency: 1.03396 ms (enqueue 0.00244141 ms)
[06/07/2026-16:44:15] [I] Average on 10 runs - GPU latency: 1.03411 ms - Host latency: 1.03411 ms (enqueue 0.00234375 ms)
[06/07/2026-16:44:15] [I] Average on 10 runs - GPU latency: 1.03381 ms - Host latency: 1.03381 ms (enqueue 0.00249023 ms)
[06/07/2026-16:44:15] [I] Average on 10 runs - GPU latency: 1.03391 ms - Host latency: 1.03391 ms (enqueue 0.00241699 ms)
[06/07/2026-16:44:15] [I] Average on 10 runs - GPU latency: 1.03416 ms - Host latency: 1.03416 ms (enqueue 0.00239258 ms)
[06/07/2026-16:44:15] [I] Average on 10 runs - GPU latency: 1.03406 ms - Host latency: 1.03406 ms (enqueue 0.00249023 ms)
[06/07/2026-16:44:15] [I] Average on 10 runs - GPU latency: 1.0332 ms - Host latency: 1.0332 ms (enqueue 0.00246582 ms)
[06/07/2026-16:44:15] [I] Average on 10 runs - GPU latency: 1.03379 ms - Host latency: 1.03379 ms (enqueue 0.00239258 ms)
[06/07/2026-16:44:15] [I] Average on 10 runs - GPU latency: 1.03347 ms - Host latency: 1.03347 ms (enqueue 0.00241699 ms)
[06/07/2026-16:44:15] [I] Average on 10 runs - GPU latency: 1.0332 ms - Host latency: 1.0332 ms (enqueue 0.00244141 ms)
[06/07/2026-16:44:15] [I] Average on 10 runs - GPU latency: 1.03408 ms - Host latency: 1.03408 ms (enqueue 0.00241699 ms)
[06/07/2026-16:44:15] [I] Average on 10 runs - GPU latency: 1.03362 ms - Host latency: 1.03362 ms (enqueue 0.00244141 ms)
[06/07/2026-16:44:15] [I] Average on 10 runs - GPU latency: 1.03411 ms - Host latency: 1.03411 ms (enqueue 0.00246582 ms)
[06/07/2026-16:44:15] [I] Average on 10 runs - GPU latency: 1.03401 ms - Host latency: 1.03401 ms (enqueue 0.00249023 ms)
[06/07/2026-16:44:15] [I] Average on 10 runs - GPU latency: 1.03408 ms - Host latency: 1.03408 ms (enqueue 0.00234375 ms)
[06/07/2026-16:44:15] [I] Average on 10 runs - GPU latency: 1.03384 ms - Host latency: 1.03384 ms (enqueue 0.00258789 ms)
[06/07/2026-16:44:15] [I] Average on 10 runs - GPU latency: 1.03357 ms - Host latency: 1.03357 ms (enqueue 0.00244141 ms)
[06/07/2026-16:44:15] [I] Average on 10 runs - GPU latency: 1.03357 ms - Host latency: 1.03357 ms (enqueue 0.00246582 ms)
[06/07/2026-16:44:15] [I] Average on 10 runs - GPU latency: 1.03352 ms - Host latency: 1.03352 ms (enqueue 0.00249023 ms)
[06/07/2026-16:44:15] [I] Average on 10 runs - GPU latency: 1.03391 ms - Host latency: 1.03391 ms (enqueue 0.00253906 ms)
[06/07/2026-16:44:15] [I] Average on 10 runs - GPU latency: 1.03401 ms - Host latency: 1.03401 ms (enqueue 0.00249023 ms)
[06/07/2026-16:44:15] [I] Average on 10 runs - GPU latency: 1.03403 ms - Host latency: 1.03403 ms (enqueue 0.00244141 ms)
[06/07/2026-16:44:15] [I] Average on 10 runs - GPU latency: 1.03376 ms - Host latency: 1.03376 ms (enqueue 0.00241699 ms)
[06/07/2026-16:44:15] [I] Average on 10 runs - GPU latency: 1.03384 ms - Host latency: 1.03384 ms (enqueue 0.00246582 ms)
[06/07/2026-16:44:15] [I] Average on 10 runs - GPU latency: 1.03384 ms - Host latency: 1.03384 ms (enqueue 0.00241699 ms)
[06/07/2026-16:44:15] [I] Average on 10 runs - GPU latency: 1.0334 ms - Host latency: 1.0334 ms (enqueue 0.00239258 ms)
[06/07/2026-16:44:15] [I] Average on 10 runs - GPU latency: 1.03386 ms - Host latency: 1.03386 ms (enqueue 0.00249023 ms)
[06/07/2026-16:44:15] [I] Average on 10 runs - GPU latency: 1.03357 ms - Host latency: 1.03357 ms (enqueue 0.00246582 ms)
[06/07/2026-16:44:15] [I] Average on 10 runs - GPU latency: 1.03352 ms - Host latency: 1.03352 ms (enqueue 0.00241699 ms)
[06/07/2026-16:44:15] [I] Average on 10 runs - GPU latency: 1.03364 ms - Host latency: 1.03364 ms (enqueue 0.00249023 ms)
[06/07/2026-16:44:15] [I] Average on 10 runs - GPU latency: 1.03333 ms - Host latency: 1.03333 ms (enqueue 0.00236816 ms)
[06/07/2026-16:44:15] [I] Average on 10 runs - GPU latency: 1.03345 ms - Host latency: 1.03345 ms (enqueue 0.00241699 ms)
[06/07/2026-16:44:15] [I] Average on 10 runs - GPU latency: 1.03381 ms - Host latency: 1.03381 ms (enqueue 0.00280762 ms)
[06/07/2026-16:44:15] [I] Average on 10 runs - GPU latency: 1.03345 ms - Host latency: 1.03345 ms (enqueue 0.00241699 ms)
[06/07/2026-16:44:15] [I] Average on 10 runs - GPU latency: 1.03391 ms - Host latency: 1.03391 ms (enqueue 0.00246582 ms)
[06/07/2026-16:44:15] [I] Average on 10 runs - GPU latency: 1.03352 ms - Host latency: 1.03352 ms (enqueue 0.00253906 ms)
[06/07/2026-16:44:15] [I] Average on 10 runs - GPU latency: 1.03374 ms - Host latency: 1.03374 ms (enqueue 0.00244141 ms)
[06/07/2026-16:44:15] [I] Average on 10 runs - GPU latency: 1.03389 ms - Host latency: 1.03389 ms (enqueue 0.00244141 ms)
[06/07/2026-16:44:15] [I] Average on 10 runs - GPU latency: 1.03381 ms - Host latency: 1.03381 ms (enqueue 0.00234375 ms)
[06/07/2026-16:44:15] [I] Average on 10 runs - GPU latency: 1.03311 ms - Host latency: 1.03311 ms (enqueue 0.00251465 ms)
[06/07/2026-16:44:15] [I] Average on 10 runs - GPU latency: 1.03406 ms - Host latency: 1.03406 ms (enqueue 0.00249023 ms)
[06/07/2026-16:44:15] [I] Average on 10 runs - GPU latency: 1.03374 ms - Host latency: 1.03374 ms (enqueue 0.00241699 ms)
[06/07/2026-16:44:15] [I] Average on 10 runs - GPU latency: 1.03403 ms - Host latency: 1.03403 ms (enqueue 0.00244141 ms)
[06/07/2026-16:44:15] [I] Average on 10 runs - GPU latency: 1.03364 ms - Host latency: 1.03364 ms (enqueue 0.0026123 ms)
[06/07/2026-16:44:15] [I] Average on 10 runs - GPU latency: 1.03381 ms - Host latency: 1.03381 ms (enqueue 0.00244141 ms)
[06/07/2026-16:44:15] [I] Average on 10 runs - GPU latency: 1.03435 ms - Host latency: 1.03435 ms (enqueue 0.00253906 ms)
[06/07/2026-16:44:15] [I] Average on 10 runs - GPU latency: 1.03381 ms - Host latency: 1.03381 ms (enqueue 0.00253906 ms)
[06/07/2026-16:44:15] [I] Average on 10 runs - GPU latency: 1.03369 ms - Host latency: 1.03369 ms (enqueue 0.00251465 ms)
[06/07/2026-16:44:15] [I] Average on 10 runs - GPU latency: 1.03452 ms - Host latency: 1.03452 ms (enqueue 0.00241699 ms)
[06/07/2026-16:44:15] [I] Average on 10 runs - GPU latency: 1.03352 ms - Host latency: 1.03352 ms (enqueue 0.00249023 ms)
[06/07/2026-16:44:15] [I] Average on 10 runs - GPU latency: 1.03413 ms - Host latency: 1.03413 ms (enqueue 0.00253906 ms)
[06/07/2026-16:44:15] [I] Average on 10 runs - GPU latency: 1.03374 ms - Host latency: 1.03374 ms (enqueue 0.00244141 ms)
[06/07/2026-16:44:15] [I] Average on 10 runs - GPU latency: 1.03354 ms - Host latency: 1.03354 ms (enqueue 0.00253906 ms)
[06/07/2026-16:44:15] [I] Average on 10 runs - GPU latency: 1.03379 ms - Host latency: 1.03379 ms (enqueue 0.00239258 ms)
[06/07/2026-16:44:15] [I] Average on 10 runs - GPU latency: 1.03367 ms - Host latency: 1.03367 ms (enqueue 0.00251465 ms)
[06/07/2026-16:44:15] [I] Average on 10 runs - GPU latency: 1.03354 ms - Host latency: 1.03354 ms (enqueue 0.00241699 ms)
[06/07/2026-16:44:15] [I] Average on 10 runs - GPU latency: 1.03394 ms - Host latency: 1.03394 ms (enqueue 0.00246582 ms)
[06/07/2026-16:44:15] [I] Average on 10 runs - GPU latency: 1.0335 ms - Host latency: 1.0335 ms (enqueue 0.00241699 ms)
[06/07/2026-16:44:15] [I] Average on 10 runs - GPU latency: 1.03406 ms - Host latency: 1.03406 ms (enqueue 0.00246582 ms)
[06/07/2026-16:44:15] [I] Average on 10 runs - GPU latency: 1.03396 ms - Host latency: 1.03396 ms (enqueue 0.00241699 ms)
[06/07/2026-16:44:15] [I] Average on 10 runs - GPU latency: 1.03359 ms - Host latency: 1.03359 ms (enqueue 0.00244141 ms)
[06/07/2026-16:44:15] [I] Average on 10 runs - GPU latency: 1.03296 ms - Host latency: 1.03296 ms (enqueue 0.00246582 ms)
[06/07/2026-16:44:15] [I] Average on 10 runs - GPU latency: 1.03394 ms - Host latency: 1.03394 ms (enqueue 0.00253906 ms)
[06/07/2026-16:44:15] [I] Average on 10 runs - GPU latency: 1.03362 ms - Host latency: 1.03362 ms (enqueue 0.00256348 ms)
[06/07/2026-16:44:15] [I] Average on 10 runs - GPU latency: 1.03381 ms - Host latency: 1.03381 ms (enqueue 0.0026123 ms)
[06/07/2026-16:44:15] [I] Average on 10 runs - GPU latency: 1.0335 ms - Host latency: 1.0335 ms (enqueue 0.00251465 ms)
[06/07/2026-16:44:15] [I] Average on 10 runs - GPU latency: 1.03374 ms - Host latency: 1.03374 ms (enqueue 0.00244141 ms)
[06/07/2026-16:44:15] [I] Average on 10 runs - GPU latency: 1.03391 ms - Host latency: 1.03391 ms (enqueue 0.00244141 ms)
[06/07/2026-16:44:15] [I] Average on 10 runs - GPU latency: 1.03362 ms - Host latency: 1.03362 ms (enqueue 0.00244141 ms)
[06/07/2026-16:44:15] [I] Average on 10 runs - GPU latency: 1.03372 ms - Host latency: 1.03372 ms (enqueue 0.00241699 ms)
[06/07/2026-16:44:15] [I] Average on 10 runs - GPU latency: 1.03394 ms - Host latency: 1.03394 ms (enqueue 0.00239258 ms)
[06/07/2026-16:44:15] [I] Average on 10 runs - GPU latency: 1.03362 ms - Host latency: 1.03362 ms (enqueue 0.00246582 ms)
[06/07/2026-16:44:15] [I] Average on 10 runs - GPU latency: 1.03394 ms - Host latency: 1.03394 ms (enqueue 0.00244141 ms)
[06/07/2026-16:44:15] [I] Average on 10 runs - GPU latency: 1.03372 ms - Host latency: 1.03372 ms (enqueue 0.00241699 ms)
[06/07/2026-16:44:15] [I] Average on 10 runs - GPU latency: 1.03372 ms - Host latency: 1.03372 ms (enqueue 0.00246582 ms)
[06/07/2026-16:44:15] [I] Average on 10 runs - GPU latency: 1.03364 ms - Host latency: 1.03364 ms (enqueue 0.00249023 ms)
[06/07/2026-16:44:15] [I] Average on 10 runs - GPU latency: 1.03362 ms - Host latency: 1.03362 ms (enqueue 0.00246582 ms)
[06/07/2026-16:44:15] [I] Average on 10 runs - GPU latency: 1.03386 ms - Host latency: 1.03386 ms (enqueue 0.00253906 ms)
[06/07/2026-16:44:15] [I] Average on 10 runs - GPU latency: 1.03342 ms - Host latency: 1.03342 ms (enqueue 0.00241699 ms)
[06/07/2026-16:44:15] [I] Average on 10 runs - GPU latency: 1.03384 ms - Host latency: 1.03384 ms (enqueue 0.00239258 ms)
[06/07/2026-16:44:15] [I] Average on 10 runs - GPU latency: 1.03303 ms - Host latency: 1.03303 ms (enqueue 0.00249023 ms)
[06/07/2026-16:44:15] [I] Average on 10 runs - GPU latency: 1.03372 ms - Host latency: 1.03372 ms (enqueue 0.00251465 ms)
[06/07/2026-16:44:15] [I] Average on 10 runs - GPU latency: 1.03362 ms - Host latency: 1.03362 ms (enqueue 0.00241699 ms)
[06/07/2026-16:44:15] [I] Average on 10 runs - GPU latency: 1.03416 ms - Host latency: 1.03416 ms (enqueue 0.00246582 ms)
[06/07/2026-16:44:15] [I] ... Omitting 1798 lines
[06/07/2026-16:44:15] [I] Average on 10 runs - GPU latency: 1.0335 ms - Host latency: 1.0335 ms (enqueue 0.00253906 ms)
[06/07/2026-16:44:15] [I] Average on 10 runs - GPU latency: 1.03394 ms - Host latency: 1.03394 ms (enqueue 0.00229492 ms)
[06/07/2026-16:44:15] [I] Average on 10 runs - GPU latency: 1.0334 ms - Host latency: 1.0334 ms (enqueue 0.00249023 ms)
[06/07/2026-16:44:15] [I] Average on 10 runs - GPU latency: 1.0335 ms - Host latency: 1.0335 ms (enqueue 0.00239258 ms)
[06/07/2026-16:44:15] [I] Average on 10 runs - GPU latency: 1.03447 ms - Host latency: 1.03447 ms (enqueue 0.00249023 ms)
[06/07/2026-16:44:15] [I] Average on 10 runs - GPU latency: 1.03398 ms - Host latency: 1.03398 ms (enqueue 0.00244141 ms)
[06/07/2026-16:44:15] [I] Average on 10 runs - GPU latency: 1.03359 ms - Host latency: 1.03359 ms (enqueue 0.00249023 ms)
[06/07/2026-16:44:15] [I] Average on 10 runs - GPU latency: 1.03359 ms - Host latency: 1.03359 ms (enqueue 0.00253906 ms)
[06/07/2026-16:44:15] [I] Average on 10 runs - GPU latency: 1.03374 ms - Host latency: 1.03374 ms (enqueue 0.00239258 ms)
[06/07/2026-16:44:15] [I] Average on 10 runs - GPU latency: 1.03389 ms - Host latency: 1.03389 ms (enqueue 0.00229492 ms)
[06/07/2026-16:44:15] [I] Average on 10 runs - GPU latency: 1.03345 ms - Host latency: 1.03345 ms (enqueue 0.00253906 ms)
[06/07/2026-16:44:15] [I] Average on 10 runs - GPU latency: 1.03413 ms - Host latency: 1.03413 ms (enqueue 0.00253906 ms)
[06/07/2026-16:44:15] [I] Average on 10 runs - GPU latency: 1.03408 ms - Host latency: 1.03408 ms (enqueue 0.00249023 ms)
[06/07/2026-16:44:15] [I] Average on 10 runs - GPU latency: 1.03398 ms - Host latency: 1.03398 ms (enqueue 0.00239258 ms)
[06/07/2026-16:44:15] [I] Average on 10 runs - GPU latency: 1.03389 ms - Host latency: 1.03389 ms (enqueue 0.00249023 ms)
[06/07/2026-16:44:15] [I] Average on 10 runs - GPU latency: 1.03384 ms - Host latency: 1.03384 ms (enqueue 0.00263672 ms)
[06/07/2026-16:44:15] [I] Average on 10 runs - GPU latency: 1.03369 ms - Host latency: 1.03369 ms (enqueue 0.00249023 ms)
[06/07/2026-16:44:15] [I] Average on 10 runs - GPU latency: 1.03354 ms - Host latency: 1.03354 ms (enqueue 0.00229492 ms)
[06/07/2026-16:44:15] [I] Average on 10 runs - GPU latency: 1.0334 ms - Host latency: 1.0334 ms (enqueue 0.00234375 ms)
[06/07/2026-16:44:15] [I] Average on 10 runs - GPU latency: 1.03374 ms - Host latency: 1.03374 ms (enqueue 0.00249023 ms)
[06/07/2026-16:44:15] [I] Average on 10 runs - GPU latency: 1.03433 ms - Host latency: 1.03433 ms (enqueue 0.00234375 ms)
[06/07/2026-16:44:15] [I] Average on 10 runs - GPU latency: 1.0335 ms - Host latency: 1.0335 ms (enqueue 0.00244141 ms)
[06/07/2026-16:44:15] [I] Average on 10 runs - GPU latency: 1.03379 ms - Host latency: 1.03379 ms (enqueue 0.00258789 ms)
[06/07/2026-16:44:15] [I] Average on 10 runs - GPU latency: 1.03428 ms - Host latency: 1.03428 ms (enqueue 0.00244141 ms)
[06/07/2026-16:44:15] [I] Average on 10 runs - GPU latency: 1.03374 ms - Host latency: 1.03374 ms (enqueue 0.00249023 ms)
[06/07/2026-16:44:15] [I] Average on 10 runs - GPU latency: 1.03354 ms - Host latency: 1.03354 ms (enqueue 0.00239258 ms)
[06/07/2026-16:44:15] [I] Average on 10 runs - GPU latency: 1.03428 ms - Host latency: 1.03428 ms (enqueue 0.00249023 ms)
[06/07/2026-16:44:15] [I] Average on 10 runs - GPU latency: 1.0333 ms - Host latency: 1.0333 ms (enqueue 0.00244141 ms)
[06/07/2026-16:44:15] [I] Average on 10 runs - GPU latency: 1.03423 ms - Host latency: 1.03423 ms (enqueue 0.00249023 ms)
[06/07/2026-16:44:15] [I] Average on 10 runs - GPU latency: 1.03447 ms - Host latency: 1.03447 ms (enqueue 0.00244141 ms)
[06/07/2026-16:44:15] [I] Average on 10 runs - GPU latency: 1.03394 ms - Host latency: 1.03394 ms (enqueue 0.00253906 ms)
[06/07/2026-16:44:15] [I] Average on 10 runs - GPU latency: 1.03394 ms - Host latency: 1.03394 ms (enqueue 0.00244141 ms)
[06/07/2026-16:44:15] [I] Average on 10 runs - GPU latency: 1.03394 ms - Host latency: 1.03394 ms (enqueue 0.00244141 ms)
[06/07/2026-16:44:15] [I] Average on 10 runs - GPU latency: 1.03413 ms - Host latency: 1.03413 ms (enqueue 0.00253906 ms)
[06/07/2026-16:44:15] [I] Average on 10 runs - GPU latency: 1.03369 ms - Host latency: 1.03369 ms (enqueue 0.00258789 ms)
[06/07/2026-16:44:15] [I] Average on 10 runs - GPU latency: 1.03433 ms - Host latency: 1.03433 ms (enqueue 0.00253906 ms)
[06/07/2026-16:44:15] [I] Average on 10 runs - GPU latency: 1.03408 ms - Host latency: 1.03408 ms (enqueue 0.00258789 ms)
[06/07/2026-16:44:15] [I] Average on 10 runs - GPU latency: 1.03433 ms - Host latency: 1.03433 ms (enqueue 0.00273437 ms)
[06/07/2026-16:44:15] [I] Average on 10 runs - GPU latency: 1.03394 ms - Host latency: 1.03394 ms (enqueue 0.00244141 ms)
[06/07/2026-16:44:15] [I] Average on 10 runs - GPU latency: 1.03433 ms - Host latency: 1.03433 ms (enqueue 0.00244141 ms)
[06/07/2026-16:44:15] [I] Average on 10 runs - GPU latency: 1.03452 ms - Host latency: 1.03452 ms (enqueue 0.00239258 ms)
[06/07/2026-16:44:15] [I] Average on 10 runs - GPU latency: 1.03394 ms - Host latency: 1.03394 ms (enqueue 0.00263672 ms)
[06/07/2026-16:44:15] [I] Average on 10 runs - GPU latency: 1.03374 ms - Host latency: 1.03374 ms (enqueue 0.00239258 ms)
[06/07/2026-16:44:15] [I] Average on 10 runs - GPU latency: 1.03369 ms - Host latency: 1.03369 ms (enqueue 0.00249023 ms)
[06/07/2026-16:44:15] [I] Average on 10 runs - GPU latency: 1.03413 ms - Host latency: 1.03413 ms (enqueue 0.00244141 ms)
[06/07/2026-16:44:15] [I] Average on 10 runs - GPU latency: 1.03374 ms - Host latency: 1.03374 ms (enqueue 0.00253906 ms)
[06/07/2026-16:44:15] [I] Average on 10 runs - GPU latency: 1.03379 ms - Host latency: 1.03379 ms (enqueue 0.00249023 ms)
[06/07/2026-16:44:15] [I] Average on 10 runs - GPU latency: 1.03374 ms - Host latency: 1.03374 ms (enqueue 0.00244141 ms)
[06/07/2026-16:44:15] [I] Average on 10 runs - GPU latency: 1.03452 ms - Host latency: 1.03452 ms (enqueue 0.00249023 ms)
[06/07/2026-16:44:15] [I] Average on 10 runs - GPU latency: 1.03418 ms - Host latency: 1.03418 ms (enqueue 0.00253906 ms)
[06/07/2026-16:44:15] [I] Average on 10 runs - GPU latency: 1.03379 ms - Host latency: 1.03379 ms (enqueue 0.00244141 ms)
[06/07/2026-16:44:15] [I] Average on 10 runs - GPU latency: 1.03403 ms - Host latency: 1.03403 ms (enqueue 0.00244141 ms)
[06/07/2026-16:44:15] [I] Average on 10 runs - GPU latency: 1.03398 ms - Host latency: 1.03398 ms (enqueue 0.00244141 ms)
[06/07/2026-16:44:15] [I] Average on 10 runs - GPU latency: 1.03437 ms - Host latency: 1.03437 ms (enqueue 0.00234375 ms)
[06/07/2026-16:44:15] [I] Average on 10 runs - GPU latency: 1.03413 ms - Host latency: 1.03413 ms (enqueue 0.00249023 ms)
[06/07/2026-16:44:15] [I] Average on 10 runs - GPU latency: 1.03403 ms - Host latency: 1.03403 ms (enqueue 0.00249023 ms)
[06/07/2026-16:44:15] [I] Average on 10 runs - GPU latency: 1.03364 ms - Host latency: 1.03364 ms (enqueue 0.00219727 ms)
[06/07/2026-16:44:15] [I] Average on 10 runs - GPU latency: 1.03418 ms - Host latency: 1.03418 ms (enqueue 0.00244141 ms)
[06/07/2026-16:44:15] [I] Average on 10 runs - GPU latency: 1.03354 ms - Host latency: 1.03354 ms (enqueue 0.00229492 ms)
[06/07/2026-16:44:15] [I] Average on 10 runs - GPU latency: 1.03384 ms - Host latency: 1.03384 ms (enqueue 0.00239258 ms)
[06/07/2026-16:44:15] [I] Average on 10 runs - GPU latency: 1.03389 ms - Host latency: 1.03389 ms (enqueue 0.00244141 ms)
[06/07/2026-16:44:15] [I] Average on 10 runs - GPU latency: 1.03403 ms - Host latency: 1.03403 ms (enqueue 0.00263672 ms)
[06/07/2026-16:44:15] [I] Average on 10 runs - GPU latency: 1.03413 ms - Host latency: 1.03413 ms (enqueue 0.00239258 ms)
[06/07/2026-16:44:15] [I] Average on 10 runs - GPU latency: 1.03364 ms - Host latency: 1.03364 ms (enqueue 0.00253906 ms)
[06/07/2026-16:44:15] [I] Average on 10 runs - GPU latency: 1.03354 ms - Host latency: 1.03354 ms (enqueue 0.00244141 ms)
[06/07/2026-16:44:15] [I] Average on 10 runs - GPU latency: 1.03354 ms - Host latency: 1.03354 ms (enqueue 0.00239258 ms)
[06/07/2026-16:44:15] [I] Average on 10 runs - GPU latency: 1.03384 ms - Host latency: 1.03384 ms (enqueue 0.00244141 ms)
[06/07/2026-16:44:15] [I] Average on 10 runs - GPU latency: 1.03335 ms - Host latency: 1.03335 ms (enqueue 0.00253906 ms)
[06/07/2026-16:44:15] [I] Average on 10 runs - GPU latency: 1.03379 ms - Host latency: 1.03379 ms (enqueue 0.00249023 ms)
[06/07/2026-16:44:15] [I] Average on 10 runs - GPU latency: 1.03423 ms - Host latency: 1.03423 ms (enqueue 0.00244141 ms)
[06/07/2026-16:44:15] [I] Average on 10 runs - GPU latency: 1.03394 ms - Host latency: 1.03394 ms (enqueue 0.00244141 ms)
[06/07/2026-16:44:15] [I] Average on 10 runs - GPU latency: 1.0335 ms - Host latency: 1.0335 ms (enqueue 0.00253906 ms)
[06/07/2026-16:44:15] [I] Average on 10 runs - GPU latency: 1.03398 ms - Host latency: 1.03398 ms (enqueue 0.00239258 ms)
[06/07/2026-16:44:15] [I] Average on 10 runs - GPU latency: 1.03359 ms - Host latency: 1.03359 ms (enqueue 0.00244141 ms)
[06/07/2026-16:44:15] [I] Average on 10 runs - GPU latency: 1.03364 ms - Host latency: 1.03364 ms (enqueue 0.00249023 ms)
[06/07/2026-16:44:15] [I] Average on 10 runs - GPU latency: 1.0335 ms - Host latency: 1.0335 ms (enqueue 0.00244141 ms)
[06/07/2026-16:44:15] [I] Average on 10 runs - GPU latency: 1.0333 ms - Host latency: 1.0333 ms (enqueue 0.00234375 ms)
[06/07/2026-16:44:15] [I] Average on 10 runs - GPU latency: 1.03345 ms - Host latency: 1.03345 ms (enqueue 0.00239258 ms)
[06/07/2026-16:44:15] [I] Average on 10 runs - GPU latency: 1.03379 ms - Host latency: 1.03379 ms (enqueue 0.00249023 ms)
[06/07/2026-16:44:15] [I] Average on 10 runs - GPU latency: 1.03374 ms - Host latency: 1.03374 ms (enqueue 0.00234375 ms)
[06/07/2026-16:44:15] [I] Average on 10 runs - GPU latency: 1.03418 ms - Host latency: 1.03418 ms (enqueue 0.00244141 ms)
[06/07/2026-16:44:15] [I] Average on 10 runs - GPU latency: 1.03408 ms - Host latency: 1.03408 ms (enqueue 0.00249023 ms)
[06/07/2026-16:44:15] [I] Average on 10 runs - GPU latency: 1.03384 ms - Host latency: 1.03384 ms (enqueue 0.00239258 ms)
[06/07/2026-16:44:15] [I] Average on 10 runs - GPU latency: 1.0332 ms - Host latency: 1.0332 ms (enqueue 0.00244141 ms)
[06/07/2026-16:44:15] [I] Average on 10 runs - GPU latency: 1.03467 ms - Host latency: 1.03467 ms (enqueue 0.00234375 ms)
[06/07/2026-16:44:15] [I] Average on 10 runs - GPU latency: 1.03428 ms - Host latency: 1.03428 ms (enqueue 0.00244141 ms)
[06/07/2026-16:44:15] [I] Average on 10 runs - GPU latency: 1.03384 ms - Host latency: 1.03384 ms (enqueue 0.00239258 ms)
[06/07/2026-16:44:15] [I] Average on 10 runs - GPU latency: 1.03335 ms - Host latency: 1.03335 ms (enqueue 0.00239258 ms)
[06/07/2026-16:44:15] [I] Average on 10 runs - GPU latency: 1.03384 ms - Host latency: 1.03384 ms (enqueue 0.00249023 ms)
[06/07/2026-16:44:15] [I] Average on 10 runs - GPU latency: 1.03384 ms - Host latency: 1.03384 ms (enqueue 0.00239258 ms)
[06/07/2026-16:44:15] [I] Average on 10 runs - GPU latency: 1.0335 ms - Host latency: 1.0335 ms (enqueue 0.00239258 ms)
[06/07/2026-16:44:15] [I] Average on 10 runs - GPU latency: 1.0335 ms - Host latency: 1.0335 ms (enqueue 0.00234375 ms)
[06/07/2026-16:44:15] [I] Average on 10 runs - GPU latency: 1.0335 ms - Host latency: 1.0335 ms (enqueue 0.00244141 ms)
[06/07/2026-16:44:15] [I] Average on 10 runs - GPU latency: 1.03369 ms - Host latency: 1.03369 ms (enqueue 0.00244141 ms)
[06/07/2026-16:44:15] [I] Average on 10 runs - GPU latency: 1.03364 ms - Host latency: 1.03364 ms (enqueue 0.00244141 ms)
[06/07/2026-16:44:15] [I] Average on 10 runs - GPU latency: 1.03369 ms - Host latency: 1.03369 ms (enqueue 0.00239258 ms)
[06/07/2026-16:44:15] [I] Average on 10 runs - GPU latency: 1.03374 ms - Host latency: 1.03374 ms (enqueue 0.00258789 ms)
[06/07/2026-16:44:15] [I] Average on 10 runs - GPU latency: 1.0335 ms - Host latency: 1.0335 ms (enqueue 0.00249023 ms)
[06/07/2026-16:44:15] [I] Average on 10 runs - GPU latency: 1.03364 ms - Host latency: 1.03364 ms (enqueue 0.00234375 ms)
[06/07/2026-16:44:15] [I] Average on 10 runs - GPU latency: 1.0335 ms - Host latency: 1.0335 ms (enqueue 0.00258789 ms)
[06/07/2026-16:44:15] [I] Average on 10 runs - GPU latency: 1.03335 ms - Host latency: 1.03335 ms (enqueue 0.00253906 ms)
[06/07/2026-16:44:15] [I] Average on 10 runs - GPU latency: 1.03379 ms - Host latency: 1.03379 ms (enqueue 0.00253906 ms)
[06/07/2026-16:44:15] [I] Average on 10 runs - GPU latency: 1.0334 ms - Host latency: 1.0334 ms (enqueue 0.00249023 ms)
[06/07/2026-16:44:15] [I] Average on 10 runs - GPU latency: 1.0333 ms - Host latency: 1.0333 ms (enqueue 0.00244141 ms)
[06/07/2026-16:44:15] [I] Average on 10 runs - GPU latency: 1.0333 ms - Host latency: 1.0333 ms (enqueue 0.00244141 ms)
[06/07/2026-16:44:15] [I] Average on 10 runs - GPU latency: 1.03345 ms - Host latency: 1.03345 ms (enqueue 0.00268555 ms)
[06/07/2026-16:44:15] [I] Average on 10 runs - GPU latency: 1.03433 ms - Host latency: 1.03433 ms (enqueue 0.00249023 ms)
[06/07/2026-16:44:15] [I] Average on 10 runs - GPU latency: 1.03437 ms - Host latency: 1.03437 ms (enqueue 0.00224609 ms)
[06/07/2026-16:44:15] [I] Average on 10 runs - GPU latency: 1.03433 ms - Host latency: 1.03433 ms (enqueue 0.00239258 ms)
[06/07/2026-16:44:15] [I] Average on 10 runs - GPU latency: 1.0334 ms - Host latency: 1.0334 ms (enqueue 0.00239258 ms)
[06/07/2026-16:44:15] [I] Average on 10 runs - GPU latency: 1.03413 ms - Host latency: 1.03413 ms (enqueue 0.00253906 ms)
[06/07/2026-16:44:15] [I] Average on 10 runs - GPU latency: 1.03345 ms - Host latency: 1.03345 ms (enqueue 0.00239258 ms)
[06/07/2026-16:44:15] [I] Average on 10 runs - GPU latency: 1.03369 ms - Host latency: 1.03369 ms (enqueue 0.00258789 ms)
[06/07/2026-16:44:15] [I] Average on 10 runs - GPU latency: 1.03408 ms - Host latency: 1.03408 ms (enqueue 0.00249023 ms)
[06/07/2026-16:44:15] [I] Average on 10 runs - GPU latency: 1.03403 ms - Host latency: 1.03403 ms (enqueue 0.00244141 ms)
[06/07/2026-16:44:15] [I] Average on 10 runs - GPU latency: 1.03398 ms - Host latency: 1.03398 ms (enqueue 0.00253906 ms)
[06/07/2026-16:44:15] [I] Average on 10 runs - GPU latency: 1.03384 ms - Host latency: 1.03384 ms (enqueue 0.00268555 ms)
[06/07/2026-16:44:15] [I] Average on 10 runs - GPU latency: 1.03379 ms - Host latency: 1.03379 ms (enqueue 0.00249023 ms)
[06/07/2026-16:44:15] [I] Average on 10 runs - GPU latency: 1.03379 ms - Host latency: 1.03379 ms (enqueue 0.00249023 ms)
[06/07/2026-16:44:15] [I] Average on 10 runs - GPU latency: 1.03369 ms - Host latency: 1.03369 ms (enqueue 0.00229492 ms)
[06/07/2026-16:44:15] [I] Average on 10 runs - GPU latency: 1.03433 ms - Host latency: 1.03433 ms (enqueue 0.00249023 ms)
[06/07/2026-16:44:15] [I] Average on 10 runs - GPU latency: 1.0335 ms - Host latency: 1.0335 ms (enqueue 0.00234375 ms)
[06/07/2026-16:44:15] [I] Average on 10 runs - GPU latency: 1.03359 ms - Host latency: 1.03359 ms (enqueue 0.00253906 ms)
[06/07/2026-16:44:15] [I] Average on 10 runs - GPU latency: 1.03394 ms - Host latency: 1.03394 ms (enqueue 0.00234375 ms)
[06/07/2026-16:44:15] [I] Average on 10 runs - GPU latency: 1.03325 ms - Host latency: 1.03325 ms (enqueue 0.00249023 ms)
[06/07/2026-16:44:15] [I] Average on 10 runs - GPU latency: 1.03413 ms - Host latency: 1.03413 ms (enqueue 0.00244141 ms)
[06/07/2026-16:44:15] [I] Average on 10 runs - GPU latency: 1.03345 ms - Host latency: 1.03345 ms (enqueue 0.00249023 ms)
[06/07/2026-16:44:15] [I] Average on 10 runs - GPU latency: 1.03354 ms - Host latency: 1.03354 ms (enqueue 0.00239258 ms)
[06/07/2026-16:44:15] [I] Average on 10 runs - GPU latency: 1.03408 ms - Host latency: 1.03408 ms (enqueue 0.00244141 ms)
[06/07/2026-16:44:15] [I] Average on 10 runs - GPU latency: 1.03428 ms - Host latency: 1.03428 ms (enqueue 0.00244141 ms)
[06/07/2026-16:44:15] [I] Average on 10 runs - GPU latency: 1.03437 ms - Host latency: 1.03437 ms (enqueue 0.00239258 ms)
[06/07/2026-16:44:15] [I] Average on 10 runs - GPU latency: 1.03403 ms - Host latency: 1.03403 ms (enqueue 0.00239258 ms)
[06/07/2026-16:44:15] [I] Average on 10 runs - GPU latency: 1.0334 ms - Host latency: 1.0334 ms (enqueue 0.00234375 ms)
[06/07/2026-16:44:15] [I] Average on 10 runs - GPU latency: 1.03379 ms - Host latency: 1.03379 ms (enqueue 0.00249023 ms)
[06/07/2026-16:44:15] [I] Average on 10 runs - GPU latency: 1.03325 ms - Host latency: 1.03325 ms (enqueue 0.00234375 ms)
[06/07/2026-16:44:15] [I] Average on 10 runs - GPU latency: 1.03389 ms - Host latency: 1.03389 ms (enqueue 0.00244141 ms)
[06/07/2026-16:44:15] [I] Average on 10 runs - GPU latency: 1.03369 ms - Host latency: 1.03369 ms (enqueue 0.00239258 ms)
[06/07/2026-16:44:15] [I] Average on 10 runs - GPU latency: 1.03359 ms - Host latency: 1.03359 ms (enqueue 0.00263672 ms)
[06/07/2026-16:44:15] [I] Average on 10 runs - GPU latency: 1.03394 ms - Host latency: 1.03394 ms (enqueue 0.00224609 ms)
[06/07/2026-16:44:15] [I] Average on 10 runs - GPU latency: 1.03345 ms - Host latency: 1.03345 ms (enqueue 0.00234375 ms)
[06/07/2026-16:44:15] [I] Average on 10 runs - GPU latency: 1.03462 ms - Host latency: 1.03462 ms (enqueue 0.00244141 ms)
[06/07/2026-16:44:15] [I] Average on 10 runs - GPU latency: 1.03374 ms - Host latency: 1.03374 ms (enqueue 0.00229492 ms)
[06/07/2026-16:44:15] [I] Average on 10 runs - GPU latency: 1.03472 ms - Host latency: 1.03472 ms (enqueue 0.00249023 ms)
[06/07/2026-16:44:15] [I] Average on 10 runs - GPU latency: 1.03384 ms - Host latency: 1.03384 ms (enqueue 0.00239258 ms)
[06/07/2026-16:44:15] [I] Average on 10 runs - GPU latency: 1.03354 ms - Host latency: 1.03354 ms (enqueue 0.00234375 ms)
[06/07/2026-16:44:15] [I] Average on 10 runs - GPU latency: 1.03354 ms - Host latency: 1.03354 ms (enqueue 0.00249023 ms)
[06/07/2026-16:44:15] [I] Average on 10 runs - GPU latency: 1.03345 ms - Host latency: 1.03345 ms (enqueue 0.00239258 ms)
[06/07/2026-16:44:15] [I] Average on 10 runs - GPU latency: 1.03418 ms - Host latency: 1.03418 ms (enqueue 0.00239258 ms)
[06/07/2026-16:44:15] [I] Average on 10 runs - GPU latency: 1.0332 ms - Host latency: 1.0332 ms (enqueue 0.00253906 ms)
[06/07/2026-16:44:15] [I] Average on 10 runs - GPU latency: 1.0333 ms - Host latency: 1.0333 ms (enqueue 0.00229492 ms)
[06/07/2026-16:44:15] [I] Average on 10 runs - GPU latency: 1.0333 ms - Host latency: 1.0333 ms (enqueue 0.00263672 ms)
[06/07/2026-16:44:15] [I] Average on 10 runs - GPU latency: 1.03394 ms - Host latency: 1.03394 ms (enqueue 0.00229492 ms)
[06/07/2026-16:44:15] [I] Average on 10 runs - GPU latency: 1.03418 ms - Host latency: 1.03418 ms (enqueue 0.00253906 ms)
[06/07/2026-16:44:15] [I] Average on 10 runs - GPU latency: 1.03369 ms - Host latency: 1.03369 ms (enqueue 0.00244141 ms)
[06/07/2026-16:44:15] [I] Average on 10 runs - GPU latency: 1.03379 ms - Host latency: 1.03379 ms (enqueue 0.00253906 ms)
[06/07/2026-16:44:15] [I] Average on 10 runs - GPU latency: 1.03442 ms - Host latency: 1.03442 ms (enqueue 0.00253906 ms)
[06/07/2026-16:44:15] [I] Average on 10 runs - GPU latency: 1.03389 ms - Host latency: 1.03389 ms (enqueue 0.00239258 ms)
[06/07/2026-16:44:15] [I] Average on 10 runs - GPU latency: 1.03379 ms - Host latency: 1.03379 ms (enqueue 0.00239258 ms)
[06/07/2026-16:44:15] [I] Average on 10 runs - GPU latency: 1.03394 ms - Host latency: 1.03394 ms (enqueue 0.00249023 ms)
[06/07/2026-16:44:15] [I] Average on 10 runs - GPU latency: 1.03384 ms - Host latency: 1.03384 ms (enqueue 0.00244141 ms)
[06/07/2026-16:44:15] [I] Average on 10 runs - GPU latency: 1.03398 ms - Host latency: 1.03398 ms (enqueue 0.00258789 ms)
[06/07/2026-16:44:15] [I] Average on 10 runs - GPU latency: 1.03481 ms - Host latency: 1.03481 ms (enqueue 0.00249023 ms)
[06/07/2026-16:44:15] [I] Average on 10 runs - GPU latency: 1.03374 ms - Host latency: 1.03374 ms (enqueue 0.00253906 ms)
[06/07/2026-16:44:15] [I] Average on 10 runs - GPU latency: 1.03374 ms - Host latency: 1.03374 ms (enqueue 0.00249023 ms)
[06/07/2026-16:44:15] [I] Average on 10 runs - GPU latency: 1.03394 ms - Host latency: 1.03394 ms (enqueue 0.00249023 ms)
[06/07/2026-16:44:15] [I] Average on 10 runs - GPU latency: 1.03374 ms - Host latency: 1.03374 ms (enqueue 0.00229492 ms)
[06/07/2026-16:44:15] [I] Average on 10 runs - GPU latency: 1.03354 ms - Host latency: 1.03354 ms (enqueue 0.00253906 ms)
[06/07/2026-16:44:15] [I] Average on 10 runs - GPU latency: 1.03384 ms - Host latency: 1.03384 ms (enqueue 0.00239258 ms)
[06/07/2026-16:44:15] [I] Average on 10 runs - GPU latency: 1.03379 ms - Host latency: 1.03379 ms (enqueue 0.00244141 ms)
[06/07/2026-16:44:15] [I] Average on 10 runs - GPU latency: 1.0335 ms - Host latency: 1.0335 ms (enqueue 0.00249023 ms)
[06/07/2026-16:44:15] [I] Average on 10 runs - GPU latency: 1.0333 ms - Host latency: 1.0333 ms (enqueue 0.00244141 ms)
[06/07/2026-16:44:15] [I] Average on 10 runs - GPU latency: 1.03369 ms - Host latency: 1.03369 ms (enqueue 0.00234375 ms)
[06/07/2026-16:44:15] [I] Average on 10 runs - GPU latency: 1.03413 ms - Host latency: 1.03413 ms (enqueue 0.00244141 ms)
[06/07/2026-16:44:15] [I] Average on 10 runs - GPU latency: 1.03379 ms - Host latency: 1.03379 ms (enqueue 0.00219727 ms)
[06/07/2026-16:44:15] [I] Average on 10 runs - GPU latency: 1.03379 ms - Host latency: 1.03379 ms (enqueue 0.00239258 ms)
[06/07/2026-16:44:15] [I] Average on 10 runs - GPU latency: 1.03398 ms - Host latency: 1.03398 ms (enqueue 0.00249023 ms)
[06/07/2026-16:44:15] [I] Average on 10 runs - GPU latency: 1.03335 ms - Host latency: 1.03335 ms (enqueue 0.00234375 ms)
[06/07/2026-16:44:15] [I] Average on 10 runs - GPU latency: 1.03311 ms - Host latency: 1.03311 ms (enqueue 0.00244141 ms)
[06/07/2026-16:44:15] [I] Average on 10 runs - GPU latency: 1.03408 ms - Host latency: 1.03408 ms (enqueue 0.00253906 ms)
[06/07/2026-16:44:15] [I] Average on 10 runs - GPU latency: 1.03369 ms - Host latency: 1.03369 ms (enqueue 0.00249023 ms)
[06/07/2026-16:44:15] [I] Average on 10 runs - GPU latency: 1.03379 ms - Host latency: 1.03379 ms (enqueue 0.00239258 ms)
[06/07/2026-16:44:15] [I] Average on 10 runs - GPU latency: 1.03403 ms - Host latency: 1.03403 ms (enqueue 0.00234375 ms)
[06/07/2026-16:44:15] [I] Average on 10 runs - GPU latency: 1.0334 ms - Host latency: 1.0334 ms (enqueue 0.00249023 ms)
[06/07/2026-16:44:15] [I] Average on 10 runs - GPU latency: 1.03374 ms - Host latency: 1.03374 ms (enqueue 0.00234375 ms)
[06/07/2026-16:44:15] [I] Average on 10 runs - GPU latency: 1.0335 ms - Host latency: 1.0335 ms (enqueue 0.00253906 ms)
[06/07/2026-16:44:15] [I] Average on 10 runs - GPU latency: 1.03398 ms - Host latency: 1.03398 ms (enqueue 0.00258789 ms)
[06/07/2026-16:44:15] [I] Average on 10 runs - GPU latency: 1.0333 ms - Host latency: 1.0333 ms (enqueue 0.00249023 ms)
[06/07/2026-16:44:15] [I] Average on 10 runs - GPU latency: 1.03374 ms - Host latency: 1.03374 ms (enqueue 0.00239258 ms)
[06/07/2026-16:44:15] [I] Average on 10 runs - GPU latency: 1.03384 ms - Host latency: 1.03384 ms (enqueue 0.00253906 ms)
[06/07/2026-16:44:15] [I] Average on 10 runs - GPU latency: 1.03374 ms - Host latency: 1.03374 ms (enqueue 0.00244141 ms)
[06/07/2026-16:44:15] [I] Average on 10 runs - GPU latency: 1.0335 ms - Host latency: 1.0335 ms (enqueue 0.00249023 ms)
[06/07/2026-16:44:15] [I] Average on 10 runs - GPU latency: 1.03423 ms - Host latency: 1.03423 ms (enqueue 0.00258789 ms)
[06/07/2026-16:44:15] [I] Average on 10 runs - GPU latency: 1.03325 ms - Host latency: 1.03325 ms (enqueue 0.00258789 ms)
[06/07/2026-16:44:15] [I] Average on 10 runs - GPU latency: 1.03389 ms - Host latency: 1.03389 ms (enqueue 0.00224609 ms)
[06/07/2026-16:44:15] [I] Average on 10 runs - GPU latency: 1.03403 ms - Host latency: 1.03403 ms (enqueue 0.00229492 ms)
[06/07/2026-16:44:15] [I] Average on 10 runs - GPU latency: 1.03398 ms - Host latency: 1.03398 ms (enqueue 0.00258789 ms)
[06/07/2026-16:44:15] [I] Average on 10 runs - GPU latency: 1.0335 ms - Host latency: 1.0335 ms (enqueue 0.00229492 ms)
[06/07/2026-16:44:15] [I] Average on 10 runs - GPU latency: 1.03379 ms - Host latency: 1.03379 ms (enqueue 0.00249023 ms)
[06/07/2026-16:44:15] [I] Average on 10 runs - GPU latency: 1.03374 ms - Host latency: 1.03374 ms (enqueue 0.00229492 ms)
[06/07/2026-16:44:15] [I] Average on 10 runs - GPU latency: 1.03403 ms - Host latency: 1.03403 ms (enqueue 0.00229492 ms)
[06/07/2026-16:44:15] [I] 
[06/07/2026-16:44:15] [I] === Performance summary ===
[06/07/2026-16:44:15] [I] Throughput: 965.933 qps
[06/07/2026-16:44:15] [I] Latency: min = 1.03003 ms, max = 1.0376 ms, mean = 1.03377 ms, median = 1.03418 ms, percentile(99%) = 1.03613 ms
[06/07/2026-16:44:15] [I] Enqueue Time: min = 0.00195312 ms, max = 0.0065918 ms, mean = 0.0024544 ms, median = 0.00244141 ms, percentile(99%) = 0.00292969 ms
[06/07/2026-16:44:15] [I] H2D Latency: min = 0 ms, max = 0 ms, mean = 0 ms, median = 0 ms, percentile(99%) = 0 ms
[06/07/2026-16:44:15] [I] GPU Compute Time: min = 1.03003 ms, max = 1.0376 ms, mean = 1.03377 ms, median = 1.03418 ms, percentile(99%) = 1.03613 ms
[06/07/2026-16:44:15] [I] D2H Latency: min = 0 ms, max = 0 ms, mean = 0 ms, median = 0 ms, percentile(99%) = 0 ms
[06/07/2026-16:44:15] [I] Total Host Walltime: 6.00248 s
[06/07/2026-16:44:15] [I] Total GPU Compute Time: 5.99377 s
[06/07/2026-16:44:15] [I] Explanations of the performance metrics are printed in the verbose logs.
[06/07/2026-16:44:15] [I] 
&&&& PASSED TensorRT.trtexec [TensorRT v101401] [b48] # trtexec --loadEngine=/work/trt_bench_streams/engines/yolo26n_b16.engine --streams=1 --useCudaGraph --useSpinWait --noDataTransfers --warmUp=2000 --duration=6 --percentile=99
