&&&& RUNNING TensorRT.trtexec [TensorRT v101401] [b48] # trtexec --loadEngine=/work/trt_bench_streams/engines/yolo26n_b32.engine --streams=1 --useCudaGraph --useSpinWait --noDataTransfers --warmUp=2000 --duration=6 --percentile=99
[06/07/2026-16:47:25] [I] TF32 is enabled by default. Add --noTF32 flag to further improve accuracy with some performance cost.
[06/07/2026-16:47:25] [W] --streams flag has been deprecated, use --infStreams flag instead.
[06/07/2026-16:47:25] [I] === Model Options ===
[06/07/2026-16:47:25] [I] Format: *
[06/07/2026-16:47:25] [I] Model: 
[06/07/2026-16:47:25] [I] Output:
[06/07/2026-16:47:25] [I] 
[06/07/2026-16:47:25] [I] === System Options ===
[06/07/2026-16:47:25] [I] Device: 0
[06/07/2026-16:47:25] [I] DLACore: 
[06/07/2026-16:47:25] [I] Plugins:
[06/07/2026-16:47:25] [I] setPluginsToSerialize:
[06/07/2026-16:47:25] [I] dynamicPlugins:
[06/07/2026-16:47:25] [I] ignoreParsedPluginLibs: 0
[06/07/2026-16:47:25] [I] 
[06/07/2026-16:47:25] [I] === Inference Options ===
[06/07/2026-16:47:25] [I] Batch: Explicit
[06/07/2026-16:47:25] [I] Input inference shapes: model
[06/07/2026-16:47:25] [I] Iterations: 10
[06/07/2026-16:47:25] [I] Duration: 6s (+ 2000ms warm up)
[06/07/2026-16:47:25] [I] Sleep time: 0ms
[06/07/2026-16:47:25] [I] Idle time: 0ms
[06/07/2026-16:47:25] [I] Inference Streams: 1
[06/07/2026-16:47:25] [I] ExposeDMA: Disabled
[06/07/2026-16:47:25] [I] Data transfers: Disabled
[06/07/2026-16:47:25] [I] Spin-wait: Enabled
[06/07/2026-16:47:25] [I] Multithreading: Disabled
[06/07/2026-16:47:25] [I] CUDA Graph: Enabled
[06/07/2026-16:47:25] [I] Separate profiling: Disabled
[06/07/2026-16:47:25] [I] Time Deserialize: Disabled
[06/07/2026-16:47:25] [I] Time Refit: Disabled
[06/07/2026-16:47:25] [I] NVTX verbosity: 0
[06/07/2026-16:47:25] [I] Persistent Cache Ratio: 0
[06/07/2026-16:47:25] [I] Optimization Profile Index: 0
[06/07/2026-16:47:25] [I] Weight Streaming Budget: 100.000000%
[06/07/2026-16:47:25] [I] Inputs:
[06/07/2026-16:47:25] [I] Debug Tensor Save Destinations:
[06/07/2026-16:47:25] [I] Dump All Debug Tensor in Formats: 
[06/07/2026-16:47:25] [I] === Reporting Options ===
[06/07/2026-16:47:25] [I] Verbose: Disabled
[06/07/2026-16:47:25] [I] Averages: 10 inferences
[06/07/2026-16:47:25] [I] Percentiles: 99
[06/07/2026-16:47:25] [I] Dump refittable layers:Disabled
[06/07/2026-16:47:25] [I] Dump output: Disabled
[06/07/2026-16:47:25] [I] Profile: Disabled
[06/07/2026-16:47:25] [I] Export timing to JSON file: 
[06/07/2026-16:47:25] [I] Export output to JSON file: 
[06/07/2026-16:47:25] [I] Export profile to JSON file: 
[06/07/2026-16:47:25] [I] 
[06/07/2026-16:47:25] [I] === Device Information ===
[06/07/2026-16:47:25] [I] Available Devices: 
[06/07/2026-16:47:25] [I]   Device 0: "NVIDIA GeForce RTX 4090" UUID: GPU-f84a2a8b-f125-2892-c40d-fe37bcae6c60
[06/07/2026-16:47:25] [I] Selected Device: NVIDIA GeForce RTX 4090
[06/07/2026-16:47:25] [I] Selected Device ID: 0
[06/07/2026-16:47:25] [I] Selected Device UUID: GPU-f84a2a8b-f125-2892-c40d-fe37bcae6c60
[06/07/2026-16:47:25] [I] Compute Capability: 8.9
[06/07/2026-16:47:25] [I] SMs: 128
[06/07/2026-16:47:25] [I] Device Global Memory: 24080 MiB
[06/07/2026-16:47:25] [I] Shared Memory per SM: 100 KiB
[06/07/2026-16:47:25] [I] Memory Bus Width: 384 bits (ECC disabled)
[06/07/2026-16:47:25] [I] Application Compute Clock Rate: 2.55 GHz
[06/07/2026-16:47:25] [I] Application Memory Clock Rate: 10.501 GHz
[06/07/2026-16:47:25] [I] 
[06/07/2026-16:47:25] [I] Note: The application clock rates do not reflect the actual clock rates that the GPU is currently running at.
[06/07/2026-16:47:25] [I] 
[06/07/2026-16:47:25] [I] TensorRT version: 10.14.1
[06/07/2026-16:47:25] [I] Loading standard plugins
[06/07/2026-16:47:25] [I] [TRT] Loaded engine size: 7 MiB
[06/07/2026-16:47:25] [I] Engine deserialized in 0.0483136 sec.
[06/07/2026-16:47:25] [I] [TRT] [MemUsageChange] TensorRT-managed allocation in IExecutionContext creation: CPU +0, GPU +120, now: CPU 0, GPU 124 (MiB)
[06/07/2026-16:47:25] [I] Setting persistentCacheLimit to 0 bytes.
[06/07/2026-16:47:25] [I] Created execution context with device memory size: 120.148 MiB
[06/07/2026-16:47:25] [I] Using random values for input images
[06/07/2026-16:47:25] [I] Input binding for images with dimensions 32x3x416x416 is created.
[06/07/2026-16:47:25] [I] Output binding for output0 with dimensions 32x300x6 is created.
[06/07/2026-16:47:25] [I] Starting inference
[06/07/2026-16:47:25] [I] Capturing CUDA graph for the current execution context
[06/07/2026-16:47:25] [I] Successfully captured CUDA graph for the current execution context
[06/07/2026-16:47:33] [I] Warmup completed 1081 queries over 2000 ms
[06/07/2026-16:47:33] [I] Timing trace has 3382 queries over 6.0028 s
[06/07/2026-16:47:33] [I] 
[06/07/2026-16:47:33] [I] === Trace details ===
[06/07/2026-16:47:33] [I] Trace averages of 10 runs:
[06/07/2026-16:47:33] [I] Average on 10 runs - GPU latency: 1.77408 ms - Host latency: 1.77408 ms (enqueue 0.00245361 ms)
[06/07/2026-16:47:33] [I] Average on 10 runs - GPU latency: 1.77296 ms - Host latency: 1.77296 ms (enqueue 0.00245361 ms)
[06/07/2026-16:47:33] [I] Average on 10 runs - GPU latency: 1.77406 ms - Host latency: 1.77406 ms (enqueue 0.00247803 ms)
[06/07/2026-16:47:33] [I] Average on 10 runs - GPU latency: 1.77383 ms - Host latency: 1.77383 ms (enqueue 0.00251465 ms)
[06/07/2026-16:47:33] [I] Average on 10 runs - GPU latency: 1.77341 ms - Host latency: 1.77341 ms (enqueue 0.00249023 ms)
[06/07/2026-16:47:33] [I] Average on 10 runs - GPU latency: 1.77227 ms - Host latency: 1.77227 ms (enqueue 0.00241699 ms)
[06/07/2026-16:47:33] [I] Average on 10 runs - GPU latency: 1.77454 ms - Host latency: 1.77454 ms (enqueue 0.00246582 ms)
[06/07/2026-16:47:33] [I] Average on 10 runs - GPU latency: 1.77246 ms - Host latency: 1.77246 ms (enqueue 0.00244141 ms)
[06/07/2026-16:47:33] [I] Average on 10 runs - GPU latency: 1.77373 ms - Host latency: 1.77373 ms (enqueue 0.00244141 ms)
[06/07/2026-16:47:33] [I] Average on 10 runs - GPU latency: 1.77324 ms - Host latency: 1.77324 ms (enqueue 0.00246582 ms)
[06/07/2026-16:47:33] [I] Average on 10 runs - GPU latency: 1.77356 ms - Host latency: 1.77356 ms (enqueue 0.00253906 ms)
[06/07/2026-16:47:33] [I] Average on 10 runs - GPU latency: 1.77407 ms - Host latency: 1.77407 ms (enqueue 0.00239258 ms)
[06/07/2026-16:47:33] [I] Average on 10 runs - GPU latency: 1.77424 ms - Host latency: 1.77424 ms (enqueue 0.00244141 ms)
[06/07/2026-16:47:33] [I] Average on 10 runs - GPU latency: 1.77361 ms - Host latency: 1.77361 ms (enqueue 0.00244141 ms)
[06/07/2026-16:47:33] [I] Average on 10 runs - GPU latency: 1.77395 ms - Host latency: 1.77395 ms (enqueue 0.00256348 ms)
[06/07/2026-16:47:33] [I] Average on 10 runs - GPU latency: 1.7719 ms - Host latency: 1.7719 ms (enqueue 0.00241699 ms)
[06/07/2026-16:47:33] [I] Average on 10 runs - GPU latency: 1.77285 ms - Host latency: 1.77285 ms (enqueue 0.00234375 ms)
[06/07/2026-16:47:33] [I] Average on 10 runs - GPU latency: 1.77263 ms - Host latency: 1.77263 ms (enqueue 0.00231934 ms)
[06/07/2026-16:47:33] [I] Average on 10 runs - GPU latency: 1.77459 ms - Host latency: 1.77459 ms (enqueue 0.00253906 ms)
[06/07/2026-16:47:33] [I] Average on 10 runs - GPU latency: 1.77358 ms - Host latency: 1.77358 ms (enqueue 0.00246582 ms)
[06/07/2026-16:47:33] [I] Average on 10 runs - GPU latency: 1.77317 ms - Host latency: 1.77317 ms (enqueue 0.00241699 ms)
[06/07/2026-16:47:33] [I] Average on 10 runs - GPU latency: 1.77256 ms - Host latency: 1.77256 ms (enqueue 0.00249023 ms)
[06/07/2026-16:47:33] [I] Average on 10 runs - GPU latency: 1.77258 ms - Host latency: 1.77258 ms (enqueue 0.00239258 ms)
[06/07/2026-16:47:33] [I] Average on 10 runs - GPU latency: 1.77373 ms - Host latency: 1.77373 ms (enqueue 0.00246582 ms)
[06/07/2026-16:47:33] [I] Average on 10 runs - GPU latency: 1.7738 ms - Host latency: 1.7738 ms (enqueue 0.00273437 ms)
[06/07/2026-16:47:33] [I] Average on 10 runs - GPU latency: 1.77437 ms - Host latency: 1.77437 ms (enqueue 0.00256348 ms)
[06/07/2026-16:47:33] [I] Average on 10 runs - GPU latency: 1.77385 ms - Host latency: 1.77385 ms (enqueue 0.00244141 ms)
[06/07/2026-16:47:33] [I] Average on 10 runs - GPU latency: 1.77393 ms - Host latency: 1.77393 ms (enqueue 0.00241699 ms)
[06/07/2026-16:47:33] [I] Average on 10 runs - GPU latency: 1.774 ms - Host latency: 1.774 ms (enqueue 0.00244141 ms)
[06/07/2026-16:47:33] [I] Average on 10 runs - GPU latency: 1.77451 ms - Host latency: 1.77451 ms (enqueue 0.00244141 ms)
[06/07/2026-16:47:33] [I] Average on 10 runs - GPU latency: 1.774 ms - Host latency: 1.774 ms (enqueue 0.00244141 ms)
[06/07/2026-16:47:33] [I] Average on 10 runs - GPU latency: 1.77351 ms - Host latency: 1.77351 ms (enqueue 0.00249023 ms)
[06/07/2026-16:47:33] [I] Average on 10 runs - GPU latency: 1.77332 ms - Host latency: 1.77332 ms (enqueue 0.00244141 ms)
[06/07/2026-16:47:33] [I] Average on 10 runs - GPU latency: 1.77341 ms - Host latency: 1.77341 ms (enqueue 0.00241699 ms)
[06/07/2026-16:47:33] [I] Average on 10 runs - GPU latency: 1.77346 ms - Host latency: 1.77346 ms (enqueue 0.00249023 ms)
[06/07/2026-16:47:33] [I] Average on 10 runs - GPU latency: 1.77419 ms - Host latency: 1.77419 ms (enqueue 0.00246582 ms)
[06/07/2026-16:47:33] [I] Average on 10 runs - GPU latency: 1.77322 ms - Host latency: 1.77322 ms (enqueue 0.00236816 ms)
[06/07/2026-16:47:33] [I] Average on 10 runs - GPU latency: 1.77344 ms - Host latency: 1.77344 ms (enqueue 0.00251465 ms)
[06/07/2026-16:47:33] [I] Average on 10 runs - GPU latency: 1.77358 ms - Host latency: 1.77358 ms (enqueue 0.00246582 ms)
[06/07/2026-16:47:33] [I] Average on 10 runs - GPU latency: 1.77371 ms - Host latency: 1.77371 ms (enqueue 0.00256348 ms)
[06/07/2026-16:47:33] [I] Average on 10 runs - GPU latency: 1.77244 ms - Host latency: 1.77244 ms (enqueue 0.00244141 ms)
[06/07/2026-16:47:33] [I] Average on 10 runs - GPU latency: 1.77361 ms - Host latency: 1.77361 ms (enqueue 0.00251465 ms)
[06/07/2026-16:47:33] [I] Average on 10 runs - GPU latency: 1.77446 ms - Host latency: 1.77446 ms (enqueue 0.00239258 ms)
[06/07/2026-16:47:33] [I] Average on 10 runs - GPU latency: 1.77471 ms - Host latency: 1.77471 ms (enqueue 0.00241699 ms)
[06/07/2026-16:47:33] [I] Average on 10 runs - GPU latency: 1.77358 ms - Host latency: 1.77358 ms (enqueue 0.00246582 ms)
[06/07/2026-16:47:33] [I] Average on 10 runs - GPU latency: 1.77297 ms - Host latency: 1.77297 ms (enqueue 0.00244141 ms)
[06/07/2026-16:47:33] [I] Average on 10 runs - GPU latency: 1.77383 ms - Host latency: 1.77383 ms (enqueue 0.00239258 ms)
[06/07/2026-16:47:33] [I] Average on 10 runs - GPU latency: 1.77339 ms - Host latency: 1.77339 ms (enqueue 0.00256348 ms)
[06/07/2026-16:47:33] [I] Average on 10 runs - GPU latency: 1.77388 ms - Host latency: 1.77388 ms (enqueue 0.00236816 ms)
[06/07/2026-16:47:33] [I] Average on 10 runs - GPU latency: 1.77368 ms - Host latency: 1.77368 ms (enqueue 0.00246582 ms)
[06/07/2026-16:47:33] [I] Average on 10 runs - GPU latency: 1.7739 ms - Host latency: 1.7739 ms (enqueue 0.00231934 ms)
[06/07/2026-16:47:33] [I] Average on 10 runs - GPU latency: 1.77341 ms - Host latency: 1.77341 ms (enqueue 0.00241699 ms)
[06/07/2026-16:47:33] [I] Average on 10 runs - GPU latency: 1.77322 ms - Host latency: 1.77322 ms (enqueue 0.00231934 ms)
[06/07/2026-16:47:33] [I] Average on 10 runs - GPU latency: 1.773 ms - Host latency: 1.773 ms (enqueue 0.00253906 ms)
[06/07/2026-16:47:33] [I] Average on 10 runs - GPU latency: 1.77336 ms - Host latency: 1.77336 ms (enqueue 0.00246582 ms)
[06/07/2026-16:47:33] [I] Average on 10 runs - GPU latency: 1.7728 ms - Host latency: 1.7728 ms (enqueue 0.00244141 ms)
[06/07/2026-16:47:33] [I] Average on 10 runs - GPU latency: 1.77266 ms - Host latency: 1.77266 ms (enqueue 0.00239258 ms)
[06/07/2026-16:47:33] [I] Average on 10 runs - GPU latency: 1.77459 ms - Host latency: 1.77459 ms (enqueue 0.00239258 ms)
[06/07/2026-16:47:33] [I] Average on 10 runs - GPU latency: 1.77476 ms - Host latency: 1.77476 ms (enqueue 0.00244141 ms)
[06/07/2026-16:47:33] [I] Average on 10 runs - GPU latency: 1.77234 ms - Host latency: 1.77234 ms (enqueue 0.00236816 ms)
[06/07/2026-16:47:33] [I] Average on 10 runs - GPU latency: 1.7729 ms - Host latency: 1.7729 ms (enqueue 0.00244141 ms)
[06/07/2026-16:47:33] [I] Average on 10 runs - GPU latency: 1.77395 ms - Host latency: 1.77395 ms (enqueue 0.00246582 ms)
[06/07/2026-16:47:33] [I] Average on 10 runs - GPU latency: 1.77371 ms - Host latency: 1.77371 ms (enqueue 0.00241699 ms)
[06/07/2026-16:47:33] [I] Average on 10 runs - GPU latency: 1.77441 ms - Host latency: 1.77441 ms (enqueue 0.00241699 ms)
[06/07/2026-16:47:33] [I] Average on 10 runs - GPU latency: 1.77324 ms - Host latency: 1.77324 ms (enqueue 0.00256348 ms)
[06/07/2026-16:47:33] [I] Average on 10 runs - GPU latency: 1.77368 ms - Host latency: 1.77368 ms (enqueue 0.00244141 ms)
[06/07/2026-16:47:33] [I] Average on 10 runs - GPU latency: 1.77249 ms - Host latency: 1.77249 ms (enqueue 0.00244141 ms)
[06/07/2026-16:47:33] [I] Average on 10 runs - GPU latency: 1.774 ms - Host latency: 1.774 ms (enqueue 0.00241699 ms)
[06/07/2026-16:47:33] [I] Average on 10 runs - GPU latency: 1.77393 ms - Host latency: 1.77393 ms (enqueue 0.00253906 ms)
[06/07/2026-16:47:33] [I] Average on 10 runs - GPU latency: 1.77336 ms - Host latency: 1.77336 ms (enqueue 0.00236816 ms)
[06/07/2026-16:47:33] [I] Average on 10 runs - GPU latency: 1.77202 ms - Host latency: 1.77202 ms (enqueue 0.00231934 ms)
[06/07/2026-16:47:33] [I] Average on 10 runs - GPU latency: 1.77288 ms - Host latency: 1.77288 ms (enqueue 0.00249023 ms)
[06/07/2026-16:47:33] [I] Average on 10 runs - GPU latency: 1.77349 ms - Host latency: 1.77349 ms (enqueue 0.00236816 ms)
[06/07/2026-16:47:33] [I] Average on 10 runs - GPU latency: 1.77336 ms - Host latency: 1.77336 ms (enqueue 0.00266113 ms)
[06/07/2026-16:47:33] [I] Average on 10 runs - GPU latency: 1.77351 ms - Host latency: 1.77351 ms (enqueue 0.00244141 ms)
[06/07/2026-16:47:33] [I] Average on 10 runs - GPU latency: 1.77383 ms - Host latency: 1.77383 ms (enqueue 0.00244141 ms)
[06/07/2026-16:47:33] [I] Average on 10 runs - GPU latency: 1.77378 ms - Host latency: 1.77378 ms (enqueue 0.00246582 ms)
[06/07/2026-16:47:33] [I] Average on 10 runs - GPU latency: 1.77351 ms - Host latency: 1.77351 ms (enqueue 0.00236816 ms)
[06/07/2026-16:47:33] [I] Average on 10 runs - GPU latency: 1.77266 ms - Host latency: 1.77266 ms (enqueue 0.00241699 ms)
[06/07/2026-16:47:33] [I] Average on 10 runs - GPU latency: 1.77314 ms - Host latency: 1.77314 ms (enqueue 0.00256348 ms)
[06/07/2026-16:47:33] [I] Average on 10 runs - GPU latency: 1.7741 ms - Host latency: 1.7741 ms (enqueue 0.00251465 ms)
[06/07/2026-16:47:33] [I] Average on 10 runs - GPU latency: 1.77341 ms - Host latency: 1.77341 ms (enqueue 0.00246582 ms)
[06/07/2026-16:47:33] [I] Average on 10 runs - GPU latency: 1.77322 ms - Host latency: 1.77322 ms (enqueue 0.00241699 ms)
[06/07/2026-16:47:33] [I] Average on 10 runs - GPU latency: 1.774 ms - Host latency: 1.774 ms (enqueue 0.00234375 ms)
[06/07/2026-16:47:33] [I] Average on 10 runs - GPU latency: 1.77275 ms - Host latency: 1.77275 ms (enqueue 0.00270996 ms)
[06/07/2026-16:47:33] [I] Average on 10 runs - GPU latency: 1.77251 ms - Host latency: 1.77251 ms (enqueue 0.00258789 ms)
[06/07/2026-16:47:33] [I] Average on 10 runs - GPU latency: 1.77314 ms - Host latency: 1.77314 ms (enqueue 0.00251465 ms)
[06/07/2026-16:47:33] [I] Average on 10 runs - GPU latency: 1.77288 ms - Host latency: 1.77288 ms (enqueue 0.00241699 ms)
[06/07/2026-16:47:33] [I] Average on 10 runs - GPU latency: 1.77236 ms - Host latency: 1.77236 ms (enqueue 0.00244141 ms)
[06/07/2026-16:47:33] [I] Average on 10 runs - GPU latency: 1.7741 ms - Host latency: 1.7741 ms (enqueue 0.00246582 ms)
[06/07/2026-16:47:33] [I] Average on 10 runs - GPU latency: 1.77441 ms - Host latency: 1.77441 ms (enqueue 0.00251465 ms)
[06/07/2026-16:47:33] [I] Average on 10 runs - GPU latency: 1.77461 ms - Host latency: 1.77461 ms (enqueue 0.00246582 ms)
[06/07/2026-16:47:33] [I] Average on 10 runs - GPU latency: 1.77236 ms - Host latency: 1.77236 ms (enqueue 0.00244141 ms)
[06/07/2026-16:47:33] [I] Average on 10 runs - GPU latency: 1.77346 ms - Host latency: 1.77346 ms (enqueue 0.00249023 ms)
[06/07/2026-16:47:33] [I] Average on 10 runs - GPU latency: 1.77251 ms - Host latency: 1.77251 ms (enqueue 0.00244141 ms)
[06/07/2026-16:47:33] [I] Average on 10 runs - GPU latency: 1.77183 ms - Host latency: 1.77183 ms (enqueue 0.00244141 ms)
[06/07/2026-16:47:33] [I] Average on 10 runs - GPU latency: 1.77371 ms - Host latency: 1.77371 ms (enqueue 0.00249023 ms)
[06/07/2026-16:47:33] [I] Average on 10 runs - GPU latency: 1.77415 ms - Host latency: 1.77415 ms (enqueue 0.00244141 ms)
[06/07/2026-16:47:33] [I] Average on 10 runs - GPU latency: 1.77419 ms - Host latency: 1.77419 ms (enqueue 0.00241699 ms)
[06/07/2026-16:47:33] [I] Average on 10 runs - GPU latency: 1.77397 ms - Host latency: 1.77397 ms (enqueue 0.00244141 ms)
[06/07/2026-16:47:33] [I] Average on 10 runs - GPU latency: 1.77407 ms - Host latency: 1.77407 ms (enqueue 0.00236816 ms)
[06/07/2026-16:47:33] [I] Average on 10 runs - GPU latency: 1.77388 ms - Host latency: 1.77388 ms (enqueue 0.00246582 ms)
[06/07/2026-16:47:33] [I] Average on 10 runs - GPU latency: 1.77339 ms - Host latency: 1.77339 ms (enqueue 0.00241699 ms)
[06/07/2026-16:47:33] [I] Average on 10 runs - GPU latency: 1.774 ms - Host latency: 1.774 ms (enqueue 0.00244141 ms)
[06/07/2026-16:47:33] [I] Average on 10 runs - GPU latency: 1.77385 ms - Host latency: 1.77385 ms (enqueue 0.00246582 ms)
[06/07/2026-16:47:33] [I] Average on 10 runs - GPU latency: 1.77424 ms - Host latency: 1.77424 ms (enqueue 0.00239258 ms)
[06/07/2026-16:47:33] [I] Average on 10 runs - GPU latency: 1.774 ms - Host latency: 1.774 ms (enqueue 0.00241699 ms)
[06/07/2026-16:47:33] [I] Average on 10 runs - GPU latency: 1.77253 ms - Host latency: 1.77253 ms (enqueue 0.00231934 ms)
[06/07/2026-16:47:33] [I] Average on 10 runs - GPU latency: 1.77307 ms - Host latency: 1.77307 ms (enqueue 0.00249023 ms)
[06/07/2026-16:47:33] [I] Average on 10 runs - GPU latency: 1.77383 ms - Host latency: 1.77383 ms (enqueue 0.00246582 ms)
[06/07/2026-16:47:33] [I] Average on 10 runs - GPU latency: 1.77297 ms - Host latency: 1.77297 ms (enqueue 0.00241699 ms)
[06/07/2026-16:47:33] [I] Average on 10 runs - GPU latency: 1.7738 ms - Host latency: 1.7738 ms (enqueue 0.00244141 ms)
[06/07/2026-16:47:33] [I] Average on 10 runs - GPU latency: 1.77317 ms - Host latency: 1.77317 ms (enqueue 0.00241699 ms)
[06/07/2026-16:47:33] [I] Average on 10 runs - GPU latency: 1.77417 ms - Host latency: 1.77417 ms (enqueue 0.00239258 ms)
[06/07/2026-16:47:33] [I] Average on 10 runs - GPU latency: 1.77253 ms - Host latency: 1.77253 ms (enqueue 0.00222168 ms)
[06/07/2026-16:47:33] [I] Average on 10 runs - GPU latency: 1.77336 ms - Host latency: 1.77336 ms (enqueue 0.00222168 ms)
[06/07/2026-16:47:33] [I] Average on 10 runs - GPU latency: 1.77368 ms - Host latency: 1.77368 ms (enqueue 0.00249023 ms)
[06/07/2026-16:47:33] [I] Average on 10 runs - GPU latency: 1.77344 ms - Host latency: 1.77344 ms (enqueue 0.00246582 ms)
[06/07/2026-16:47:33] [I] Average on 10 runs - GPU latency: 1.77378 ms - Host latency: 1.77378 ms (enqueue 0.00234375 ms)
[06/07/2026-16:47:33] [I] Average on 10 runs - GPU latency: 1.77397 ms - Host latency: 1.77397 ms (enqueue 0.00253906 ms)
[06/07/2026-16:47:33] [I] Average on 10 runs - GPU latency: 1.77305 ms - Host latency: 1.77305 ms (enqueue 0.00229492 ms)
[06/07/2026-16:47:33] [I] Average on 10 runs - GPU latency: 1.77246 ms - Host latency: 1.77246 ms (enqueue 0.00234375 ms)
[06/07/2026-16:47:33] [I] Average on 10 runs - GPU latency: 1.77476 ms - Host latency: 1.77476 ms (enqueue 0.00258789 ms)
[06/07/2026-16:47:33] [I] Average on 10 runs - GPU latency: 1.77373 ms - Host latency: 1.77373 ms (enqueue 0.00253906 ms)
[06/07/2026-16:47:33] [I] Average on 10 runs - GPU latency: 1.77295 ms - Host latency: 1.77295 ms (enqueue 0.00224609 ms)
[06/07/2026-16:47:33] [I] Average on 10 runs - GPU latency: 1.77305 ms - Host latency: 1.77305 ms (enqueue 0.00244141 ms)
[06/07/2026-16:47:33] [I] Average on 10 runs - GPU latency: 1.77397 ms - Host latency: 1.77397 ms (enqueue 0.00249023 ms)
[06/07/2026-16:47:33] [I] Average on 10 runs - GPU latency: 1.7731 ms - Host latency: 1.7731 ms (enqueue 0.00244141 ms)
[06/07/2026-16:47:33] [I] Average on 10 runs - GPU latency: 1.77261 ms - Host latency: 1.77261 ms (enqueue 0.00253906 ms)
[06/07/2026-16:47:33] [I] Average on 10 runs - GPU latency: 1.77231 ms - Host latency: 1.77231 ms (enqueue 0.00258789 ms)
[06/07/2026-16:47:33] [I] Average on 10 runs - GPU latency: 1.77437 ms - Host latency: 1.77437 ms (enqueue 0.00244141 ms)
[06/07/2026-16:47:33] [I] Average on 10 runs - GPU latency: 1.77466 ms - Host latency: 1.77466 ms (enqueue 0.00244141 ms)
[06/07/2026-16:47:33] [I] Average on 10 runs - GPU latency: 1.77251 ms - Host latency: 1.77251 ms (enqueue 0.00253906 ms)
[06/07/2026-16:47:33] [I] Average on 10 runs - GPU latency: 1.77319 ms - Host latency: 1.77319 ms (enqueue 0.00249023 ms)
[06/07/2026-16:47:33] [I] Average on 10 runs - GPU latency: 1.77329 ms - Host latency: 1.77329 ms (enqueue 0.00253906 ms)
[06/07/2026-16:47:33] [I] Average on 10 runs - GPU latency: 1.77334 ms - Host latency: 1.77334 ms (enqueue 0.00234375 ms)
[06/07/2026-16:47:33] [I] Average on 10 runs - GPU latency: 1.77363 ms - Host latency: 1.77363 ms (enqueue 0.00249023 ms)
[06/07/2026-16:47:33] [I] Average on 10 runs - GPU latency: 1.7729 ms - Host latency: 1.7729 ms (enqueue 0.00249023 ms)
[06/07/2026-16:47:33] [I] Average on 10 runs - GPU latency: 1.77314 ms - Host latency: 1.77314 ms (enqueue 0.00249023 ms)
[06/07/2026-16:47:33] [I] Average on 10 runs - GPU latency: 1.77334 ms - Host latency: 1.77334 ms (enqueue 0.00253906 ms)
[06/07/2026-16:47:33] [I] Average on 10 runs - GPU latency: 1.773 ms - Host latency: 1.773 ms (enqueue 0.00258789 ms)
[06/07/2026-16:47:33] [I] Average on 10 runs - GPU latency: 1.77275 ms - Host latency: 1.77275 ms (enqueue 0.00239258 ms)
[06/07/2026-16:47:33] [I] Average on 10 runs - GPU latency: 1.77324 ms - Host latency: 1.77324 ms (enqueue 0.00239258 ms)
[06/07/2026-16:47:33] [I] Average on 10 runs - GPU latency: 1.77383 ms - Host latency: 1.77383 ms (enqueue 0.00244141 ms)
[06/07/2026-16:47:33] [I] Average on 10 runs - GPU latency: 1.77261 ms - Host latency: 1.77261 ms (enqueue 0.00253906 ms)
[06/07/2026-16:47:33] [I] Average on 10 runs - GPU latency: 1.77368 ms - Host latency: 1.77368 ms (enqueue 0.00244141 ms)
[06/07/2026-16:47:33] [I] Average on 10 runs - GPU latency: 1.77285 ms - Host latency: 1.77285 ms (enqueue 0.00214844 ms)
[06/07/2026-16:47:33] [I] Average on 10 runs - GPU latency: 1.77236 ms - Host latency: 1.77236 ms (enqueue 0.00234375 ms)
[06/07/2026-16:47:33] [I] Average on 10 runs - GPU latency: 1.77427 ms - Host latency: 1.77427 ms (enqueue 0.00244141 ms)
[06/07/2026-16:47:33] [I] Average on 10 runs - GPU latency: 1.77275 ms - Host latency: 1.77275 ms (enqueue 0.00253906 ms)
[06/07/2026-16:47:33] [I] Average on 10 runs - GPU latency: 1.77466 ms - Host latency: 1.77466 ms (enqueue 0.00239258 ms)
[06/07/2026-16:47:33] [I] Average on 10 runs - GPU latency: 1.77358 ms - Host latency: 1.77358 ms (enqueue 0.00239258 ms)
[06/07/2026-16:47:33] [I] Average on 10 runs - GPU latency: 1.77295 ms - Host latency: 1.77295 ms (enqueue 0.00249023 ms)
[06/07/2026-16:47:33] [I] Average on 10 runs - GPU latency: 1.77354 ms - Host latency: 1.77354 ms (enqueue 0.00234375 ms)
[06/07/2026-16:47:33] [I] Average on 10 runs - GPU latency: 1.77295 ms - Host latency: 1.77295 ms (enqueue 0.00244141 ms)
[06/07/2026-16:47:33] [I] Average on 10 runs - GPU latency: 1.77378 ms - Host latency: 1.77378 ms (enqueue 0.00249023 ms)
[06/07/2026-16:47:33] [I] Average on 10 runs - GPU latency: 1.77256 ms - Host latency: 1.77256 ms (enqueue 0.00249023 ms)
[06/07/2026-16:47:33] [I] Average on 10 runs - GPU latency: 1.7728 ms - Host latency: 1.7728 ms (enqueue 0.00258789 ms)
[06/07/2026-16:47:33] [I] Average on 10 runs - GPU latency: 1.77397 ms - Host latency: 1.77397 ms (enqueue 0.00239258 ms)
[06/07/2026-16:47:33] [I] Average on 10 runs - GPU latency: 1.77231 ms - Host latency: 1.77231 ms (enqueue 0.00249023 ms)
[06/07/2026-16:47:33] [I] Average on 10 runs - GPU latency: 1.77285 ms - Host latency: 1.77285 ms (enqueue 0.00258789 ms)
[06/07/2026-16:47:33] [I] Average on 10 runs - GPU latency: 1.77368 ms - Host latency: 1.77368 ms (enqueue 0.00249023 ms)
[06/07/2026-16:47:33] [I] Average on 10 runs - GPU latency: 1.77368 ms - Host latency: 1.77368 ms (enqueue 0.00244141 ms)
[06/07/2026-16:47:33] [I] Average on 10 runs - GPU latency: 1.7731 ms - Host latency: 1.7731 ms (enqueue 0.00239258 ms)
[06/07/2026-16:47:33] [I] Average on 10 runs - GPU latency: 1.77153 ms - Host latency: 1.77153 ms (enqueue 0.00239258 ms)
[06/07/2026-16:47:33] [I] Average on 10 runs - GPU latency: 1.7728 ms - Host latency: 1.7728 ms (enqueue 0.00249023 ms)
[06/07/2026-16:47:33] [I] Average on 10 runs - GPU latency: 1.77363 ms - Host latency: 1.77363 ms (enqueue 0.00234375 ms)
[06/07/2026-16:47:33] [I] Average on 10 runs - GPU latency: 1.77261 ms - Host latency: 1.77261 ms (enqueue 0.00249023 ms)
[06/07/2026-16:47:33] [I] Average on 10 runs - GPU latency: 1.7729 ms - Host latency: 1.7729 ms (enqueue 0.00244141 ms)
[06/07/2026-16:47:33] [I] Average on 10 runs - GPU latency: 1.77324 ms - Host latency: 1.77324 ms (enqueue 0.00253906 ms)
[06/07/2026-16:47:33] [I] Average on 10 runs - GPU latency: 1.77241 ms - Host latency: 1.77241 ms (enqueue 0.00253906 ms)
[06/07/2026-16:47:33] [I] Average on 10 runs - GPU latency: 1.77339 ms - Host latency: 1.77339 ms (enqueue 0.00234375 ms)
[06/07/2026-16:47:33] [I] Average on 10 runs - GPU latency: 1.77407 ms - Host latency: 1.77407 ms (enqueue 0.00229492 ms)
[06/07/2026-16:47:33] [I] Average on 10 runs - GPU latency: 1.77432 ms - Host latency: 1.77432 ms (enqueue 0.00249023 ms)
[06/07/2026-16:47:33] [I] Average on 10 runs - GPU latency: 1.77329 ms - Host latency: 1.77329 ms (enqueue 0.00234375 ms)
[06/07/2026-16:47:33] [I] Average on 10 runs - GPU latency: 1.77256 ms - Host latency: 1.77256 ms (enqueue 0.00239258 ms)
[06/07/2026-16:47:33] [I] Average on 10 runs - GPU latency: 1.77261 ms - Host latency: 1.77261 ms (enqueue 0.00263672 ms)
[06/07/2026-16:47:33] [I] Average on 10 runs - GPU latency: 1.77368 ms - Host latency: 1.77368 ms (enqueue 0.00244141 ms)
[06/07/2026-16:47:33] [I] Average on 10 runs - GPU latency: 1.7731 ms - Host latency: 1.7731 ms (enqueue 0.00234375 ms)
[06/07/2026-16:47:33] [I] Average on 10 runs - GPU latency: 1.77383 ms - Host latency: 1.77383 ms (enqueue 0.00249023 ms)
[06/07/2026-16:47:33] [I] Average on 10 runs - GPU latency: 1.77295 ms - Host latency: 1.77295 ms (enqueue 0.00239258 ms)
[06/07/2026-16:47:33] [I] Average on 10 runs - GPU latency: 1.77422 ms - Host latency: 1.77422 ms (enqueue 0.00253906 ms)
[06/07/2026-16:47:33] [I] Average on 10 runs - GPU latency: 1.77329 ms - Host latency: 1.77329 ms (enqueue 0.00268555 ms)
[06/07/2026-16:47:33] [I] Average on 10 runs - GPU latency: 1.773 ms - Host latency: 1.773 ms (enqueue 0.00249023 ms)
[06/07/2026-16:47:33] [I] Average on 10 runs - GPU latency: 1.77271 ms - Host latency: 1.77271 ms (enqueue 0.00249023 ms)
[06/07/2026-16:47:33] [I] Average on 10 runs - GPU latency: 1.77358 ms - Host latency: 1.77358 ms (enqueue 0.00234375 ms)
[06/07/2026-16:47:33] [I] Average on 10 runs - GPU latency: 1.77319 ms - Host latency: 1.77319 ms (enqueue 0.00239258 ms)
[06/07/2026-16:47:33] [I] Average on 10 runs - GPU latency: 1.77397 ms - Host latency: 1.77397 ms (enqueue 0.00244141 ms)
[06/07/2026-16:47:33] [I] Average on 10 runs - GPU latency: 1.77349 ms - Host latency: 1.77349 ms (enqueue 0.00244141 ms)
[06/07/2026-16:47:33] [I] Average on 10 runs - GPU latency: 1.77456 ms - Host latency: 1.77456 ms (enqueue 0.00249023 ms)
[06/07/2026-16:47:33] [I] Average on 10 runs - GPU latency: 1.77358 ms - Host latency: 1.77358 ms (enqueue 0.00224609 ms)
[06/07/2026-16:47:33] [I] Average on 10 runs - GPU latency: 1.77329 ms - Host latency: 1.77329 ms (enqueue 0.00253906 ms)
[06/07/2026-16:47:33] [I] Average on 10 runs - GPU latency: 1.77383 ms - Host latency: 1.77383 ms (enqueue 0.00244141 ms)
[06/07/2026-16:47:33] [I] Average on 10 runs - GPU latency: 1.77441 ms - Host latency: 1.77441 ms (enqueue 0.00244141 ms)
[06/07/2026-16:47:33] [I] Average on 10 runs - GPU latency: 1.77461 ms - Host latency: 1.77461 ms (enqueue 0.00249023 ms)
[06/07/2026-16:47:33] [I] Average on 10 runs - GPU latency: 1.77217 ms - Host latency: 1.77217 ms (enqueue 0.00253906 ms)
[06/07/2026-16:47:33] [I] Average on 10 runs - GPU latency: 1.77266 ms - Host latency: 1.77266 ms (enqueue 0.00253906 ms)
[06/07/2026-16:47:33] [I] Average on 10 runs - GPU latency: 1.77329 ms - Host latency: 1.77329 ms (enqueue 0.00239258 ms)
[06/07/2026-16:47:33] [I] Average on 10 runs - GPU latency: 1.77339 ms - Host latency: 1.77339 ms (enqueue 0.00239258 ms)
[06/07/2026-16:47:33] [I] Average on 10 runs - GPU latency: 1.77314 ms - Host latency: 1.77314 ms (enqueue 0.00249023 ms)
[06/07/2026-16:47:33] [I] Average on 10 runs - GPU latency: 1.77344 ms - Host latency: 1.77344 ms (enqueue 0.00249023 ms)
[06/07/2026-16:47:33] [I] Average on 10 runs - GPU latency: 1.77329 ms - Host latency: 1.77329 ms (enqueue 0.00263672 ms)
[06/07/2026-16:47:33] [I] Average on 10 runs - GPU latency: 1.773 ms - Host latency: 1.773 ms (enqueue 0.00249023 ms)
[06/07/2026-16:47:33] [I] Average on 10 runs - GPU latency: 1.77456 ms - Host latency: 1.77456 ms (enqueue 0.00219727 ms)
[06/07/2026-16:47:33] [I] Average on 10 runs - GPU latency: 1.77363 ms - Host latency: 1.77363 ms (enqueue 0.00244141 ms)
[06/07/2026-16:47:33] [I] Average on 10 runs - GPU latency: 1.77378 ms - Host latency: 1.77378 ms (enqueue 0.00244141 ms)
[06/07/2026-16:47:33] [I] Average on 10 runs - GPU latency: 1.77412 ms - Host latency: 1.77412 ms (enqueue 0.00249023 ms)
[06/07/2026-16:47:33] [I] Average on 10 runs - GPU latency: 1.77349 ms - Host latency: 1.77349 ms (enqueue 0.00258789 ms)
[06/07/2026-16:47:33] [I] Average on 10 runs - GPU latency: 1.77319 ms - Host latency: 1.77319 ms (enqueue 0.00234375 ms)
[06/07/2026-16:47:33] [I] Average on 10 runs - GPU latency: 1.77363 ms - Host latency: 1.77363 ms (enqueue 0.00234375 ms)
[06/07/2026-16:47:33] [I] Average on 10 runs - GPU latency: 1.77368 ms - Host latency: 1.77368 ms (enqueue 0.00253906 ms)
[06/07/2026-16:47:33] [I] Average on 10 runs - GPU latency: 1.7731 ms - Host latency: 1.7731 ms (enqueue 0.00249023 ms)
[06/07/2026-16:47:33] [I] Average on 10 runs - GPU latency: 1.77407 ms - Host latency: 1.77407 ms (enqueue 0.00273437 ms)
[06/07/2026-16:47:33] [I] Average on 10 runs - GPU latency: 1.77329 ms - Host latency: 1.77329 ms (enqueue 0.00229492 ms)
[06/07/2026-16:47:33] [I] Average on 10 runs - GPU latency: 1.77324 ms - Host latency: 1.77324 ms (enqueue 0.00239258 ms)
[06/07/2026-16:47:33] [I] Average on 10 runs - GPU latency: 1.77402 ms - Host latency: 1.77402 ms (enqueue 0.00244141 ms)
[06/07/2026-16:47:33] [I] Average on 10 runs - GPU latency: 1.77368 ms - Host latency: 1.77368 ms (enqueue 0.00263672 ms)
[06/07/2026-16:47:33] [I] Average on 10 runs - GPU latency: 1.77383 ms - Host latency: 1.77383 ms (enqueue 0.00249023 ms)
[06/07/2026-16:47:33] [I] Average on 10 runs - GPU latency: 1.77417 ms - Host latency: 1.77417 ms (enqueue 0.00239258 ms)
[06/07/2026-16:47:33] [I] Average on 10 runs - GPU latency: 1.77383 ms - Host latency: 1.77383 ms (enqueue 0.00249023 ms)
[06/07/2026-16:47:33] [I] Average on 10 runs - GPU latency: 1.773 ms - Host latency: 1.773 ms (enqueue 0.00249023 ms)
[06/07/2026-16:47:33] [I] Average on 10 runs - GPU latency: 1.77271 ms - Host latency: 1.77271 ms (enqueue 0.00239258 ms)
[06/07/2026-16:47:33] [I] Average on 10 runs - GPU latency: 1.77344 ms - Host latency: 1.77344 ms (enqueue 0.00234375 ms)
[06/07/2026-16:47:33] [I] Average on 10 runs - GPU latency: 1.77378 ms - Host latency: 1.77378 ms (enqueue 0.00244141 ms)
[06/07/2026-16:47:33] [I] Average on 10 runs - GPU latency: 1.77373 ms - Host latency: 1.77373 ms (enqueue 0.00253906 ms)
[06/07/2026-16:47:33] [I] Average on 10 runs - GPU latency: 1.77334 ms - Host latency: 1.77334 ms (enqueue 0.00239258 ms)
[06/07/2026-16:47:33] [I] Average on 10 runs - GPU latency: 1.77349 ms - Host latency: 1.77349 ms (enqueue 0.00234375 ms)
[06/07/2026-16:47:33] [I] Average on 10 runs - GPU latency: 1.77329 ms - Host latency: 1.77329 ms (enqueue 0.00249023 ms)
[06/07/2026-16:47:33] [I] Average on 10 runs - GPU latency: 1.77358 ms - Host latency: 1.77358 ms (enqueue 0.00244141 ms)
[06/07/2026-16:47:33] [I] Average on 10 runs - GPU latency: 1.77388 ms - Host latency: 1.77388 ms (enqueue 0.00253906 ms)
[06/07/2026-16:47:33] [I] Average on 10 runs - GPU latency: 1.77368 ms - Host latency: 1.77368 ms (enqueue 0.00244141 ms)
[06/07/2026-16:47:33] [I] Average on 10 runs - GPU latency: 1.77378 ms - Host latency: 1.77378 ms (enqueue 0.00249023 ms)
[06/07/2026-16:47:33] [I] Average on 10 runs - GPU latency: 1.77363 ms - Host latency: 1.77363 ms (enqueue 0.00244141 ms)
[06/07/2026-16:47:33] [I] Average on 10 runs - GPU latency: 1.77378 ms - Host latency: 1.77378 ms (enqueue 0.00249023 ms)
[06/07/2026-16:47:33] [I] Average on 10 runs - GPU latency: 1.77305 ms - Host latency: 1.77305 ms (enqueue 0.00239258 ms)
[06/07/2026-16:47:33] [I] Average on 10 runs - GPU latency: 1.77329 ms - Host latency: 1.77329 ms (enqueue 0.00244141 ms)
[06/07/2026-16:47:33] [I] Average on 10 runs - GPU latency: 1.77354 ms - Host latency: 1.77354 ms (enqueue 0.00249023 ms)
[06/07/2026-16:47:33] [I] Average on 10 runs - GPU latency: 1.77456 ms - Host latency: 1.77456 ms (enqueue 0.00244141 ms)
[06/07/2026-16:47:33] [I] Average on 10 runs - GPU latency: 1.77192 ms - Host latency: 1.77192 ms (enqueue 0.00234375 ms)
[06/07/2026-16:47:33] [I] Average on 10 runs - GPU latency: 1.77344 ms - Host latency: 1.77344 ms (enqueue 0.00249023 ms)
[06/07/2026-16:47:33] [I] Average on 10 runs - GPU latency: 1.77251 ms - Host latency: 1.77251 ms (enqueue 0.00239258 ms)
[06/07/2026-16:47:33] [I] Average on 10 runs - GPU latency: 1.77373 ms - Host latency: 1.77373 ms (enqueue 0.00244141 ms)
[06/07/2026-16:47:33] [I] Average on 10 runs - GPU latency: 1.77373 ms - Host latency: 1.77373 ms (enqueue 0.00244141 ms)
[06/07/2026-16:47:33] [I] Average on 10 runs - GPU latency: 1.77358 ms - Host latency: 1.77358 ms (enqueue 0.00229492 ms)
[06/07/2026-16:47:33] [I] Average on 10 runs - GPU latency: 1.77388 ms - Host latency: 1.77388 ms (enqueue 0.00229492 ms)
[06/07/2026-16:47:33] [I] Average on 10 runs - GPU latency: 1.77236 ms - Host latency: 1.77236 ms (enqueue 0.00244141 ms)
[06/07/2026-16:47:33] [I] Average on 10 runs - GPU latency: 1.77324 ms - Host latency: 1.77324 ms (enqueue 0.00258789 ms)
[06/07/2026-16:47:33] [I] Average on 10 runs - GPU latency: 1.77388 ms - Host latency: 1.77388 ms (enqueue 0.00244141 ms)
[06/07/2026-16:47:33] [I] Average on 10 runs - GPU latency: 1.77354 ms - Host latency: 1.77354 ms (enqueue 0.00244141 ms)
[06/07/2026-16:47:33] [I] Average on 10 runs - GPU latency: 1.77339 ms - Host latency: 1.77339 ms (enqueue 0.00244141 ms)
[06/07/2026-16:47:33] [I] Average on 10 runs - GPU latency: 1.77432 ms - Host latency: 1.77432 ms (enqueue 0.00244141 ms)
[06/07/2026-16:47:33] [I] Average on 10 runs - GPU latency: 1.77373 ms - Host latency: 1.77373 ms (enqueue 0.00239258 ms)
[06/07/2026-16:47:33] [I] Average on 10 runs - GPU latency: 1.77427 ms - Host latency: 1.77427 ms (enqueue 0.00244141 ms)
[06/07/2026-16:47:33] [I] Average on 10 runs - GPU latency: 1.77397 ms - Host latency: 1.77397 ms (enqueue 0.00239258 ms)
[06/07/2026-16:47:33] [I] Average on 10 runs - GPU latency: 1.77368 ms - Host latency: 1.77368 ms (enqueue 0.00244141 ms)
[06/07/2026-16:47:33] [I] Average on 10 runs - GPU latency: 1.77402 ms - Host latency: 1.77402 ms (enqueue 0.00229492 ms)
[06/07/2026-16:47:33] [I] Average on 10 runs - GPU latency: 1.77407 ms - Host latency: 1.77407 ms (enqueue 0.00249023 ms)
[06/07/2026-16:47:33] [I] Average on 10 runs - GPU latency: 1.77339 ms - Host latency: 1.77339 ms (enqueue 0.00263672 ms)
[06/07/2026-16:47:33] [I] Average on 10 runs - GPU latency: 1.77285 ms - Host latency: 1.77285 ms (enqueue 0.00239258 ms)
[06/07/2026-16:47:33] [I] Average on 10 runs - GPU latency: 1.77285 ms - Host latency: 1.77285 ms (enqueue 0.00249023 ms)
[06/07/2026-16:47:33] [I] Average on 10 runs - GPU latency: 1.77334 ms - Host latency: 1.77334 ms (enqueue 0.00234375 ms)
[06/07/2026-16:47:33] [I] Average on 10 runs - GPU latency: 1.773 ms - Host latency: 1.773 ms (enqueue 0.00239258 ms)
[06/07/2026-16:47:33] [I] Average on 10 runs - GPU latency: 1.77402 ms - Host latency: 1.77402 ms (enqueue 0.00249023 ms)
[06/07/2026-16:47:33] [I] Average on 10 runs - GPU latency: 1.77363 ms - Host latency: 1.77363 ms (enqueue 0.00234375 ms)
[06/07/2026-16:47:33] [I] Average on 10 runs - GPU latency: 1.77383 ms - Host latency: 1.77383 ms (enqueue 0.00239258 ms)
[06/07/2026-16:47:33] [I] Average on 10 runs - GPU latency: 1.77324 ms - Host latency: 1.77324 ms (enqueue 0.00244141 ms)
[06/07/2026-16:47:33] [I] Average on 10 runs - GPU latency: 1.77354 ms - Host latency: 1.77354 ms (enqueue 0.00253906 ms)
[06/07/2026-16:47:33] [I] Average on 10 runs - GPU latency: 1.77241 ms - Host latency: 1.77241 ms (enqueue 0.00253906 ms)
[06/07/2026-16:47:33] [I] Average on 10 runs - GPU latency: 1.77261 ms - Host latency: 1.77261 ms (enqueue 0.00253906 ms)
[06/07/2026-16:47:33] [I] Average on 10 runs - GPU latency: 1.77393 ms - Host latency: 1.77393 ms (enqueue 0.00239258 ms)
[06/07/2026-16:47:33] [I] Average on 10 runs - GPU latency: 1.77314 ms - Host latency: 1.77314 ms (enqueue 0.00258789 ms)
[06/07/2026-16:47:33] [I] Average on 10 runs - GPU latency: 1.77397 ms - Host latency: 1.77397 ms (enqueue 0.00258789 ms)
[06/07/2026-16:47:33] [I] Average on 10 runs - GPU latency: 1.77275 ms - Host latency: 1.77275 ms (enqueue 0.00239258 ms)
[06/07/2026-16:47:33] [I] Average on 10 runs - GPU latency: 1.77534 ms - Host latency: 1.77534 ms (enqueue 0.00263672 ms)
[06/07/2026-16:47:33] [I] Average on 10 runs - GPU latency: 1.77178 ms - Host latency: 1.77178 ms (enqueue 0.00239258 ms)
[06/07/2026-16:47:33] [I] Average on 10 runs - GPU latency: 1.77466 ms - Host latency: 1.77466 ms (enqueue 0.00253906 ms)
[06/07/2026-16:47:33] [I] Average on 10 runs - GPU latency: 1.77427 ms - Host latency: 1.77427 ms (enqueue 0.00244141 ms)
[06/07/2026-16:47:33] [I] Average on 10 runs - GPU latency: 1.77329 ms - Host latency: 1.77329 ms (enqueue 0.00234375 ms)
[06/07/2026-16:47:33] [I] Average on 10 runs - GPU latency: 1.77314 ms - Host latency: 1.77314 ms (enqueue 0.00229492 ms)
[06/07/2026-16:47:33] [I] Average on 10 runs - GPU latency: 1.77319 ms - Host latency: 1.77319 ms (enqueue 0.00239258 ms)
[06/07/2026-16:47:33] [I] Average on 10 runs - GPU latency: 1.77446 ms - Host latency: 1.77446 ms (enqueue 0.00234375 ms)
[06/07/2026-16:47:33] [I] Average on 10 runs - GPU latency: 1.77349 ms - Host latency: 1.77349 ms (enqueue 0.00253906 ms)
[06/07/2026-16:47:33] [I] Average on 10 runs - GPU latency: 1.77329 ms - Host latency: 1.77329 ms (enqueue 0.00239258 ms)
[06/07/2026-16:47:33] [I] Average on 10 runs - GPU latency: 1.77251 ms - Host latency: 1.77251 ms (enqueue 0.00249023 ms)
[06/07/2026-16:47:33] [I] Average on 10 runs - GPU latency: 1.77349 ms - Host latency: 1.77349 ms (enqueue 0.00253906 ms)
[06/07/2026-16:47:33] [I] Average on 10 runs - GPU latency: 1.77354 ms - Host latency: 1.77354 ms (enqueue 0.00239258 ms)
[06/07/2026-16:47:33] [I] Average on 10 runs - GPU latency: 1.77373 ms - Host latency: 1.77373 ms (enqueue 0.00249023 ms)
[06/07/2026-16:47:33] [I] Average on 10 runs - GPU latency: 1.77329 ms - Host latency: 1.77329 ms (enqueue 0.00239258 ms)
[06/07/2026-16:47:33] [I] Average on 10 runs - GPU latency: 1.77422 ms - Host latency: 1.77422 ms (enqueue 0.00239258 ms)
[06/07/2026-16:47:33] [I] Average on 10 runs - GPU latency: 1.77363 ms - Host latency: 1.77363 ms (enqueue 0.00219727 ms)
[06/07/2026-16:47:33] [I] Average on 10 runs - GPU latency: 1.77329 ms - Host latency: 1.77329 ms (enqueue 0.00249023 ms)
[06/07/2026-16:47:33] [I] Average on 10 runs - GPU latency: 1.77412 ms - Host latency: 1.77412 ms (enqueue 0.00249023 ms)
[06/07/2026-16:47:33] [I] Average on 10 runs - GPU latency: 1.77363 ms - Host latency: 1.77363 ms (enqueue 0.00234375 ms)
[06/07/2026-16:47:33] [I] Average on 10 runs - GPU latency: 1.7728 ms - Host latency: 1.7728 ms (enqueue 0.00239258 ms)
[06/07/2026-16:47:33] [I] Average on 10 runs - GPU latency: 1.77236 ms - Host latency: 1.77236 ms (enqueue 0.00229492 ms)
[06/07/2026-16:47:33] [I] Average on 10 runs - GPU latency: 1.77349 ms - Host latency: 1.77349 ms (enqueue 0.00229492 ms)
[06/07/2026-16:47:33] [I] Average on 10 runs - GPU latency: 1.77305 ms - Host latency: 1.77305 ms (enqueue 0.00253906 ms)
[06/07/2026-16:47:33] [I] Average on 10 runs - GPU latency: 1.77358 ms - Host latency: 1.77358 ms (enqueue 0.00234375 ms)
[06/07/2026-16:47:33] [I] Average on 10 runs - GPU latency: 1.77319 ms - Host latency: 1.77319 ms (enqueue 0.00244141 ms)
[06/07/2026-16:47:33] [I] Average on 10 runs - GPU latency: 1.77388 ms - Host latency: 1.77388 ms (enqueue 0.00234375 ms)
[06/07/2026-16:47:33] [I] Average on 10 runs - GPU latency: 1.77407 ms - Host latency: 1.77407 ms (enqueue 0.00234375 ms)
[06/07/2026-16:47:33] [I] Average on 10 runs - GPU latency: 1.77319 ms - Host latency: 1.77319 ms (enqueue 0.00234375 ms)
[06/07/2026-16:47:33] [I] Average on 10 runs - GPU latency: 1.77402 ms - Host latency: 1.77402 ms (enqueue 0.00239258 ms)
[06/07/2026-16:47:33] [I] Average on 10 runs - GPU latency: 1.77344 ms - Host latency: 1.77344 ms (enqueue 0.00268555 ms)
[06/07/2026-16:47:33] [I] Average on 10 runs - GPU latency: 1.77378 ms - Host latency: 1.77378 ms (enqueue 0.00249023 ms)
[06/07/2026-16:47:33] [I] Average on 10 runs - GPU latency: 1.77344 ms - Host latency: 1.77344 ms (enqueue 0.00258789 ms)
[06/07/2026-16:47:33] [I] Average on 10 runs - GPU latency: 1.77354 ms - Host latency: 1.77354 ms (enqueue 0.00234375 ms)
[06/07/2026-16:47:33] [I] Average on 10 runs - GPU latency: 1.77378 ms - Host latency: 1.77378 ms (enqueue 0.00249023 ms)
[06/07/2026-16:47:33] [I] Average on 10 runs - GPU latency: 1.7731 ms - Host latency: 1.7731 ms (enqueue 0.00239258 ms)
[06/07/2026-16:47:33] [I] Average on 10 runs - GPU latency: 1.77441 ms - Host latency: 1.77441 ms (enqueue 0.00229492 ms)
[06/07/2026-16:47:33] [I] Average on 10 runs - GPU latency: 1.77344 ms - Host latency: 1.77344 ms (enqueue 0.00244141 ms)
[06/07/2026-16:47:33] [I] Average on 10 runs - GPU latency: 1.77373 ms - Host latency: 1.77373 ms (enqueue 0.00249023 ms)
[06/07/2026-16:47:33] [I] Average on 10 runs - GPU latency: 1.77251 ms - Host latency: 1.77251 ms (enqueue 0.00253906 ms)
[06/07/2026-16:47:33] [I] Average on 10 runs - GPU latency: 1.77261 ms - Host latency: 1.77261 ms (enqueue 0.00219727 ms)
[06/07/2026-16:47:33] [I] Average on 10 runs - GPU latency: 1.77329 ms - Host latency: 1.77329 ms (enqueue 0.00244141 ms)
[06/07/2026-16:47:33] [I] Average on 10 runs - GPU latency: 1.77188 ms - Host latency: 1.77188 ms (enqueue 0.00258789 ms)
[06/07/2026-16:47:33] [I] Average on 10 runs - GPU latency: 1.77363 ms - Host latency: 1.77363 ms (enqueue 0.00249023 ms)
[06/07/2026-16:47:33] [I] Average on 10 runs - GPU latency: 1.77295 ms - Host latency: 1.77295 ms (enqueue 0.00263672 ms)
[06/07/2026-16:47:33] [I] Average on 10 runs - GPU latency: 1.77349 ms - Host latency: 1.77349 ms (enqueue 0.00258789 ms)
[06/07/2026-16:47:33] [I] Average on 10 runs - GPU latency: 1.77373 ms - Host latency: 1.77373 ms (enqueue 0.00249023 ms)
[06/07/2026-16:47:33] [I] Average on 10 runs - GPU latency: 1.77402 ms - Host latency: 1.77402 ms (enqueue 0.00258789 ms)
[06/07/2026-16:47:33] [I] Average on 10 runs - GPU latency: 1.773 ms - Host latency: 1.773 ms (enqueue 0.00244141 ms)
[06/07/2026-16:47:33] [I] Average on 10 runs - GPU latency: 1.77256 ms - Host latency: 1.77256 ms (enqueue 0.00239258 ms)
[06/07/2026-16:47:33] [I] Average on 10 runs - GPU latency: 1.77349 ms - Host latency: 1.77349 ms (enqueue 0.00253906 ms)
[06/07/2026-16:47:33] [I] Average on 10 runs - GPU latency: 1.77378 ms - Host latency: 1.77378 ms (enqueue 0.00253906 ms)
[06/07/2026-16:47:33] [I] Average on 10 runs - GPU latency: 1.77354 ms - Host latency: 1.77354 ms (enqueue 0.00249023 ms)
[06/07/2026-16:47:33] [I] Average on 10 runs - GPU latency: 1.77373 ms - Host latency: 1.77373 ms (enqueue 0.00244141 ms)
[06/07/2026-16:47:33] [I] Average on 10 runs - GPU latency: 1.77373 ms - Host latency: 1.77373 ms (enqueue 0.00239258 ms)
[06/07/2026-16:47:33] [I] Average on 10 runs - GPU latency: 1.77393 ms - Host latency: 1.77393 ms (enqueue 0.00234375 ms)
[06/07/2026-16:47:33] [I] Average on 10 runs - GPU latency: 1.77368 ms - Host latency: 1.77368 ms (enqueue 0.00249023 ms)
[06/07/2026-16:47:33] [I] Average on 10 runs - GPU latency: 1.77354 ms - Host latency: 1.77354 ms (enqueue 0.00229492 ms)
[06/07/2026-16:47:33] [I] Average on 10 runs - GPU latency: 1.77241 ms - Host latency: 1.77241 ms (enqueue 0.00253906 ms)
[06/07/2026-16:47:33] [I] Average on 10 runs - GPU latency: 1.77461 ms - Host latency: 1.77461 ms (enqueue 0.00263672 ms)
[06/07/2026-16:47:33] [I] Average on 10 runs - GPU latency: 1.77314 ms - Host latency: 1.77314 ms (enqueue 0.00229492 ms)
[06/07/2026-16:47:33] [I] Average on 10 runs - GPU latency: 1.7729 ms - Host latency: 1.7729 ms (enqueue 0.00249023 ms)
[06/07/2026-16:47:33] [I] Average on 10 runs - GPU latency: 1.77329 ms - Host latency: 1.77329 ms (enqueue 0.00224609 ms)
[06/07/2026-16:47:33] [I] Average on 10 runs - GPU latency: 1.77266 ms - Host latency: 1.77266 ms (enqueue 0.00239258 ms)
[06/07/2026-16:47:33] [I] Average on 10 runs - GPU latency: 1.77354 ms - Host latency: 1.77354 ms (enqueue 0.00239258 ms)
[06/07/2026-16:47:33] [I] 
[06/07/2026-16:47:33] [I] === Performance summary ===
[06/07/2026-16:47:33] [I] Throughput: 563.403 qps
[06/07/2026-16:47:33] [I] Latency: min = 1.76709 ms, max = 1.78076 ms, mean = 1.77342 ms, median = 1.77344 ms, percentile(99%) = 1.77783 ms
[06/07/2026-16:47:33] [I] Enqueue Time: min = 0.00195312 ms, max = 0.00537109 ms, mean = 0.00244765 ms, median = 0.00244141 ms, percentile(99%) = 0.00292969 ms
[06/07/2026-16:47:33] [I] H2D Latency: min = 0 ms, max = 0 ms, mean = 0 ms, median = 0 ms, percentile(99%) = 0 ms
[06/07/2026-16:47:33] [I] GPU Compute Time: min = 1.76709 ms, max = 1.78076 ms, mean = 1.77342 ms, median = 1.77344 ms, percentile(99%) = 1.77783 ms
[06/07/2026-16:47:33] [I] D2H Latency: min = 0 ms, max = 0 ms, mean = 0 ms, median = 0 ms, percentile(99%) = 0 ms
[06/07/2026-16:47:33] [I] Total Host Walltime: 6.0028 s
[06/07/2026-16:47:33] [I] Total GPU Compute Time: 5.99769 s
[06/07/2026-16:47:33] [I] Explanations of the performance metrics are printed in the verbose logs.
[06/07/2026-16:47:33] [I] 
&&&& PASSED TensorRT.trtexec [TensorRT v101401] [b48] # trtexec --loadEngine=/work/trt_bench_streams/engines/yolo26n_b32.engine --streams=1 --useCudaGraph --useSpinWait --noDataTransfers --warmUp=2000 --duration=6 --percentile=99
