&&&& RUNNING TensorRT.trtexec [TensorRT v101401] [b48] # trtexec --onnx=models/yolo26n/best.onnx --fp16 --minShapes=images:32x3x416x416 --optShapes=images:32x3x416x416 --maxShapes=images:32x3x416x416 --useCudaGraph --useSpinWait --noDataTransfers --warmUp=2000 --duration=6 --percentile=99 --timingCacheFile=/work/trt_bench/cache/yolo26n.cache --memPoolSize=workspace:8192
[06/06/2026-21:56:52] [W] Weakly-typed networks have been deprecated in TensorRT. You can use the AutoCast tool (https://nvidia.github.io/TensorRT-Model-Optimizer/guides/8_autocast.html) to convert the network to be strongly typed.
[06/06/2026-21:56:52] [I] === Model Options ===
[06/06/2026-21:56:52] [I] Format: ONNX
[06/06/2026-21:56:52] [I] Model: models/yolo26n/best.onnx
[06/06/2026-21:56:52] [I] Output:
[06/06/2026-21:56:52] [I] === Build Options ===
[06/06/2026-21:56:52] [I] Memory Pools: workspace: 8192 MiB, dlaSRAM: default, dlaLocalDRAM: default, dlaGlobalDRAM: default, tacticSharedMem: default
[06/06/2026-21:56:52] [I] avgTiming: 8
[06/06/2026-21:56:52] [I] Precision: FP32+FP16
[06/06/2026-21:56:52] [I] LayerPrecisions: 
[06/06/2026-21:56:52] [I] Layer Device Types: 
[06/06/2026-21:56:52] [I] Decomposable Attentions: 
[06/06/2026-21:56:52] [I] Calibration: 
[06/06/2026-21:56:52] [I] Refit: Disabled
[06/06/2026-21:56:52] [I] Strip weights: Disabled
[06/06/2026-21:56:52] [I] Version Compatible: Disabled
[06/06/2026-21:56:52] [I] ONNX Plugin InstanceNorm: Disabled
[06/06/2026-21:56:52] [I] ONNX kENABLE_UINT8_AND_ASYMMETRIC_QUANTIZATION_DLA flag: Disabled
[06/06/2026-21:56:52] [I] TensorRT runtime: full
[06/06/2026-21:56:52] [I] Lean DLL Path: 
[06/06/2026-21:56:52] [I] Tempfile Controls: { in_memory: allow, temporary: allow }
[06/06/2026-21:56:52] [I] Exclude Lean Runtime: Disabled
[06/06/2026-21:56:52] [I] Sparsity: Disabled
[06/06/2026-21:56:52] [I] Safe mode: Disabled
[06/06/2026-21:56:52] [I] Build DLA standalone loadable: Disabled
[06/06/2026-21:56:52] [I] Allow GPU fallback for DLA: Disabled
[06/06/2026-21:56:52] [I] DirectIO mode: Disabled
[06/06/2026-21:56:52] [I] Restricted mode: Disabled
[06/06/2026-21:56:52] [I] Skip inference: Disabled
[06/06/2026-21:56:52] [I] Save engine: 
[06/06/2026-21:56:52] [I] Load engine: 
[06/06/2026-21:56:52] [I] Profiling verbosity: 0
[06/06/2026-21:56:52] [I] Tactic sources: Using default tactic sources
[06/06/2026-21:56:52] [I] timingCacheMode: global
[06/06/2026-21:56:52] [I] timingCacheFile: /work/trt_bench/cache/yolo26n.cache
[06/06/2026-21:56:52] [I] Enable Compilation Cache: Enabled
[06/06/2026-21:56:52] [I] Enable Monitor Memory: Disabled
[06/06/2026-21:56:52] [I] errorOnTimingCacheMiss: Disabled
[06/06/2026-21:56:52] [I] Preview Features: Use default preview flags.
[06/06/2026-21:56:52] [I] MaxAuxStreams: -1
[06/06/2026-21:56:52] [I] BuilderOptimizationLevel: -1
[06/06/2026-21:56:52] [I] MaxTactics: -1
[06/06/2026-21:56:52] [I] Calibration Profile Index: 0
[06/06/2026-21:56:52] [I] Weight Streaming: Disabled
[06/06/2026-21:56:52] [I] Runtime Platform: Same As Build
[06/06/2026-21:56:52] [I] Debug Tensors: 
[06/06/2026-21:56:52] [I] Distributive Independence: Disabled
[06/06/2026-21:56:52] [I] Mark Unfused Tensors As Debug Tensors: Disabled
[06/06/2026-21:56:52] [I] Input(s)s format: fp32:CHW
[06/06/2026-21:56:52] [I] Output(s)s format: fp32:CHW
[06/06/2026-21:56:52] [I] Input build shape (profile 0): images=32x3x416x416+32x3x416x416+32x3x416x416
[06/06/2026-21:56:52] [I] Input calibration shapes: model
[06/06/2026-21:56:52] [I] === System Options ===
[06/06/2026-21:56:52] [I] Device: 0
[06/06/2026-21:56:52] [I] DLACore: 
[06/06/2026-21:56:52] [I] Plugins:
[06/06/2026-21:56:52] [I] setPluginsToSerialize:
[06/06/2026-21:56:52] [I] dynamicPlugins:
[06/06/2026-21:56:52] [I] ignoreParsedPluginLibs: 0
[06/06/2026-21:56:52] [I] 
[06/06/2026-21:56:52] [I] === Inference Options ===
[06/06/2026-21:56:52] [I] Batch: Explicit
[06/06/2026-21:56:52] [I] Input inference shape : images=32x3x416x416
[06/06/2026-21:56:52] [I] Iterations: 10
[06/06/2026-21:56:52] [I] Duration: 6s (+ 2000ms warm up)
[06/06/2026-21:56:52] [I] Sleep time: 0ms
[06/06/2026-21:56:52] [I] Idle time: 0ms
[06/06/2026-21:56:52] [I] Inference Streams: 1
[06/06/2026-21:56:52] [I] ExposeDMA: Disabled
[06/06/2026-21:56:52] [I] Data transfers: Disabled
[06/06/2026-21:56:52] [I] Spin-wait: Enabled
[06/06/2026-21:56:52] [I] Multithreading: Disabled
[06/06/2026-21:56:52] [I] CUDA Graph: Enabled
[06/06/2026-21:56:52] [I] Separate profiling: Disabled
[06/06/2026-21:56:52] [I] Time Deserialize: Disabled
[06/06/2026-21:56:52] [I] Time Refit: Disabled
[06/06/2026-21:56:52] [I] NVTX verbosity: 0
[06/06/2026-21:56:52] [I] Persistent Cache Ratio: 0
[06/06/2026-21:56:52] [I] Optimization Profile Index: 0
[06/06/2026-21:56:52] [I] Weight Streaming Budget: 100.000000%
[06/06/2026-21:56:52] [I] Inputs:
[06/06/2026-21:56:52] [I] Debug Tensor Save Destinations:
[06/06/2026-21:56:52] [I] Dump All Debug Tensor in Formats: 
[06/06/2026-21:56:52] [I] === Reporting Options ===
[06/06/2026-21:56:52] [I] Verbose: Disabled
[06/06/2026-21:56:52] [I] Averages: 10 inferences
[06/06/2026-21:56:52] [I] Percentiles: 99
[06/06/2026-21:56:52] [I] Dump refittable layers:Disabled
[06/06/2026-21:56:52] [I] Dump output: Disabled
[06/06/2026-21:56:52] [I] Profile: Disabled
[06/06/2026-21:56:52] [I] Export timing to JSON file: 
[06/06/2026-21:56:52] [I] Export output to JSON file: 
[06/06/2026-21:56:52] [I] Export profile to JSON file: 
[06/06/2026-21:56:52] [I] 
[06/06/2026-21:56:52] [I] === Device Information ===
[06/06/2026-21:56:52] [I] Available Devices: 
[06/06/2026-21:56:52] [I]   Device 0: "NVIDIA GeForce RTX 4090" UUID: GPU-f84a2a8b-f125-2892-c40d-fe37bcae6c60
[06/06/2026-21:56:52] [I] Selected Device: NVIDIA GeForce RTX 4090
[06/06/2026-21:56:52] [I] Selected Device ID: 0
[06/06/2026-21:56:52] [I] Selected Device UUID: GPU-f84a2a8b-f125-2892-c40d-fe37bcae6c60
[06/06/2026-21:56:52] [I] Compute Capability: 8.9
[06/06/2026-21:56:52] [I] SMs: 128
[06/06/2026-21:56:52] [I] Device Global Memory: 24080 MiB
[06/06/2026-21:56:52] [I] Shared Memory per SM: 100 KiB
[06/06/2026-21:56:52] [I] Memory Bus Width: 384 bits (ECC disabled)
[06/06/2026-21:56:52] [I] Application Compute Clock Rate: 2.55 GHz
[06/06/2026-21:56:52] [I] Application Memory Clock Rate: 10.501 GHz
[06/06/2026-21:56:52] [I] 
[06/06/2026-21:56:52] [I] Note: The application clock rates do not reflect the actual clock rates that the GPU is currently running at.
[06/06/2026-21:56:52] [I] 
[06/06/2026-21:56:52] [I] TensorRT version: 10.14.1
[06/06/2026-21:56:52] [I] Loading standard plugins
[06/06/2026-21:56:52] [I] [TRT] [MemUsageChange] Init CUDA: CPU +0, GPU +0, now: CPU 29, GPU 394 (MiB)
[06/06/2026-21:56:53] [I] Start parsing network model.
[06/06/2026-21:56:53] [I] [TRT] ----------------------------------------------------------------
[06/06/2026-21:56:53] [I] [TRT] Input filename:   models/yolo26n/best.onnx
[06/06/2026-21:56:53] [I] [TRT] ONNX IR version:  0.0.8
[06/06/2026-21:56:53] [I] [TRT] Opset version:    17
[06/06/2026-21:56:53] [I] [TRT] Producer name:    pytorch
[06/06/2026-21:56:53] [I] [TRT] Producer version: 2.11.0
[06/06/2026-21:56:53] [I] [TRT] Domain:           
[06/06/2026-21:56:53] [I] [TRT] Model version:    0
[06/06/2026-21:56:53] [I] [TRT] Doc string:       
[06/06/2026-21:56:53] [I] [TRT] ----------------------------------------------------------------
[06/06/2026-21:56:53] [I] Finished parsing network model. Parse time: 0.0350729
[06/06/2026-21:56:53] [I] Set shape of input tensor images for optimization profile 0 to: MIN=32x3x416x416 OPT=32x3x416x416 MAX=32x3x416x416
[06/06/2026-21:56:53] [I] [TRT] Loaded 3492128 bytes of cache from file: /work/trt_bench/cache/yolo26n.cache
[06/06/2026-21:56:53] [I] [TRT] [MemUsageChange] Init builder kernel library: CPU +190, GPU +4, now: CPU 455, GPU 398 (MiB)
[06/06/2026-21:56:53] [I] [TRT] Global timing cache in use. Profiling results in this builder pass will be stored.
[06/06/2026-21:58:25] [I] [TRT] Compiler backend is used during engine build.
[06/06/2026-21:59:33] [I] [TRT] Detected 1 inputs and 1 output network tensors.
[06/06/2026-21:59:35] [I] [TRT] Total Host Persistent Memory: 598016 bytes
[06/06/2026-21:59:35] [I] [TRT] Total Device Persistent Memory: 2048 bytes
[06/06/2026-21:59:35] [I] [TRT] Max Scratch Memory: 9388544 bytes
[06/06/2026-21:59:35] [I] [TRT] [BlockAssignment] Started assigning block shifts. This will take 177 steps to complete.
[06/06/2026-21:59:35] [I] [TRT] [BlockAssignment] Algorithm ShiftNTopDown took 8.25276ms to assign 11 blocks to 177 nodes requiring 125985280 bytes.
[06/06/2026-21:59:35] [I] [TRT] Total Activation Memory: 125984768 bytes
[06/06/2026-21:59:35] [I] [TRT] Total Weights Memory: 4804666 bytes
[06/06/2026-21:59:35] [I] [TRT] Compiler backend is used during engine execution.
[06/06/2026-21:59:35] [I] [TRT] Engine generation completed in 162.091 seconds.
[06/06/2026-21:59:35] [I] [TRT] [MemUsageStats] Peak memory usage of TRT CPU/GPU memory allocators: CPU 0 MiB, GPU 338 MiB
[06/06/2026-21:59:35] [I] Created engine with size: 7.78174 MiB
[06/06/2026-21:59:35] [I] Engine built in 162.509 sec.
[06/06/2026-21:59:35] [I] [TRT] Loaded 3492128 bytes of cache from file: /work/trt_bench/cache/yolo26n.cache
[06/06/2026-21:59:35] [I] [TRT] Serialized 2866 bytes of code generator cache.
[06/06/2026-21:59:35] [I] [TRT] Serialized 1565970 bytes of compilation cache.
[06/06/2026-21:59:35] [I] [TRT] Serialized 26428 timing cache entries
[06/06/2026-21:59:35] [I] [TRT] Saved 4317516 bytes of timing cache to /work/trt_bench/cache/yolo26n.cache
[06/06/2026-21:59:35] [I] [TRT] Loaded engine size: 7 MiB
[06/06/2026-21:59:36] [I] Engine deserialized in 0.0197709 sec.
[06/06/2026-21:59:36] [I] [TRT] [MemUsageChange] TensorRT-managed allocation in IExecutionContext creation: CPU +0, GPU +120, now: CPU 0, GPU 124 (MiB)
[06/06/2026-21:59:36] [I] Setting persistentCacheLimit to 0 bytes.
[06/06/2026-21:59:36] [I] Created execution context with device memory size: 120.148 MiB
[06/06/2026-21:59:36] [I] Using random values for input images
[06/06/2026-21:59:36] [I] Input binding for images with dimensions 32x3x416x416 is created.
[06/06/2026-21:59:36] [I] Output binding for output0 with dimensions 32x300x6 is created.
[06/06/2026-21:59:36] [I] Starting inference
[06/06/2026-21:59:36] [I] Capturing CUDA graph for the current execution context
[06/06/2026-21:59:36] [I] Successfully captured CUDA graph for the current execution context
[06/06/2026-21:59:44] [I] Warmup completed 1116 queries over 2000 ms
[06/06/2026-21:59:44] [I] Timing trace has 3379 queries over 6.00369 s
[06/06/2026-21:59:44] [I] 
[06/06/2026-21:59:44] [I] === Trace details ===
[06/06/2026-21:59:44] [I] Trace averages of 10 runs:
[06/06/2026-21:59:44] [I] Average on 10 runs - GPU latency: 1.77531 ms - Host latency: 1.77531 ms (enqueue 0.00245361 ms)
[06/06/2026-21:59:44] [I] Average on 10 runs - GPU latency: 1.77303 ms - Host latency: 1.77303 ms (enqueue 0.00253906 ms)
[06/06/2026-21:59:44] [I] Average on 10 runs - GPU latency: 1.77294 ms - Host latency: 1.77294 ms (enqueue 0.00251465 ms)
[06/06/2026-21:59:44] [I] Average on 10 runs - GPU latency: 1.77454 ms - Host latency: 1.77454 ms (enqueue 0.00251465 ms)
[06/06/2026-21:59:44] [I] Average on 10 runs - GPU latency: 1.77561 ms - Host latency: 1.77561 ms (enqueue 0.00249023 ms)
[06/06/2026-21:59:44] [I] Average on 10 runs - GPU latency: 1.77554 ms - Host latency: 1.77554 ms (enqueue 0.00249023 ms)
[06/06/2026-21:59:44] [I] Average on 10 runs - GPU latency: 1.77368 ms - Host latency: 1.77368 ms (enqueue 0.00246582 ms)
[06/06/2026-21:59:44] [I] Average on 10 runs - GPU latency: 1.77378 ms - Host latency: 1.77378 ms (enqueue 0.00246582 ms)
[06/06/2026-21:59:44] [I] Average on 10 runs - GPU latency: 1.77305 ms - Host latency: 1.77305 ms (enqueue 0.00241699 ms)
[06/06/2026-21:59:44] [I] Average on 10 runs - GPU latency: 1.77551 ms - Host latency: 1.77551 ms (enqueue 0.00246582 ms)
[06/06/2026-21:59:44] [I] Average on 10 runs - GPU latency: 1.77534 ms - Host latency: 1.77534 ms (enqueue 0.00241699 ms)
[06/06/2026-21:59:44] [I] Average on 10 runs - GPU latency: 1.77439 ms - Host latency: 1.77439 ms (enqueue 0.00246582 ms)
[06/06/2026-21:59:44] [I] Average on 10 runs - GPU latency: 1.7741 ms - Host latency: 1.7741 ms (enqueue 0.00253906 ms)
[06/06/2026-21:59:44] [I] Average on 10 runs - GPU latency: 1.7749 ms - Host latency: 1.7749 ms (enqueue 0.00249023 ms)
[06/06/2026-21:59:44] [I] Average on 10 runs - GPU latency: 1.77498 ms - Host latency: 1.77498 ms (enqueue 0.00244141 ms)
[06/06/2026-21:59:44] [I] Average on 10 runs - GPU latency: 1.7741 ms - Host latency: 1.7741 ms (enqueue 0.00251465 ms)
[06/06/2026-21:59:44] [I] Average on 10 runs - GPU latency: 1.77542 ms - Host latency: 1.77542 ms (enqueue 0.00253906 ms)
[06/06/2026-21:59:44] [I] Average on 10 runs - GPU latency: 1.77371 ms - Host latency: 1.77371 ms (enqueue 0.00234375 ms)
[06/06/2026-21:59:44] [I] Average on 10 runs - GPU latency: 1.77549 ms - Host latency: 1.77549 ms (enqueue 0.00244141 ms)
[06/06/2026-21:59:44] [I] Average on 10 runs - GPU latency: 1.77466 ms - Host latency: 1.77466 ms (enqueue 0.00256348 ms)
[06/06/2026-21:59:44] [I] Average on 10 runs - GPU latency: 1.77449 ms - Host latency: 1.77449 ms (enqueue 0.00239258 ms)
[06/06/2026-21:59:44] [I] Average on 10 runs - GPU latency: 1.77454 ms - Host latency: 1.77454 ms (enqueue 0.00244141 ms)
[06/06/2026-21:59:44] [I] Average on 10 runs - GPU latency: 1.77405 ms - Host latency: 1.77405 ms (enqueue 0.00249023 ms)
[06/06/2026-21:59:44] [I] Average on 10 runs - GPU latency: 1.77373 ms - Host latency: 1.77373 ms (enqueue 0.00251465 ms)
[06/06/2026-21:59:44] [I] Average on 10 runs - GPU latency: 1.7752 ms - Host latency: 1.7752 ms (enqueue 0.00231934 ms)
[06/06/2026-21:59:44] [I] Average on 10 runs - GPU latency: 1.77498 ms - Host latency: 1.77498 ms (enqueue 0.00244141 ms)
[06/06/2026-21:59:44] [I] Average on 10 runs - GPU latency: 1.77485 ms - Host latency: 1.77485 ms (enqueue 0.00251465 ms)
[06/06/2026-21:59:44] [I] Average on 10 runs - GPU latency: 1.77412 ms - Host latency: 1.77412 ms (enqueue 0.00249023 ms)
[06/06/2026-21:59:44] [I] Average on 10 runs - GPU latency: 1.77532 ms - Host latency: 1.77532 ms (enqueue 0.00249023 ms)
[06/06/2026-21:59:44] [I] Average on 10 runs - GPU latency: 1.77368 ms - Host latency: 1.77368 ms (enqueue 0.00244141 ms)
[06/06/2026-21:59:44] [I] Average on 10 runs - GPU latency: 1.77473 ms - Host latency: 1.77473 ms (enqueue 0.00251465 ms)
[06/06/2026-21:59:44] [I] Average on 10 runs - GPU latency: 1.77344 ms - Host latency: 1.77344 ms (enqueue 0.00246582 ms)
[06/06/2026-21:59:44] [I] Average on 10 runs - GPU latency: 1.77498 ms - Host latency: 1.77498 ms (enqueue 0.00241699 ms)
[06/06/2026-21:59:44] [I] Average on 10 runs - GPU latency: 1.77358 ms - Host latency: 1.77358 ms (enqueue 0.00239258 ms)
[06/06/2026-21:59:44] [I] Average on 10 runs - GPU latency: 1.77349 ms - Host latency: 1.77349 ms (enqueue 0.00236816 ms)
[06/06/2026-21:59:44] [I] Average on 10 runs - GPU latency: 1.77417 ms - Host latency: 1.77417 ms (enqueue 0.00244141 ms)
[06/06/2026-21:59:44] [I] Average on 10 runs - GPU latency: 1.77493 ms - Host latency: 1.77493 ms (enqueue 0.00246582 ms)
[06/06/2026-21:59:44] [I] Average on 10 runs - GPU latency: 1.7748 ms - Host latency: 1.7748 ms (enqueue 0.00253906 ms)
[06/06/2026-21:59:44] [I] Average on 10 runs - GPU latency: 1.77439 ms - Host latency: 1.77439 ms (enqueue 0.00241699 ms)
[06/06/2026-21:59:44] [I] Average on 10 runs - GPU latency: 1.77476 ms - Host latency: 1.77476 ms (enqueue 0.00244141 ms)
[06/06/2026-21:59:44] [I] Average on 10 runs - GPU latency: 1.77305 ms - Host latency: 1.77305 ms (enqueue 0.00249023 ms)
[06/06/2026-21:59:44] [I] Average on 10 runs - GPU latency: 1.77429 ms - Host latency: 1.77429 ms (enqueue 0.00251465 ms)
[06/06/2026-21:59:44] [I] Average on 10 runs - GPU latency: 1.77542 ms - Host latency: 1.77542 ms (enqueue 0.00256348 ms)
[06/06/2026-21:59:44] [I] Average on 10 runs - GPU latency: 1.77537 ms - Host latency: 1.77537 ms (enqueue 0.00246582 ms)
[06/06/2026-21:59:44] [I] Average on 10 runs - GPU latency: 1.77373 ms - Host latency: 1.77373 ms (enqueue 0.00236816 ms)
[06/06/2026-21:59:44] [I] Average on 10 runs - GPU latency: 1.77512 ms - Host latency: 1.77512 ms (enqueue 0.00239258 ms)
[06/06/2026-21:59:44] [I] Average on 10 runs - GPU latency: 1.7749 ms - Host latency: 1.7749 ms (enqueue 0.00244141 ms)
[06/06/2026-21:59:44] [I] Average on 10 runs - GPU latency: 1.77449 ms - Host latency: 1.77449 ms (enqueue 0.00246582 ms)
[06/06/2026-21:59:44] [I] Average on 10 runs - GPU latency: 1.7738 ms - Host latency: 1.7738 ms (enqueue 0.00239258 ms)
[06/06/2026-21:59:44] [I] Average on 10 runs - GPU latency: 1.77305 ms - Host latency: 1.77305 ms (enqueue 0.00241699 ms)
[06/06/2026-21:59:44] [I] Average on 10 runs - GPU latency: 1.77493 ms - Host latency: 1.77493 ms (enqueue 0.00244141 ms)
[06/06/2026-21:59:44] [I] Average on 10 runs - GPU latency: 1.77432 ms - Host latency: 1.77432 ms (enqueue 0.00246582 ms)
[06/06/2026-21:59:44] [I] Average on 10 runs - GPU latency: 1.77314 ms - Host latency: 1.77314 ms (enqueue 0.00263672 ms)
[06/06/2026-21:59:44] [I] Average on 10 runs - GPU latency: 1.77471 ms - Host latency: 1.77471 ms (enqueue 0.00263672 ms)
[06/06/2026-21:59:44] [I] Average on 10 runs - GPU latency: 1.77483 ms - Host latency: 1.77483 ms (enqueue 0.00253906 ms)
[06/06/2026-21:59:44] [I] Average on 10 runs - GPU latency: 1.77488 ms - Host latency: 1.77488 ms (enqueue 0.00239258 ms)
[06/06/2026-21:59:44] [I] Average on 10 runs - GPU latency: 1.77522 ms - Host latency: 1.77522 ms (enqueue 0.00244141 ms)
[06/06/2026-21:59:44] [I] Average on 10 runs - GPU latency: 1.77366 ms - Host latency: 1.77366 ms (enqueue 0.00246582 ms)
[06/06/2026-21:59:44] [I] Average on 10 runs - GPU latency: 1.77527 ms - Host latency: 1.77527 ms (enqueue 0.00246582 ms)
[06/06/2026-21:59:44] [I] Average on 10 runs - GPU latency: 1.77388 ms - Host latency: 1.77388 ms (enqueue 0.00251465 ms)
[06/06/2026-21:59:44] [I] Average on 10 runs - GPU latency: 1.77522 ms - Host latency: 1.77522 ms (enqueue 0.00246582 ms)
[06/06/2026-21:59:44] [I] Average on 10 runs - GPU latency: 1.77432 ms - Host latency: 1.77432 ms (enqueue 0.00251465 ms)
[06/06/2026-21:59:44] [I] Average on 10 runs - GPU latency: 1.77573 ms - Host latency: 1.77573 ms (enqueue 0.00251465 ms)
[06/06/2026-21:59:44] [I] Average on 10 runs - GPU latency: 1.77441 ms - Host latency: 1.77441 ms (enqueue 0.00244141 ms)
[06/06/2026-21:59:44] [I] Average on 10 runs - GPU latency: 1.77459 ms - Host latency: 1.77459 ms (enqueue 0.00258789 ms)
[06/06/2026-21:59:44] [I] Average on 10 runs - GPU latency: 1.77422 ms - Host latency: 1.77422 ms (enqueue 0.00244141 ms)
[06/06/2026-21:59:44] [I] Average on 10 runs - GPU latency: 1.77537 ms - Host latency: 1.77537 ms (enqueue 0.00246582 ms)
[06/06/2026-21:59:44] [I] Average on 10 runs - GPU latency: 1.7741 ms - Host latency: 1.7741 ms (enqueue 0.00239258 ms)
[06/06/2026-21:59:44] [I] Average on 10 runs - GPU latency: 1.77463 ms - Host latency: 1.77463 ms (enqueue 0.00251465 ms)
[06/06/2026-21:59:44] [I] Average on 10 runs - GPU latency: 1.77417 ms - Host latency: 1.77417 ms (enqueue 0.0026123 ms)
[06/06/2026-21:59:44] [I] Average on 10 runs - GPU latency: 1.77451 ms - Host latency: 1.77451 ms (enqueue 0.00244141 ms)
[06/06/2026-21:59:44] [I] Average on 10 runs - GPU latency: 1.7738 ms - Host latency: 1.7738 ms (enqueue 0.00251465 ms)
[06/06/2026-21:59:44] [I] Average on 10 runs - GPU latency: 1.77437 ms - Host latency: 1.77437 ms (enqueue 0.00253906 ms)
[06/06/2026-21:59:44] [I] Average on 10 runs - GPU latency: 1.77561 ms - Host latency: 1.77561 ms (enqueue 0.00246582 ms)
[06/06/2026-21:59:44] [I] Average on 10 runs - GPU latency: 1.7751 ms - Host latency: 1.7751 ms (enqueue 0.00253906 ms)
[06/06/2026-21:59:44] [I] Average on 10 runs - GPU latency: 1.7739 ms - Host latency: 1.7739 ms (enqueue 0.00246582 ms)
[06/06/2026-21:59:44] [I] Average on 10 runs - GPU latency: 1.7731 ms - Host latency: 1.7731 ms (enqueue 0.00241699 ms)
[06/06/2026-21:59:44] [I] Average on 10 runs - GPU latency: 1.77371 ms - Host latency: 1.77371 ms (enqueue 0.00236816 ms)
[06/06/2026-21:59:44] [I] Average on 10 runs - GPU latency: 1.77544 ms - Host latency: 1.77544 ms (enqueue 0.00249023 ms)
[06/06/2026-21:59:44] [I] Average on 10 runs - GPU latency: 1.77488 ms - Host latency: 1.77488 ms (enqueue 0.00241699 ms)
[06/06/2026-21:59:44] [I] Average on 10 runs - GPU latency: 1.77427 ms - Host latency: 1.77427 ms (enqueue 0.00251465 ms)
[06/06/2026-21:59:44] [I] Average on 10 runs - GPU latency: 1.77517 ms - Host latency: 1.77517 ms (enqueue 0.00246582 ms)
[06/06/2026-21:59:44] [I] Average on 10 runs - GPU latency: 1.77405 ms - Host latency: 1.77405 ms (enqueue 0.00241699 ms)
[06/06/2026-21:59:44] [I] Average on 10 runs - GPU latency: 1.77451 ms - Host latency: 1.77451 ms (enqueue 0.00249023 ms)
[06/06/2026-21:59:44] [I] Average on 10 runs - GPU latency: 1.7741 ms - Host latency: 1.7741 ms (enqueue 0.00241699 ms)
[06/06/2026-21:59:44] [I] Average on 10 runs - GPU latency: 1.77412 ms - Host latency: 1.77412 ms (enqueue 0.00244141 ms)
[06/06/2026-21:59:44] [I] Average on 10 runs - GPU latency: 1.77336 ms - Host latency: 1.77336 ms (enqueue 0.00239258 ms)
[06/06/2026-21:59:44] [I] Average on 10 runs - GPU latency: 1.7749 ms - Host latency: 1.7749 ms (enqueue 0.00253906 ms)
[06/06/2026-21:59:44] [I] Average on 10 runs - GPU latency: 1.77422 ms - Host latency: 1.77422 ms (enqueue 0.00251465 ms)
[06/06/2026-21:59:44] [I] Average on 10 runs - GPU latency: 1.77483 ms - Host latency: 1.77483 ms (enqueue 0.00244141 ms)
[06/06/2026-21:59:44] [I] Average on 10 runs - GPU latency: 1.77632 ms - Host latency: 1.77632 ms (enqueue 0.00244141 ms)
[06/06/2026-21:59:44] [I] Average on 10 runs - GPU latency: 1.77568 ms - Host latency: 1.77568 ms (enqueue 0.00239258 ms)
[06/06/2026-21:59:44] [I] Average on 10 runs - GPU latency: 1.77346 ms - Host latency: 1.77346 ms (enqueue 0.00241699 ms)
[06/06/2026-21:59:44] [I] Average on 10 runs - GPU latency: 1.7741 ms - Host latency: 1.7741 ms (enqueue 0.00246582 ms)
[06/06/2026-21:59:44] [I] Average on 10 runs - GPU latency: 1.7739 ms - Host latency: 1.7739 ms (enqueue 0.00236816 ms)
[06/06/2026-21:59:44] [I] Average on 10 runs - GPU latency: 1.77461 ms - Host latency: 1.77461 ms (enqueue 0.00249023 ms)
[06/06/2026-21:59:44] [I] Average on 10 runs - GPU latency: 1.77461 ms - Host latency: 1.77461 ms (enqueue 0.00249023 ms)
[06/06/2026-21:59:44] [I] Average on 10 runs - GPU latency: 1.77483 ms - Host latency: 1.77483 ms (enqueue 0.00246582 ms)
[06/06/2026-21:59:44] [I] Average on 10 runs - GPU latency: 1.77461 ms - Host latency: 1.77461 ms (enqueue 0.00241699 ms)
[06/06/2026-21:59:44] [I] Average on 10 runs - GPU latency: 1.77515 ms - Host latency: 1.77515 ms (enqueue 0.00266113 ms)
[06/06/2026-21:59:44] [I] Average on 10 runs - GPU latency: 1.77385 ms - Host latency: 1.77385 ms (enqueue 0.00246582 ms)
[06/06/2026-21:59:44] [I] Average on 10 runs - GPU latency: 1.77371 ms - Host latency: 1.77371 ms (enqueue 0.00244141 ms)
[06/06/2026-21:59:44] [I] Average on 10 runs - GPU latency: 1.77485 ms - Host latency: 1.77485 ms (enqueue 0.00246582 ms)
[06/06/2026-21:59:44] [I] Average on 10 runs - GPU latency: 1.77368 ms - Host latency: 1.77368 ms (enqueue 0.00246582 ms)
[06/06/2026-21:59:44] [I] Average on 10 runs - GPU latency: 1.77459 ms - Host latency: 1.77459 ms (enqueue 0.00253906 ms)
[06/06/2026-21:59:44] [I] Average on 10 runs - GPU latency: 1.7748 ms - Host latency: 1.7748 ms (enqueue 0.00249023 ms)
[06/06/2026-21:59:44] [I] Average on 10 runs - GPU latency: 1.77534 ms - Host latency: 1.77534 ms (enqueue 0.00246582 ms)
[06/06/2026-21:59:44] [I] Average on 10 runs - GPU latency: 1.77336 ms - Host latency: 1.77336 ms (enqueue 0.00239258 ms)
[06/06/2026-21:59:44] [I] Average on 10 runs - GPU latency: 1.77368 ms - Host latency: 1.77368 ms (enqueue 0.00239258 ms)
[06/06/2026-21:59:44] [I] Average on 10 runs - GPU latency: 1.77439 ms - Host latency: 1.77439 ms (enqueue 0.00253906 ms)
[06/06/2026-21:59:44] [I] Average on 10 runs - GPU latency: 1.77515 ms - Host latency: 1.77515 ms (enqueue 0.00258789 ms)
[06/06/2026-21:59:44] [I] Average on 10 runs - GPU latency: 1.77617 ms - Host latency: 1.77617 ms (enqueue 0.00251465 ms)
[06/06/2026-21:59:44] [I] Average on 10 runs - GPU latency: 1.77551 ms - Host latency: 1.77551 ms (enqueue 0.00251465 ms)
[06/06/2026-21:59:44] [I] Average on 10 runs - GPU latency: 1.7759 ms - Host latency: 1.7759 ms (enqueue 0.00241699 ms)
[06/06/2026-21:59:44] [I] Average on 10 runs - GPU latency: 1.77459 ms - Host latency: 1.77459 ms (enqueue 0.00244141 ms)
[06/06/2026-21:59:44] [I] Average on 10 runs - GPU latency: 1.77466 ms - Host latency: 1.77466 ms (enqueue 0.00256348 ms)
[06/06/2026-21:59:44] [I] Average on 10 runs - GPU latency: 1.77473 ms - Host latency: 1.77473 ms (enqueue 0.00236816 ms)
[06/06/2026-21:59:44] [I] Average on 10 runs - GPU latency: 1.77397 ms - Host latency: 1.77397 ms (enqueue 0.00251465 ms)
[06/06/2026-21:59:44] [I] Average on 10 runs - GPU latency: 1.77336 ms - Host latency: 1.77336 ms (enqueue 0.00244141 ms)
[06/06/2026-21:59:44] [I] Average on 10 runs - GPU latency: 1.77515 ms - Host latency: 1.77515 ms (enqueue 0.00253906 ms)
[06/06/2026-21:59:44] [I] Average on 10 runs - GPU latency: 1.77427 ms - Host latency: 1.77427 ms (enqueue 0.00239258 ms)
[06/06/2026-21:59:44] [I] Average on 10 runs - GPU latency: 1.77354 ms - Host latency: 1.77354 ms (enqueue 0.00239258 ms)
[06/06/2026-21:59:44] [I] Average on 10 runs - GPU latency: 1.77437 ms - Host latency: 1.77437 ms (enqueue 0.00253906 ms)
[06/06/2026-21:59:44] [I] Average on 10 runs - GPU latency: 1.77339 ms - Host latency: 1.77339 ms (enqueue 0.00239258 ms)
[06/06/2026-21:59:44] [I] Average on 10 runs - GPU latency: 1.77461 ms - Host latency: 1.77461 ms (enqueue 0.00253906 ms)
[06/06/2026-21:59:44] [I] Average on 10 runs - GPU latency: 1.77427 ms - Host latency: 1.77427 ms (enqueue 0.00249023 ms)
[06/06/2026-21:59:44] [I] Average on 10 runs - GPU latency: 1.77451 ms - Host latency: 1.77451 ms (enqueue 0.00229492 ms)
[06/06/2026-21:59:44] [I] Average on 10 runs - GPU latency: 1.7752 ms - Host latency: 1.7752 ms (enqueue 0.00253906 ms)
[06/06/2026-21:59:44] [I] Average on 10 runs - GPU latency: 1.77412 ms - Host latency: 1.77412 ms (enqueue 0.00253906 ms)
[06/06/2026-21:59:44] [I] Average on 10 runs - GPU latency: 1.77534 ms - Host latency: 1.77534 ms (enqueue 0.00229492 ms)
[06/06/2026-21:59:44] [I] Average on 10 runs - GPU latency: 1.77534 ms - Host latency: 1.77534 ms (enqueue 0.00249023 ms)
[06/06/2026-21:59:44] [I] Average on 10 runs - GPU latency: 1.7748 ms - Host latency: 1.7748 ms (enqueue 0.00258789 ms)
[06/06/2026-21:59:44] [I] Average on 10 runs - GPU latency: 1.77485 ms - Host latency: 1.77485 ms (enqueue 0.00234375 ms)
[06/06/2026-21:59:44] [I] Average on 10 runs - GPU latency: 1.77388 ms - Host latency: 1.77388 ms (enqueue 0.00224609 ms)
[06/06/2026-21:59:44] [I] Average on 10 runs - GPU latency: 1.77329 ms - Host latency: 1.77329 ms (enqueue 0.00249023 ms)
[06/06/2026-21:59:44] [I] Average on 10 runs - GPU latency: 1.77383 ms - Host latency: 1.77383 ms (enqueue 0.00253906 ms)
[06/06/2026-21:59:44] [I] Average on 10 runs - GPU latency: 1.77407 ms - Host latency: 1.77407 ms (enqueue 0.00249023 ms)
[06/06/2026-21:59:44] [I] Average on 10 runs - GPU latency: 1.77544 ms - Host latency: 1.77544 ms (enqueue 0.00249023 ms)
[06/06/2026-21:59:44] [I] Average on 10 runs - GPU latency: 1.7748 ms - Host latency: 1.7748 ms (enqueue 0.00244141 ms)
[06/06/2026-21:59:44] [I] Average on 10 runs - GPU latency: 1.77349 ms - Host latency: 1.77349 ms (enqueue 0.00234375 ms)
[06/06/2026-21:59:44] [I] Average on 10 runs - GPU latency: 1.77476 ms - Host latency: 1.77476 ms (enqueue 0.00229492 ms)
[06/06/2026-21:59:44] [I] Average on 10 runs - GPU latency: 1.77427 ms - Host latency: 1.77427 ms (enqueue 0.00244141 ms)
[06/06/2026-21:59:44] [I] Average on 10 runs - GPU latency: 1.77388 ms - Host latency: 1.77388 ms (enqueue 0.00239258 ms)
[06/06/2026-21:59:44] [I] Average on 10 runs - GPU latency: 1.7729 ms - Host latency: 1.7729 ms (enqueue 0.00234375 ms)
[06/06/2026-21:59:44] [I] Average on 10 runs - GPU latency: 1.775 ms - Host latency: 1.775 ms (enqueue 0.00244141 ms)
[06/06/2026-21:59:44] [I] Average on 10 runs - GPU latency: 1.77397 ms - Host latency: 1.77397 ms (enqueue 0.00249023 ms)
[06/06/2026-21:59:44] [I] Average on 10 runs - GPU latency: 1.77422 ms - Host latency: 1.77422 ms (enqueue 0.00263672 ms)
[06/06/2026-21:59:44] [I] Average on 10 runs - GPU latency: 1.77432 ms - Host latency: 1.77432 ms (enqueue 0.00249023 ms)
[06/06/2026-21:59:44] [I] Average on 10 runs - GPU latency: 1.77554 ms - Host latency: 1.77554 ms (enqueue 0.00239258 ms)
[06/06/2026-21:59:44] [I] Average on 10 runs - GPU latency: 1.77437 ms - Host latency: 1.77437 ms (enqueue 0.00234375 ms)
[06/06/2026-21:59:44] [I] Average on 10 runs - GPU latency: 1.77485 ms - Host latency: 1.77485 ms (enqueue 0.00239258 ms)
[06/06/2026-21:59:44] [I] Average on 10 runs - GPU latency: 1.77476 ms - Host latency: 1.77476 ms (enqueue 0.00249023 ms)
[06/06/2026-21:59:44] [I] Average on 10 runs - GPU latency: 1.77476 ms - Host latency: 1.77476 ms (enqueue 0.00244141 ms)
[06/06/2026-21:59:44] [I] Average on 10 runs - GPU latency: 1.7748 ms - Host latency: 1.7748 ms (enqueue 0.00244141 ms)
[06/06/2026-21:59:44] [I] Average on 10 runs - GPU latency: 1.77407 ms - Host latency: 1.77407 ms (enqueue 0.00229492 ms)
[06/06/2026-21:59:44] [I] Average on 10 runs - GPU latency: 1.77471 ms - Host latency: 1.77471 ms (enqueue 0.00253906 ms)
[06/06/2026-21:59:44] [I] Average on 10 runs - GPU latency: 1.77554 ms - Host latency: 1.77554 ms (enqueue 0.00253906 ms)
[06/06/2026-21:59:44] [I] Average on 10 runs - GPU latency: 1.77451 ms - Host latency: 1.77451 ms (enqueue 0.00234375 ms)
[06/06/2026-21:59:44] [I] Average on 10 runs - GPU latency: 1.77441 ms - Host latency: 1.77441 ms (enqueue 0.00244141 ms)
[06/06/2026-21:59:44] [I] Average on 10 runs - GPU latency: 1.77524 ms - Host latency: 1.77524 ms (enqueue 0.00253906 ms)
[06/06/2026-21:59:44] [I] Average on 10 runs - GPU latency: 1.77446 ms - Host latency: 1.77446 ms (enqueue 0.00263672 ms)
[06/06/2026-21:59:44] [I] Average on 10 runs - GPU latency: 1.77271 ms - Host latency: 1.77271 ms (enqueue 0.00253906 ms)
[06/06/2026-21:59:44] [I] Average on 10 runs - GPU latency: 1.7748 ms - Host latency: 1.7748 ms (enqueue 0.00253906 ms)
[06/06/2026-21:59:44] [I] Average on 10 runs - GPU latency: 1.77393 ms - Host latency: 1.77393 ms (enqueue 0.00234375 ms)
[06/06/2026-21:59:44] [I] Average on 10 runs - GPU latency: 1.77603 ms - Host latency: 1.77603 ms (enqueue 0.00244141 ms)
[06/06/2026-21:59:44] [I] Average on 10 runs - GPU latency: 1.77539 ms - Host latency: 1.77539 ms (enqueue 0.00258789 ms)
[06/06/2026-21:59:44] [I] Average on 10 runs - GPU latency: 1.77354 ms - Host latency: 1.77354 ms (enqueue 0.00249023 ms)
[06/06/2026-21:59:44] [I] Average on 10 runs - GPU latency: 1.77422 ms - Host latency: 1.77422 ms (enqueue 0.00253906 ms)
[06/06/2026-21:59:44] [I] Average on 10 runs - GPU latency: 1.77334 ms - Host latency: 1.77334 ms (enqueue 0.00253906 ms)
[06/06/2026-21:59:44] [I] Average on 10 runs - GPU latency: 1.77427 ms - Host latency: 1.77427 ms (enqueue 0.00249023 ms)
[06/06/2026-21:59:44] [I] Average on 10 runs - GPU latency: 1.77603 ms - Host latency: 1.77603 ms (enqueue 0.00263672 ms)
[06/06/2026-21:59:44] [I] Average on 10 runs - GPU latency: 1.77471 ms - Host latency: 1.77471 ms (enqueue 0.00234375 ms)
[06/06/2026-21:59:44] [I] Average on 10 runs - GPU latency: 1.77461 ms - Host latency: 1.77461 ms (enqueue 0.00249023 ms)
[06/06/2026-21:59:44] [I] Average on 10 runs - GPU latency: 1.77544 ms - Host latency: 1.77544 ms (enqueue 0.00263672 ms)
[06/06/2026-21:59:44] [I] Average on 10 runs - GPU latency: 1.77471 ms - Host latency: 1.77471 ms (enqueue 0.00263672 ms)
[06/06/2026-21:59:44] [I] Average on 10 runs - GPU latency: 1.77432 ms - Host latency: 1.77432 ms (enqueue 0.00244141 ms)
[06/06/2026-21:59:44] [I] Average on 10 runs - GPU latency: 1.77373 ms - Host latency: 1.77373 ms (enqueue 0.00253906 ms)
[06/06/2026-21:59:44] [I] Average on 10 runs - GPU latency: 1.77402 ms - Host latency: 1.77402 ms (enqueue 0.00253906 ms)
[06/06/2026-21:59:44] [I] Average on 10 runs - GPU latency: 1.77432 ms - Host latency: 1.77432 ms (enqueue 0.00258789 ms)
[06/06/2026-21:59:44] [I] Average on 10 runs - GPU latency: 1.77402 ms - Host latency: 1.77402 ms (enqueue 0.00249023 ms)
[06/06/2026-21:59:44] [I] Average on 10 runs - GPU latency: 1.7748 ms - Host latency: 1.7748 ms (enqueue 0.00239258 ms)
[06/06/2026-21:59:44] [I] Average on 10 runs - GPU latency: 1.77324 ms - Host latency: 1.77324 ms (enqueue 0.00249023 ms)
[06/06/2026-21:59:44] [I] Average on 10 runs - GPU latency: 1.77437 ms - Host latency: 1.77437 ms (enqueue 0.00258789 ms)
[06/06/2026-21:59:44] [I] Average on 10 runs - GPU latency: 1.77505 ms - Host latency: 1.77505 ms (enqueue 0.00253906 ms)
[06/06/2026-21:59:44] [I] Average on 10 runs - GPU latency: 1.77437 ms - Host latency: 1.77437 ms (enqueue 0.00244141 ms)
[06/06/2026-21:59:44] [I] Average on 10 runs - GPU latency: 1.77295 ms - Host latency: 1.77295 ms (enqueue 0.00234375 ms)
[06/06/2026-21:59:44] [I] Average on 10 runs - GPU latency: 1.7749 ms - Host latency: 1.7749 ms (enqueue 0.00249023 ms)
[06/06/2026-21:59:44] [I] Average on 10 runs - GPU latency: 1.77393 ms - Host latency: 1.77393 ms (enqueue 0.00244141 ms)
[06/06/2026-21:59:44] [I] Average on 10 runs - GPU latency: 1.77422 ms - Host latency: 1.77422 ms (enqueue 0.00249023 ms)
[06/06/2026-21:59:44] [I] Average on 10 runs - GPU latency: 1.77529 ms - Host latency: 1.77529 ms (enqueue 0.00268555 ms)
[06/06/2026-21:59:44] [I] Average on 10 runs - GPU latency: 1.7748 ms - Host latency: 1.7748 ms (enqueue 0.00244141 ms)
[06/06/2026-21:59:44] [I] Average on 10 runs - GPU latency: 1.77495 ms - Host latency: 1.77495 ms (enqueue 0.00234375 ms)
[06/06/2026-21:59:44] [I] Average on 10 runs - GPU latency: 1.77388 ms - Host latency: 1.77388 ms (enqueue 0.00229492 ms)
[06/06/2026-21:59:44] [I] Average on 10 runs - GPU latency: 1.77476 ms - Host latency: 1.77476 ms (enqueue 0.00253906 ms)
[06/06/2026-21:59:44] [I] Average on 10 runs - GPU latency: 1.7749 ms - Host latency: 1.7749 ms (enqueue 0.00253906 ms)
[06/06/2026-21:59:44] [I] Average on 10 runs - GPU latency: 1.77363 ms - Host latency: 1.77363 ms (enqueue 0.00249023 ms)
[06/06/2026-21:59:44] [I] Average on 10 runs - GPU latency: 1.77241 ms - Host latency: 1.77241 ms (enqueue 0.00268555 ms)
[06/06/2026-21:59:44] [I] Average on 10 runs - GPU latency: 1.77393 ms - Host latency: 1.77393 ms (enqueue 0.00239258 ms)
[06/06/2026-21:59:44] [I] Average on 10 runs - GPU latency: 1.77466 ms - Host latency: 1.77466 ms (enqueue 0.00239258 ms)
[06/06/2026-21:59:44] [I] Average on 10 runs - GPU latency: 1.77373 ms - Host latency: 1.77373 ms (enqueue 0.00249023 ms)
[06/06/2026-21:59:44] [I] Average on 10 runs - GPU latency: 1.77363 ms - Host latency: 1.77363 ms (enqueue 0.00239258 ms)
[06/06/2026-21:59:44] [I] Average on 10 runs - GPU latency: 1.77451 ms - Host latency: 1.77451 ms (enqueue 0.00249023 ms)
[06/06/2026-21:59:44] [I] Average on 10 runs - GPU latency: 1.77515 ms - Host latency: 1.77515 ms (enqueue 0.00234375 ms)
[06/06/2026-21:59:44] [I] Average on 10 runs - GPU latency: 1.775 ms - Host latency: 1.775 ms (enqueue 0.00239258 ms)
[06/06/2026-21:59:44] [I] Average on 10 runs - GPU latency: 1.77432 ms - Host latency: 1.77432 ms (enqueue 0.00263672 ms)
[06/06/2026-21:59:44] [I] Average on 10 runs - GPU latency: 1.77573 ms - Host latency: 1.77573 ms (enqueue 0.00239258 ms)
[06/06/2026-21:59:44] [I] Average on 10 runs - GPU latency: 1.77373 ms - Host latency: 1.77373 ms (enqueue 0.00253906 ms)
[06/06/2026-21:59:44] [I] Average on 10 runs - GPU latency: 1.77534 ms - Host latency: 1.77534 ms (enqueue 0.00244141 ms)
[06/06/2026-21:59:44] [I] Average on 10 runs - GPU latency: 1.77466 ms - Host latency: 1.77466 ms (enqueue 0.00258789 ms)
[06/06/2026-21:59:44] [I] Average on 10 runs - GPU latency: 1.7749 ms - Host latency: 1.7749 ms (enqueue 0.00249023 ms)
[06/06/2026-21:59:44] [I] Average on 10 runs - GPU latency: 1.775 ms - Host latency: 1.775 ms (enqueue 0.00263672 ms)
[06/06/2026-21:59:44] [I] Average on 10 runs - GPU latency: 1.77485 ms - Host latency: 1.77485 ms (enqueue 0.00229492 ms)
[06/06/2026-21:59:44] [I] Average on 10 runs - GPU latency: 1.77432 ms - Host latency: 1.77432 ms (enqueue 0.00249023 ms)
[06/06/2026-21:59:44] [I] Average on 10 runs - GPU latency: 1.77451 ms - Host latency: 1.77451 ms (enqueue 0.00244141 ms)
[06/06/2026-21:59:44] [I] Average on 10 runs - GPU latency: 1.77432 ms - Host latency: 1.77432 ms (enqueue 0.00258789 ms)
[06/06/2026-21:59:44] [I] Average on 10 runs - GPU latency: 1.77441 ms - Host latency: 1.77441 ms (enqueue 0.00253906 ms)
[06/06/2026-21:59:44] [I] Average on 10 runs - GPU latency: 1.77358 ms - Host latency: 1.77358 ms (enqueue 0.00244141 ms)
[06/06/2026-21:59:44] [I] Average on 10 runs - GPU latency: 1.7749 ms - Host latency: 1.7749 ms (enqueue 0.00249023 ms)
[06/06/2026-21:59:44] [I] Average on 10 runs - GPU latency: 1.77407 ms - Host latency: 1.77407 ms (enqueue 0.00244141 ms)
[06/06/2026-21:59:44] [I] Average on 10 runs - GPU latency: 1.77354 ms - Host latency: 1.77354 ms (enqueue 0.00253906 ms)
[06/06/2026-21:59:44] [I] Average on 10 runs - GPU latency: 1.77446 ms - Host latency: 1.77446 ms (enqueue 0.00253906 ms)
[06/06/2026-21:59:44] [I] Average on 10 runs - GPU latency: 1.77344 ms - Host latency: 1.77344 ms (enqueue 0.00258789 ms)
[06/06/2026-21:59:44] [I] Average on 10 runs - GPU latency: 1.77383 ms - Host latency: 1.77383 ms (enqueue 0.00258789 ms)
[06/06/2026-21:59:44] [I] Average on 10 runs - GPU latency: 1.7748 ms - Host latency: 1.7748 ms (enqueue 0.00244141 ms)
[06/06/2026-21:59:44] [I] Average on 10 runs - GPU latency: 1.77402 ms - Host latency: 1.77402 ms (enqueue 0.00268555 ms)
[06/06/2026-21:59:44] [I] Average on 10 runs - GPU latency: 1.77461 ms - Host latency: 1.77461 ms (enqueue 0.00253906 ms)
[06/06/2026-21:59:44] [I] Average on 10 runs - GPU latency: 1.77363 ms - Host latency: 1.77363 ms (enqueue 0.00249023 ms)
[06/06/2026-21:59:44] [I] Average on 10 runs - GPU latency: 1.77432 ms - Host latency: 1.77432 ms (enqueue 0.00258789 ms)
[06/06/2026-21:59:44] [I] Average on 10 runs - GPU latency: 1.77524 ms - Host latency: 1.77524 ms (enqueue 0.00239258 ms)
[06/06/2026-21:59:44] [I] Average on 10 runs - GPU latency: 1.77427 ms - Host latency: 1.77427 ms (enqueue 0.00239258 ms)
[06/06/2026-21:59:44] [I] Average on 10 runs - GPU latency: 1.77441 ms - Host latency: 1.77441 ms (enqueue 0.00253906 ms)
[06/06/2026-21:59:44] [I] Average on 10 runs - GPU latency: 1.77388 ms - Host latency: 1.77388 ms (enqueue 0.00249023 ms)
[06/06/2026-21:59:44] [I] Average on 10 runs - GPU latency: 1.77476 ms - Host latency: 1.77476 ms (enqueue 0.00244141 ms)
[06/06/2026-21:59:44] [I] Average on 10 runs - GPU latency: 1.77456 ms - Host latency: 1.77456 ms (enqueue 0.00258789 ms)
[06/06/2026-21:59:44] [I] Average on 10 runs - GPU latency: 1.77422 ms - Host latency: 1.77422 ms (enqueue 0.00263672 ms)
[06/06/2026-21:59:44] [I] Average on 10 runs - GPU latency: 1.77393 ms - Host latency: 1.77393 ms (enqueue 0.00239258 ms)
[06/06/2026-21:59:44] [I] Average on 10 runs - GPU latency: 1.77441 ms - Host latency: 1.77441 ms (enqueue 0.00249023 ms)
[06/06/2026-21:59:44] [I] Average on 10 runs - GPU latency: 1.77593 ms - Host latency: 1.77593 ms (enqueue 0.00273437 ms)
[06/06/2026-21:59:44] [I] Average on 10 runs - GPU latency: 1.77598 ms - Host latency: 1.77598 ms (enqueue 0.00249023 ms)
[06/06/2026-21:59:44] [I] Average on 10 runs - GPU latency: 1.77446 ms - Host latency: 1.77446 ms (enqueue 0.00258789 ms)
[06/06/2026-21:59:44] [I] Average on 10 runs - GPU latency: 1.77559 ms - Host latency: 1.77559 ms (enqueue 0.00244141 ms)
[06/06/2026-21:59:44] [I] Average on 10 runs - GPU latency: 1.7749 ms - Host latency: 1.7749 ms (enqueue 0.00258789 ms)
[06/06/2026-21:59:44] [I] Average on 10 runs - GPU latency: 1.77324 ms - Host latency: 1.77324 ms (enqueue 0.00253906 ms)
[06/06/2026-21:59:44] [I] Average on 10 runs - GPU latency: 1.77393 ms - Host latency: 1.77393 ms (enqueue 0.00268555 ms)
[06/06/2026-21:59:44] [I] Average on 10 runs - GPU latency: 1.77476 ms - Host latency: 1.77476 ms (enqueue 0.00239258 ms)
[06/06/2026-21:59:44] [I] Average on 10 runs - GPU latency: 1.77402 ms - Host latency: 1.77402 ms (enqueue 0.00244141 ms)
[06/06/2026-21:59:44] [I] Average on 10 runs - GPU latency: 1.77456 ms - Host latency: 1.77456 ms (enqueue 0.00253906 ms)
[06/06/2026-21:59:44] [I] Average on 10 runs - GPU latency: 1.77397 ms - Host latency: 1.77397 ms (enqueue 0.00263672 ms)
[06/06/2026-21:59:44] [I] Average on 10 runs - GPU latency: 1.77505 ms - Host latency: 1.77505 ms (enqueue 0.00258789 ms)
[06/06/2026-21:59:44] [I] Average on 10 runs - GPU latency: 1.7752 ms - Host latency: 1.7752 ms (enqueue 0.00219727 ms)
[06/06/2026-21:59:44] [I] Average on 10 runs - GPU latency: 1.77427 ms - Host latency: 1.77427 ms (enqueue 0.00239258 ms)
[06/06/2026-21:59:44] [I] Average on 10 runs - GPU latency: 1.77231 ms - Host latency: 1.77231 ms (enqueue 0.00244141 ms)
[06/06/2026-21:59:44] [I] Average on 10 runs - GPU latency: 1.77368 ms - Host latency: 1.77368 ms (enqueue 0.00249023 ms)
[06/06/2026-21:59:44] [I] Average on 10 runs - GPU latency: 1.77734 ms - Host latency: 1.77734 ms (enqueue 0.00239258 ms)
[06/06/2026-21:59:44] [I] Average on 10 runs - GPU latency: 1.77695 ms - Host latency: 1.77695 ms (enqueue 0.00234375 ms)
[06/06/2026-21:59:44] [I] Average on 10 runs - GPU latency: 1.77847 ms - Host latency: 1.77847 ms (enqueue 0.00258789 ms)
[06/06/2026-21:59:44] [I] Average on 10 runs - GPU latency: 1.77769 ms - Host latency: 1.77769 ms (enqueue 0.00253906 ms)
[06/06/2026-21:59:44] [I] Average on 10 runs - GPU latency: 1.77759 ms - Host latency: 1.77759 ms (enqueue 0.00229492 ms)
[06/06/2026-21:59:44] [I] Average on 10 runs - GPU latency: 1.77739 ms - Host latency: 1.77739 ms (enqueue 0.00249023 ms)
[06/06/2026-21:59:44] [I] Average on 10 runs - GPU latency: 1.7792 ms - Host latency: 1.7792 ms (enqueue 0.00244141 ms)
[06/06/2026-21:59:44] [I] Average on 10 runs - GPU latency: 1.77793 ms - Host latency: 1.77793 ms (enqueue 0.00239258 ms)
[06/06/2026-21:59:44] [I] Average on 10 runs - GPU latency: 1.77886 ms - Host latency: 1.77886 ms (enqueue 0.00234375 ms)
[06/06/2026-21:59:44] [I] Average on 10 runs - GPU latency: 1.77754 ms - Host latency: 1.77754 ms (enqueue 0.00234375 ms)
[06/06/2026-21:59:44] [I] Average on 10 runs - GPU latency: 1.77725 ms - Host latency: 1.77725 ms (enqueue 0.00239258 ms)
[06/06/2026-21:59:44] [I] Average on 10 runs - GPU latency: 1.77822 ms - Host latency: 1.77822 ms (enqueue 0.00253906 ms)
[06/06/2026-21:59:44] [I] Average on 10 runs - GPU latency: 1.77764 ms - Host latency: 1.77764 ms (enqueue 0.00239258 ms)
[06/06/2026-21:59:44] [I] Average on 10 runs - GPU latency: 1.77808 ms - Host latency: 1.77808 ms (enqueue 0.00244141 ms)
[06/06/2026-21:59:44] [I] Average on 10 runs - GPU latency: 1.77793 ms - Host latency: 1.77793 ms (enqueue 0.00239258 ms)
[06/06/2026-21:59:44] [I] Average on 10 runs - GPU latency: 1.77813 ms - Host latency: 1.77813 ms (enqueue 0.00253906 ms)
[06/06/2026-21:59:44] [I] Average on 10 runs - GPU latency: 1.77749 ms - Host latency: 1.77749 ms (enqueue 0.00239258 ms)
[06/06/2026-21:59:44] [I] Average on 10 runs - GPU latency: 1.77856 ms - Host latency: 1.77856 ms (enqueue 0.00244141 ms)
[06/06/2026-21:59:44] [I] Average on 10 runs - GPU latency: 1.77876 ms - Host latency: 1.77876 ms (enqueue 0.00249023 ms)
[06/06/2026-21:59:44] [I] Average on 10 runs - GPU latency: 1.77778 ms - Host latency: 1.77778 ms (enqueue 0.00249023 ms)
[06/06/2026-21:59:44] [I] Average on 10 runs - GPU latency: 1.77749 ms - Host latency: 1.77749 ms (enqueue 0.00229492 ms)
[06/06/2026-21:59:44] [I] Average on 10 runs - GPU latency: 1.77856 ms - Host latency: 1.77856 ms (enqueue 0.00249023 ms)
[06/06/2026-21:59:44] [I] Average on 10 runs - GPU latency: 1.77695 ms - Host latency: 1.77695 ms (enqueue 0.00244141 ms)
[06/06/2026-21:59:44] [I] Average on 10 runs - GPU latency: 1.77788 ms - Host latency: 1.77788 ms (enqueue 0.00239258 ms)
[06/06/2026-21:59:44] [I] Average on 10 runs - GPU latency: 1.77817 ms - Host latency: 1.77817 ms (enqueue 0.00239258 ms)
[06/06/2026-21:59:44] [I] Average on 10 runs - GPU latency: 1.77729 ms - Host latency: 1.77729 ms (enqueue 0.00249023 ms)
[06/06/2026-21:59:44] [I] Average on 10 runs - GPU latency: 1.77783 ms - Host latency: 1.77783 ms (enqueue 0.00263672 ms)
[06/06/2026-21:59:44] [I] Average on 10 runs - GPU latency: 1.7791 ms - Host latency: 1.7791 ms (enqueue 0.00249023 ms)
[06/06/2026-21:59:44] [I] Average on 10 runs - GPU latency: 1.779 ms - Host latency: 1.779 ms (enqueue 0.00263672 ms)
[06/06/2026-21:59:44] [I] Average on 10 runs - GPU latency: 1.77744 ms - Host latency: 1.77744 ms (enqueue 0.00239258 ms)
[06/06/2026-21:59:44] [I] Average on 10 runs - GPU latency: 1.77725 ms - Host latency: 1.77725 ms (enqueue 0.00244141 ms)
[06/06/2026-21:59:44] [I] Average on 10 runs - GPU latency: 1.77856 ms - Host latency: 1.77856 ms (enqueue 0.00239258 ms)
[06/06/2026-21:59:44] [I] Average on 10 runs - GPU latency: 1.77686 ms - Host latency: 1.77686 ms (enqueue 0.00258789 ms)
[06/06/2026-21:59:44] [I] Average on 10 runs - GPU latency: 1.77773 ms - Host latency: 1.77773 ms (enqueue 0.00244141 ms)
[06/06/2026-21:59:44] [I] Average on 10 runs - GPU latency: 1.77783 ms - Host latency: 1.77783 ms (enqueue 0.00249023 ms)
[06/06/2026-21:59:44] [I] Average on 10 runs - GPU latency: 1.77773 ms - Host latency: 1.77773 ms (enqueue 0.00249023 ms)
[06/06/2026-21:59:44] [I] Average on 10 runs - GPU latency: 1.77773 ms - Host latency: 1.77773 ms (enqueue 0.00234375 ms)
[06/06/2026-21:59:44] [I] Average on 10 runs - GPU latency: 1.77695 ms - Host latency: 1.77695 ms (enqueue 0.00249023 ms)
[06/06/2026-21:59:44] [I] Average on 10 runs - GPU latency: 1.77798 ms - Host latency: 1.77798 ms (enqueue 0.00239258 ms)
[06/06/2026-21:59:44] [I] Average on 10 runs - GPU latency: 1.77847 ms - Host latency: 1.77847 ms (enqueue 0.00234375 ms)
[06/06/2026-21:59:44] [I] Average on 10 runs - GPU latency: 1.77832 ms - Host latency: 1.77832 ms (enqueue 0.00239258 ms)
[06/06/2026-21:59:44] [I] Average on 10 runs - GPU latency: 1.77817 ms - Host latency: 1.77817 ms (enqueue 0.00249023 ms)
[06/06/2026-21:59:44] [I] Average on 10 runs - GPU latency: 1.77891 ms - Host latency: 1.77891 ms (enqueue 0.00244141 ms)
[06/06/2026-21:59:44] [I] Average on 10 runs - GPU latency: 1.77866 ms - Host latency: 1.77866 ms (enqueue 0.00239258 ms)
[06/06/2026-21:59:44] [I] Average on 10 runs - GPU latency: 1.77852 ms - Host latency: 1.77852 ms (enqueue 0.00249023 ms)
[06/06/2026-21:59:44] [I] Average on 10 runs - GPU latency: 1.77744 ms - Host latency: 1.77744 ms (enqueue 0.00244141 ms)
[06/06/2026-21:59:44] [I] Average on 10 runs - GPU latency: 1.77773 ms - Host latency: 1.77773 ms (enqueue 0.00258789 ms)
[06/06/2026-21:59:44] [I] Average on 10 runs - GPU latency: 1.77695 ms - Host latency: 1.77695 ms (enqueue 0.00263672 ms)
[06/06/2026-21:59:44] [I] Average on 10 runs - GPU latency: 1.77593 ms - Host latency: 1.77593 ms (enqueue 0.00263672 ms)
[06/06/2026-21:59:44] [I] Average on 10 runs - GPU latency: 1.77778 ms - Host latency: 1.77778 ms (enqueue 0.00244141 ms)
[06/06/2026-21:59:44] [I] Average on 10 runs - GPU latency: 1.77783 ms - Host latency: 1.77783 ms (enqueue 0.00253906 ms)
[06/06/2026-21:59:44] [I] Average on 10 runs - GPU latency: 1.77813 ms - Host latency: 1.77813 ms (enqueue 0.00249023 ms)
[06/06/2026-21:59:44] [I] Average on 10 runs - GPU latency: 1.77856 ms - Host latency: 1.77856 ms (enqueue 0.00249023 ms)
[06/06/2026-21:59:44] [I] Average on 10 runs - GPU latency: 1.77778 ms - Host latency: 1.77778 ms (enqueue 0.00244141 ms)
[06/06/2026-21:59:44] [I] Average on 10 runs - GPU latency: 1.77813 ms - Host latency: 1.77813 ms (enqueue 0.00258789 ms)
[06/06/2026-21:59:44] [I] Average on 10 runs - GPU latency: 1.77749 ms - Host latency: 1.77749 ms (enqueue 0.00244141 ms)
[06/06/2026-21:59:44] [I] Average on 10 runs - GPU latency: 1.77754 ms - Host latency: 1.77754 ms (enqueue 0.00244141 ms)
[06/06/2026-21:59:44] [I] Average on 10 runs - GPU latency: 1.77739 ms - Host latency: 1.77739 ms (enqueue 0.00268555 ms)
[06/06/2026-21:59:44] [I] Average on 10 runs - GPU latency: 1.77871 ms - Host latency: 1.77871 ms (enqueue 0.00244141 ms)
[06/06/2026-21:59:44] [I] Average on 10 runs - GPU latency: 1.77754 ms - Host latency: 1.77754 ms (enqueue 0.00249023 ms)
[06/06/2026-21:59:44] [I] Average on 10 runs - GPU latency: 1.77803 ms - Host latency: 1.77803 ms (enqueue 0.00244141 ms)
[06/06/2026-21:59:44] [I] Average on 10 runs - GPU latency: 1.77822 ms - Host latency: 1.77822 ms (enqueue 0.00239258 ms)
[06/06/2026-21:59:44] [I] Average on 10 runs - GPU latency: 1.77749 ms - Host latency: 1.77749 ms (enqueue 0.00249023 ms)
[06/06/2026-21:59:44] [I] Average on 10 runs - GPU latency: 1.77739 ms - Host latency: 1.77739 ms (enqueue 0.00249023 ms)
[06/06/2026-21:59:44] [I] Average on 10 runs - GPU latency: 1.77695 ms - Host latency: 1.77695 ms (enqueue 0.00239258 ms)
[06/06/2026-21:59:44] [I] Average on 10 runs - GPU latency: 1.77661 ms - Host latency: 1.77661 ms (enqueue 0.00258789 ms)
[06/06/2026-21:59:44] [I] Average on 10 runs - GPU latency: 1.77822 ms - Host latency: 1.77822 ms (enqueue 0.00258789 ms)
[06/06/2026-21:59:44] [I] Average on 10 runs - GPU latency: 1.77817 ms - Host latency: 1.77817 ms (enqueue 0.00244141 ms)
[06/06/2026-21:59:44] [I] Average on 10 runs - GPU latency: 1.77798 ms - Host latency: 1.77798 ms (enqueue 0.00263672 ms)
[06/06/2026-21:59:44] [I] Average on 10 runs - GPU latency: 1.7792 ms - Host latency: 1.7792 ms (enqueue 0.00249023 ms)
[06/06/2026-21:59:44] [I] Average on 10 runs - GPU latency: 1.77676 ms - Host latency: 1.77676 ms (enqueue 0.00229492 ms)
[06/06/2026-21:59:44] [I] Average on 10 runs - GPU latency: 1.7771 ms - Host latency: 1.7771 ms (enqueue 0.00249023 ms)
[06/06/2026-21:59:44] [I] Average on 10 runs - GPU latency: 1.77803 ms - Host latency: 1.77803 ms (enqueue 0.00253906 ms)
[06/06/2026-21:59:44] [I] Average on 10 runs - GPU latency: 1.77837 ms - Host latency: 1.77837 ms (enqueue 0.00239258 ms)
[06/06/2026-21:59:44] [I] Average on 10 runs - GPU latency: 1.77827 ms - Host latency: 1.77827 ms (enqueue 0.00253906 ms)
[06/06/2026-21:59:44] [I] Average on 10 runs - GPU latency: 1.7771 ms - Host latency: 1.7771 ms (enqueue 0.00249023 ms)
[06/06/2026-21:59:44] [I] Average on 10 runs - GPU latency: 1.77881 ms - Host latency: 1.77881 ms (enqueue 0.00239258 ms)
[06/06/2026-21:59:44] [I] Average on 10 runs - GPU latency: 1.777 ms - Host latency: 1.777 ms (enqueue 0.00249023 ms)
[06/06/2026-21:59:44] [I] Average on 10 runs - GPU latency: 1.77729 ms - Host latency: 1.77729 ms (enqueue 0.00249023 ms)
[06/06/2026-21:59:44] [I] Average on 10 runs - GPU latency: 1.77617 ms - Host latency: 1.77617 ms (enqueue 0.00253906 ms)
[06/06/2026-21:59:44] [I] Average on 10 runs - GPU latency: 1.77739 ms - Host latency: 1.77739 ms (enqueue 0.00244141 ms)
[06/06/2026-21:59:44] [I] Average on 10 runs - GPU latency: 1.77803 ms - Host latency: 1.77803 ms (enqueue 0.00239258 ms)
[06/06/2026-21:59:44] [I] Average on 10 runs - GPU latency: 1.77773 ms - Host latency: 1.77773 ms (enqueue 0.00249023 ms)
[06/06/2026-21:59:44] [I] Average on 10 runs - GPU latency: 1.7772 ms - Host latency: 1.7772 ms (enqueue 0.00249023 ms)
[06/06/2026-21:59:44] [I] 
[06/06/2026-21:59:44] [I] === Performance summary ===
[06/06/2026-21:59:44] [I] Throughput: 562.82 qps
[06/06/2026-21:59:44] [I] Latency: min = 1.76611 ms, max = 1.78589 ms, mean = 1.77529 ms, median = 1.7749 ms, percentile(99%) = 1.78271 ms
[06/06/2026-21:59:44] [I] Enqueue Time: min = 0.00195312 ms, max = 0.00537109 ms, mean = 0.00247526 ms, median = 0.00244141 ms, percentile(99%) = 0.00292969 ms
[06/06/2026-21:59:44] [I] H2D Latency: min = 0 ms, max = 0 ms, mean = 0 ms, median = 0 ms, percentile(99%) = 0 ms
[06/06/2026-21:59:44] [I] GPU Compute Time: min = 1.76611 ms, max = 1.78589 ms, mean = 1.77529 ms, median = 1.7749 ms, percentile(99%) = 1.78271 ms
[06/06/2026-21:59:44] [I] D2H Latency: min = 0 ms, max = 0 ms, mean = 0 ms, median = 0 ms, percentile(99%) = 0 ms
[06/06/2026-21:59:44] [I] Total Host Walltime: 6.00369 s
[06/06/2026-21:59:44] [I] Total GPU Compute Time: 5.99871 s
[06/06/2026-21:59:44] [I] Explanations of the performance metrics are printed in the verbose logs.
[06/06/2026-21:59:44] [I] 
&&&& PASSED TensorRT.trtexec [TensorRT v101401] [b48] # trtexec --onnx=models/yolo26n/best.onnx --fp16 --minShapes=images:32x3x416x416 --optShapes=images:32x3x416x416 --maxShapes=images:32x3x416x416 --useCudaGraph --useSpinWait --noDataTransfers --warmUp=2000 --duration=6 --percentile=99 --timingCacheFile=/work/trt_bench/cache/yolo26n.cache --memPoolSize=workspace:8192
