&&&& RUNNING TensorRT.trtexec [TensorRT v101401] [b48] # trtexec --onnx=models/yolo26s/best.onnx --fp16 --minShapes=images:1x3x448x448 --optShapes=images:1x3x448x448 --maxShapes=images:1x3x448x448 --useCudaGraph --useSpinWait --noDataTransfers --warmUp=2000 --duration=6 --percentile=99 --timingCacheFile=/work/trt_bench/cache/yolo26s.cache --memPoolSize=workspace:8192
[06/06/2026-20:50:32] [W] Weakly-typed networks have been deprecated in TensorRT. You can use the AutoCast tool (https://nvidia.github.io/TensorRT-Model-Optimizer/guides/8_autocast.html) to convert the network to be strongly typed.
[06/06/2026-20:50:32] [I] === Model Options ===
[06/06/2026-20:50:32] [I] Format: ONNX
[06/06/2026-20:50:32] [I] Model: models/yolo26s/best.onnx
[06/06/2026-20:50:32] [I] Output:
[06/06/2026-20:50:32] [I] === Build Options ===
[06/06/2026-20:50:32] [I] Memory Pools: workspace: 8192 MiB, dlaSRAM: default, dlaLocalDRAM: default, dlaGlobalDRAM: default, tacticSharedMem: default
[06/06/2026-20:50:32] [I] avgTiming: 8
[06/06/2026-20:50:32] [I] Precision: FP32+FP16
[06/06/2026-20:50:32] [I] LayerPrecisions: 
[06/06/2026-20:50:32] [I] Layer Device Types: 
[06/06/2026-20:50:32] [I] Decomposable Attentions: 
[06/06/2026-20:50:32] [I] Calibration: 
[06/06/2026-20:50:32] [I] Refit: Disabled
[06/06/2026-20:50:32] [I] Strip weights: Disabled
[06/06/2026-20:50:32] [I] Version Compatible: Disabled
[06/06/2026-20:50:32] [I] ONNX Plugin InstanceNorm: Disabled
[06/06/2026-20:50:32] [I] ONNX kENABLE_UINT8_AND_ASYMMETRIC_QUANTIZATION_DLA flag: Disabled
[06/06/2026-20:50:32] [I] TensorRT runtime: full
[06/06/2026-20:50:32] [I] Lean DLL Path: 
[06/06/2026-20:50:32] [I] Tempfile Controls: { in_memory: allow, temporary: allow }
[06/06/2026-20:50:32] [I] Exclude Lean Runtime: Disabled
[06/06/2026-20:50:32] [I] Sparsity: Disabled
[06/06/2026-20:50:32] [I] Safe mode: Disabled
[06/06/2026-20:50:32] [I] Build DLA standalone loadable: Disabled
[06/06/2026-20:50:32] [I] Allow GPU fallback for DLA: Disabled
[06/06/2026-20:50:32] [I] DirectIO mode: Disabled
[06/06/2026-20:50:32] [I] Restricted mode: Disabled
[06/06/2026-20:50:32] [I] Skip inference: Disabled
[06/06/2026-20:50:32] [I] Save engine: 
[06/06/2026-20:50:32] [I] Load engine: 
[06/06/2026-20:50:32] [I] Profiling verbosity: 0
[06/06/2026-20:50:32] [I] Tactic sources: Using default tactic sources
[06/06/2026-20:50:32] [I] timingCacheMode: global
[06/06/2026-20:50:32] [I] timingCacheFile: /work/trt_bench/cache/yolo26s.cache
[06/06/2026-20:50:32] [I] Enable Compilation Cache: Enabled
[06/06/2026-20:50:32] [I] Enable Monitor Memory: Disabled
[06/06/2026-20:50:32] [I] errorOnTimingCacheMiss: Disabled
[06/06/2026-20:50:32] [I] Preview Features: Use default preview flags.
[06/06/2026-20:50:32] [I] MaxAuxStreams: -1
[06/06/2026-20:50:32] [I] BuilderOptimizationLevel: -1
[06/06/2026-20:50:32] [I] MaxTactics: -1
[06/06/2026-20:50:32] [I] Calibration Profile Index: 0
[06/06/2026-20:50:32] [I] Weight Streaming: Disabled
[06/06/2026-20:50:32] [I] Runtime Platform: Same As Build
[06/06/2026-20:50:32] [I] Debug Tensors: 
[06/06/2026-20:50:32] [I] Distributive Independence: Disabled
[06/06/2026-20:50:32] [I] Mark Unfused Tensors As Debug Tensors: Disabled
[06/06/2026-20:50:32] [I] Input(s)s format: fp32:CHW
[06/06/2026-20:50:32] [I] Output(s)s format: fp32:CHW
[06/06/2026-20:50:32] [I] Input build shape (profile 0): images=1x3x448x448+1x3x448x448+1x3x448x448
[06/06/2026-20:50:32] [I] Input calibration shapes: model
[06/06/2026-20:50:32] [I] === System Options ===
[06/06/2026-20:50:32] [I] Device: 0
[06/06/2026-20:50:32] [I] DLACore: 
[06/06/2026-20:50:32] [I] Plugins:
[06/06/2026-20:50:32] [I] setPluginsToSerialize:
[06/06/2026-20:50:32] [I] dynamicPlugins:
[06/06/2026-20:50:32] [I] ignoreParsedPluginLibs: 0
[06/06/2026-20:50:32] [I] 
[06/06/2026-20:50:32] [I] === Inference Options ===
[06/06/2026-20:50:32] [I] Batch: Explicit
[06/06/2026-20:50:32] [I] Input inference shape : images=1x3x448x448
[06/06/2026-20:50:32] [I] Iterations: 10
[06/06/2026-20:50:32] [I] Duration: 6s (+ 2000ms warm up)
[06/06/2026-20:50:32] [I] Sleep time: 0ms
[06/06/2026-20:50:32] [I] Idle time: 0ms
[06/06/2026-20:50:32] [I] Inference Streams: 1
[06/06/2026-20:50:32] [I] ExposeDMA: Disabled
[06/06/2026-20:50:32] [I] Data transfers: Disabled
[06/06/2026-20:50:32] [I] Spin-wait: Enabled
[06/06/2026-20:50:32] [I] Multithreading: Disabled
[06/06/2026-20:50:32] [I] CUDA Graph: Enabled
[06/06/2026-20:50:32] [I] Separate profiling: Disabled
[06/06/2026-20:50:32] [I] Time Deserialize: Disabled
[06/06/2026-20:50:32] [I] Time Refit: Disabled
[06/06/2026-20:50:32] [I] NVTX verbosity: 0
[06/06/2026-20:50:32] [I] Persistent Cache Ratio: 0
[06/06/2026-20:50:32] [I] Optimization Profile Index: 0
[06/06/2026-20:50:32] [I] Weight Streaming Budget: 100.000000%
[06/06/2026-20:50:32] [I] Inputs:
[06/06/2026-20:50:32] [I] Debug Tensor Save Destinations:
[06/06/2026-20:50:32] [I] Dump All Debug Tensor in Formats: 
[06/06/2026-20:50:32] [I] === Reporting Options ===
[06/06/2026-20:50:32] [I] Verbose: Disabled
[06/06/2026-20:50:32] [I] Averages: 10 inferences
[06/06/2026-20:50:32] [I] Percentiles: 99
[06/06/2026-20:50:32] [I] Dump refittable layers:Disabled
[06/06/2026-20:50:32] [I] Dump output: Disabled
[06/06/2026-20:50:32] [I] Profile: Disabled
[06/06/2026-20:50:32] [I] Export timing to JSON file: 
[06/06/2026-20:50:32] [I] Export output to JSON file: 
[06/06/2026-20:50:32] [I] Export profile to JSON file: 
[06/06/2026-20:50:32] [I] 
[06/06/2026-20:50:32] [I] === Device Information ===
[06/06/2026-20:50:32] [I] Available Devices: 
[06/06/2026-20:50:32] [I]   Device 0: "NVIDIA GeForce RTX 4090" UUID: GPU-ecde2256-9c06-55af-a9e9-f5ddb7072ede
[06/06/2026-20:50:32] [I] Selected Device: NVIDIA GeForce RTX 4090
[06/06/2026-20:50:32] [I] Selected Device ID: 0
[06/06/2026-20:50:32] [I] Selected Device UUID: GPU-ecde2256-9c06-55af-a9e9-f5ddb7072ede
[06/06/2026-20:50:32] [I] Compute Capability: 8.9
[06/06/2026-20:50:32] [I] SMs: 128
[06/06/2026-20:50:32] [I] Device Global Memory: 24080 MiB
[06/06/2026-20:50:32] [I] Shared Memory per SM: 100 KiB
[06/06/2026-20:50:32] [I] Memory Bus Width: 384 bits (ECC disabled)
[06/06/2026-20:50:32] [I] Application Compute Clock Rate: 2.55 GHz
[06/06/2026-20:50:32] [I] Application Memory Clock Rate: 10.501 GHz
[06/06/2026-20:50:32] [I] 
[06/06/2026-20:50:32] [I] Note: The application clock rates do not reflect the actual clock rates that the GPU is currently running at.
[06/06/2026-20:50:32] [I] 
[06/06/2026-20:50:32] [I] TensorRT version: 10.14.1
[06/06/2026-20:50:32] [I] Loading standard plugins
[06/06/2026-20:50:32] [I] [TRT] [MemUsageChange] Init CUDA: CPU +0, GPU +0, now: CPU 29, GPU 394 (MiB)
[06/06/2026-20:50:32] [I] Start parsing network model.
[06/06/2026-20:50:32] [I] [TRT] ----------------------------------------------------------------
[06/06/2026-20:50:32] [I] [TRT] Input filename:   models/yolo26s/best.onnx
[06/06/2026-20:50:32] [I] [TRT] ONNX IR version:  0.0.8
[06/06/2026-20:50:32] [I] [TRT] Opset version:    17
[06/06/2026-20:50:32] [I] [TRT] Producer name:    pytorch
[06/06/2026-20:50:32] [I] [TRT] Producer version: 2.11.0
[06/06/2026-20:50:32] [I] [TRT] Domain:           
[06/06/2026-20:50:32] [I] [TRT] Model version:    0
[06/06/2026-20:50:32] [I] [TRT] Doc string:       
[06/06/2026-20:50:32] [I] [TRT] ----------------------------------------------------------------
[06/06/2026-20:50:32] [I] Finished parsing network model. Parse time: 0.0684806
[06/06/2026-20:50:32] [I] Set shape of input tensor images for optimization profile 0 to: MIN=1x3x448x448 OPT=1x3x448x448 MAX=1x3x448x448
[06/06/2026-20:50:32] [W] [TRT] Could not read cache from: /work/trt_bench/cache/yolo26s.cache. A new cache will be generated and written.
[06/06/2026-20:50:33] [I] [TRT] [MemUsageChange] Init builder kernel library: CPU +205, GPU +4, now: CPU 478, GPU 398 (MiB)
[06/06/2026-20:50:33] [I] [TRT] Global timing cache in use. Profiling results in this builder pass will be stored.
[06/06/2026-20:52:29] [I] [TRT] Compiler backend is used during engine build.
[06/06/2026-20:53:43] [I] [TRT] Detected 1 inputs and 1 output network tensors.
[06/06/2026-20:53:45] [I] [TRT] Total Host Persistent Memory: 599312 bytes
[06/06/2026-20:53:45] [I] [TRT] Total Device Persistent Memory: 0 bytes
[06/06/2026-20:53:45] [I] [TRT] Max Scratch Memory: 1430016 bytes
[06/06/2026-20:53:45] [I] [TRT] [BlockAssignment] Started assigning block shifts. This will take 169 steps to complete.
[06/06/2026-20:53:45] [I] [TRT] [BlockAssignment] Algorithm ShiftNTopDown took 6.94636ms to assign 10 blocks to 169 nodes requiring 9333248 bytes.
[06/06/2026-20:53:45] [I] [TRT] Total Activation Memory: 9332736 bytes
[06/06/2026-20:53:45] [I] [TRT] Total Weights Memory: 18993352 bytes
[06/06/2026-20:53:45] [I] [TRT] Compiler backend is used during engine execution.
[06/06/2026-20:53:45] [I] [TRT] Engine generation completed in 192.428 seconds.
[06/06/2026-20:53:45] [I] [TRT] [MemUsageStats] Peak memory usage of TRT CPU/GPU memory allocators: CPU 2 MiB, GPU 49 MiB
[06/06/2026-20:53:45] [I] Created engine with size: 20.3374 MiB
[06/06/2026-20:53:45] [I] Engine built in 192.859 sec.
[06/06/2026-20:53:45] [W] [TRT] Could not read cache from: /work/trt_bench/cache/yolo26s.cache. A new cache will be generated and written.
[06/06/2026-20:53:45] [I] [TRT] Serialized 677 bytes of code generator cache.
[06/06/2026-20:53:45] [I] [TRT] Serialized 299881 bytes of compilation cache.
[06/06/2026-20:53:45] [I] [TRT] Serialized 6478 timing cache entries
[06/06/2026-20:53:45] [I] [TRT] Saved 974438 bytes of timing cache to /work/trt_bench/cache/yolo26s.cache
[06/06/2026-20:53:46] [I] [TRT] Loaded engine size: 20 MiB
[06/06/2026-20:53:46] [I] Engine deserialized in 0.0160668 sec.
[06/06/2026-20:53:46] [I] [TRT] [MemUsageChange] TensorRT-managed allocation in IExecutionContext creation: CPU +0, GPU +9, now: CPU 0, GPU 27 (MiB)
[06/06/2026-20:53:46] [I] Setting persistentCacheLimit to 0 bytes.
[06/06/2026-20:53:46] [I] Created execution context with device memory size: 8.90039 MiB
[06/06/2026-20:53:46] [I] Using random values for input images
[06/06/2026-20:53:46] [I] Input binding for images with dimensions 1x3x448x448 is created.
[06/06/2026-20:53:46] [I] Output binding for output0 with dimensions 1x300x6 is created.
[06/06/2026-20:53:46] [I] Starting inference
[06/06/2026-20:53:46] [I] Capturing CUDA graph for the current execution context
[06/06/2026-20:53:46] [I] Successfully captured CUDA graph for the current execution context
[06/06/2026-20:53:54] [I] Warmup completed 3685 queries over 2000 ms
[06/06/2026-20:53:54] [I] Timing trace has 11151 queries over 6.00104 s
[06/06/2026-20:53:54] [I] 
[06/06/2026-20:53:54] [I] === Trace details ===
[06/06/2026-20:53:54] [I] Trace averages of 10 runs:
[06/06/2026-20:53:54] [I] Average on 10 runs - GPU latency: 0.536548 ms - Host latency: 0.536548 ms (enqueue 0.00230713 ms)
[06/06/2026-20:53:54] [I] Average on 10 runs - GPU latency: 0.536792 ms - Host latency: 0.536792 ms (enqueue 0.00230713 ms)
[06/06/2026-20:53:54] [I] Average on 10 runs - GPU latency: 0.53667 ms - Host latency: 0.53667 ms (enqueue 0.00235596 ms)
[06/06/2026-20:53:54] [I] Average on 10 runs - GPU latency: 0.53656 ms - Host latency: 0.53656 ms (enqueue 0.00233154 ms)
[06/06/2026-20:53:54] [I] Average on 10 runs - GPU latency: 0.536804 ms - Host latency: 0.536804 ms (enqueue 0.00230713 ms)
[06/06/2026-20:53:54] [I] Average on 10 runs - GPU latency: 0.536572 ms - Host latency: 0.536572 ms (enqueue 0.00233154 ms)
[06/06/2026-20:53:54] [I] Average on 10 runs - GPU latency: 0.53689 ms - Host latency: 0.53689 ms (enqueue 0.00231934 ms)
[06/06/2026-20:53:54] [I] Average on 10 runs - GPU latency: 0.536353 ms - Host latency: 0.536353 ms (enqueue 0.00241699 ms)
[06/06/2026-20:53:54] [I] Average on 10 runs - GPU latency: 0.536377 ms - Host latency: 0.536377 ms (enqueue 0.00234375 ms)
[06/06/2026-20:53:54] [I] Average on 10 runs - GPU latency: 0.536353 ms - Host latency: 0.536353 ms (enqueue 0.00227051 ms)
[06/06/2026-20:53:54] [I] Average on 10 runs - GPU latency: 0.536719 ms - Host latency: 0.536719 ms (enqueue 0.00234375 ms)
[06/06/2026-20:53:54] [I] Average on 10 runs - GPU latency: 0.536914 ms - Host latency: 0.536914 ms (enqueue 0.00231934 ms)
[06/06/2026-20:53:54] [I] Average on 10 runs - GPU latency: 0.537085 ms - Host latency: 0.537085 ms (enqueue 0.00231934 ms)
[06/06/2026-20:53:54] [I] Average on 10 runs - GPU latency: 0.536426 ms - Host latency: 0.536426 ms (enqueue 0.00241699 ms)
[06/06/2026-20:53:54] [I] Average on 10 runs - GPU latency: 0.536694 ms - Host latency: 0.536694 ms (enqueue 0.00234375 ms)
[06/06/2026-20:53:54] [I] Average on 10 runs - GPU latency: 0.536694 ms - Host latency: 0.536694 ms (enqueue 0.00229492 ms)
[06/06/2026-20:53:54] [I] Average on 10 runs - GPU latency: 0.536572 ms - Host latency: 0.536572 ms (enqueue 0.00227051 ms)
[06/06/2026-20:53:54] [I] Average on 10 runs - GPU latency: 0.536792 ms - Host latency: 0.536792 ms (enqueue 0.00229492 ms)
[06/06/2026-20:53:54] [I] Average on 10 runs - GPU latency: 0.536523 ms - Host latency: 0.536523 ms (enqueue 0.00234375 ms)
[06/06/2026-20:53:54] [I] Average on 10 runs - GPU latency: 0.536694 ms - Host latency: 0.536694 ms (enqueue 0.00224609 ms)
[06/06/2026-20:53:54] [I] Average on 10 runs - GPU latency: 0.536792 ms - Host latency: 0.536792 ms (enqueue 0.00231934 ms)
[06/06/2026-20:53:54] [I] Average on 10 runs - GPU latency: 0.536841 ms - Host latency: 0.536841 ms (enqueue 0.00231934 ms)
[06/06/2026-20:53:54] [I] Average on 10 runs - GPU latency: 0.53667 ms - Host latency: 0.53667 ms (enqueue 0.00236816 ms)
[06/06/2026-20:53:54] [I] Average on 10 runs - GPU latency: 0.536792 ms - Host latency: 0.536792 ms (enqueue 0.00241699 ms)
[06/06/2026-20:53:54] [I] Average on 10 runs - GPU latency: 0.536597 ms - Host latency: 0.536597 ms (enqueue 0.00231934 ms)
[06/06/2026-20:53:54] [I] Average on 10 runs - GPU latency: 0.536768 ms - Host latency: 0.536768 ms (enqueue 0.00227051 ms)
[06/06/2026-20:53:54] [I] Average on 10 runs - GPU latency: 0.53667 ms - Host latency: 0.53667 ms (enqueue 0.00229492 ms)
[06/06/2026-20:53:54] [I] Average on 10 runs - GPU latency: 0.536572 ms - Host latency: 0.536572 ms (enqueue 0.00229492 ms)
[06/06/2026-20:53:54] [I] Average on 10 runs - GPU latency: 0.536792 ms - Host latency: 0.536792 ms (enqueue 0.00241699 ms)
[06/06/2026-20:53:54] [I] Average on 10 runs - GPU latency: 0.536499 ms - Host latency: 0.536499 ms (enqueue 0.00244141 ms)
[06/06/2026-20:53:54] [I] Average on 10 runs - GPU latency: 0.536548 ms - Host latency: 0.536548 ms (enqueue 0.00227051 ms)
[06/06/2026-20:53:54] [I] Average on 10 runs - GPU latency: 0.536475 ms - Host latency: 0.536475 ms (enqueue 0.00246582 ms)
[06/06/2026-20:53:54] [I] Average on 10 runs - GPU latency: 0.536548 ms - Host latency: 0.536548 ms (enqueue 0.00224609 ms)
[06/06/2026-20:53:54] [I] Average on 10 runs - GPU latency: 0.536792 ms - Host latency: 0.536792 ms (enqueue 0.00229492 ms)
[06/06/2026-20:53:54] [I] Average on 10 runs - GPU latency: 0.53667 ms - Host latency: 0.53667 ms (enqueue 0.00234375 ms)
[06/06/2026-20:53:54] [I] Average on 10 runs - GPU latency: 0.536865 ms - Host latency: 0.536865 ms (enqueue 0.00234375 ms)
[06/06/2026-20:53:54] [I] Average on 10 runs - GPU latency: 0.536792 ms - Host latency: 0.536792 ms (enqueue 0.00231934 ms)
[06/06/2026-20:53:54] [I] Average on 10 runs - GPU latency: 0.536523 ms - Host latency: 0.536523 ms (enqueue 0.00222168 ms)
[06/06/2026-20:53:54] [I] Average on 10 runs - GPU latency: 0.53667 ms - Host latency: 0.53667 ms (enqueue 0.00231934 ms)
[06/06/2026-20:53:54] [I] Average on 10 runs - GPU latency: 0.536792 ms - Host latency: 0.536792 ms (enqueue 0.00224609 ms)
[06/06/2026-20:53:54] [I] Average on 10 runs - GPU latency: 0.536792 ms - Host latency: 0.536792 ms (enqueue 0.00231934 ms)
[06/06/2026-20:53:54] [I] Average on 10 runs - GPU latency: 0.536548 ms - Host latency: 0.536548 ms (enqueue 0.00239258 ms)
[06/06/2026-20:53:54] [I] Average on 10 runs - GPU latency: 0.536597 ms - Host latency: 0.536597 ms (enqueue 0.00229492 ms)
[06/06/2026-20:53:54] [I] Average on 10 runs - GPU latency: 0.536816 ms - Host latency: 0.536816 ms (enqueue 0.00229492 ms)
[06/06/2026-20:53:54] [I] Average on 10 runs - GPU latency: 0.536694 ms - Host latency: 0.536694 ms (enqueue 0.00236816 ms)
[06/06/2026-20:53:54] [I] Average on 10 runs - GPU latency: 0.53645 ms - Host latency: 0.53645 ms (enqueue 0.00236816 ms)
[06/06/2026-20:53:54] [I] Average on 10 runs - GPU latency: 0.53667 ms - Host latency: 0.53667 ms (enqueue 0.00229492 ms)
[06/06/2026-20:53:54] [I] Average on 10 runs - GPU latency: 0.536597 ms - Host latency: 0.536597 ms (enqueue 0.00231934 ms)
[06/06/2026-20:53:54] [I] Average on 10 runs - GPU latency: 0.536646 ms - Host latency: 0.536646 ms (enqueue 0.00231934 ms)
[06/06/2026-20:53:54] [I] Average on 10 runs - GPU latency: 0.536816 ms - Host latency: 0.536816 ms (enqueue 0.00231934 ms)
[06/06/2026-20:53:54] [I] Average on 10 runs - GPU latency: 0.536548 ms - Host latency: 0.536548 ms (enqueue 0.00229492 ms)
[06/06/2026-20:53:54] [I] Average on 10 runs - GPU latency: 0.536816 ms - Host latency: 0.536816 ms (enqueue 0.00227051 ms)
[06/06/2026-20:53:54] [I] Average on 10 runs - GPU latency: 0.536768 ms - Host latency: 0.536768 ms (enqueue 0.00241699 ms)
[06/06/2026-20:53:54] [I] Average on 10 runs - GPU latency: 0.536548 ms - Host latency: 0.536548 ms (enqueue 0.00229492 ms)
[06/06/2026-20:53:54] [I] Average on 10 runs - GPU latency: 0.536865 ms - Host latency: 0.536865 ms (enqueue 0.00239258 ms)
[06/06/2026-20:53:54] [I] Average on 10 runs - GPU latency: 0.53645 ms - Host latency: 0.53645 ms (enqueue 0.00227051 ms)
[06/06/2026-20:53:54] [I] Average on 10 runs - GPU latency: 0.536816 ms - Host latency: 0.536816 ms (enqueue 0.00229492 ms)
[06/06/2026-20:53:54] [I] Average on 10 runs - GPU latency: 0.536426 ms - Host latency: 0.536426 ms (enqueue 0.00239258 ms)
[06/06/2026-20:53:54] [I] Average on 10 runs - GPU latency: 0.536353 ms - Host latency: 0.536353 ms (enqueue 0.00231934 ms)
[06/06/2026-20:53:54] [I] Average on 10 runs - GPU latency: 0.536768 ms - Host latency: 0.536768 ms (enqueue 0.00231934 ms)
[06/06/2026-20:53:54] [I] Average on 10 runs - GPU latency: 0.536621 ms - Host latency: 0.536621 ms (enqueue 0.00234375 ms)
[06/06/2026-20:53:54] [I] Average on 10 runs - GPU latency: 0.536792 ms - Host latency: 0.536792 ms (enqueue 0.00229492 ms)
[06/06/2026-20:53:54] [I] Average on 10 runs - GPU latency: 0.536719 ms - Host latency: 0.536719 ms (enqueue 0.00234375 ms)
[06/06/2026-20:53:54] [I] Average on 10 runs - GPU latency: 0.536743 ms - Host latency: 0.536743 ms (enqueue 0.00227051 ms)
[06/06/2026-20:53:54] [I] Average on 10 runs - GPU latency: 0.53667 ms - Host latency: 0.53667 ms (enqueue 0.00229492 ms)
[06/06/2026-20:53:54] [I] Average on 10 runs - GPU latency: 0.536914 ms - Host latency: 0.536914 ms (enqueue 0.00234375 ms)
[06/06/2026-20:53:54] [I] Average on 10 runs - GPU latency: 0.536694 ms - Host latency: 0.536694 ms (enqueue 0.00231934 ms)
[06/06/2026-20:53:54] [I] Average on 10 runs - GPU latency: 0.536304 ms - Host latency: 0.536304 ms (enqueue 0.00224609 ms)
[06/06/2026-20:53:54] [I] Average on 10 runs - GPU latency: 0.53667 ms - Host latency: 0.53667 ms (enqueue 0.00241699 ms)
[06/06/2026-20:53:54] [I] Average on 10 runs - GPU latency: 0.536328 ms - Host latency: 0.536328 ms (enqueue 0.00244141 ms)
[06/06/2026-20:53:54] [I] Average on 10 runs - GPU latency: 0.536694 ms - Host latency: 0.536694 ms (enqueue 0.00234375 ms)
[06/06/2026-20:53:54] [I] Average on 10 runs - GPU latency: 0.536572 ms - Host latency: 0.536572 ms (enqueue 0.00227051 ms)
[06/06/2026-20:53:54] [I] Average on 10 runs - GPU latency: 0.536426 ms - Host latency: 0.536426 ms (enqueue 0.00229492 ms)
[06/06/2026-20:53:54] [I] Average on 10 runs - GPU latency: 0.536499 ms - Host latency: 0.536499 ms (enqueue 0.00239258 ms)
[06/06/2026-20:53:54] [I] Average on 10 runs - GPU latency: 0.536548 ms - Host latency: 0.536548 ms (enqueue 0.00236816 ms)
[06/06/2026-20:53:54] [I] Average on 10 runs - GPU latency: 0.536523 ms - Host latency: 0.536523 ms (enqueue 0.00234375 ms)
[06/06/2026-20:53:54] [I] Average on 10 runs - GPU latency: 0.536548 ms - Host latency: 0.536548 ms (enqueue 0.00236816 ms)
[06/06/2026-20:53:54] [I] Average on 10 runs - GPU latency: 0.536694 ms - Host latency: 0.536694 ms (enqueue 0.00227051 ms)
[06/06/2026-20:53:54] [I] Average on 10 runs - GPU latency: 0.53645 ms - Host latency: 0.53645 ms (enqueue 0.00241699 ms)
[06/06/2026-20:53:54] [I] Average on 10 runs - GPU latency: 0.536792 ms - Host latency: 0.536792 ms (enqueue 0.00234375 ms)
[06/06/2026-20:53:54] [I] Average on 10 runs - GPU latency: 0.536646 ms - Host latency: 0.536646 ms (enqueue 0.00241699 ms)
[06/06/2026-20:53:54] [I] Average on 10 runs - GPU latency: 0.536792 ms - Host latency: 0.536792 ms (enqueue 0.00229492 ms)
[06/06/2026-20:53:54] [I] Average on 10 runs - GPU latency: 0.536694 ms - Host latency: 0.536694 ms (enqueue 0.00224609 ms)
[06/06/2026-20:53:54] [I] Average on 10 runs - GPU latency: 0.53645 ms - Host latency: 0.53645 ms (enqueue 0.00239258 ms)
[06/06/2026-20:53:54] [I] Average on 10 runs - GPU latency: 0.536646 ms - Host latency: 0.536646 ms (enqueue 0.00234375 ms)
[06/06/2026-20:53:54] [I] Average on 10 runs - GPU latency: 0.536572 ms - Host latency: 0.536572 ms (enqueue 0.00231934 ms)
[06/06/2026-20:53:54] [I] Average on 10 runs - GPU latency: 0.53667 ms - Host latency: 0.53667 ms (enqueue 0.00227051 ms)
[06/06/2026-20:53:54] [I] Average on 10 runs - GPU latency: 0.53667 ms - Host latency: 0.53667 ms (enqueue 0.00239258 ms)
[06/06/2026-20:53:54] [I] Average on 10 runs - GPU latency: 0.536475 ms - Host latency: 0.536475 ms (enqueue 0.00239258 ms)
[06/06/2026-20:53:54] [I] Average on 10 runs - GPU latency: 0.536768 ms - Host latency: 0.536768 ms (enqueue 0.00229492 ms)
[06/06/2026-20:53:54] [I] Average on 10 runs - GPU latency: 0.536646 ms - Host latency: 0.536646 ms (enqueue 0.00231934 ms)
[06/06/2026-20:53:54] [I] Average on 10 runs - GPU latency: 0.53645 ms - Host latency: 0.53645 ms (enqueue 0.00234375 ms)
[06/06/2026-20:53:54] [I] Average on 10 runs - GPU latency: 0.536694 ms - Host latency: 0.536694 ms (enqueue 0.00229492 ms)
[06/06/2026-20:53:54] [I] Average on 10 runs - GPU latency: 0.536426 ms - Host latency: 0.536426 ms (enqueue 0.00229492 ms)
[06/06/2026-20:53:54] [I] Average on 10 runs - GPU latency: 0.536743 ms - Host latency: 0.536743 ms (enqueue 0.00231934 ms)
[06/06/2026-20:53:54] [I] Average on 10 runs - GPU latency: 0.536694 ms - Host latency: 0.536694 ms (enqueue 0.00236816 ms)
[06/06/2026-20:53:54] [I] Average on 10 runs - GPU latency: 0.536694 ms - Host latency: 0.536694 ms (enqueue 0.00246582 ms)
[06/06/2026-20:53:54] [I] Average on 10 runs - GPU latency: 0.536523 ms - Host latency: 0.536523 ms (enqueue 0.00224609 ms)
[06/06/2026-20:53:54] [I] Average on 10 runs - GPU latency: 0.536377 ms - Host latency: 0.536377 ms (enqueue 0.00236816 ms)
[06/06/2026-20:53:54] [I] Average on 10 runs - GPU latency: 0.536792 ms - Host latency: 0.536792 ms (enqueue 0.00239258 ms)
[06/06/2026-20:53:54] [I] Average on 10 runs - GPU latency: 0.536157 ms - Host latency: 0.536157 ms (enqueue 0.00229492 ms)
[06/06/2026-20:53:54] [I] Average on 10 runs - GPU latency: 0.536694 ms - Host latency: 0.536694 ms (enqueue 0.00241699 ms)
[06/06/2026-20:53:54] [I] Average on 10 runs - GPU latency: 0.536694 ms - Host latency: 0.536694 ms (enqueue 0.00231934 ms)
[06/06/2026-20:53:54] [I] Average on 10 runs - GPU latency: 0.53667 ms - Host latency: 0.53667 ms (enqueue 0.00236816 ms)
[06/06/2026-20:53:54] [I] Average on 10 runs - GPU latency: 0.536572 ms - Host latency: 0.536572 ms (enqueue 0.00239258 ms)
[06/06/2026-20:53:54] [I] Average on 10 runs - GPU latency: 0.536621 ms - Host latency: 0.536621 ms (enqueue 0.00229492 ms)
[06/06/2026-20:53:54] [I] Average on 10 runs - GPU latency: 0.536572 ms - Host latency: 0.536572 ms (enqueue 0.00236816 ms)
[06/06/2026-20:53:54] [I] Average on 10 runs - GPU latency: 0.536792 ms - Host latency: 0.536792 ms (enqueue 0.00231934 ms)
[06/06/2026-20:53:54] [I] Average on 10 runs - GPU latency: 0.536377 ms - Host latency: 0.536377 ms (enqueue 0.00236816 ms)
[06/06/2026-20:53:54] [I] Average on 10 runs - GPU latency: 0.536499 ms - Host latency: 0.536499 ms (enqueue 0.00231934 ms)
[06/06/2026-20:53:54] [I] Average on 10 runs - GPU latency: 0.536304 ms - Host latency: 0.536304 ms (enqueue 0.00229492 ms)
[06/06/2026-20:53:54] [I] Average on 10 runs - GPU latency: 0.536475 ms - Host latency: 0.536475 ms (enqueue 0.00227051 ms)
[06/06/2026-20:53:54] [I] Average on 10 runs - GPU latency: 0.536255 ms - Host latency: 0.536255 ms (enqueue 0.00229492 ms)
[06/06/2026-20:53:54] [I] Average on 10 runs - GPU latency: 0.536572 ms - Host latency: 0.536572 ms (enqueue 0.00231934 ms)
[06/06/2026-20:53:54] [I] Average on 10 runs - GPU latency: 0.536621 ms - Host latency: 0.536621 ms (enqueue 0.00234375 ms)
[06/06/2026-20:53:54] [I] Average on 10 runs - GPU latency: 0.536426 ms - Host latency: 0.536426 ms (enqueue 0.00219727 ms)
[06/06/2026-20:53:54] [I] Average on 10 runs - GPU latency: 0.536768 ms - Host latency: 0.536768 ms (enqueue 0.00239258 ms)
[06/06/2026-20:53:54] [I] Average on 10 runs - GPU latency: 0.536572 ms - Host latency: 0.536572 ms (enqueue 0.00275879 ms)
[06/06/2026-20:53:54] [I] Average on 10 runs - GPU latency: 0.53667 ms - Host latency: 0.53667 ms (enqueue 0.00229492 ms)
[06/06/2026-20:53:54] [I] Average on 10 runs - GPU latency: 0.536548 ms - Host latency: 0.536548 ms (enqueue 0.00227051 ms)
[06/06/2026-20:53:54] [I] Average on 10 runs - GPU latency: 0.536694 ms - Host latency: 0.536694 ms (enqueue 0.00234375 ms)
[06/06/2026-20:53:54] [I] Average on 10 runs - GPU latency: 0.53689 ms - Host latency: 0.53689 ms (enqueue 0.00236816 ms)
[06/06/2026-20:53:54] [I] Average on 10 runs - GPU latency: 0.536719 ms - Host latency: 0.536719 ms (enqueue 0.00234375 ms)
[06/06/2026-20:53:54] [I] Average on 10 runs - GPU latency: 0.53645 ms - Host latency: 0.53645 ms (enqueue 0.00224609 ms)
[06/06/2026-20:53:54] [I] Average on 10 runs - GPU latency: 0.536377 ms - Host latency: 0.536377 ms (enqueue 0.00251465 ms)
[06/06/2026-20:53:54] [I] Average on 10 runs - GPU latency: 0.536304 ms - Host latency: 0.536304 ms (enqueue 0.00234375 ms)
[06/06/2026-20:53:54] [I] Average on 10 runs - GPU latency: 0.536792 ms - Host latency: 0.536792 ms (enqueue 0.00222168 ms)
[06/06/2026-20:53:54] [I] Average on 10 runs - GPU latency: 0.536426 ms - Host latency: 0.536426 ms (enqueue 0.00239258 ms)
[06/06/2026-20:53:54] [I] Average on 10 runs - GPU latency: 0.536499 ms - Host latency: 0.536499 ms (enqueue 0.00229492 ms)
[06/06/2026-20:53:54] [I] Average on 10 runs - GPU latency: 0.536694 ms - Host latency: 0.536694 ms (enqueue 0.00231934 ms)
[06/06/2026-20:53:54] [I] Average on 10 runs - GPU latency: 0.536475 ms - Host latency: 0.536475 ms (enqueue 0.00231934 ms)
[06/06/2026-20:53:54] [I] Average on 10 runs - GPU latency: 0.536694 ms - Host latency: 0.536694 ms (enqueue 0.00227051 ms)
[06/06/2026-20:53:54] [I] Average on 10 runs - GPU latency: 0.536572 ms - Host latency: 0.536572 ms (enqueue 0.00229492 ms)
[06/06/2026-20:53:54] [I] Average on 10 runs - GPU latency: 0.536865 ms - Host latency: 0.536865 ms (enqueue 0.00222168 ms)
[06/06/2026-20:53:54] [I] Average on 10 runs - GPU latency: 0.536377 ms - Host latency: 0.536377 ms (enqueue 0.00229492 ms)
[06/06/2026-20:53:54] [I] Average on 10 runs - GPU latency: 0.53689 ms - Host latency: 0.53689 ms (enqueue 0.00229492 ms)
[06/06/2026-20:53:54] [I] Average on 10 runs - GPU latency: 0.536792 ms - Host latency: 0.536792 ms (enqueue 0.00227051 ms)
[06/06/2026-20:53:54] [I] Average on 10 runs - GPU latency: 0.536646 ms - Host latency: 0.536646 ms (enqueue 0.00234375 ms)
[06/06/2026-20:53:54] [I] Average on 10 runs - GPU latency: 0.536499 ms - Host latency: 0.536499 ms (enqueue 0.00231934 ms)
[06/06/2026-20:53:54] [I] Average on 10 runs - GPU latency: 0.536694 ms - Host latency: 0.536694 ms (enqueue 0.00239258 ms)
[06/06/2026-20:53:54] [I] Average on 10 runs - GPU latency: 0.536499 ms - Host latency: 0.536499 ms (enqueue 0.00224609 ms)
[06/06/2026-20:53:54] [I] Average on 10 runs - GPU latency: 0.536987 ms - Host latency: 0.536987 ms (enqueue 0.00236816 ms)
[06/06/2026-20:53:54] [I] Average on 10 runs - GPU latency: 0.536694 ms - Host latency: 0.536694 ms (enqueue 0.00229492 ms)
[06/06/2026-20:53:54] [I] Average on 10 runs - GPU latency: 0.536865 ms - Host latency: 0.536865 ms (enqueue 0.00236816 ms)
[06/06/2026-20:53:54] [I] Average on 10 runs - GPU latency: 0.536377 ms - Host latency: 0.536377 ms (enqueue 0.00227051 ms)
[06/06/2026-20:53:54] [I] Average on 10 runs - GPU latency: 0.53645 ms - Host latency: 0.53645 ms (enqueue 0.00231934 ms)
[06/06/2026-20:53:54] [I] Average on 10 runs - GPU latency: 0.53667 ms - Host latency: 0.53667 ms (enqueue 0.00224609 ms)
[06/06/2026-20:53:54] [I] Average on 10 runs - GPU latency: 0.536646 ms - Host latency: 0.536646 ms (enqueue 0.00241699 ms)
[06/06/2026-20:53:54] [I] Average on 10 runs - GPU latency: 0.536719 ms - Host latency: 0.536719 ms (enqueue 0.00224609 ms)
[06/06/2026-20:53:54] [I] Average on 10 runs - GPU latency: 0.537109 ms - Host latency: 0.537109 ms (enqueue 0.00224609 ms)
[06/06/2026-20:53:54] [I] Average on 10 runs - GPU latency: 0.536548 ms - Host latency: 0.536548 ms (enqueue 0.00231934 ms)
[06/06/2026-20:53:54] [I] Average on 10 runs - GPU latency: 0.53689 ms - Host latency: 0.53689 ms (enqueue 0.00222168 ms)
[06/06/2026-20:53:54] [I] Average on 10 runs - GPU latency: 0.536475 ms - Host latency: 0.536475 ms (enqueue 0.00229492 ms)
[06/06/2026-20:53:54] [I] Average on 10 runs - GPU latency: 0.536621 ms - Host latency: 0.536621 ms (enqueue 0.00227051 ms)
[06/06/2026-20:53:54] [I] Average on 10 runs - GPU latency: 0.536572 ms - Host latency: 0.536572 ms (enqueue 0.00234375 ms)
[06/06/2026-20:53:54] [I] Average on 10 runs - GPU latency: 0.536792 ms - Host latency: 0.536792 ms (enqueue 0.00234375 ms)
[06/06/2026-20:53:54] [I] Average on 10 runs - GPU latency: 0.536621 ms - Host latency: 0.536621 ms (enqueue 0.00236816 ms)
[06/06/2026-20:53:54] [I] Average on 10 runs - GPU latency: 0.536597 ms - Host latency: 0.536597 ms (enqueue 0.00231934 ms)
[06/06/2026-20:53:54] [I] Average on 10 runs - GPU latency: 0.536646 ms - Host latency: 0.536646 ms (enqueue 0.00236816 ms)
[06/06/2026-20:53:54] [I] Average on 10 runs - GPU latency: 0.536816 ms - Host latency: 0.536816 ms (enqueue 0.00234375 ms)
[06/06/2026-20:53:54] [I] Average on 10 runs - GPU latency: 0.53667 ms - Host latency: 0.53667 ms (enqueue 0.00239258 ms)
[06/06/2026-20:53:54] [I] Average on 10 runs - GPU latency: 0.536694 ms - Host latency: 0.536694 ms (enqueue 0.00227051 ms)
[06/06/2026-20:53:54] [I] Average on 10 runs - GPU latency: 0.536768 ms - Host latency: 0.536768 ms (enqueue 0.00231934 ms)
[06/06/2026-20:53:54] [I] Average on 10 runs - GPU latency: 0.536572 ms - Host latency: 0.536572 ms (enqueue 0.00231934 ms)
[06/06/2026-20:53:54] [I] Average on 10 runs - GPU latency: 0.536792 ms - Host latency: 0.536792 ms (enqueue 0.00231934 ms)
[06/06/2026-20:53:54] [I] Average on 10 runs - GPU latency: 0.536865 ms - Host latency: 0.536865 ms (enqueue 0.00241699 ms)
[06/06/2026-20:53:54] [I] Average on 10 runs - GPU latency: 0.536694 ms - Host latency: 0.536694 ms (enqueue 0.00239258 ms)
[06/06/2026-20:53:54] [I] Average on 10 runs - GPU latency: 0.536938 ms - Host latency: 0.536938 ms (enqueue 0.00231934 ms)
[06/06/2026-20:53:54] [I] Average on 10 runs - GPU latency: 0.536572 ms - Host latency: 0.536572 ms (enqueue 0.00236816 ms)
[06/06/2026-20:53:54] [I] Average on 10 runs - GPU latency: 0.536572 ms - Host latency: 0.536572 ms (enqueue 0.00231934 ms)
[06/06/2026-20:53:54] [I] Average on 10 runs - GPU latency: 0.53667 ms - Host latency: 0.53667 ms (enqueue 0.00229492 ms)
[06/06/2026-20:53:54] [I] Average on 10 runs - GPU latency: 0.536792 ms - Host latency: 0.536792 ms (enqueue 0.00239258 ms)
[06/06/2026-20:53:54] [I] Average on 10 runs - GPU latency: 0.536597 ms - Host latency: 0.536597 ms (enqueue 0.00227051 ms)
[06/06/2026-20:53:54] [I] Average on 10 runs - GPU latency: 0.536426 ms - Host latency: 0.536426 ms (enqueue 0.00234375 ms)
[06/06/2026-20:53:54] [I] Average on 10 runs - GPU latency: 0.536548 ms - Host latency: 0.536548 ms (enqueue 0.00236816 ms)
[06/06/2026-20:53:54] [I] Average on 10 runs - GPU latency: 0.536792 ms - Host latency: 0.536792 ms (enqueue 0.00227051 ms)
[06/06/2026-20:53:54] [I] Average on 10 runs - GPU latency: 0.536499 ms - Host latency: 0.536499 ms (enqueue 0.00236816 ms)
[06/06/2026-20:53:54] [I] Average on 10 runs - GPU latency: 0.536694 ms - Host latency: 0.536694 ms (enqueue 0.00236816 ms)
[06/06/2026-20:53:54] [I] Average on 10 runs - GPU latency: 0.53667 ms - Host latency: 0.53667 ms (enqueue 0.00234375 ms)
[06/06/2026-20:53:54] [I] Average on 10 runs - GPU latency: 0.536621 ms - Host latency: 0.536621 ms (enqueue 0.00229492 ms)
[06/06/2026-20:53:54] [I] Average on 10 runs - GPU latency: 0.537183 ms - Host latency: 0.537183 ms (enqueue 0.00227051 ms)
[06/06/2026-20:53:54] [I] Average on 10 runs - GPU latency: 0.536694 ms - Host latency: 0.536694 ms (enqueue 0.00229492 ms)
[06/06/2026-20:53:54] [I] Average on 10 runs - GPU latency: 0.536768 ms - Host latency: 0.536768 ms (enqueue 0.00229492 ms)
[06/06/2026-20:53:54] [I] Average on 10 runs - GPU latency: 0.536914 ms - Host latency: 0.536914 ms (enqueue 0.00227051 ms)
[06/06/2026-20:53:54] [I] Average on 10 runs - GPU latency: 0.536572 ms - Host latency: 0.536572 ms (enqueue 0.00234375 ms)
[06/06/2026-20:53:54] [I] Average on 10 runs - GPU latency: 0.536792 ms - Host latency: 0.536792 ms (enqueue 0.00231934 ms)
[06/06/2026-20:53:54] [I] Average on 10 runs - GPU latency: 0.53645 ms - Host latency: 0.53645 ms (enqueue 0.00231934 ms)
[06/06/2026-20:53:54] [I] Average on 10 runs - GPU latency: 0.536987 ms - Host latency: 0.536987 ms (enqueue 0.00236816 ms)
[06/06/2026-20:53:54] [I] Average on 10 runs - GPU latency: 0.536353 ms - Host latency: 0.536353 ms (enqueue 0.00227051 ms)
[06/06/2026-20:53:54] [I] Average on 10 runs - GPU latency: 0.536694 ms - Host latency: 0.536694 ms (enqueue 0.00231934 ms)
[06/06/2026-20:53:54] [I] Average on 10 runs - GPU latency: 0.536768 ms - Host latency: 0.536768 ms (enqueue 0.00231934 ms)
[06/06/2026-20:53:54] [I] Average on 10 runs - GPU latency: 0.536768 ms - Host latency: 0.536768 ms (enqueue 0.00229492 ms)
[06/06/2026-20:53:54] [I] Average on 10 runs - GPU latency: 0.53667 ms - Host latency: 0.53667 ms (enqueue 0.00229492 ms)
[06/06/2026-20:53:54] [I] Average on 10 runs - GPU latency: 0.53689 ms - Host latency: 0.53689 ms (enqueue 0.00227051 ms)
[06/06/2026-20:53:54] [I] Average on 10 runs - GPU latency: 0.536475 ms - Host latency: 0.536475 ms (enqueue 0.00234375 ms)
[06/06/2026-20:53:54] [I] Average on 10 runs - GPU latency: 0.536792 ms - Host latency: 0.536792 ms (enqueue 0.00227051 ms)
[06/06/2026-20:53:54] [I] Average on 10 runs - GPU latency: 0.53645 ms - Host latency: 0.53645 ms (enqueue 0.00234375 ms)
[06/06/2026-20:53:54] [I] Average on 10 runs - GPU latency: 0.536792 ms - Host latency: 0.536792 ms (enqueue 0.00244141 ms)
[06/06/2026-20:53:54] [I] Average on 10 runs - GPU latency: 0.536719 ms - Host latency: 0.536719 ms (enqueue 0.00231934 ms)
[06/06/2026-20:53:54] [I] Average on 10 runs - GPU latency: 0.536792 ms - Host latency: 0.536792 ms (enqueue 0.00231934 ms)
[06/06/2026-20:53:54] [I] ... Omitting 7151 lines
[06/06/2026-20:53:54] [I] Average on 10 runs - GPU latency: 0.536621 ms - Host latency: 0.536621 ms (enqueue 0.00219727 ms)
[06/06/2026-20:53:54] [I] Average on 10 runs - GPU latency: 0.536377 ms - Host latency: 0.536377 ms (enqueue 0.00244141 ms)
[06/06/2026-20:53:54] [I] Average on 10 runs - GPU latency: 0.536816 ms - Host latency: 0.536816 ms (enqueue 0.00229492 ms)
[06/06/2026-20:53:54] [I] Average on 10 runs - GPU latency: 0.536426 ms - Host latency: 0.536426 ms (enqueue 0.00224609 ms)
[06/06/2026-20:53:54] [I] Average on 10 runs - GPU latency: 0.536621 ms - Host latency: 0.536621 ms (enqueue 0.00234375 ms)
[06/06/2026-20:53:54] [I] Average on 10 runs - GPU latency: 0.536572 ms - Host latency: 0.536572 ms (enqueue 0.00244141 ms)
[06/06/2026-20:53:54] [I] Average on 10 runs - GPU latency: 0.536719 ms - Host latency: 0.536719 ms (enqueue 0.00224609 ms)
[06/06/2026-20:53:54] [I] Average on 10 runs - GPU latency: 0.536865 ms - Host latency: 0.536865 ms (enqueue 0.00224609 ms)
[06/06/2026-20:53:54] [I] Average on 10 runs - GPU latency: 0.536719 ms - Host latency: 0.536719 ms (enqueue 0.00244141 ms)
[06/06/2026-20:53:54] [I] Average on 10 runs - GPU latency: 0.536475 ms - Host latency: 0.536475 ms (enqueue 0.00214844 ms)
[06/06/2026-20:53:54] [I] Average on 10 runs - GPU latency: 0.536621 ms - Host latency: 0.536621 ms (enqueue 0.00249023 ms)
[06/06/2026-20:53:54] [I] Average on 10 runs - GPU latency: 0.536572 ms - Host latency: 0.536572 ms (enqueue 0.00219727 ms)
[06/06/2026-20:53:54] [I] Average on 10 runs - GPU latency: 0.536523 ms - Host latency: 0.536523 ms (enqueue 0.00224609 ms)
[06/06/2026-20:53:54] [I] Average on 10 runs - GPU latency: 0.536768 ms - Host latency: 0.536768 ms (enqueue 0.00234375 ms)
[06/06/2026-20:53:54] [I] Average on 10 runs - GPU latency: 0.536621 ms - Host latency: 0.536621 ms (enqueue 0.00234375 ms)
[06/06/2026-20:53:54] [I] Average on 10 runs - GPU latency: 0.536475 ms - Host latency: 0.536475 ms (enqueue 0.00219727 ms)
[06/06/2026-20:53:54] [I] Average on 10 runs - GPU latency: 0.536719 ms - Host latency: 0.536719 ms (enqueue 0.00219727 ms)
[06/06/2026-20:53:54] [I] Average on 10 runs - GPU latency: 0.536523 ms - Host latency: 0.536523 ms (enqueue 0.00224609 ms)
[06/06/2026-20:53:54] [I] Average on 10 runs - GPU latency: 0.536426 ms - Host latency: 0.536426 ms (enqueue 0.00239258 ms)
[06/06/2026-20:53:54] [I] Average on 10 runs - GPU latency: 0.536279 ms - Host latency: 0.536279 ms (enqueue 0.00219727 ms)
[06/06/2026-20:53:54] [I] Average on 10 runs - GPU latency: 0.536719 ms - Host latency: 0.536719 ms (enqueue 0.00239258 ms)
[06/06/2026-20:53:54] [I] Average on 10 runs - GPU latency: 0.53667 ms - Host latency: 0.53667 ms (enqueue 0.00205078 ms)
[06/06/2026-20:53:54] [I] Average on 10 runs - GPU latency: 0.536426 ms - Host latency: 0.536426 ms (enqueue 0.00249023 ms)
[06/06/2026-20:53:54] [I] Average on 10 runs - GPU latency: 0.536572 ms - Host latency: 0.536572 ms (enqueue 0.00229492 ms)
[06/06/2026-20:53:54] [I] Average on 10 runs - GPU latency: 0.536426 ms - Host latency: 0.536426 ms (enqueue 0.00244141 ms)
[06/06/2026-20:53:54] [I] Average on 10 runs - GPU latency: 0.536182 ms - Host latency: 0.536182 ms (enqueue 0.00205078 ms)
[06/06/2026-20:53:54] [I] Average on 10 runs - GPU latency: 0.536621 ms - Host latency: 0.536621 ms (enqueue 0.00234375 ms)
[06/06/2026-20:53:54] [I] Average on 10 runs - GPU latency: 0.536475 ms - Host latency: 0.536475 ms (enqueue 0.00209961 ms)
[06/06/2026-20:53:54] [I] Average on 10 runs - GPU latency: 0.536621 ms - Host latency: 0.536621 ms (enqueue 0.00239258 ms)
[06/06/2026-20:53:54] [I] Average on 10 runs - GPU latency: 0.536328 ms - Host latency: 0.536328 ms (enqueue 0.00219727 ms)
[06/06/2026-20:53:54] [I] Average on 10 runs - GPU latency: 0.536426 ms - Host latency: 0.536426 ms (enqueue 0.00229492 ms)
[06/06/2026-20:53:54] [I] Average on 10 runs - GPU latency: 0.536572 ms - Host latency: 0.536572 ms (enqueue 0.00224609 ms)
[06/06/2026-20:53:54] [I] Average on 10 runs - GPU latency: 0.536621 ms - Host latency: 0.536621 ms (enqueue 0.00249023 ms)
[06/06/2026-20:53:54] [I] Average on 10 runs - GPU latency: 0.536865 ms - Host latency: 0.536865 ms (enqueue 0.00249023 ms)
[06/06/2026-20:53:54] [I] Average on 10 runs - GPU latency: 0.536475 ms - Host latency: 0.536475 ms (enqueue 0.00229492 ms)
[06/06/2026-20:53:54] [I] Average on 10 runs - GPU latency: 0.536621 ms - Host latency: 0.536621 ms (enqueue 0.00234375 ms)
[06/06/2026-20:53:54] [I] Average on 10 runs - GPU latency: 0.536523 ms - Host latency: 0.536523 ms (enqueue 0.00239258 ms)
[06/06/2026-20:53:54] [I] Average on 10 runs - GPU latency: 0.536523 ms - Host latency: 0.536523 ms (enqueue 0.00224609 ms)
[06/06/2026-20:53:54] [I] Average on 10 runs - GPU latency: 0.536572 ms - Host latency: 0.536572 ms (enqueue 0.00214844 ms)
[06/06/2026-20:53:54] [I] Average on 10 runs - GPU latency: 0.536621 ms - Host latency: 0.536621 ms (enqueue 0.00244141 ms)
[06/06/2026-20:53:54] [I] Average on 10 runs - GPU latency: 0.536572 ms - Host latency: 0.536572 ms (enqueue 0.00224609 ms)
[06/06/2026-20:53:54] [I] Average on 10 runs - GPU latency: 0.536621 ms - Host latency: 0.536621 ms (enqueue 0.00249023 ms)
[06/06/2026-20:53:54] [I] Average on 10 runs - GPU latency: 0.536475 ms - Host latency: 0.536475 ms (enqueue 0.00229492 ms)
[06/06/2026-20:53:54] [I] Average on 10 runs - GPU latency: 0.536719 ms - Host latency: 0.536719 ms (enqueue 0.00239258 ms)
[06/06/2026-20:53:54] [I] Average on 10 runs - GPU latency: 0.536816 ms - Host latency: 0.536816 ms (enqueue 0.00229492 ms)
[06/06/2026-20:53:54] [I] Average on 10 runs - GPU latency: 0.536719 ms - Host latency: 0.536719 ms (enqueue 0.00234375 ms)
[06/06/2026-20:53:54] [I] Average on 10 runs - GPU latency: 0.53667 ms - Host latency: 0.53667 ms (enqueue 0.00229492 ms)
[06/06/2026-20:53:54] [I] Average on 10 runs - GPU latency: 0.536523 ms - Host latency: 0.536523 ms (enqueue 0.00219727 ms)
[06/06/2026-20:53:54] [I] Average on 10 runs - GPU latency: 0.536572 ms - Host latency: 0.536572 ms (enqueue 0.00253906 ms)
[06/06/2026-20:53:54] [I] Average on 10 runs - GPU latency: 0.536572 ms - Host latency: 0.536572 ms (enqueue 0.00224609 ms)
[06/06/2026-20:53:54] [I] Average on 10 runs - GPU latency: 0.536426 ms - Host latency: 0.536426 ms (enqueue 0.00244141 ms)
[06/06/2026-20:53:54] [I] Average on 10 runs - GPU latency: 0.53667 ms - Host latency: 0.53667 ms (enqueue 0.00224609 ms)
[06/06/2026-20:53:54] [I] Average on 10 runs - GPU latency: 0.536914 ms - Host latency: 0.536914 ms (enqueue 0.00249023 ms)
[06/06/2026-20:53:54] [I] Average on 10 runs - GPU latency: 0.536475 ms - Host latency: 0.536475 ms (enqueue 0.00239258 ms)
[06/06/2026-20:53:54] [I] Average on 10 runs - GPU latency: 0.536523 ms - Host latency: 0.536523 ms (enqueue 0.00244141 ms)
[06/06/2026-20:53:54] [I] Average on 10 runs - GPU latency: 0.537012 ms - Host latency: 0.537012 ms (enqueue 0.00234375 ms)
[06/06/2026-20:53:54] [I] Average on 10 runs - GPU latency: 0.536328 ms - Host latency: 0.536328 ms (enqueue 0.00234375 ms)
[06/06/2026-20:53:54] [I] Average on 10 runs - GPU latency: 0.536621 ms - Host latency: 0.536621 ms (enqueue 0.00229492 ms)
[06/06/2026-20:53:54] [I] Average on 10 runs - GPU latency: 0.536768 ms - Host latency: 0.536768 ms (enqueue 0.00224609 ms)
[06/06/2026-20:53:54] [I] Average on 10 runs - GPU latency: 0.536377 ms - Host latency: 0.536377 ms (enqueue 0.00229492 ms)
[06/06/2026-20:53:54] [I] Average on 10 runs - GPU latency: 0.536816 ms - Host latency: 0.536816 ms (enqueue 0.00244141 ms)
[06/06/2026-20:53:54] [I] Average on 10 runs - GPU latency: 0.536621 ms - Host latency: 0.536621 ms (enqueue 0.00224609 ms)
[06/06/2026-20:53:54] [I] Average on 10 runs - GPU latency: 0.536768 ms - Host latency: 0.536768 ms (enqueue 0.00253906 ms)
[06/06/2026-20:53:54] [I] Average on 10 runs - GPU latency: 0.536475 ms - Host latency: 0.536475 ms (enqueue 0.00229492 ms)
[06/06/2026-20:53:54] [I] Average on 10 runs - GPU latency: 0.536719 ms - Host latency: 0.536719 ms (enqueue 0.00229492 ms)
[06/06/2026-20:53:54] [I] Average on 10 runs - GPU latency: 0.536572 ms - Host latency: 0.536572 ms (enqueue 0.00234375 ms)
[06/06/2026-20:53:54] [I] Average on 10 runs - GPU latency: 0.536816 ms - Host latency: 0.536816 ms (enqueue 0.00229492 ms)
[06/06/2026-20:53:54] [I] Average on 10 runs - GPU latency: 0.536426 ms - Host latency: 0.536426 ms (enqueue 0.00258789 ms)
[06/06/2026-20:53:54] [I] Average on 10 runs - GPU latency: 0.53623 ms - Host latency: 0.53623 ms (enqueue 0.00219727 ms)
[06/06/2026-20:53:54] [I] Average on 10 runs - GPU latency: 0.53667 ms - Host latency: 0.53667 ms (enqueue 0.00253906 ms)
[06/06/2026-20:53:54] [I] Average on 10 runs - GPU latency: 0.536719 ms - Host latency: 0.536719 ms (enqueue 0.00229492 ms)
[06/06/2026-20:53:54] [I] Average on 10 runs - GPU latency: 0.536816 ms - Host latency: 0.536816 ms (enqueue 0.00234375 ms)
[06/06/2026-20:53:54] [I] Average on 10 runs - GPU latency: 0.536377 ms - Host latency: 0.536377 ms (enqueue 0.00224609 ms)
[06/06/2026-20:53:54] [I] Average on 10 runs - GPU latency: 0.537012 ms - Host latency: 0.537012 ms (enqueue 0.00234375 ms)
[06/06/2026-20:53:54] [I] Average on 10 runs - GPU latency: 0.536572 ms - Host latency: 0.536572 ms (enqueue 0.00253906 ms)
[06/06/2026-20:53:54] [I] Average on 10 runs - GPU latency: 0.536768 ms - Host latency: 0.536768 ms (enqueue 0.00224609 ms)
[06/06/2026-20:53:54] [I] Average on 10 runs - GPU latency: 0.536523 ms - Host latency: 0.536523 ms (enqueue 0.00229492 ms)
[06/06/2026-20:53:54] [I] Average on 10 runs - GPU latency: 0.536523 ms - Host latency: 0.536523 ms (enqueue 0.00229492 ms)
[06/06/2026-20:53:54] [I] Average on 10 runs - GPU latency: 0.53623 ms - Host latency: 0.53623 ms (enqueue 0.00234375 ms)
[06/06/2026-20:53:54] [I] Average on 10 runs - GPU latency: 0.536475 ms - Host latency: 0.536475 ms (enqueue 0.00219727 ms)
[06/06/2026-20:53:54] [I] Average on 10 runs - GPU latency: 0.536768 ms - Host latency: 0.536768 ms (enqueue 0.00258789 ms)
[06/06/2026-20:53:54] [I] Average on 10 runs - GPU latency: 0.536475 ms - Host latency: 0.536475 ms (enqueue 0.00253906 ms)
[06/06/2026-20:53:54] [I] Average on 10 runs - GPU latency: 0.53623 ms - Host latency: 0.53623 ms (enqueue 0.00219727 ms)
[06/06/2026-20:53:54] [I] Average on 10 runs - GPU latency: 0.53667 ms - Host latency: 0.53667 ms (enqueue 0.00229492 ms)
[06/06/2026-20:53:54] [I] Average on 10 runs - GPU latency: 0.536719 ms - Host latency: 0.536719 ms (enqueue 0.00229492 ms)
[06/06/2026-20:53:54] [I] Average on 10 runs - GPU latency: 0.536572 ms - Host latency: 0.536572 ms (enqueue 0.00244141 ms)
[06/06/2026-20:53:54] [I] Average on 10 runs - GPU latency: 0.536719 ms - Host latency: 0.536719 ms (enqueue 0.00214844 ms)
[06/06/2026-20:53:54] [I] Average on 10 runs - GPU latency: 0.536768 ms - Host latency: 0.536768 ms (enqueue 0.00234375 ms)
[06/06/2026-20:53:54] [I] Average on 10 runs - GPU latency: 0.536426 ms - Host latency: 0.536426 ms (enqueue 0.00234375 ms)
[06/06/2026-20:53:54] [I] Average on 10 runs - GPU latency: 0.536328 ms - Host latency: 0.536328 ms (enqueue 0.00234375 ms)
[06/06/2026-20:53:54] [I] Average on 10 runs - GPU latency: 0.536328 ms - Host latency: 0.536328 ms (enqueue 0.00219727 ms)
[06/06/2026-20:53:54] [I] Average on 10 runs - GPU latency: 0.536865 ms - Host latency: 0.536865 ms (enqueue 0.00234375 ms)
[06/06/2026-20:53:54] [I] Average on 10 runs - GPU latency: 0.536377 ms - Host latency: 0.536377 ms (enqueue 0.00229492 ms)
[06/06/2026-20:53:54] [I] Average on 10 runs - GPU latency: 0.536719 ms - Host latency: 0.536719 ms (enqueue 0.00224609 ms)
[06/06/2026-20:53:54] [I] Average on 10 runs - GPU latency: 0.536377 ms - Host latency: 0.536377 ms (enqueue 0.00234375 ms)
[06/06/2026-20:53:54] [I] Average on 10 runs - GPU latency: 0.536621 ms - Host latency: 0.536621 ms (enqueue 0.00224609 ms)
[06/06/2026-20:53:54] [I] Average on 10 runs - GPU latency: 0.536475 ms - Host latency: 0.536475 ms (enqueue 0.00263672 ms)
[06/06/2026-20:53:54] [I] Average on 10 runs - GPU latency: 0.536523 ms - Host latency: 0.536523 ms (enqueue 0.00229492 ms)
[06/06/2026-20:53:54] [I] Average on 10 runs - GPU latency: 0.536328 ms - Host latency: 0.536328 ms (enqueue 0.00239258 ms)
[06/06/2026-20:53:54] [I] Average on 10 runs - GPU latency: 0.536621 ms - Host latency: 0.536621 ms (enqueue 0.00229492 ms)
[06/06/2026-20:53:54] [I] Average on 10 runs - GPU latency: 0.536426 ms - Host latency: 0.536426 ms (enqueue 0.00249023 ms)
[06/06/2026-20:53:54] [I] Average on 10 runs - GPU latency: 0.536719 ms - Host latency: 0.536719 ms (enqueue 0.00229492 ms)
[06/06/2026-20:53:54] [I] Average on 10 runs - GPU latency: 0.536377 ms - Host latency: 0.536377 ms (enqueue 0.00244141 ms)
[06/06/2026-20:53:54] [I] Average on 10 runs - GPU latency: 0.536719 ms - Host latency: 0.536719 ms (enqueue 0.00214844 ms)
[06/06/2026-20:53:54] [I] Average on 10 runs - GPU latency: 0.53667 ms - Host latency: 0.53667 ms (enqueue 0.00229492 ms)
[06/06/2026-20:53:54] [I] Average on 10 runs - GPU latency: 0.536621 ms - Host latency: 0.536621 ms (enqueue 0.00244141 ms)
[06/06/2026-20:53:54] [I] Average on 10 runs - GPU latency: 0.536621 ms - Host latency: 0.536621 ms (enqueue 0.00229492 ms)
[06/06/2026-20:53:54] [I] Average on 10 runs - GPU latency: 0.536621 ms - Host latency: 0.536621 ms (enqueue 0.00234375 ms)
[06/06/2026-20:53:54] [I] Average on 10 runs - GPU latency: 0.536621 ms - Host latency: 0.536621 ms (enqueue 0.00219727 ms)
[06/06/2026-20:53:54] [I] Average on 10 runs - GPU latency: 0.536377 ms - Host latency: 0.536377 ms (enqueue 0.00253906 ms)
[06/06/2026-20:53:54] [I] Average on 10 runs - GPU latency: 0.536914 ms - Host latency: 0.536914 ms (enqueue 0.00219727 ms)
[06/06/2026-20:53:54] [I] Average on 10 runs - GPU latency: 0.536621 ms - Host latency: 0.536621 ms (enqueue 0.00229492 ms)
[06/06/2026-20:53:54] [I] Average on 10 runs - GPU latency: 0.536914 ms - Host latency: 0.536914 ms (enqueue 0.00244141 ms)
[06/06/2026-20:53:54] [I] Average on 10 runs - GPU latency: 0.536914 ms - Host latency: 0.536914 ms (enqueue 0.00234375 ms)
[06/06/2026-20:53:54] [I] Average on 10 runs - GPU latency: 0.536328 ms - Host latency: 0.536328 ms (enqueue 0.00234375 ms)
[06/06/2026-20:53:54] [I] Average on 10 runs - GPU latency: 0.536426 ms - Host latency: 0.536426 ms (enqueue 0.00234375 ms)
[06/06/2026-20:53:54] [I] Average on 10 runs - GPU latency: 0.536377 ms - Host latency: 0.536377 ms (enqueue 0.00258789 ms)
[06/06/2026-20:53:54] [I] Average on 10 runs - GPU latency: 0.536475 ms - Host latency: 0.536475 ms (enqueue 0.00219727 ms)
[06/06/2026-20:53:54] [I] Average on 10 runs - GPU latency: 0.536523 ms - Host latency: 0.536523 ms (enqueue 0.00234375 ms)
[06/06/2026-20:53:54] [I] Average on 10 runs - GPU latency: 0.536377 ms - Host latency: 0.536377 ms (enqueue 0.00234375 ms)
[06/06/2026-20:53:54] [I] Average on 10 runs - GPU latency: 0.536328 ms - Host latency: 0.536328 ms (enqueue 0.00224609 ms)
[06/06/2026-20:53:54] [I] Average on 10 runs - GPU latency: 0.536475 ms - Host latency: 0.536475 ms (enqueue 0.00239258 ms)
[06/06/2026-20:53:54] [I] Average on 10 runs - GPU latency: 0.536719 ms - Host latency: 0.536719 ms (enqueue 0.00219727 ms)
[06/06/2026-20:53:54] [I] Average on 10 runs - GPU latency: 0.536377 ms - Host latency: 0.536377 ms (enqueue 0.00234375 ms)
[06/06/2026-20:53:54] [I] Average on 10 runs - GPU latency: 0.536523 ms - Host latency: 0.536523 ms (enqueue 0.00229492 ms)
[06/06/2026-20:53:54] [I] Average on 10 runs - GPU latency: 0.53667 ms - Host latency: 0.53667 ms (enqueue 0.00249023 ms)
[06/06/2026-20:53:54] [I] Average on 10 runs - GPU latency: 0.536523 ms - Host latency: 0.536523 ms (enqueue 0.00234375 ms)
[06/06/2026-20:53:54] [I] Average on 10 runs - GPU latency: 0.53667 ms - Host latency: 0.53667 ms (enqueue 0.00239258 ms)
[06/06/2026-20:53:54] [I] Average on 10 runs - GPU latency: 0.536475 ms - Host latency: 0.536475 ms (enqueue 0.00244141 ms)
[06/06/2026-20:53:54] [I] Average on 10 runs - GPU latency: 0.536719 ms - Host latency: 0.536719 ms (enqueue 0.00234375 ms)
[06/06/2026-20:53:54] [I] Average on 10 runs - GPU latency: 0.536768 ms - Host latency: 0.536768 ms (enqueue 0.00234375 ms)
[06/06/2026-20:53:54] [I] Average on 10 runs - GPU latency: 0.536426 ms - Host latency: 0.536426 ms (enqueue 0.00244141 ms)
[06/06/2026-20:53:54] [I] Average on 10 runs - GPU latency: 0.536719 ms - Host latency: 0.536719 ms (enqueue 0.00229492 ms)
[06/06/2026-20:53:54] [I] Average on 10 runs - GPU latency: 0.536719 ms - Host latency: 0.536719 ms (enqueue 0.00234375 ms)
[06/06/2026-20:53:54] [I] Average on 10 runs - GPU latency: 0.536475 ms - Host latency: 0.536475 ms (enqueue 0.00234375 ms)
[06/06/2026-20:53:54] [I] Average on 10 runs - GPU latency: 0.536768 ms - Host latency: 0.536768 ms (enqueue 0.00253906 ms)
[06/06/2026-20:53:54] [I] Average on 10 runs - GPU latency: 0.536621 ms - Host latency: 0.536621 ms (enqueue 0.00219727 ms)
[06/06/2026-20:53:54] [I] Average on 10 runs - GPU latency: 0.536523 ms - Host latency: 0.536523 ms (enqueue 0.00234375 ms)
[06/06/2026-20:53:54] [I] Average on 10 runs - GPU latency: 0.536816 ms - Host latency: 0.536816 ms (enqueue 0.00229492 ms)
[06/06/2026-20:53:54] [I] Average on 10 runs - GPU latency: 0.536279 ms - Host latency: 0.536279 ms (enqueue 0.00224609 ms)
[06/06/2026-20:53:54] [I] Average on 10 runs - GPU latency: 0.536719 ms - Host latency: 0.536719 ms (enqueue 0.00239258 ms)
[06/06/2026-20:53:54] [I] Average on 10 runs - GPU latency: 0.536523 ms - Host latency: 0.536523 ms (enqueue 0.00219727 ms)
[06/06/2026-20:53:54] [I] Average on 10 runs - GPU latency: 0.536768 ms - Host latency: 0.536768 ms (enqueue 0.00253906 ms)
[06/06/2026-20:53:54] [I] Average on 10 runs - GPU latency: 0.536816 ms - Host latency: 0.536816 ms (enqueue 0.00214844 ms)
[06/06/2026-20:53:54] [I] Average on 10 runs - GPU latency: 0.537012 ms - Host latency: 0.537012 ms (enqueue 0.00224609 ms)
[06/06/2026-20:53:54] [I] Average on 10 runs - GPU latency: 0.536719 ms - Host latency: 0.536719 ms (enqueue 0.00249023 ms)
[06/06/2026-20:53:54] [I] Average on 10 runs - GPU latency: 0.536768 ms - Host latency: 0.536768 ms (enqueue 0.00214844 ms)
[06/06/2026-20:53:54] [I] Average on 10 runs - GPU latency: 0.536719 ms - Host latency: 0.536719 ms (enqueue 0.00229492 ms)
[06/06/2026-20:53:54] [I] Average on 10 runs - GPU latency: 0.536621 ms - Host latency: 0.536621 ms (enqueue 0.00219727 ms)
[06/06/2026-20:53:54] [I] Average on 10 runs - GPU latency: 0.536768 ms - Host latency: 0.536768 ms (enqueue 0.00244141 ms)
[06/06/2026-20:53:54] [I] Average on 10 runs - GPU latency: 0.536719 ms - Host latency: 0.536719 ms (enqueue 0.00253906 ms)
[06/06/2026-20:53:54] [I] Average on 10 runs - GPU latency: 0.53667 ms - Host latency: 0.53667 ms (enqueue 0.00229492 ms)
[06/06/2026-20:53:54] [I] Average on 10 runs - GPU latency: 0.536523 ms - Host latency: 0.536523 ms (enqueue 0.00234375 ms)
[06/06/2026-20:53:54] [I] Average on 10 runs - GPU latency: 0.536768 ms - Host latency: 0.536768 ms (enqueue 0.00224609 ms)
[06/06/2026-20:53:54] [I] Average on 10 runs - GPU latency: 0.53667 ms - Host latency: 0.53667 ms (enqueue 0.00239258 ms)
[06/06/2026-20:53:54] [I] Average on 10 runs - GPU latency: 0.536328 ms - Host latency: 0.536328 ms (enqueue 0.00234375 ms)
[06/06/2026-20:53:54] [I] Average on 10 runs - GPU latency: 0.536816 ms - Host latency: 0.536816 ms (enqueue 0.00234375 ms)
[06/06/2026-20:53:54] [I] Average on 10 runs - GPU latency: 0.536523 ms - Host latency: 0.536523 ms (enqueue 0.00239258 ms)
[06/06/2026-20:53:54] [I] Average on 10 runs - GPU latency: 0.536816 ms - Host latency: 0.536816 ms (enqueue 0.00249023 ms)
[06/06/2026-20:53:54] [I] Average on 10 runs - GPU latency: 0.536719 ms - Host latency: 0.536719 ms (enqueue 0.00253906 ms)
[06/06/2026-20:53:54] [I] Average on 10 runs - GPU latency: 0.536621 ms - Host latency: 0.536621 ms (enqueue 0.00229492 ms)
[06/06/2026-20:53:54] [I] Average on 10 runs - GPU latency: 0.536621 ms - Host latency: 0.536621 ms (enqueue 0.00249023 ms)
[06/06/2026-20:53:54] [I] Average on 10 runs - GPU latency: 0.536865 ms - Host latency: 0.536865 ms (enqueue 0.00214844 ms)
[06/06/2026-20:53:54] [I] Average on 10 runs - GPU latency: 0.53667 ms - Host latency: 0.53667 ms (enqueue 0.00234375 ms)
[06/06/2026-20:53:54] [I] Average on 10 runs - GPU latency: 0.536523 ms - Host latency: 0.536523 ms (enqueue 0.00239258 ms)
[06/06/2026-20:53:54] [I] Average on 10 runs - GPU latency: 0.536475 ms - Host latency: 0.536475 ms (enqueue 0.00214844 ms)
[06/06/2026-20:53:54] [I] Average on 10 runs - GPU latency: 0.536621 ms - Host latency: 0.536621 ms (enqueue 0.00229492 ms)
[06/06/2026-20:53:54] [I] Average on 10 runs - GPU latency: 0.53667 ms - Host latency: 0.53667 ms (enqueue 0.00224609 ms)
[06/06/2026-20:53:54] [I] Average on 10 runs - GPU latency: 0.536523 ms - Host latency: 0.536523 ms (enqueue 0.00244141 ms)
[06/06/2026-20:53:54] [I] Average on 10 runs - GPU latency: 0.536328 ms - Host latency: 0.536328 ms (enqueue 0.00229492 ms)
[06/06/2026-20:53:54] [I] Average on 10 runs - GPU latency: 0.536816 ms - Host latency: 0.536816 ms (enqueue 0.00239258 ms)
[06/06/2026-20:53:54] [I] Average on 10 runs - GPU latency: 0.536621 ms - Host latency: 0.536621 ms (enqueue 0.00229492 ms)
[06/06/2026-20:53:54] [I] Average on 10 runs - GPU latency: 0.536621 ms - Host latency: 0.536621 ms (enqueue 0.00239258 ms)
[06/06/2026-20:53:54] [I] Average on 10 runs - GPU latency: 0.536621 ms - Host latency: 0.536621 ms (enqueue 0.00239258 ms)
[06/06/2026-20:53:54] [I] Average on 10 runs - GPU latency: 0.536426 ms - Host latency: 0.536426 ms (enqueue 0.00219727 ms)
[06/06/2026-20:53:54] [I] Average on 10 runs - GPU latency: 0.536523 ms - Host latency: 0.536523 ms (enqueue 0.00234375 ms)
[06/06/2026-20:53:54] [I] Average on 10 runs - GPU latency: 0.536768 ms - Host latency: 0.536768 ms (enqueue 0.00234375 ms)
[06/06/2026-20:53:54] [I] Average on 10 runs - GPU latency: 0.536914 ms - Host latency: 0.536914 ms (enqueue 0.00244141 ms)
[06/06/2026-20:53:54] [I] Average on 10 runs - GPU latency: 0.536084 ms - Host latency: 0.536084 ms (enqueue 0.00229492 ms)
[06/06/2026-20:53:54] [I] Average on 10 runs - GPU latency: 0.536719 ms - Host latency: 0.536719 ms (enqueue 0.00258789 ms)
[06/06/2026-20:53:54] [I] Average on 10 runs - GPU latency: 0.536279 ms - Host latency: 0.536279 ms (enqueue 0.00214844 ms)
[06/06/2026-20:53:54] [I] Average on 10 runs - GPU latency: 0.536621 ms - Host latency: 0.536621 ms (enqueue 0.00239258 ms)
[06/06/2026-20:53:54] [I] Average on 10 runs - GPU latency: 0.536816 ms - Host latency: 0.536816 ms (enqueue 0.00244141 ms)
[06/06/2026-20:53:54] [I] Average on 10 runs - GPU latency: 0.537061 ms - Host latency: 0.537061 ms (enqueue 0.00229492 ms)
[06/06/2026-20:53:54] [I] Average on 10 runs - GPU latency: 0.536523 ms - Host latency: 0.536523 ms (enqueue 0.00224609 ms)
[06/06/2026-20:53:54] [I] Average on 10 runs - GPU latency: 0.536572 ms - Host latency: 0.536572 ms (enqueue 0.00224609 ms)
[06/06/2026-20:53:54] [I] Average on 10 runs - GPU latency: 0.536865 ms - Host latency: 0.536865 ms (enqueue 0.00253906 ms)
[06/06/2026-20:53:54] [I] Average on 10 runs - GPU latency: 0.536572 ms - Host latency: 0.536572 ms (enqueue 0.00219727 ms)
[06/06/2026-20:53:54] [I] Average on 10 runs - GPU latency: 0.536621 ms - Host latency: 0.536621 ms (enqueue 0.00253906 ms)
[06/06/2026-20:53:54] [I] Average on 10 runs - GPU latency: 0.536719 ms - Host latency: 0.536719 ms (enqueue 0.00229492 ms)
[06/06/2026-20:53:54] [I] Average on 10 runs - GPU latency: 0.536816 ms - Host latency: 0.536816 ms (enqueue 0.00244141 ms)
[06/06/2026-20:53:54] [I] Average on 10 runs - GPU latency: 0.536621 ms - Host latency: 0.536621 ms (enqueue 0.00214844 ms)
[06/06/2026-20:53:54] [I] Average on 10 runs - GPU latency: 0.536816 ms - Host latency: 0.536816 ms (enqueue 0.00234375 ms)
[06/06/2026-20:53:54] [I] Average on 10 runs - GPU latency: 0.537012 ms - Host latency: 0.537012 ms (enqueue 0.00229492 ms)
[06/06/2026-20:53:54] [I] Average on 10 runs - GPU latency: 0.536377 ms - Host latency: 0.536377 ms (enqueue 0.00229492 ms)
[06/06/2026-20:53:54] [I] Average on 10 runs - GPU latency: 0.536719 ms - Host latency: 0.536719 ms (enqueue 0.00234375 ms)
[06/06/2026-20:53:54] [I] Average on 10 runs - GPU latency: 0.536816 ms - Host latency: 0.536816 ms (enqueue 0.00229492 ms)
[06/06/2026-20:53:54] [I] Average on 10 runs - GPU latency: 0.536865 ms - Host latency: 0.536865 ms (enqueue 0.00224609 ms)
[06/06/2026-20:53:54] [I] Average on 10 runs - GPU latency: 0.536621 ms - Host latency: 0.536621 ms (enqueue 0.00244141 ms)
[06/06/2026-20:53:54] [I] Average on 10 runs - GPU latency: 0.53667 ms - Host latency: 0.53667 ms (enqueue 0.00234375 ms)
[06/06/2026-20:53:54] [I] 
[06/06/2026-20:53:54] [I] === Performance summary ===
[06/06/2026-20:53:54] [I] Throughput: 1858.18 qps
[06/06/2026-20:53:54] [I] Latency: min = 0.534668 ms, max = 0.538574 ms, mean = 0.536609 ms, median = 0.536621 ms, percentile(99%) = 0.537598 ms
[06/06/2026-20:53:54] [I] Enqueue Time: min = 0.00195312 ms, max = 0.00634766 ms, mean = 0.002328 ms, median = 0.00244141 ms, percentile(99%) = 0.00292969 ms
[06/06/2026-20:53:54] [I] H2D Latency: min = 0 ms, max = 0 ms, mean = 0 ms, median = 0 ms, percentile(99%) = 0 ms
[06/06/2026-20:53:54] [I] GPU Compute Time: min = 0.534668 ms, max = 0.538574 ms, mean = 0.536609 ms, median = 0.536621 ms, percentile(99%) = 0.537598 ms
[06/06/2026-20:53:54] [I] D2H Latency: min = 0 ms, max = 0 ms, mean = 0 ms, median = 0 ms, percentile(99%) = 0 ms
[06/06/2026-20:53:54] [I] Total Host Walltime: 6.00104 s
[06/06/2026-20:53:54] [I] Total GPU Compute Time: 5.98373 s
[06/06/2026-20:53:54] [I] Explanations of the performance metrics are printed in the verbose logs.
[06/06/2026-20:53:54] [I] 
&&&& PASSED TensorRT.trtexec [TensorRT v101401] [b48] # trtexec --onnx=models/yolo26s/best.onnx --fp16 --minShapes=images:1x3x448x448 --optShapes=images:1x3x448x448 --maxShapes=images:1x3x448x448 --useCudaGraph --useSpinWait --noDataTransfers --warmUp=2000 --duration=6 --percentile=99 --timingCacheFile=/work/trt_bench/cache/yolo26s.cache --memPoolSize=workspace:8192
