&&&& RUNNING TensorRT.trtexec [TensorRT v101401] [b48] # trtexec --onnx=models/yolo26n/best.onnx --fp16 --minShapes=images:64x3x416x416 --optShapes=images:64x3x416x416 --maxShapes=images:64x3x416x416 --useCudaGraph --useSpinWait --noDataTransfers --warmUp=2000 --duration=6 --percentile=99 --timingCacheFile=/work/trt_bench/cache/yolo26n.cache --memPoolSize=workspace:8192
[06/06/2026-21:59:44] [W] Weakly-typed networks have been deprecated in TensorRT. You can use the AutoCast tool (https://nvidia.github.io/TensorRT-Model-Optimizer/guides/8_autocast.html) to convert the network to be strongly typed.
[06/06/2026-21:59:44] [I] === Model Options ===
[06/06/2026-21:59:44] [I] Format: ONNX
[06/06/2026-21:59:44] [I] Model: models/yolo26n/best.onnx
[06/06/2026-21:59:44] [I] Output:
[06/06/2026-21:59:44] [I] === Build Options ===
[06/06/2026-21:59:44] [I] Memory Pools: workspace: 8192 MiB, dlaSRAM: default, dlaLocalDRAM: default, dlaGlobalDRAM: default, tacticSharedMem: default
[06/06/2026-21:59:44] [I] avgTiming: 8
[06/06/2026-21:59:44] [I] Precision: FP32+FP16
[06/06/2026-21:59:44] [I] LayerPrecisions: 
[06/06/2026-21:59:44] [I] Layer Device Types: 
[06/06/2026-21:59:44] [I] Decomposable Attentions: 
[06/06/2026-21:59:44] [I] Calibration: 
[06/06/2026-21:59:44] [I] Refit: Disabled
[06/06/2026-21:59:44] [I] Strip weights: Disabled
[06/06/2026-21:59:44] [I] Version Compatible: Disabled
[06/06/2026-21:59:44] [I] ONNX Plugin InstanceNorm: Disabled
[06/06/2026-21:59:44] [I] ONNX kENABLE_UINT8_AND_ASYMMETRIC_QUANTIZATION_DLA flag: Disabled
[06/06/2026-21:59:44] [I] TensorRT runtime: full
[06/06/2026-21:59:44] [I] Lean DLL Path: 
[06/06/2026-21:59:44] [I] Tempfile Controls: { in_memory: allow, temporary: allow }
[06/06/2026-21:59:44] [I] Exclude Lean Runtime: Disabled
[06/06/2026-21:59:44] [I] Sparsity: Disabled
[06/06/2026-21:59:44] [I] Safe mode: Disabled
[06/06/2026-21:59:44] [I] Build DLA standalone loadable: Disabled
[06/06/2026-21:59:44] [I] Allow GPU fallback for DLA: Disabled
[06/06/2026-21:59:44] [I] DirectIO mode: Disabled
[06/06/2026-21:59:44] [I] Restricted mode: Disabled
[06/06/2026-21:59:44] [I] Skip inference: Disabled
[06/06/2026-21:59:44] [I] Save engine: 
[06/06/2026-21:59:44] [I] Load engine: 
[06/06/2026-21:59:44] [I] Profiling verbosity: 0
[06/06/2026-21:59:44] [I] Tactic sources: Using default tactic sources
[06/06/2026-21:59:44] [I] timingCacheMode: global
[06/06/2026-21:59:44] [I] timingCacheFile: /work/trt_bench/cache/yolo26n.cache
[06/06/2026-21:59:44] [I] Enable Compilation Cache: Enabled
[06/06/2026-21:59:44] [I] Enable Monitor Memory: Disabled
[06/06/2026-21:59:44] [I] errorOnTimingCacheMiss: Disabled
[06/06/2026-21:59:44] [I] Preview Features: Use default preview flags.
[06/06/2026-21:59:44] [I] MaxAuxStreams: -1
[06/06/2026-21:59:44] [I] BuilderOptimizationLevel: -1
[06/06/2026-21:59:44] [I] MaxTactics: -1
[06/06/2026-21:59:44] [I] Calibration Profile Index: 0
[06/06/2026-21:59:44] [I] Weight Streaming: Disabled
[06/06/2026-21:59:44] [I] Runtime Platform: Same As Build
[06/06/2026-21:59:44] [I] Debug Tensors: 
[06/06/2026-21:59:44] [I] Distributive Independence: Disabled
[06/06/2026-21:59:44] [I] Mark Unfused Tensors As Debug Tensors: Disabled
[06/06/2026-21:59:44] [I] Input(s)s format: fp32:CHW
[06/06/2026-21:59:44] [I] Output(s)s format: fp32:CHW
[06/06/2026-21:59:44] [I] Input build shape (profile 0): images=64x3x416x416+64x3x416x416+64x3x416x416
[06/06/2026-21:59:44] [I] Input calibration shapes: model
[06/06/2026-21:59:44] [I] === System Options ===
[06/06/2026-21:59:44] [I] Device: 0
[06/06/2026-21:59:44] [I] DLACore: 
[06/06/2026-21:59:44] [I] Plugins:
[06/06/2026-21:59:44] [I] setPluginsToSerialize:
[06/06/2026-21:59:44] [I] dynamicPlugins:
[06/06/2026-21:59:44] [I] ignoreParsedPluginLibs: 0
[06/06/2026-21:59:44] [I] 
[06/06/2026-21:59:44] [I] === Inference Options ===
[06/06/2026-21:59:44] [I] Batch: Explicit
[06/06/2026-21:59:44] [I] Input inference shape : images=64x3x416x416
[06/06/2026-21:59:44] [I] Iterations: 10
[06/06/2026-21:59:44] [I] Duration: 6s (+ 2000ms warm up)
[06/06/2026-21:59:44] [I] Sleep time: 0ms
[06/06/2026-21:59:44] [I] Idle time: 0ms
[06/06/2026-21:59:44] [I] Inference Streams: 1
[06/06/2026-21:59:44] [I] ExposeDMA: Disabled
[06/06/2026-21:59:44] [I] Data transfers: Disabled
[06/06/2026-21:59:44] [I] Spin-wait: Enabled
[06/06/2026-21:59:44] [I] Multithreading: Disabled
[06/06/2026-21:59:44] [I] CUDA Graph: Enabled
[06/06/2026-21:59:44] [I] Separate profiling: Disabled
[06/06/2026-21:59:44] [I] Time Deserialize: Disabled
[06/06/2026-21:59:44] [I] Time Refit: Disabled
[06/06/2026-21:59:44] [I] NVTX verbosity: 0
[06/06/2026-21:59:44] [I] Persistent Cache Ratio: 0
[06/06/2026-21:59:44] [I] Optimization Profile Index: 0
[06/06/2026-21:59:44] [I] Weight Streaming Budget: 100.000000%
[06/06/2026-21:59:44] [I] Inputs:
[06/06/2026-21:59:44] [I] Debug Tensor Save Destinations:
[06/06/2026-21:59:44] [I] Dump All Debug Tensor in Formats: 
[06/06/2026-21:59:44] [I] === Reporting Options ===
[06/06/2026-21:59:44] [I] Verbose: Disabled
[06/06/2026-21:59:44] [I] Averages: 10 inferences
[06/06/2026-21:59:44] [I] Percentiles: 99
[06/06/2026-21:59:44] [I] Dump refittable layers:Disabled
[06/06/2026-21:59:44] [I] Dump output: Disabled
[06/06/2026-21:59:44] [I] Profile: Disabled
[06/06/2026-21:59:44] [I] Export timing to JSON file: 
[06/06/2026-21:59:44] [I] Export output to JSON file: 
[06/06/2026-21:59:44] [I] Export profile to JSON file: 
[06/06/2026-21:59:44] [I] 
[06/06/2026-21:59:44] [I] === Device Information ===
[06/06/2026-21:59:44] [I] Available Devices: 
[06/06/2026-21:59:44] [I]   Device 0: "NVIDIA GeForce RTX 4090" UUID: GPU-f84a2a8b-f125-2892-c40d-fe37bcae6c60
[06/06/2026-21:59:44] [I] Selected Device: NVIDIA GeForce RTX 4090
[06/06/2026-21:59:44] [I] Selected Device ID: 0
[06/06/2026-21:59:44] [I] Selected Device UUID: GPU-f84a2a8b-f125-2892-c40d-fe37bcae6c60
[06/06/2026-21:59:44] [I] Compute Capability: 8.9
[06/06/2026-21:59:44] [I] SMs: 128
[06/06/2026-21:59:44] [I] Device Global Memory: 24080 MiB
[06/06/2026-21:59:44] [I] Shared Memory per SM: 100 KiB
[06/06/2026-21:59:44] [I] Memory Bus Width: 384 bits (ECC disabled)
[06/06/2026-21:59:44] [I] Application Compute Clock Rate: 2.55 GHz
[06/06/2026-21:59:44] [I] Application Memory Clock Rate: 10.501 GHz
[06/06/2026-21:59:44] [I] 
[06/06/2026-21:59:44] [I] Note: The application clock rates do not reflect the actual clock rates that the GPU is currently running at.
[06/06/2026-21:59:44] [I] 
[06/06/2026-21:59:44] [I] TensorRT version: 10.14.1
[06/06/2026-21:59:44] [I] Loading standard plugins
[06/06/2026-21:59:44] [I] [TRT] [MemUsageChange] Init CUDA: CPU +0, GPU +0, now: CPU 29, GPU 394 (MiB)
[06/06/2026-21:59:44] [I] Start parsing network model.
[06/06/2026-21:59:44] [I] [TRT] ----------------------------------------------------------------
[06/06/2026-21:59:44] [I] [TRT] Input filename:   models/yolo26n/best.onnx
[06/06/2026-21:59:44] [I] [TRT] ONNX IR version:  0.0.8
[06/06/2026-21:59:44] [I] [TRT] Opset version:    17
[06/06/2026-21:59:44] [I] [TRT] Producer name:    pytorch
[06/06/2026-21:59:44] [I] [TRT] Producer version: 2.11.0
[06/06/2026-21:59:44] [I] [TRT] Domain:           
[06/06/2026-21:59:44] [I] [TRT] Model version:    0
[06/06/2026-21:59:44] [I] [TRT] Doc string:       
[06/06/2026-21:59:44] [I] [TRT] ----------------------------------------------------------------
[06/06/2026-21:59:44] [I] Finished parsing network model. Parse time: 0.0350285
[06/06/2026-21:59:44] [I] Set shape of input tensor images for optimization profile 0 to: MIN=64x3x416x416 OPT=64x3x416x416 MAX=64x3x416x416
[06/06/2026-21:59:44] [I] [TRT] Loaded 4317516 bytes of cache from file: /work/trt_bench/cache/yolo26n.cache
[06/06/2026-21:59:45] [I] [TRT] [MemUsageChange] Init builder kernel library: CPU +187, GPU +4, now: CPU 456, GPU 398 (MiB)
[06/06/2026-21:59:45] [I] [TRT] Global timing cache in use. Profiling results in this builder pass will be stored.
[06/06/2026-22:01:22] [I] [TRT] Compiler backend is used during engine build.
[06/06/2026-22:02:32] [I] [TRT] Detected 1 inputs and 1 output network tensors.
[06/06/2026-22:02:33] [I] [TRT] Total Host Persistent Memory: 581024 bytes
[06/06/2026-22:02:33] [I] [TRT] Total Device Persistent Memory: 0 bytes
[06/06/2026-22:02:33] [I] [TRT] Max Scratch Memory: 18776576 bytes
[06/06/2026-22:02:33] [I] [TRT] [BlockAssignment] Started assigning block shifts. This will take 180 steps to complete.
[06/06/2026-22:02:33] [I] [TRT] [BlockAssignment] Algorithm ShiftNTopDown took 8.20998ms to assign 12 blocks to 180 nodes requiring 246432768 bytes.
[06/06/2026-22:02:33] [I] [TRT] Total Activation Memory: 246431744 bytes
[06/06/2026-22:02:33] [I] [TRT] Total Weights Memory: 4804666 bytes
[06/06/2026-22:02:33] [I] [TRT] Compiler backend is used during engine execution.
[06/06/2026-22:02:33] [I] [TRT] Engine generation completed in 168.543 seconds.
[06/06/2026-22:02:33] [I] [TRT] [MemUsageStats] Peak memory usage of TRT CPU/GPU memory allocators: CPU 0 MiB, GPU 676 MiB
[06/06/2026-22:02:33] [I] Created engine with size: 7.8202 MiB
[06/06/2026-22:02:33] [I] Engine built in 168.963 sec.
[06/06/2026-22:02:33] [I] [TRT] Loaded 4317516 bytes of cache from file: /work/trt_bench/cache/yolo26n.cache
[06/06/2026-22:02:34] [I] [TRT] Serialized 3396 bytes of code generator cache.
[06/06/2026-22:02:34] [I] [TRT] Serialized 1902588 bytes of compilation cache.
[06/06/2026-22:02:34] [I] [TRT] Serialized 31271 timing cache entries
[06/06/2026-22:02:34] [I] [TRT] Saved 5158336 bytes of timing cache to /work/trt_bench/cache/yolo26n.cache
[06/06/2026-22:02:34] [I] [TRT] Loaded engine size: 7 MiB
[06/06/2026-22:02:34] [I] Engine deserialized in 0.0204996 sec.
[06/06/2026-22:02:34] [I] [TRT] [MemUsageChange] TensorRT-managed allocation in IExecutionContext creation: CPU +0, GPU +235, now: CPU 0, GPU 239 (MiB)
[06/06/2026-22:02:34] [I] Setting persistentCacheLimit to 0 bytes.
[06/06/2026-22:02:34] [I] Created execution context with device memory size: 235.016 MiB
[06/06/2026-22:02:34] [I] Using random values for input images
[06/06/2026-22:02:34] [I] Input binding for images with dimensions 64x3x416x416 is created.
[06/06/2026-22:02:34] [I] Output binding for output0 with dimensions 64x300x6 is created.
[06/06/2026-22:02:34] [I] Starting inference
[06/06/2026-22:02:34] [I] Capturing CUDA graph for the current execution context
[06/06/2026-22:02:34] [I] Successfully captured CUDA graph for the current execution context
[06/06/2026-22:02:42] [I] Warmup completed 570 queries over 2000 ms
[06/06/2026-22:02:42] [I] Timing trace has 1723 queries over 6.00733 s
[06/06/2026-22:02:42] [I] 
[06/06/2026-22:02:42] [I] === Trace details ===
[06/06/2026-22:02:42] [I] Trace averages of 10 runs:
[06/06/2026-22:02:42] [I] Average on 10 runs - GPU latency: 3.48723 ms - Host latency: 3.48723 ms (enqueue 0.00236816 ms)
[06/06/2026-22:02:42] [I] Average on 10 runs - GPU latency: 3.48436 ms - Host latency: 3.48436 ms (enqueue 0.00239258 ms)
[06/06/2026-22:02:42] [I] Average on 10 runs - GPU latency: 3.48425 ms - Host latency: 3.48425 ms (enqueue 0.00241699 ms)
[06/06/2026-22:02:42] [I] Average on 10 runs - GPU latency: 3.48333 ms - Host latency: 3.48333 ms (enqueue 0.00241699 ms)
[06/06/2026-22:02:42] [I] Average on 10 runs - GPU latency: 3.48206 ms - Host latency: 3.48206 ms (enqueue 0.00249023 ms)
[06/06/2026-22:02:42] [I] Average on 10 runs - GPU latency: 3.4864 ms - Host latency: 3.4864 ms (enqueue 0.00239258 ms)
[06/06/2026-22:02:42] [I] Average on 10 runs - GPU latency: 3.48572 ms - Host latency: 3.48572 ms (enqueue 0.00239258 ms)
[06/06/2026-22:02:42] [I] Average on 10 runs - GPU latency: 3.48303 ms - Host latency: 3.48303 ms (enqueue 0.00229492 ms)
[06/06/2026-22:02:42] [I] Average on 10 runs - GPU latency: 3.48396 ms - Host latency: 3.48396 ms (enqueue 0.00246582 ms)
[06/06/2026-22:02:42] [I] Average on 10 runs - GPU latency: 3.4853 ms - Host latency: 3.4853 ms (enqueue 0.00229492 ms)
[06/06/2026-22:02:42] [I] Average on 10 runs - GPU latency: 3.48633 ms - Host latency: 3.48633 ms (enqueue 0.00239258 ms)
[06/06/2026-22:02:42] [I] Average on 10 runs - GPU latency: 3.48425 ms - Host latency: 3.48425 ms (enqueue 0.00227051 ms)
[06/06/2026-22:02:42] [I] Average on 10 runs - GPU latency: 3.48401 ms - Host latency: 3.48401 ms (enqueue 0.00229492 ms)
[06/06/2026-22:02:42] [I] Average on 10 runs - GPU latency: 3.4844 ms - Host latency: 3.4844 ms (enqueue 0.00249023 ms)
[06/06/2026-22:02:42] [I] Average on 10 runs - GPU latency: 3.4855 ms - Host latency: 3.4855 ms (enqueue 0.00236816 ms)
[06/06/2026-22:02:42] [I] Average on 10 runs - GPU latency: 3.48364 ms - Host latency: 3.48364 ms (enqueue 0.00229492 ms)
[06/06/2026-22:02:42] [I] Average on 10 runs - GPU latency: 3.48301 ms - Host latency: 3.48301 ms (enqueue 0.00231934 ms)
[06/06/2026-22:02:42] [I] Average on 10 runs - GPU latency: 3.48582 ms - Host latency: 3.48582 ms (enqueue 0.00236816 ms)
[06/06/2026-22:02:42] [I] Average on 10 runs - GPU latency: 3.48284 ms - Host latency: 3.48284 ms (enqueue 0.00239258 ms)
[06/06/2026-22:02:42] [I] Average on 10 runs - GPU latency: 3.48396 ms - Host latency: 3.48396 ms (enqueue 0.00234375 ms)
[06/06/2026-22:02:42] [I] Average on 10 runs - GPU latency: 3.48477 ms - Host latency: 3.48477 ms (enqueue 0.00234375 ms)
[06/06/2026-22:02:42] [I] Average on 10 runs - GPU latency: 3.48589 ms - Host latency: 3.48589 ms (enqueue 0.00231934 ms)
[06/06/2026-22:02:42] [I] Average on 10 runs - GPU latency: 3.48582 ms - Host latency: 3.48582 ms (enqueue 0.00231934 ms)
[06/06/2026-22:02:42] [I] Average on 10 runs - GPU latency: 3.48469 ms - Host latency: 3.48469 ms (enqueue 0.00231934 ms)
[06/06/2026-22:02:42] [I] Average on 10 runs - GPU latency: 3.48516 ms - Host latency: 3.48516 ms (enqueue 0.00241699 ms)
[06/06/2026-22:02:42] [I] Average on 10 runs - GPU latency: 3.48379 ms - Host latency: 3.48379 ms (enqueue 0.00241699 ms)
[06/06/2026-22:02:42] [I] Average on 10 runs - GPU latency: 3.48633 ms - Host latency: 3.48633 ms (enqueue 0.00231934 ms)
[06/06/2026-22:02:42] [I] Average on 10 runs - GPU latency: 3.48586 ms - Host latency: 3.48586 ms (enqueue 0.00234375 ms)
[06/06/2026-22:02:42] [I] Average on 10 runs - GPU latency: 3.48633 ms - Host latency: 3.48633 ms (enqueue 0.00244141 ms)
[06/06/2026-22:02:42] [I] Average on 10 runs - GPU latency: 3.48601 ms - Host latency: 3.48601 ms (enqueue 0.00239258 ms)
[06/06/2026-22:02:42] [I] Average on 10 runs - GPU latency: 3.48406 ms - Host latency: 3.48406 ms (enqueue 0.00236816 ms)
[06/06/2026-22:02:42] [I] Average on 10 runs - GPU latency: 3.48418 ms - Host latency: 3.48418 ms (enqueue 0.00244141 ms)
[06/06/2026-22:02:42] [I] Average on 10 runs - GPU latency: 3.48379 ms - Host latency: 3.48379 ms (enqueue 0.00231934 ms)
[06/06/2026-22:02:42] [I] Average on 10 runs - GPU latency: 3.48481 ms - Host latency: 3.48481 ms (enqueue 0.00234375 ms)
[06/06/2026-22:02:42] [I] Average on 10 runs - GPU latency: 3.48333 ms - Host latency: 3.48333 ms (enqueue 0.00231934 ms)
[06/06/2026-22:02:42] [I] Average on 10 runs - GPU latency: 3.48442 ms - Host latency: 3.48442 ms (enqueue 0.00229492 ms)
[06/06/2026-22:02:42] [I] Average on 10 runs - GPU latency: 3.48311 ms - Host latency: 3.48311 ms (enqueue 0.00239258 ms)
[06/06/2026-22:02:42] [I] Average on 10 runs - GPU latency: 3.48455 ms - Host latency: 3.48455 ms (enqueue 0.00219727 ms)
[06/06/2026-22:02:42] [I] Average on 10 runs - GPU latency: 3.48677 ms - Host latency: 3.48677 ms (enqueue 0.00239258 ms)
[06/06/2026-22:02:42] [I] Average on 10 runs - GPU latency: 3.48423 ms - Host latency: 3.48423 ms (enqueue 0.00229492 ms)
[06/06/2026-22:02:42] [I] Average on 10 runs - GPU latency: 3.48474 ms - Host latency: 3.48474 ms (enqueue 0.00236816 ms)
[06/06/2026-22:02:42] [I] Average on 10 runs - GPU latency: 3.48418 ms - Host latency: 3.48418 ms (enqueue 0.00229492 ms)
[06/06/2026-22:02:42] [I] Average on 10 runs - GPU latency: 3.48425 ms - Host latency: 3.48425 ms (enqueue 0.00229492 ms)
[06/06/2026-22:02:42] [I] Average on 10 runs - GPU latency: 3.48528 ms - Host latency: 3.48528 ms (enqueue 0.00231934 ms)
[06/06/2026-22:02:42] [I] Average on 10 runs - GPU latency: 3.48525 ms - Host latency: 3.48525 ms (enqueue 0.00239258 ms)
[06/06/2026-22:02:42] [I] Average on 10 runs - GPU latency: 3.48408 ms - Host latency: 3.48408 ms (enqueue 0.00241699 ms)
[06/06/2026-22:02:42] [I] Average on 10 runs - GPU latency: 3.48562 ms - Host latency: 3.48562 ms (enqueue 0.00236816 ms)
[06/06/2026-22:02:42] [I] Average on 10 runs - GPU latency: 3.48667 ms - Host latency: 3.48667 ms (enqueue 0.00236816 ms)
[06/06/2026-22:02:42] [I] Average on 10 runs - GPU latency: 3.48486 ms - Host latency: 3.48486 ms (enqueue 0.00231934 ms)
[06/06/2026-22:02:42] [I] Average on 10 runs - GPU latency: 3.48591 ms - Host latency: 3.48591 ms (enqueue 0.00236816 ms)
[06/06/2026-22:02:42] [I] Average on 10 runs - GPU latency: 3.48589 ms - Host latency: 3.48589 ms (enqueue 0.00234375 ms)
[06/06/2026-22:02:42] [I] Average on 10 runs - GPU latency: 3.48545 ms - Host latency: 3.48545 ms (enqueue 0.00234375 ms)
[06/06/2026-22:02:42] [I] Average on 10 runs - GPU latency: 3.48396 ms - Host latency: 3.48396 ms (enqueue 0.00229492 ms)
[06/06/2026-22:02:42] [I] Average on 10 runs - GPU latency: 3.48811 ms - Host latency: 3.48811 ms (enqueue 0.00234375 ms)
[06/06/2026-22:02:42] [I] Average on 10 runs - GPU latency: 3.48408 ms - Host latency: 3.48408 ms (enqueue 0.00236816 ms)
[06/06/2026-22:02:42] [I] Average on 10 runs - GPU latency: 3.4833 ms - Host latency: 3.4833 ms (enqueue 0.00229492 ms)
[06/06/2026-22:02:42] [I] Average on 10 runs - GPU latency: 3.48425 ms - Host latency: 3.48425 ms (enqueue 0.00234375 ms)
[06/06/2026-22:02:42] [I] Average on 10 runs - GPU latency: 3.48606 ms - Host latency: 3.48606 ms (enqueue 0.00227051 ms)
[06/06/2026-22:02:42] [I] Average on 10 runs - GPU latency: 3.48484 ms - Host latency: 3.48484 ms (enqueue 0.00234375 ms)
[06/06/2026-22:02:42] [I] Average on 10 runs - GPU latency: 3.48611 ms - Host latency: 3.48611 ms (enqueue 0.00244141 ms)
[06/06/2026-22:02:42] [I] Average on 10 runs - GPU latency: 3.48691 ms - Host latency: 3.48691 ms (enqueue 0.00231934 ms)
[06/06/2026-22:02:42] [I] Average on 10 runs - GPU latency: 3.4835 ms - Host latency: 3.4835 ms (enqueue 0.00229492 ms)
[06/06/2026-22:02:42] [I] Average on 10 runs - GPU latency: 3.48599 ms - Host latency: 3.48599 ms (enqueue 0.00263672 ms)
[06/06/2026-22:02:42] [I] Average on 10 runs - GPU latency: 3.48643 ms - Host latency: 3.48643 ms (enqueue 0.00244141 ms)
[06/06/2026-22:02:42] [I] Average on 10 runs - GPU latency: 3.48804 ms - Host latency: 3.48804 ms (enqueue 0.00224609 ms)
[06/06/2026-22:02:42] [I] Average on 10 runs - GPU latency: 3.48369 ms - Host latency: 3.48369 ms (enqueue 0.00239258 ms)
[06/06/2026-22:02:42] [I] Average on 10 runs - GPU latency: 3.48481 ms - Host latency: 3.48481 ms (enqueue 0.00219727 ms)
[06/06/2026-22:02:42] [I] Average on 10 runs - GPU latency: 3.48579 ms - Host latency: 3.48579 ms (enqueue 0.00224609 ms)
[06/06/2026-22:02:42] [I] Average on 10 runs - GPU latency: 3.48662 ms - Host latency: 3.48662 ms (enqueue 0.00234375 ms)
[06/06/2026-22:02:42] [I] Average on 10 runs - GPU latency: 3.48491 ms - Host latency: 3.48491 ms (enqueue 0.00249023 ms)
[06/06/2026-22:02:42] [I] Average on 10 runs - GPU latency: 3.48726 ms - Host latency: 3.48726 ms (enqueue 0.00234375 ms)
[06/06/2026-22:02:42] [I] Average on 10 runs - GPU latency: 3.48467 ms - Host latency: 3.48467 ms (enqueue 0.00234375 ms)
[06/06/2026-22:02:42] [I] Average on 10 runs - GPU latency: 3.48535 ms - Host latency: 3.48535 ms (enqueue 0.00258789 ms)
[06/06/2026-22:02:42] [I] Average on 10 runs - GPU latency: 3.48555 ms - Host latency: 3.48555 ms (enqueue 0.00224609 ms)
[06/06/2026-22:02:42] [I] Average on 10 runs - GPU latency: 3.48315 ms - Host latency: 3.48315 ms (enqueue 0.00249023 ms)
[06/06/2026-22:02:42] [I] Average on 10 runs - GPU latency: 3.48652 ms - Host latency: 3.48652 ms (enqueue 0.00229492 ms)
[06/06/2026-22:02:42] [I] Average on 10 runs - GPU latency: 3.48579 ms - Host latency: 3.48579 ms (enqueue 0.00239258 ms)
[06/06/2026-22:02:42] [I] Average on 10 runs - GPU latency: 3.48301 ms - Host latency: 3.48301 ms (enqueue 0.00244141 ms)
[06/06/2026-22:02:42] [I] Average on 10 runs - GPU latency: 3.4856 ms - Host latency: 3.4856 ms (enqueue 0.00234375 ms)
[06/06/2026-22:02:42] [I] Average on 10 runs - GPU latency: 3.48242 ms - Host latency: 3.48242 ms (enqueue 0.00234375 ms)
[06/06/2026-22:02:42] [I] Average on 10 runs - GPU latency: 3.4855 ms - Host latency: 3.4855 ms (enqueue 0.00244141 ms)
[06/06/2026-22:02:42] [I] Average on 10 runs - GPU latency: 3.48667 ms - Host latency: 3.48667 ms (enqueue 0.00234375 ms)
[06/06/2026-22:02:42] [I] Average on 10 runs - GPU latency: 3.48389 ms - Host latency: 3.48389 ms (enqueue 0.00268555 ms)
[06/06/2026-22:02:42] [I] Average on 10 runs - GPU latency: 3.4853 ms - Host latency: 3.4853 ms (enqueue 0.00239258 ms)
[06/06/2026-22:02:42] [I] Average on 10 runs - GPU latency: 3.48652 ms - Host latency: 3.48652 ms (enqueue 0.00234375 ms)
[06/06/2026-22:02:42] [I] Average on 10 runs - GPU latency: 3.48291 ms - Host latency: 3.48291 ms (enqueue 0.00229492 ms)
[06/06/2026-22:02:42] [I] Average on 10 runs - GPU latency: 3.48564 ms - Host latency: 3.48564 ms (enqueue 0.00244141 ms)
[06/06/2026-22:02:42] [I] Average on 10 runs - GPU latency: 3.48403 ms - Host latency: 3.48403 ms (enqueue 0.00229492 ms)
[06/06/2026-22:02:42] [I] Average on 10 runs - GPU latency: 3.48647 ms - Host latency: 3.48647 ms (enqueue 0.00234375 ms)
[06/06/2026-22:02:42] [I] Average on 10 runs - GPU latency: 3.48472 ms - Host latency: 3.48472 ms (enqueue 0.00214844 ms)
[06/06/2026-22:02:42] [I] Average on 10 runs - GPU latency: 3.48535 ms - Host latency: 3.48535 ms (enqueue 0.00239258 ms)
[06/06/2026-22:02:42] [I] Average on 10 runs - GPU latency: 3.48442 ms - Host latency: 3.48442 ms (enqueue 0.00249023 ms)
[06/06/2026-22:02:42] [I] Average on 10 runs - GPU latency: 3.48301 ms - Host latency: 3.48301 ms (enqueue 0.00239258 ms)
[06/06/2026-22:02:42] [I] Average on 10 runs - GPU latency: 3.48486 ms - Host latency: 3.48486 ms (enqueue 0.00214844 ms)
[06/06/2026-22:02:42] [I] Average on 10 runs - GPU latency: 3.48589 ms - Host latency: 3.48589 ms (enqueue 0.00253906 ms)
[06/06/2026-22:02:42] [I] Average on 10 runs - GPU latency: 3.4856 ms - Host latency: 3.4856 ms (enqueue 0.00234375 ms)
[06/06/2026-22:02:42] [I] Average on 10 runs - GPU latency: 3.48457 ms - Host latency: 3.48457 ms (enqueue 0.00234375 ms)
[06/06/2026-22:02:42] [I] Average on 10 runs - GPU latency: 3.48398 ms - Host latency: 3.48398 ms (enqueue 0.00229492 ms)
[06/06/2026-22:02:42] [I] Average on 10 runs - GPU latency: 3.48657 ms - Host latency: 3.48657 ms (enqueue 0.00244141 ms)
[06/06/2026-22:02:42] [I] Average on 10 runs - GPU latency: 3.48838 ms - Host latency: 3.48838 ms (enqueue 0.00244141 ms)
[06/06/2026-22:02:42] [I] Average on 10 runs - GPU latency: 3.48555 ms - Host latency: 3.48555 ms (enqueue 0.00224609 ms)
[06/06/2026-22:02:42] [I] Average on 10 runs - GPU latency: 3.48452 ms - Host latency: 3.48452 ms (enqueue 0.00224609 ms)
[06/06/2026-22:02:42] [I] Average on 10 runs - GPU latency: 3.48394 ms - Host latency: 3.48394 ms (enqueue 0.00239258 ms)
[06/06/2026-22:02:42] [I] Average on 10 runs - GPU latency: 3.48589 ms - Host latency: 3.48589 ms (enqueue 0.00234375 ms)
[06/06/2026-22:02:42] [I] Average on 10 runs - GPU latency: 3.48638 ms - Host latency: 3.48638 ms (enqueue 0.0027832 ms)
[06/06/2026-22:02:42] [I] Average on 10 runs - GPU latency: 3.48628 ms - Host latency: 3.48628 ms (enqueue 0.00253906 ms)
[06/06/2026-22:02:42] [I] Average on 10 runs - GPU latency: 3.48604 ms - Host latency: 3.48604 ms (enqueue 0.0027832 ms)
[06/06/2026-22:02:42] [I] Average on 10 runs - GPU latency: 3.48438 ms - Host latency: 3.48438 ms (enqueue 0.00244141 ms)
[06/06/2026-22:02:42] [I] Average on 10 runs - GPU latency: 3.48535 ms - Host latency: 3.48535 ms (enqueue 0.00219727 ms)
[06/06/2026-22:02:42] [I] Average on 10 runs - GPU latency: 3.48325 ms - Host latency: 3.48325 ms (enqueue 0.00229492 ms)
[06/06/2026-22:02:42] [I] Average on 10 runs - GPU latency: 3.48564 ms - Host latency: 3.48564 ms (enqueue 0.00239258 ms)
[06/06/2026-22:02:42] [I] Average on 10 runs - GPU latency: 3.48491 ms - Host latency: 3.48491 ms (enqueue 0.00253906 ms)
[06/06/2026-22:02:42] [I] Average on 10 runs - GPU latency: 3.48481 ms - Host latency: 3.48481 ms (enqueue 0.00234375 ms)
[06/06/2026-22:02:42] [I] Average on 10 runs - GPU latency: 3.48711 ms - Host latency: 3.48711 ms (enqueue 0.00239258 ms)
[06/06/2026-22:02:42] [I] Average on 10 runs - GPU latency: 3.48545 ms - Host latency: 3.48545 ms (enqueue 0.00249023 ms)
[06/06/2026-22:02:42] [I] Average on 10 runs - GPU latency: 3.4854 ms - Host latency: 3.4854 ms (enqueue 0.00244141 ms)
[06/06/2026-22:02:42] [I] Average on 10 runs - GPU latency: 3.48442 ms - Host latency: 3.48442 ms (enqueue 0.00249023 ms)
[06/06/2026-22:02:42] [I] Average on 10 runs - GPU latency: 3.48589 ms - Host latency: 3.48589 ms (enqueue 0.00234375 ms)
[06/06/2026-22:02:42] [I] Average on 10 runs - GPU latency: 3.48501 ms - Host latency: 3.48501 ms (enqueue 0.00219727 ms)
[06/06/2026-22:02:42] [I] Average on 10 runs - GPU latency: 3.48521 ms - Host latency: 3.48521 ms (enqueue 0.00244141 ms)
[06/06/2026-22:02:42] [I] Average on 10 runs - GPU latency: 3.4875 ms - Host latency: 3.4875 ms (enqueue 0.00224609 ms)
[06/06/2026-22:02:42] [I] Average on 10 runs - GPU latency: 3.48433 ms - Host latency: 3.48433 ms (enqueue 0.00219727 ms)
[06/06/2026-22:02:42] [I] Average on 10 runs - GPU latency: 3.48369 ms - Host latency: 3.48369 ms (enqueue 0.00234375 ms)
[06/06/2026-22:02:42] [I] Average on 10 runs - GPU latency: 3.48657 ms - Host latency: 3.48657 ms (enqueue 0.00253906 ms)
[06/06/2026-22:02:42] [I] Average on 10 runs - GPU latency: 3.48574 ms - Host latency: 3.48574 ms (enqueue 0.00224609 ms)
[06/06/2026-22:02:42] [I] Average on 10 runs - GPU latency: 3.48599 ms - Host latency: 3.48599 ms (enqueue 0.00229492 ms)
[06/06/2026-22:02:42] [I] Average on 10 runs - GPU latency: 3.48555 ms - Host latency: 3.48555 ms (enqueue 0.00219727 ms)
[06/06/2026-22:02:42] [I] Average on 10 runs - GPU latency: 3.4854 ms - Host latency: 3.4854 ms (enqueue 0.00229492 ms)
[06/06/2026-22:02:42] [I] Average on 10 runs - GPU latency: 3.4853 ms - Host latency: 3.4853 ms (enqueue 0.00229492 ms)
[06/06/2026-22:02:42] [I] Average on 10 runs - GPU latency: 3.4853 ms - Host latency: 3.4853 ms (enqueue 0.00234375 ms)
[06/06/2026-22:02:42] [I] Average on 10 runs - GPU latency: 3.48433 ms - Host latency: 3.48433 ms (enqueue 0.00239258 ms)
[06/06/2026-22:02:42] [I] Average on 10 runs - GPU latency: 3.48394 ms - Host latency: 3.48394 ms (enqueue 0.00239258 ms)
[06/06/2026-22:02:42] [I] Average on 10 runs - GPU latency: 3.48564 ms - Host latency: 3.48564 ms (enqueue 0.00239258 ms)
[06/06/2026-22:02:42] [I] Average on 10 runs - GPU latency: 3.48569 ms - Host latency: 3.48569 ms (enqueue 0.00234375 ms)
[06/06/2026-22:02:42] [I] Average on 10 runs - GPU latency: 3.48359 ms - Host latency: 3.48359 ms (enqueue 0.00244141 ms)
[06/06/2026-22:02:42] [I] Average on 10 runs - GPU latency: 3.48545 ms - Host latency: 3.48545 ms (enqueue 0.00234375 ms)
[06/06/2026-22:02:42] [I] Average on 10 runs - GPU latency: 3.48804 ms - Host latency: 3.48804 ms (enqueue 0.00234375 ms)
[06/06/2026-22:02:42] [I] Average on 10 runs - GPU latency: 3.48579 ms - Host latency: 3.48579 ms (enqueue 0.00234375 ms)
[06/06/2026-22:02:42] [I] Average on 10 runs - GPU latency: 3.48496 ms - Host latency: 3.48496 ms (enqueue 0.00224609 ms)
[06/06/2026-22:02:42] [I] Average on 10 runs - GPU latency: 3.48535 ms - Host latency: 3.48535 ms (enqueue 0.00234375 ms)
[06/06/2026-22:02:42] [I] Average on 10 runs - GPU latency: 3.48496 ms - Host latency: 3.48496 ms (enqueue 0.00249023 ms)
[06/06/2026-22:02:42] [I] Average on 10 runs - GPU latency: 3.49004 ms - Host latency: 3.49004 ms (enqueue 0.00224609 ms)
[06/06/2026-22:02:42] [I] Average on 10 runs - GPU latency: 3.48555 ms - Host latency: 3.48555 ms (enqueue 0.00234375 ms)
[06/06/2026-22:02:42] [I] Average on 10 runs - GPU latency: 3.48354 ms - Host latency: 3.48354 ms (enqueue 0.00239258 ms)
[06/06/2026-22:02:42] [I] Average on 10 runs - GPU latency: 3.48291 ms - Host latency: 3.48291 ms (enqueue 0.00224609 ms)
[06/06/2026-22:02:42] [I] Average on 10 runs - GPU latency: 3.4835 ms - Host latency: 3.4835 ms (enqueue 0.00224609 ms)
[06/06/2026-22:02:42] [I] Average on 10 runs - GPU latency: 3.48433 ms - Host latency: 3.48433 ms (enqueue 0.00224609 ms)
[06/06/2026-22:02:42] [I] Average on 10 runs - GPU latency: 3.48379 ms - Host latency: 3.48379 ms (enqueue 0.00234375 ms)
[06/06/2026-22:02:42] [I] Average on 10 runs - GPU latency: 3.48687 ms - Host latency: 3.48687 ms (enqueue 0.00239258 ms)
[06/06/2026-22:02:42] [I] Average on 10 runs - GPU latency: 3.48599 ms - Host latency: 3.48599 ms (enqueue 0.00229492 ms)
[06/06/2026-22:02:42] [I] Average on 10 runs - GPU latency: 3.48491 ms - Host latency: 3.48491 ms (enqueue 0.00249023 ms)
[06/06/2026-22:02:42] [I] Average on 10 runs - GPU latency: 3.48535 ms - Host latency: 3.48535 ms (enqueue 0.00244141 ms)
[06/06/2026-22:02:42] [I] Average on 10 runs - GPU latency: 3.48452 ms - Host latency: 3.48452 ms (enqueue 0.00258789 ms)
[06/06/2026-22:02:42] [I] Average on 10 runs - GPU latency: 3.48696 ms - Host latency: 3.48696 ms (enqueue 0.00229492 ms)
[06/06/2026-22:02:42] [I] Average on 10 runs - GPU latency: 3.48374 ms - Host latency: 3.48374 ms (enqueue 0.00229492 ms)
[06/06/2026-22:02:42] [I] Average on 10 runs - GPU latency: 3.48296 ms - Host latency: 3.48296 ms (enqueue 0.00239258 ms)
[06/06/2026-22:02:42] [I] Average on 10 runs - GPU latency: 3.48726 ms - Host latency: 3.48726 ms (enqueue 0.00219727 ms)
[06/06/2026-22:02:42] [I] Average on 10 runs - GPU latency: 3.48623 ms - Host latency: 3.48623 ms (enqueue 0.00234375 ms)
[06/06/2026-22:02:42] [I] Average on 10 runs - GPU latency: 3.48628 ms - Host latency: 3.48628 ms (enqueue 0.00239258 ms)
[06/06/2026-22:02:42] [I] Average on 10 runs - GPU latency: 3.48384 ms - Host latency: 3.48384 ms (enqueue 0.00258789 ms)
[06/06/2026-22:02:42] [I] Average on 10 runs - GPU latency: 3.48369 ms - Host latency: 3.48369 ms (enqueue 0.00239258 ms)
[06/06/2026-22:02:42] [I] Average on 10 runs - GPU latency: 3.4854 ms - Host latency: 3.4854 ms (enqueue 0.00234375 ms)
[06/06/2026-22:02:42] [I] Average on 10 runs - GPU latency: 3.48384 ms - Host latency: 3.48384 ms (enqueue 0.00253906 ms)
[06/06/2026-22:02:42] [I] Average on 10 runs - GPU latency: 3.48418 ms - Host latency: 3.48418 ms (enqueue 0.00229492 ms)
[06/06/2026-22:02:42] [I] Average on 10 runs - GPU latency: 3.48496 ms - Host latency: 3.48496 ms (enqueue 0.00249023 ms)
[06/06/2026-22:02:42] [I] Average on 10 runs - GPU latency: 3.48545 ms - Host latency: 3.48545 ms (enqueue 0.00229492 ms)
[06/06/2026-22:02:42] [I] Average on 10 runs - GPU latency: 3.48481 ms - Host latency: 3.48481 ms (enqueue 0.00249023 ms)
[06/06/2026-22:02:42] [I] Average on 10 runs - GPU latency: 3.48403 ms - Host latency: 3.48403 ms (enqueue 0.00253906 ms)
[06/06/2026-22:02:42] [I] Average on 10 runs - GPU latency: 3.48384 ms - Host latency: 3.48384 ms (enqueue 0.00234375 ms)
[06/06/2026-22:02:42] [I] Average on 10 runs - GPU latency: 3.48374 ms - Host latency: 3.48374 ms (enqueue 0.00234375 ms)
[06/06/2026-22:02:42] [I] Average on 10 runs - GPU latency: 3.48442 ms - Host latency: 3.48442 ms (enqueue 0.00239258 ms)
[06/06/2026-22:02:42] [I] Average on 10 runs - GPU latency: 3.48677 ms - Host latency: 3.48677 ms (enqueue 0.00234375 ms)
[06/06/2026-22:02:42] [I] 
[06/06/2026-22:02:42] [I] === Performance summary ===
[06/06/2026-22:02:42] [I] Throughput: 286.816 qps
[06/06/2026-22:02:42] [I] Latency: min = 3.47314 ms, max = 3.49805 ms, mean = 3.48507 ms, median = 3.48486 ms, percentile(99%) = 3.49414 ms
[06/06/2026-22:02:42] [I] Enqueue Time: min = 0.00195312 ms, max = 0.00439453 ms, mean = 0.00236815 ms, median = 0.00244141 ms, percentile(99%) = 0.00292969 ms
[06/06/2026-22:02:42] [I] H2D Latency: min = 0 ms, max = 0 ms, mean = 0 ms, median = 0 ms, percentile(99%) = 0 ms
[06/06/2026-22:02:42] [I] GPU Compute Time: min = 3.47314 ms, max = 3.49805 ms, mean = 3.48507 ms, median = 3.48486 ms, percentile(99%) = 3.49414 ms
[06/06/2026-22:02:42] [I] D2H Latency: min = 0 ms, max = 0 ms, mean = 0 ms, median = 0 ms, percentile(99%) = 0 ms
[06/06/2026-22:02:42] [I] Total Host Walltime: 6.00733 s
[06/06/2026-22:02:42] [I] Total GPU Compute Time: 6.00478 s
[06/06/2026-22:02:42] [I] Explanations of the performance metrics are printed in the verbose logs.
[06/06/2026-22:02:42] [I] 
&&&& PASSED TensorRT.trtexec [TensorRT v101401] [b48] # trtexec --onnx=models/yolo26n/best.onnx --fp16 --minShapes=images:64x3x416x416 --optShapes=images:64x3x416x416 --maxShapes=images:64x3x416x416 --useCudaGraph --useSpinWait --noDataTransfers --warmUp=2000 --duration=6 --percentile=99 --timingCacheFile=/work/trt_bench/cache/yolo26n.cache --memPoolSize=workspace:8192
