&&&& RUNNING TensorRT.trtexec [TensorRT v101401] [b48] # trtexec --onnx=models/yolo26s/best.onnx --fp16 --minShapes=images:16x3x448x448 --optShapes=images:16x3x448x448 --maxShapes=images:16x3x448x448 --useCudaGraph --useSpinWait --noDataTransfers --warmUp=2000 --duration=6 --percentile=99 --timingCacheFile=/work/trt_bench/cache/yolo26s.cache --memPoolSize=workspace:8192
[06/06/2026-21:00:26] [W] Weakly-typed networks have been deprecated in TensorRT. You can use the AutoCast tool (https://nvidia.github.io/TensorRT-Model-Optimizer/guides/8_autocast.html) to convert the network to be strongly typed.
[06/06/2026-21:00:26] [I] === Model Options ===
[06/06/2026-21:00:26] [I] Format: ONNX
[06/06/2026-21:00:26] [I] Model: models/yolo26s/best.onnx
[06/06/2026-21:00:26] [I] Output:
[06/06/2026-21:00:26] [I] === Build Options ===
[06/06/2026-21:00:26] [I] Memory Pools: workspace: 8192 MiB, dlaSRAM: default, dlaLocalDRAM: default, dlaGlobalDRAM: default, tacticSharedMem: default
[06/06/2026-21:00:26] [I] avgTiming: 8
[06/06/2026-21:00:26] [I] Precision: FP32+FP16
[06/06/2026-21:00:26] [I] LayerPrecisions: 
[06/06/2026-21:00:26] [I] Layer Device Types: 
[06/06/2026-21:00:26] [I] Decomposable Attentions: 
[06/06/2026-21:00:26] [I] Calibration: 
[06/06/2026-21:00:26] [I] Refit: Disabled
[06/06/2026-21:00:26] [I] Strip weights: Disabled
[06/06/2026-21:00:26] [I] Version Compatible: Disabled
[06/06/2026-21:00:26] [I] ONNX Plugin InstanceNorm: Disabled
[06/06/2026-21:00:26] [I] ONNX kENABLE_UINT8_AND_ASYMMETRIC_QUANTIZATION_DLA flag: Disabled
[06/06/2026-21:00:26] [I] TensorRT runtime: full
[06/06/2026-21:00:26] [I] Lean DLL Path: 
[06/06/2026-21:00:26] [I] Tempfile Controls: { in_memory: allow, temporary: allow }
[06/06/2026-21:00:26] [I] Exclude Lean Runtime: Disabled
[06/06/2026-21:00:26] [I] Sparsity: Disabled
[06/06/2026-21:00:26] [I] Safe mode: Disabled
[06/06/2026-21:00:26] [I] Build DLA standalone loadable: Disabled
[06/06/2026-21:00:26] [I] Allow GPU fallback for DLA: Disabled
[06/06/2026-21:00:26] [I] DirectIO mode: Disabled
[06/06/2026-21:00:26] [I] Restricted mode: Disabled
[06/06/2026-21:00:26] [I] Skip inference: Disabled
[06/06/2026-21:00:26] [I] Save engine: 
[06/06/2026-21:00:26] [I] Load engine: 
[06/06/2026-21:00:26] [I] Profiling verbosity: 0
[06/06/2026-21:00:26] [I] Tactic sources: Using default tactic sources
[06/06/2026-21:00:26] [I] timingCacheMode: global
[06/06/2026-21:00:26] [I] timingCacheFile: /work/trt_bench/cache/yolo26s.cache
[06/06/2026-21:00:26] [I] Enable Compilation Cache: Enabled
[06/06/2026-21:00:26] [I] Enable Monitor Memory: Disabled
[06/06/2026-21:00:26] [I] errorOnTimingCacheMiss: Disabled
[06/06/2026-21:00:26] [I] Preview Features: Use default preview flags.
[06/06/2026-21:00:26] [I] MaxAuxStreams: -1
[06/06/2026-21:00:26] [I] BuilderOptimizationLevel: -1
[06/06/2026-21:00:26] [I] MaxTactics: -1
[06/06/2026-21:00:26] [I] Calibration Profile Index: 0
[06/06/2026-21:00:26] [I] Weight Streaming: Disabled
[06/06/2026-21:00:26] [I] Runtime Platform: Same As Build
[06/06/2026-21:00:26] [I] Debug Tensors: 
[06/06/2026-21:00:26] [I] Distributive Independence: Disabled
[06/06/2026-21:00:26] [I] Mark Unfused Tensors As Debug Tensors: Disabled
[06/06/2026-21:00:26] [I] Input(s)s format: fp32:CHW
[06/06/2026-21:00:26] [I] Output(s)s format: fp32:CHW
[06/06/2026-21:00:26] [I] Input build shape (profile 0): images=16x3x448x448+16x3x448x448+16x3x448x448
[06/06/2026-21:00:26] [I] Input calibration shapes: model
[06/06/2026-21:00:26] [I] === System Options ===
[06/06/2026-21:00:26] [I] Device: 0
[06/06/2026-21:00:26] [I] DLACore: 
[06/06/2026-21:00:26] [I] Plugins:
[06/06/2026-21:00:26] [I] setPluginsToSerialize:
[06/06/2026-21:00:26] [I] dynamicPlugins:
[06/06/2026-21:00:26] [I] ignoreParsedPluginLibs: 0
[06/06/2026-21:00:26] [I] 
[06/06/2026-21:00:26] [I] === Inference Options ===
[06/06/2026-21:00:26] [I] Batch: Explicit
[06/06/2026-21:00:26] [I] Input inference shape : images=16x3x448x448
[06/06/2026-21:00:26] [I] Iterations: 10
[06/06/2026-21:00:26] [I] Duration: 6s (+ 2000ms warm up)
[06/06/2026-21:00:26] [I] Sleep time: 0ms
[06/06/2026-21:00:26] [I] Idle time: 0ms
[06/06/2026-21:00:26] [I] Inference Streams: 1
[06/06/2026-21:00:26] [I] ExposeDMA: Disabled
[06/06/2026-21:00:26] [I] Data transfers: Disabled
[06/06/2026-21:00:26] [I] Spin-wait: Enabled
[06/06/2026-21:00:26] [I] Multithreading: Disabled
[06/06/2026-21:00:26] [I] CUDA Graph: Enabled
[06/06/2026-21:00:26] [I] Separate profiling: Disabled
[06/06/2026-21:00:26] [I] Time Deserialize: Disabled
[06/06/2026-21:00:26] [I] Time Refit: Disabled
[06/06/2026-21:00:26] [I] NVTX verbosity: 0
[06/06/2026-21:00:26] [I] Persistent Cache Ratio: 0
[06/06/2026-21:00:26] [I] Optimization Profile Index: 0
[06/06/2026-21:00:26] [I] Weight Streaming Budget: 100.000000%
[06/06/2026-21:00:26] [I] Inputs:
[06/06/2026-21:00:26] [I] Debug Tensor Save Destinations:
[06/06/2026-21:00:26] [I] Dump All Debug Tensor in Formats: 
[06/06/2026-21:00:26] [I] === Reporting Options ===
[06/06/2026-21:00:26] [I] Verbose: Disabled
[06/06/2026-21:00:26] [I] Averages: 10 inferences
[06/06/2026-21:00:26] [I] Percentiles: 99
[06/06/2026-21:00:26] [I] Dump refittable layers:Disabled
[06/06/2026-21:00:26] [I] Dump output: Disabled
[06/06/2026-21:00:26] [I] Profile: Disabled
[06/06/2026-21:00:26] [I] Export timing to JSON file: 
[06/06/2026-21:00:26] [I] Export output to JSON file: 
[06/06/2026-21:00:26] [I] Export profile to JSON file: 
[06/06/2026-21:00:26] [I] 
[06/06/2026-21:00:26] [I] === Device Information ===
[06/06/2026-21:00:26] [I] Available Devices: 
[06/06/2026-21:00:26] [I]   Device 0: "NVIDIA GeForce RTX 4090" UUID: GPU-ecde2256-9c06-55af-a9e9-f5ddb7072ede
[06/06/2026-21:00:26] [I] Selected Device: NVIDIA GeForce RTX 4090
[06/06/2026-21:00:26] [I] Selected Device ID: 0
[06/06/2026-21:00:26] [I] Selected Device UUID: GPU-ecde2256-9c06-55af-a9e9-f5ddb7072ede
[06/06/2026-21:00:26] [I] Compute Capability: 8.9
[06/06/2026-21:00:26] [I] SMs: 128
[06/06/2026-21:00:26] [I] Device Global Memory: 24080 MiB
[06/06/2026-21:00:26] [I] Shared Memory per SM: 100 KiB
[06/06/2026-21:00:26] [I] Memory Bus Width: 384 bits (ECC disabled)
[06/06/2026-21:00:26] [I] Application Compute Clock Rate: 2.55 GHz
[06/06/2026-21:00:26] [I] Application Memory Clock Rate: 10.501 GHz
[06/06/2026-21:00:26] [I] 
[06/06/2026-21:00:26] [I] Note: The application clock rates do not reflect the actual clock rates that the GPU is currently running at.
[06/06/2026-21:00:26] [I] 
[06/06/2026-21:00:26] [I] TensorRT version: 10.14.1
[06/06/2026-21:00:26] [I] Loading standard plugins
[06/06/2026-21:00:26] [I] [TRT] [MemUsageChange] Init CUDA: CPU +0, GPU +0, now: CPU 29, GPU 394 (MiB)
[06/06/2026-21:00:26] [I] Start parsing network model.
[06/06/2026-21:00:26] [I] [TRT] ----------------------------------------------------------------
[06/06/2026-21:00:26] [I] [TRT] Input filename:   models/yolo26s/best.onnx
[06/06/2026-21:00:26] [I] [TRT] ONNX IR version:  0.0.8
[06/06/2026-21:00:26] [I] [TRT] Opset version:    17
[06/06/2026-21:00:26] [I] [TRT] Producer name:    pytorch
[06/06/2026-21:00:26] [I] [TRT] Producer version: 2.11.0
[06/06/2026-21:00:26] [I] [TRT] Domain:           
[06/06/2026-21:00:26] [I] [TRT] Model version:    0
[06/06/2026-21:00:26] [I] [TRT] Doc string:       
[06/06/2026-21:00:26] [I] [TRT] ----------------------------------------------------------------
[06/06/2026-21:00:26] [I] Finished parsing network model. Parse time: 0.0665594
[06/06/2026-21:00:26] [I] Set shape of input tensor images for optimization profile 0 to: MIN=16x3x448x448 OPT=16x3x448x448 MAX=16x3x448x448
[06/06/2026-21:00:26] [I] [TRT] Loaded 2662960 bytes of cache from file: /work/trt_bench/cache/yolo26s.cache
[06/06/2026-21:00:27] [I] [TRT] [MemUsageChange] Init builder kernel library: CPU +199, GPU +4, now: CPU 481, GPU 398 (MiB)
[06/06/2026-21:00:27] [I] [TRT] Global timing cache in use. Profiling results in this builder pass will be stored.
[06/06/2026-21:02:24] [I] [TRT] Compiler backend is used during engine build.
[06/06/2026-21:03:32] [I] [TRT] Detected 1 inputs and 1 output network tensors.
[06/06/2026-21:03:33] [I] [TRT] Total Host Persistent Memory: 606016 bytes
[06/06/2026-21:03:33] [I] [TRT] Total Device Persistent Memory: 4096 bytes
[06/06/2026-21:03:33] [I] [TRT] Max Scratch Memory: 12242944 bytes
[06/06/2026-21:03:33] [I] [TRT] [BlockAssignment] Started assigning block shifts. This will take 187 steps to complete.
[06/06/2026-21:03:33] [I] [TRT] [BlockAssignment] Algorithm ShiftNTopDown took 9.5337ms to assign 11 blocks to 187 nodes requiring 142901760 bytes.
[06/06/2026-21:03:33] [I] [TRT] Total Activation Memory: 142901248 bytes
[06/06/2026-21:03:33] [I] [TRT] Total Weights Memory: 18982568 bytes
[06/06/2026-21:03:33] [I] [TRT] Compiler backend is used during engine execution.
[06/06/2026-21:03:33] [I] [TRT] Engine generation completed in 186.402 seconds.
[06/06/2026-21:03:33] [I] [TRT] [MemUsageStats] Peak memory usage of TRT CPU/GPU memory allocators: CPU 2 MiB, GPU 196 MiB
[06/06/2026-21:03:33] [I] Created engine with size: 21.7735 MiB
[06/06/2026-21:03:33] [I] Engine built in 186.837 sec.
[06/06/2026-21:03:33] [I] [TRT] Loaded 2662960 bytes of cache from file: /work/trt_bench/cache/yolo26s.cache
[06/06/2026-21:03:33] [I] [TRT] Serialized 2616 bytes of code generator cache.
[06/06/2026-21:03:33] [I] [TRT] Serialized 1254514 bytes of compilation cache.
[06/06/2026-21:03:33] [I] [TRT] Serialized 21294 timing cache entries
[06/06/2026-21:03:33] [I] [TRT] Saved 3471874 bytes of timing cache to /work/trt_bench/cache/yolo26s.cache
[06/06/2026-21:03:34] [I] [TRT] Loaded engine size: 21 MiB
[06/06/2026-21:03:34] [I] Engine deserialized in 0.0227135 sec.
[06/06/2026-21:03:34] [I] [TRT] [MemUsageChange] TensorRT-managed allocation in IExecutionContext creation: CPU +0, GPU +136, now: CPU 0, GPU 154 (MiB)
[06/06/2026-21:03:34] [I] Setting persistentCacheLimit to 0 bytes.
[06/06/2026-21:03:34] [I] Created execution context with device memory size: 136.281 MiB
[06/06/2026-21:03:34] [I] Using random values for input images
[06/06/2026-21:03:34] [I] Input binding for images with dimensions 16x3x448x448 is created.
[06/06/2026-21:03:34] [I] Output binding for output0 with dimensions 16x300x6 is created.
[06/06/2026-21:03:34] [I] Starting inference
[06/06/2026-21:03:34] [I] Capturing CUDA graph for the current execution context
[06/06/2026-21:03:34] [I] Successfully captured CUDA graph for the current execution context
[06/06/2026-21:03:42] [I] Warmup completed 945 queries over 2000 ms
[06/06/2026-21:03:42] [I] Timing trace has 2853 queries over 6.00289 s
[06/06/2026-21:03:42] [I] 
[06/06/2026-21:03:42] [I] === Trace details ===
[06/06/2026-21:03:42] [I] Trace averages of 10 runs:
[06/06/2026-21:03:42] [I] Average on 10 runs - GPU latency: 2.09912 ms - Host latency: 2.09912 ms (enqueue 0.00240479 ms)
[06/06/2026-21:03:42] [I] Average on 10 runs - GPU latency: 2.09951 ms - Host latency: 2.09951 ms (enqueue 0.00238037 ms)
[06/06/2026-21:03:42] [I] Average on 10 runs - GPU latency: 2.09807 ms - Host latency: 2.09807 ms (enqueue 0.00249023 ms)
[06/06/2026-21:03:42] [I] Average on 10 runs - GPU latency: 2.10041 ms - Host latency: 2.10041 ms (enqueue 0.00236816 ms)
[06/06/2026-21:03:42] [I] Average on 10 runs - GPU latency: 2.09973 ms - Host latency: 2.09973 ms (enqueue 0.00244141 ms)
[06/06/2026-21:03:42] [I] Average on 10 runs - GPU latency: 2.10005 ms - Host latency: 2.10005 ms (enqueue 0.00244141 ms)
[06/06/2026-21:03:42] [I] Average on 10 runs - GPU latency: 2.09939 ms - Host latency: 2.09939 ms (enqueue 0.00236816 ms)
[06/06/2026-21:03:42] [I] Average on 10 runs - GPU latency: 2.09846 ms - Host latency: 2.09846 ms (enqueue 0.00246582 ms)
[06/06/2026-21:03:42] [I] Average on 10 runs - GPU latency: 2.09897 ms - Host latency: 2.09897 ms (enqueue 0.00244141 ms)
[06/06/2026-21:03:42] [I] Average on 10 runs - GPU latency: 2.09907 ms - Host latency: 2.09907 ms (enqueue 0.00236816 ms)
[06/06/2026-21:03:42] [I] Average on 10 runs - GPU latency: 2.10022 ms - Host latency: 2.10022 ms (enqueue 0.00231934 ms)
[06/06/2026-21:03:42] [I] Average on 10 runs - GPU latency: 2.09951 ms - Host latency: 2.09951 ms (enqueue 0.00241699 ms)
[06/06/2026-21:03:42] [I] Average on 10 runs - GPU latency: 2.09978 ms - Host latency: 2.09978 ms (enqueue 0.00231934 ms)
[06/06/2026-21:03:42] [I] Average on 10 runs - GPU latency: 2.09934 ms - Host latency: 2.09934 ms (enqueue 0.00246582 ms)
[06/06/2026-21:03:42] [I] Average on 10 runs - GPU latency: 2.09944 ms - Host latency: 2.09944 ms (enqueue 0.00231934 ms)
[06/06/2026-21:03:42] [I] Average on 10 runs - GPU latency: 2.09929 ms - Host latency: 2.09929 ms (enqueue 0.00241699 ms)
[06/06/2026-21:03:42] [I] Average on 10 runs - GPU latency: 2.09939 ms - Host latency: 2.09939 ms (enqueue 0.00234375 ms)
[06/06/2026-21:03:42] [I] Average on 10 runs - GPU latency: 2.09888 ms - Host latency: 2.09888 ms (enqueue 0.00244141 ms)
[06/06/2026-21:03:42] [I] Average on 10 runs - GPU latency: 2.099 ms - Host latency: 2.099 ms (enqueue 0.00236816 ms)
[06/06/2026-21:03:42] [I] Average on 10 runs - GPU latency: 2.09946 ms - Host latency: 2.09946 ms (enqueue 0.00229492 ms)
[06/06/2026-21:03:42] [I] Average on 10 runs - GPU latency: 2.09902 ms - Host latency: 2.09902 ms (enqueue 0.00251465 ms)
[06/06/2026-21:03:42] [I] Average on 10 runs - GPU latency: 2.09817 ms - Host latency: 2.09817 ms (enqueue 0.00239258 ms)
[06/06/2026-21:03:42] [I] Average on 10 runs - GPU latency: 2.1002 ms - Host latency: 2.1002 ms (enqueue 0.00239258 ms)
[06/06/2026-21:03:42] [I] Average on 10 runs - GPU latency: 2.09885 ms - Host latency: 2.09885 ms (enqueue 0.00249023 ms)
[06/06/2026-21:03:42] [I] Average on 10 runs - GPU latency: 2.09956 ms - Host latency: 2.09956 ms (enqueue 0.00236816 ms)
[06/06/2026-21:03:42] [I] Average on 10 runs - GPU latency: 2.09956 ms - Host latency: 2.09956 ms (enqueue 0.00236816 ms)
[06/06/2026-21:03:42] [I] Average on 10 runs - GPU latency: 2.0988 ms - Host latency: 2.0988 ms (enqueue 0.00249023 ms)
[06/06/2026-21:03:42] [I] Average on 10 runs - GPU latency: 2.09963 ms - Host latency: 2.09963 ms (enqueue 0.00249023 ms)
[06/06/2026-21:03:42] [I] Average on 10 runs - GPU latency: 2.10046 ms - Host latency: 2.10046 ms (enqueue 0.00241699 ms)
[06/06/2026-21:03:42] [I] Average on 10 runs - GPU latency: 2.09973 ms - Host latency: 2.09973 ms (enqueue 0.00236816 ms)
[06/06/2026-21:03:42] [I] Average on 10 runs - GPU latency: 2.10083 ms - Host latency: 2.10083 ms (enqueue 0.00236816 ms)
[06/06/2026-21:03:42] [I] Average on 10 runs - GPU latency: 2.09927 ms - Host latency: 2.09927 ms (enqueue 0.00236816 ms)
[06/06/2026-21:03:42] [I] Average on 10 runs - GPU latency: 2.09924 ms - Host latency: 2.09924 ms (enqueue 0.00234375 ms)
[06/06/2026-21:03:42] [I] Average on 10 runs - GPU latency: 2.10012 ms - Host latency: 2.10012 ms (enqueue 0.00229492 ms)
[06/06/2026-21:03:42] [I] Average on 10 runs - GPU latency: 2.09883 ms - Host latency: 2.09883 ms (enqueue 0.00234375 ms)
[06/06/2026-21:03:42] [I] Average on 10 runs - GPU latency: 2.09941 ms - Host latency: 2.09941 ms (enqueue 0.00236816 ms)
[06/06/2026-21:03:42] [I] Average on 10 runs - GPU latency: 2.09919 ms - Host latency: 2.09919 ms (enqueue 0.00241699 ms)
[06/06/2026-21:03:42] [I] Average on 10 runs - GPU latency: 2.10117 ms - Host latency: 2.10117 ms (enqueue 0.00234375 ms)
[06/06/2026-21:03:42] [I] Average on 10 runs - GPU latency: 2.0989 ms - Host latency: 2.0989 ms (enqueue 0.00249023 ms)
[06/06/2026-21:03:42] [I] Average on 10 runs - GPU latency: 2.09973 ms - Host latency: 2.09973 ms (enqueue 0.00246582 ms)
[06/06/2026-21:03:42] [I] Average on 10 runs - GPU latency: 2.10046 ms - Host latency: 2.10046 ms (enqueue 0.00234375 ms)
[06/06/2026-21:03:42] [I] Average on 10 runs - GPU latency: 2.10056 ms - Host latency: 2.10056 ms (enqueue 0.00241699 ms)
[06/06/2026-21:03:42] [I] Average on 10 runs - GPU latency: 2.09927 ms - Host latency: 2.09927 ms (enqueue 0.00246582 ms)
[06/06/2026-21:03:42] [I] Average on 10 runs - GPU latency: 2.09951 ms - Host latency: 2.09951 ms (enqueue 0.00239258 ms)
[06/06/2026-21:03:42] [I] Average on 10 runs - GPU latency: 2.09949 ms - Host latency: 2.09949 ms (enqueue 0.00239258 ms)
[06/06/2026-21:03:42] [I] Average on 10 runs - GPU latency: 2.10034 ms - Host latency: 2.10034 ms (enqueue 0.00236816 ms)
[06/06/2026-21:03:42] [I] Average on 10 runs - GPU latency: 2.09941 ms - Host latency: 2.09941 ms (enqueue 0.00241699 ms)
[06/06/2026-21:03:42] [I] Average on 10 runs - GPU latency: 2.09988 ms - Host latency: 2.09988 ms (enqueue 0.00246582 ms)
[06/06/2026-21:03:42] [I] Average on 10 runs - GPU latency: 2.1002 ms - Host latency: 2.1002 ms (enqueue 0.00234375 ms)
[06/06/2026-21:03:42] [I] Average on 10 runs - GPU latency: 2.09998 ms - Host latency: 2.09998 ms (enqueue 0.00239258 ms)
[06/06/2026-21:03:42] [I] Average on 10 runs - GPU latency: 2.10105 ms - Host latency: 2.10105 ms (enqueue 0.00241699 ms)
[06/06/2026-21:03:42] [I] Average on 10 runs - GPU latency: 2.1021 ms - Host latency: 2.1021 ms (enqueue 0.00231934 ms)
[06/06/2026-21:03:42] [I] Average on 10 runs - GPU latency: 2.09983 ms - Host latency: 2.09983 ms (enqueue 0.00253906 ms)
[06/06/2026-21:03:42] [I] Average on 10 runs - GPU latency: 2.09993 ms - Host latency: 2.09993 ms (enqueue 0.00239258 ms)
[06/06/2026-21:03:42] [I] Average on 10 runs - GPU latency: 2.10002 ms - Host latency: 2.10002 ms (enqueue 0.00251465 ms)
[06/06/2026-21:03:42] [I] Average on 10 runs - GPU latency: 2.10105 ms - Host latency: 2.10105 ms (enqueue 0.00249023 ms)
[06/06/2026-21:03:42] [I] Average on 10 runs - GPU latency: 2.10073 ms - Host latency: 2.10073 ms (enqueue 0.00234375 ms)
[06/06/2026-21:03:42] [I] Average on 10 runs - GPU latency: 2.09995 ms - Host latency: 2.09995 ms (enqueue 0.00236816 ms)
[06/06/2026-21:03:42] [I] Average on 10 runs - GPU latency: 2.10007 ms - Host latency: 2.10007 ms (enqueue 0.00253906 ms)
[06/06/2026-21:03:42] [I] Average on 10 runs - GPU latency: 2.10134 ms - Host latency: 2.10134 ms (enqueue 0.00239258 ms)
[06/06/2026-21:03:42] [I] Average on 10 runs - GPU latency: 2.09956 ms - Host latency: 2.09956 ms (enqueue 0.00241699 ms)
[06/06/2026-21:03:42] [I] Average on 10 runs - GPU latency: 2.10132 ms - Host latency: 2.10132 ms (enqueue 0.00229492 ms)
[06/06/2026-21:03:42] [I] Average on 10 runs - GPU latency: 2.09959 ms - Host latency: 2.09959 ms (enqueue 0.00244141 ms)
[06/06/2026-21:03:42] [I] Average on 10 runs - GPU latency: 2.10098 ms - Host latency: 2.10098 ms (enqueue 0.00249023 ms)
[06/06/2026-21:03:42] [I] Average on 10 runs - GPU latency: 2.10103 ms - Host latency: 2.10103 ms (enqueue 0.00229492 ms)
[06/06/2026-21:03:42] [I] Average on 10 runs - GPU latency: 2.10081 ms - Host latency: 2.10081 ms (enqueue 0.00239258 ms)
[06/06/2026-21:03:42] [I] Average on 10 runs - GPU latency: 2.10105 ms - Host latency: 2.10105 ms (enqueue 0.00234375 ms)
[06/06/2026-21:03:42] [I] Average on 10 runs - GPU latency: 2.10029 ms - Host latency: 2.10029 ms (enqueue 0.00229492 ms)
[06/06/2026-21:03:42] [I] Average on 10 runs - GPU latency: 2.10161 ms - Host latency: 2.10161 ms (enqueue 0.00241699 ms)
[06/06/2026-21:03:42] [I] Average on 10 runs - GPU latency: 2.10371 ms - Host latency: 2.10371 ms (enqueue 0.00229492 ms)
[06/06/2026-21:03:42] [I] Average on 10 runs - GPU latency: 2.1031 ms - Host latency: 2.1031 ms (enqueue 0.00244141 ms)
[06/06/2026-21:03:42] [I] Average on 10 runs - GPU latency: 2.10342 ms - Host latency: 2.10342 ms (enqueue 0.00229492 ms)
[06/06/2026-21:03:42] [I] Average on 10 runs - GPU latency: 2.10449 ms - Host latency: 2.10449 ms (enqueue 0.00246582 ms)
[06/06/2026-21:03:42] [I] Average on 10 runs - GPU latency: 2.105 ms - Host latency: 2.105 ms (enqueue 0.00239258 ms)
[06/06/2026-21:03:42] [I] Average on 10 runs - GPU latency: 2.1033 ms - Host latency: 2.1033 ms (enqueue 0.00246582 ms)
[06/06/2026-21:03:42] [I] Average on 10 runs - GPU latency: 2.10457 ms - Host latency: 2.10457 ms (enqueue 0.00244141 ms)
[06/06/2026-21:03:42] [I] Average on 10 runs - GPU latency: 2.1032 ms - Host latency: 2.1032 ms (enqueue 0.00239258 ms)
[06/06/2026-21:03:42] [I] Average on 10 runs - GPU latency: 2.10369 ms - Host latency: 2.10369 ms (enqueue 0.00239258 ms)
[06/06/2026-21:03:42] [I] Average on 10 runs - GPU latency: 2.10488 ms - Host latency: 2.10488 ms (enqueue 0.00241699 ms)
[06/06/2026-21:03:42] [I] Average on 10 runs - GPU latency: 2.1033 ms - Host latency: 2.1033 ms (enqueue 0.00234375 ms)
[06/06/2026-21:03:42] [I] Average on 10 runs - GPU latency: 2.10291 ms - Host latency: 2.10291 ms (enqueue 0.00244141 ms)
[06/06/2026-21:03:42] [I] Average on 10 runs - GPU latency: 2.10317 ms - Host latency: 2.10317 ms (enqueue 0.00236816 ms)
[06/06/2026-21:03:42] [I] Average on 10 runs - GPU latency: 2.10303 ms - Host latency: 2.10303 ms (enqueue 0.00241699 ms)
[06/06/2026-21:03:42] [I] Average on 10 runs - GPU latency: 2.104 ms - Host latency: 2.104 ms (enqueue 0.00231934 ms)
[06/06/2026-21:03:42] [I] Average on 10 runs - GPU latency: 2.10439 ms - Host latency: 2.10439 ms (enqueue 0.00236816 ms)
[06/06/2026-21:03:42] [I] Average on 10 runs - GPU latency: 2.10444 ms - Host latency: 2.10444 ms (enqueue 0.00244141 ms)
[06/06/2026-21:03:42] [I] Average on 10 runs - GPU latency: 2.1031 ms - Host latency: 2.1031 ms (enqueue 0.00227051 ms)
[06/06/2026-21:03:42] [I] Average on 10 runs - GPU latency: 2.10344 ms - Host latency: 2.10344 ms (enqueue 0.00236816 ms)
[06/06/2026-21:03:42] [I] Average on 10 runs - GPU latency: 2.1033 ms - Host latency: 2.1033 ms (enqueue 0.00251465 ms)
[06/06/2026-21:03:42] [I] Average on 10 runs - GPU latency: 2.10374 ms - Host latency: 2.10374 ms (enqueue 0.00222168 ms)
[06/06/2026-21:03:42] [I] Average on 10 runs - GPU latency: 2.10396 ms - Host latency: 2.10396 ms (enqueue 0.00231934 ms)
[06/06/2026-21:03:42] [I] Average on 10 runs - GPU latency: 2.10352 ms - Host latency: 2.10352 ms (enqueue 0.00236816 ms)
[06/06/2026-21:03:42] [I] Average on 10 runs - GPU latency: 2.10298 ms - Host latency: 2.10298 ms (enqueue 0.00229492 ms)
[06/06/2026-21:03:42] [I] Average on 10 runs - GPU latency: 2.10325 ms - Host latency: 2.10325 ms (enqueue 0.00236816 ms)
[06/06/2026-21:03:42] [I] Average on 10 runs - GPU latency: 2.10413 ms - Host latency: 2.10413 ms (enqueue 0.00239258 ms)
[06/06/2026-21:03:42] [I] Average on 10 runs - GPU latency: 2.10305 ms - Host latency: 2.10305 ms (enqueue 0.00231934 ms)
[06/06/2026-21:03:42] [I] Average on 10 runs - GPU latency: 2.10447 ms - Host latency: 2.10447 ms (enqueue 0.00239258 ms)
[06/06/2026-21:03:42] [I] Average on 10 runs - GPU latency: 2.10295 ms - Host latency: 2.10295 ms (enqueue 0.00229492 ms)
[06/06/2026-21:03:42] [I] Average on 10 runs - GPU latency: 2.10337 ms - Host latency: 2.10337 ms (enqueue 0.00236816 ms)
[06/06/2026-21:03:42] [I] Average on 10 runs - GPU latency: 2.10383 ms - Host latency: 2.10383 ms (enqueue 0.00227051 ms)
[06/06/2026-21:03:42] [I] Average on 10 runs - GPU latency: 2.10269 ms - Host latency: 2.10269 ms (enqueue 0.00224609 ms)
[06/06/2026-21:03:42] [I] Average on 10 runs - GPU latency: 2.10322 ms - Host latency: 2.10322 ms (enqueue 0.00249023 ms)
[06/06/2026-21:03:42] [I] Average on 10 runs - GPU latency: 2.10308 ms - Host latency: 2.10308 ms (enqueue 0.00239258 ms)
[06/06/2026-21:03:42] [I] Average on 10 runs - GPU latency: 2.10327 ms - Host latency: 2.10327 ms (enqueue 0.00249023 ms)
[06/06/2026-21:03:42] [I] Average on 10 runs - GPU latency: 2.10381 ms - Host latency: 2.10381 ms (enqueue 0.00229492 ms)
[06/06/2026-21:03:42] [I] Average on 10 runs - GPU latency: 2.10347 ms - Host latency: 2.10347 ms (enqueue 0.00224609 ms)
[06/06/2026-21:03:42] [I] Average on 10 runs - GPU latency: 2.10308 ms - Host latency: 2.10308 ms (enqueue 0.00253906 ms)
[06/06/2026-21:03:42] [I] Average on 10 runs - GPU latency: 2.10327 ms - Host latency: 2.10327 ms (enqueue 0.00229492 ms)
[06/06/2026-21:03:42] [I] Average on 10 runs - GPU latency: 2.1041 ms - Host latency: 2.1041 ms (enqueue 0.00249023 ms)
[06/06/2026-21:03:42] [I] Average on 10 runs - GPU latency: 2.10317 ms - Host latency: 2.10317 ms (enqueue 0.00249023 ms)
[06/06/2026-21:03:42] [I] Average on 10 runs - GPU latency: 2.10405 ms - Host latency: 2.10405 ms (enqueue 0.00249023 ms)
[06/06/2026-21:03:42] [I] Average on 10 runs - GPU latency: 2.10337 ms - Host latency: 2.10337 ms (enqueue 0.00239258 ms)
[06/06/2026-21:03:42] [I] Average on 10 runs - GPU latency: 2.10371 ms - Host latency: 2.10371 ms (enqueue 0.00234375 ms)
[06/06/2026-21:03:42] [I] Average on 10 runs - GPU latency: 2.10244 ms - Host latency: 2.10244 ms (enqueue 0.00234375 ms)
[06/06/2026-21:03:42] [I] Average on 10 runs - GPU latency: 2.10444 ms - Host latency: 2.10444 ms (enqueue 0.00234375 ms)
[06/06/2026-21:03:42] [I] Average on 10 runs - GPU latency: 2.10313 ms - Host latency: 2.10313 ms (enqueue 0.00239258 ms)
[06/06/2026-21:03:42] [I] Average on 10 runs - GPU latency: 2.10356 ms - Host latency: 2.10356 ms (enqueue 0.00234375 ms)
[06/06/2026-21:03:42] [I] Average on 10 runs - GPU latency: 2.10264 ms - Host latency: 2.10264 ms (enqueue 0.00244141 ms)
[06/06/2026-21:03:42] [I] Average on 10 runs - GPU latency: 2.10298 ms - Host latency: 2.10298 ms (enqueue 0.00239258 ms)
[06/06/2026-21:03:42] [I] Average on 10 runs - GPU latency: 2.1043 ms - Host latency: 2.1043 ms (enqueue 0.00234375 ms)
[06/06/2026-21:03:42] [I] Average on 10 runs - GPU latency: 2.10342 ms - Host latency: 2.10342 ms (enqueue 0.00229492 ms)
[06/06/2026-21:03:42] [I] Average on 10 runs - GPU latency: 2.10298 ms - Host latency: 2.10298 ms (enqueue 0.00224609 ms)
[06/06/2026-21:03:42] [I] Average on 10 runs - GPU latency: 2.10474 ms - Host latency: 2.10474 ms (enqueue 0.00234375 ms)
[06/06/2026-21:03:42] [I] Average on 10 runs - GPU latency: 2.10425 ms - Host latency: 2.10425 ms (enqueue 0.00219727 ms)
[06/06/2026-21:03:42] [I] Average on 10 runs - GPU latency: 2.10479 ms - Host latency: 2.10479 ms (enqueue 0.00253906 ms)
[06/06/2026-21:03:42] [I] Average on 10 runs - GPU latency: 2.1041 ms - Host latency: 2.1041 ms (enqueue 0.00224609 ms)
[06/06/2026-21:03:42] [I] Average on 10 runs - GPU latency: 2.10347 ms - Host latency: 2.10347 ms (enqueue 0.00224609 ms)
[06/06/2026-21:03:42] [I] Average on 10 runs - GPU latency: 2.1043 ms - Host latency: 2.1043 ms (enqueue 0.00234375 ms)
[06/06/2026-21:03:42] [I] Average on 10 runs - GPU latency: 2.10308 ms - Host latency: 2.10308 ms (enqueue 0.00239258 ms)
[06/06/2026-21:03:42] [I] Average on 10 runs - GPU latency: 2.10352 ms - Host latency: 2.10352 ms (enqueue 0.00219727 ms)
[06/06/2026-21:03:42] [I] Average on 10 runs - GPU latency: 2.10386 ms - Host latency: 2.10386 ms (enqueue 0.00249023 ms)
[06/06/2026-21:03:42] [I] Average on 10 runs - GPU latency: 2.10405 ms - Host latency: 2.10405 ms (enqueue 0.00249023 ms)
[06/06/2026-21:03:42] [I] Average on 10 runs - GPU latency: 2.10381 ms - Host latency: 2.10381 ms (enqueue 0.00234375 ms)
[06/06/2026-21:03:42] [I] Average on 10 runs - GPU latency: 2.10352 ms - Host latency: 2.10352 ms (enqueue 0.00253906 ms)
[06/06/2026-21:03:42] [I] Average on 10 runs - GPU latency: 2.10298 ms - Host latency: 2.10298 ms (enqueue 0.00224609 ms)
[06/06/2026-21:03:42] [I] Average on 10 runs - GPU latency: 2.10269 ms - Host latency: 2.10269 ms (enqueue 0.00244141 ms)
[06/06/2026-21:03:42] [I] Average on 10 runs - GPU latency: 2.10249 ms - Host latency: 2.10249 ms (enqueue 0.00234375 ms)
[06/06/2026-21:03:42] [I] Average on 10 runs - GPU latency: 2.10381 ms - Host latency: 2.10381 ms (enqueue 0.00224609 ms)
[06/06/2026-21:03:42] [I] Average on 10 runs - GPU latency: 2.10381 ms - Host latency: 2.10381 ms (enqueue 0.00229492 ms)
[06/06/2026-21:03:42] [I] Average on 10 runs - GPU latency: 2.10283 ms - Host latency: 2.10283 ms (enqueue 0.00229492 ms)
[06/06/2026-21:03:42] [I] Average on 10 runs - GPU latency: 2.10229 ms - Host latency: 2.10229 ms (enqueue 0.00229492 ms)
[06/06/2026-21:03:42] [I] Average on 10 runs - GPU latency: 2.10278 ms - Host latency: 2.10278 ms (enqueue 0.00234375 ms)
[06/06/2026-21:03:42] [I] Average on 10 runs - GPU latency: 2.10269 ms - Host latency: 2.10269 ms (enqueue 0.00224609 ms)
[06/06/2026-21:03:42] [I] Average on 10 runs - GPU latency: 2.10264 ms - Host latency: 2.10264 ms (enqueue 0.00234375 ms)
[06/06/2026-21:03:42] [I] Average on 10 runs - GPU latency: 2.10371 ms - Host latency: 2.10371 ms (enqueue 0.00244141 ms)
[06/06/2026-21:03:42] [I] Average on 10 runs - GPU latency: 2.10361 ms - Host latency: 2.10361 ms (enqueue 0.00253906 ms)
[06/06/2026-21:03:42] [I] Average on 10 runs - GPU latency: 2.10283 ms - Host latency: 2.10283 ms (enqueue 0.00244141 ms)
[06/06/2026-21:03:42] [I] Average on 10 runs - GPU latency: 2.10352 ms - Host latency: 2.10352 ms (enqueue 0.00234375 ms)
[06/06/2026-21:03:42] [I] Average on 10 runs - GPU latency: 2.10313 ms - Host latency: 2.10313 ms (enqueue 0.00244141 ms)
[06/06/2026-21:03:42] [I] Average on 10 runs - GPU latency: 2.10244 ms - Host latency: 2.10244 ms (enqueue 0.00224609 ms)
[06/06/2026-21:03:42] [I] Average on 10 runs - GPU latency: 2.10386 ms - Host latency: 2.10386 ms (enqueue 0.00239258 ms)
[06/06/2026-21:03:42] [I] Average on 10 runs - GPU latency: 2.10303 ms - Host latency: 2.10303 ms (enqueue 0.00229492 ms)
[06/06/2026-21:03:42] [I] Average on 10 runs - GPU latency: 2.10376 ms - Host latency: 2.10376 ms (enqueue 0.00224609 ms)
[06/06/2026-21:03:42] [I] Average on 10 runs - GPU latency: 2.10283 ms - Host latency: 2.10283 ms (enqueue 0.00224609 ms)
[06/06/2026-21:03:42] [I] Average on 10 runs - GPU latency: 2.10488 ms - Host latency: 2.10488 ms (enqueue 0.00239258 ms)
[06/06/2026-21:03:42] [I] Average on 10 runs - GPU latency: 2.104 ms - Host latency: 2.104 ms (enqueue 0.00239258 ms)
[06/06/2026-21:03:42] [I] Average on 10 runs - GPU latency: 2.10439 ms - Host latency: 2.10439 ms (enqueue 0.00224609 ms)
[06/06/2026-21:03:42] [I] Average on 10 runs - GPU latency: 2.10391 ms - Host latency: 2.10391 ms (enqueue 0.00229492 ms)
[06/06/2026-21:03:42] [I] Average on 10 runs - GPU latency: 2.10225 ms - Host latency: 2.10225 ms (enqueue 0.00229492 ms)
[06/06/2026-21:03:42] [I] Average on 10 runs - GPU latency: 2.10181 ms - Host latency: 2.10181 ms (enqueue 0.00244141 ms)
[06/06/2026-21:03:42] [I] Average on 10 runs - GPU latency: 2.1042 ms - Host latency: 2.1042 ms (enqueue 0.00244141 ms)
[06/06/2026-21:03:42] [I] Average on 10 runs - GPU latency: 2.10337 ms - Host latency: 2.10337 ms (enqueue 0.00258789 ms)
[06/06/2026-21:03:42] [I] Average on 10 runs - GPU latency: 2.10313 ms - Host latency: 2.10313 ms (enqueue 0.00229492 ms)
[06/06/2026-21:03:42] [I] Average on 10 runs - GPU latency: 2.10361 ms - Host latency: 2.10361 ms (enqueue 0.00234375 ms)
[06/06/2026-21:03:42] [I] Average on 10 runs - GPU latency: 2.10459 ms - Host latency: 2.10459 ms (enqueue 0.00239258 ms)
[06/06/2026-21:03:42] [I] Average on 10 runs - GPU latency: 2.10244 ms - Host latency: 2.10244 ms (enqueue 0.00244141 ms)
[06/06/2026-21:03:42] [I] Average on 10 runs - GPU latency: 2.10327 ms - Host latency: 2.10327 ms (enqueue 0.00239258 ms)
[06/06/2026-21:03:42] [I] Average on 10 runs - GPU latency: 2.10347 ms - Host latency: 2.10347 ms (enqueue 0.00224609 ms)
[06/06/2026-21:03:42] [I] Average on 10 runs - GPU latency: 2.10405 ms - Host latency: 2.10405 ms (enqueue 0.00229492 ms)
[06/06/2026-21:03:42] [I] Average on 10 runs - GPU latency: 2.10234 ms - Host latency: 2.10234 ms (enqueue 0.00239258 ms)
[06/06/2026-21:03:42] [I] Average on 10 runs - GPU latency: 2.1042 ms - Host latency: 2.1042 ms (enqueue 0.00239258 ms)
[06/06/2026-21:03:42] [I] Average on 10 runs - GPU latency: 2.10293 ms - Host latency: 2.10293 ms (enqueue 0.00234375 ms)
[06/06/2026-21:03:42] [I] Average on 10 runs - GPU latency: 2.10493 ms - Host latency: 2.10493 ms (enqueue 0.00239258 ms)
[06/06/2026-21:03:42] [I] Average on 10 runs - GPU latency: 2.10278 ms - Host latency: 2.10278 ms (enqueue 0.00234375 ms)
[06/06/2026-21:03:42] [I] Average on 10 runs - GPU latency: 2.10308 ms - Host latency: 2.10308 ms (enqueue 0.00239258 ms)
[06/06/2026-21:03:42] [I] Average on 10 runs - GPU latency: 2.10337 ms - Host latency: 2.10337 ms (enqueue 0.00239258 ms)
[06/06/2026-21:03:42] [I] Average on 10 runs - GPU latency: 2.10356 ms - Host latency: 2.10356 ms (enqueue 0.00219727 ms)
[06/06/2026-21:03:42] [I] Average on 10 runs - GPU latency: 2.10288 ms - Host latency: 2.10288 ms (enqueue 0.00239258 ms)
[06/06/2026-21:03:42] [I] Average on 10 runs - GPU latency: 2.10449 ms - Host latency: 2.10449 ms (enqueue 0.00234375 ms)
[06/06/2026-21:03:42] [I] Average on 10 runs - GPU latency: 2.10317 ms - Host latency: 2.10317 ms (enqueue 0.00234375 ms)
[06/06/2026-21:03:42] [I] Average on 10 runs - GPU latency: 2.10508 ms - Host latency: 2.10508 ms (enqueue 0.00229492 ms)
[06/06/2026-21:03:42] [I] Average on 10 runs - GPU latency: 2.1041 ms - Host latency: 2.1041 ms (enqueue 0.00244141 ms)
[06/06/2026-21:03:42] [I] Average on 10 runs - GPU latency: 2.10215 ms - Host latency: 2.10215 ms (enqueue 0.00214844 ms)
[06/06/2026-21:03:42] [I] Average on 10 runs - GPU latency: 2.10317 ms - Host latency: 2.10317 ms (enqueue 0.00234375 ms)
[06/06/2026-21:03:42] [I] Average on 10 runs - GPU latency: 2.10352 ms - Host latency: 2.10352 ms (enqueue 0.00249023 ms)
[06/06/2026-21:03:42] [I] Average on 10 runs - GPU latency: 2.10273 ms - Host latency: 2.10273 ms (enqueue 0.00229492 ms)
[06/06/2026-21:03:42] [I] Average on 10 runs - GPU latency: 2.10449 ms - Host latency: 2.10449 ms (enqueue 0.00234375 ms)
[06/06/2026-21:03:42] [I] Average on 10 runs - GPU latency: 2.104 ms - Host latency: 2.104 ms (enqueue 0.00239258 ms)
[06/06/2026-21:03:42] [I] Average on 10 runs - GPU latency: 2.10327 ms - Host latency: 2.10327 ms (enqueue 0.00244141 ms)
[06/06/2026-21:03:42] [I] Average on 10 runs - GPU latency: 2.10298 ms - Host latency: 2.10298 ms (enqueue 0.00224609 ms)
[06/06/2026-21:03:42] [I] Average on 10 runs - GPU latency: 2.10347 ms - Host latency: 2.10347 ms (enqueue 0.00239258 ms)
[06/06/2026-21:03:42] [I] Average on 10 runs - GPU latency: 2.10371 ms - Host latency: 2.10371 ms (enqueue 0.00234375 ms)
[06/06/2026-21:03:42] [I] Average on 10 runs - GPU latency: 2.10352 ms - Host latency: 2.10352 ms (enqueue 0.00249023 ms)
[06/06/2026-21:03:42] [I] Average on 10 runs - GPU latency: 2.10366 ms - Host latency: 2.10366 ms (enqueue 0.00229492 ms)
[06/06/2026-21:03:42] [I] Average on 10 runs - GPU latency: 2.1021 ms - Host latency: 2.1021 ms (enqueue 0.00244141 ms)
[06/06/2026-21:03:42] [I] Average on 10 runs - GPU latency: 2.10249 ms - Host latency: 2.10249 ms (enqueue 0.00244141 ms)
[06/06/2026-21:03:42] [I] Average on 10 runs - GPU latency: 2.10381 ms - Host latency: 2.10381 ms (enqueue 0.00253906 ms)
[06/06/2026-21:03:42] [I] Average on 10 runs - GPU latency: 2.10356 ms - Host latency: 2.10356 ms (enqueue 0.00239258 ms)
[06/06/2026-21:03:42] [I] Average on 10 runs - GPU latency: 2.10317 ms - Host latency: 2.10317 ms (enqueue 0.00244141 ms)
[06/06/2026-21:03:42] [I] Average on 10 runs - GPU latency: 2.10278 ms - Host latency: 2.10278 ms (enqueue 0.00239258 ms)
[06/06/2026-21:03:42] [I] Average on 10 runs - GPU latency: 2.10264 ms - Host latency: 2.10264 ms (enqueue 0.00219727 ms)
[06/06/2026-21:03:42] [I] Average on 10 runs - GPU latency: 2.10391 ms - Host latency: 2.10391 ms (enqueue 0.00244141 ms)
[06/06/2026-21:03:42] [I] Average on 10 runs - GPU latency: 2.10376 ms - Host latency: 2.10376 ms (enqueue 0.00253906 ms)
[06/06/2026-21:03:42] [I] Average on 10 runs - GPU latency: 2.10303 ms - Host latency: 2.10303 ms (enqueue 0.00234375 ms)
[06/06/2026-21:03:42] [I] Average on 10 runs - GPU latency: 2.10449 ms - Host latency: 2.10449 ms (enqueue 0.00268555 ms)
[06/06/2026-21:03:42] [I] Average on 10 runs - GPU latency: 2.10405 ms - Host latency: 2.10405 ms (enqueue 0.00234375 ms)
[06/06/2026-21:03:42] [I] Average on 10 runs - GPU latency: 2.10317 ms - Host latency: 2.10317 ms (enqueue 0.00244141 ms)
[06/06/2026-21:03:42] [I] Average on 10 runs - GPU latency: 2.10303 ms - Host latency: 2.10303 ms (enqueue 0.00244141 ms)
[06/06/2026-21:03:42] [I] Average on 10 runs - GPU latency: 2.10493 ms - Host latency: 2.10493 ms (enqueue 0.00234375 ms)
[06/06/2026-21:03:42] [I] Average on 10 runs - GPU latency: 2.10327 ms - Host latency: 2.10327 ms (enqueue 0.00244141 ms)
[06/06/2026-21:03:42] [I] Average on 10 runs - GPU latency: 2.10303 ms - Host latency: 2.10303 ms (enqueue 0.00219727 ms)
[06/06/2026-21:03:42] [I] Average on 10 runs - GPU latency: 2.10259 ms - Host latency: 2.10259 ms (enqueue 0.00224609 ms)
[06/06/2026-21:03:42] [I] Average on 10 runs - GPU latency: 2.10337 ms - Host latency: 2.10337 ms (enqueue 0.00249023 ms)
[06/06/2026-21:03:42] [I] Average on 10 runs - GPU latency: 2.10293 ms - Host latency: 2.10293 ms (enqueue 0.00234375 ms)
[06/06/2026-21:03:42] [I] Average on 10 runs - GPU latency: 2.10415 ms - Host latency: 2.10415 ms (enqueue 0.00239258 ms)
[06/06/2026-21:03:42] [I] Average on 10 runs - GPU latency: 2.1042 ms - Host latency: 2.1042 ms (enqueue 0.00224609 ms)
[06/06/2026-21:03:42] [I] Average on 10 runs - GPU latency: 2.10259 ms - Host latency: 2.10259 ms (enqueue 0.00229492 ms)
[06/06/2026-21:03:42] [I] Average on 10 runs - GPU latency: 2.10425 ms - Host latency: 2.10425 ms (enqueue 0.00239258 ms)
[06/06/2026-21:03:42] [I] Average on 10 runs - GPU latency: 2.10425 ms - Host latency: 2.10425 ms (enqueue 0.00224609 ms)
[06/06/2026-21:03:42] [I] Average on 10 runs - GPU latency: 2.10386 ms - Host latency: 2.10386 ms (enqueue 0.00244141 ms)
[06/06/2026-21:03:42] [I] Average on 10 runs - GPU latency: 2.10322 ms - Host latency: 2.10322 ms (enqueue 0.00239258 ms)
[06/06/2026-21:03:42] [I] Average on 10 runs - GPU latency: 2.10391 ms - Host latency: 2.10391 ms (enqueue 0.00239258 ms)
[06/06/2026-21:03:42] [I] Average on 10 runs - GPU latency: 2.10283 ms - Host latency: 2.10283 ms (enqueue 0.00229492 ms)
[06/06/2026-21:03:42] [I] Average on 10 runs - GPU latency: 2.10552 ms - Host latency: 2.10552 ms (enqueue 0.00224609 ms)
[06/06/2026-21:03:42] [I] Average on 10 runs - GPU latency: 2.10361 ms - Host latency: 2.10361 ms (enqueue 0.00244141 ms)
[06/06/2026-21:03:42] [I] Average on 10 runs - GPU latency: 2.1041 ms - Host latency: 2.1041 ms (enqueue 0.00229492 ms)
[06/06/2026-21:03:42] [I] Average on 10 runs - GPU latency: 2.10352 ms - Host latency: 2.10352 ms (enqueue 0.00224609 ms)
[06/06/2026-21:03:42] [I] Average on 10 runs - GPU latency: 2.10269 ms - Host latency: 2.10269 ms (enqueue 0.00253906 ms)
[06/06/2026-21:03:42] [I] Average on 10 runs - GPU latency: 2.10327 ms - Host latency: 2.10327 ms (enqueue 0.00244141 ms)
[06/06/2026-21:03:42] [I] Average on 10 runs - GPU latency: 2.10415 ms - Host latency: 2.10415 ms (enqueue 0.00229492 ms)
[06/06/2026-21:03:42] [I] Average on 10 runs - GPU latency: 2.10293 ms - Host latency: 2.10293 ms (enqueue 0.00229492 ms)
[06/06/2026-21:03:42] [I] Average on 10 runs - GPU latency: 2.10303 ms - Host latency: 2.10303 ms (enqueue 0.00249023 ms)
[06/06/2026-21:03:42] [I] Average on 10 runs - GPU latency: 2.10249 ms - Host latency: 2.10249 ms (enqueue 0.00224609 ms)
[06/06/2026-21:03:42] [I] Average on 10 runs - GPU latency: 2.10229 ms - Host latency: 2.10229 ms (enqueue 0.00239258 ms)
[06/06/2026-21:03:42] [I] Average on 10 runs - GPU latency: 2.10234 ms - Host latency: 2.10234 ms (enqueue 0.00239258 ms)
[06/06/2026-21:03:42] [I] Average on 10 runs - GPU latency: 2.10278 ms - Host latency: 2.10278 ms (enqueue 0.00263672 ms)
[06/06/2026-21:03:42] [I] Average on 10 runs - GPU latency: 2.10371 ms - Host latency: 2.10371 ms (enqueue 0.00239258 ms)
[06/06/2026-21:03:42] [I] Average on 10 runs - GPU latency: 2.10547 ms - Host latency: 2.10547 ms (enqueue 0.00224609 ms)
[06/06/2026-21:03:42] [I] Average on 10 runs - GPU latency: 2.10498 ms - Host latency: 2.10498 ms (enqueue 0.00229492 ms)
[06/06/2026-21:03:42] [I] Average on 10 runs - GPU latency: 2.10405 ms - Host latency: 2.10405 ms (enqueue 0.00229492 ms)
[06/06/2026-21:03:42] [I] Average on 10 runs - GPU latency: 2.10234 ms - Host latency: 2.10234 ms (enqueue 0.00224609 ms)
[06/06/2026-21:03:42] [I] Average on 10 runs - GPU latency: 2.10342 ms - Host latency: 2.10342 ms (enqueue 0.00219727 ms)
[06/06/2026-21:03:42] [I] Average on 10 runs - GPU latency: 2.10132 ms - Host latency: 2.10132 ms (enqueue 0.00234375 ms)
[06/06/2026-21:03:42] [I] Average on 10 runs - GPU latency: 2.10356 ms - Host latency: 2.10356 ms (enqueue 0.00229492 ms)
[06/06/2026-21:03:42] [I] Average on 10 runs - GPU latency: 2.10352 ms - Host latency: 2.10352 ms (enqueue 0.00219727 ms)
[06/06/2026-21:03:42] [I] Average on 10 runs - GPU latency: 2.10259 ms - Host latency: 2.10259 ms (enqueue 0.00229492 ms)
[06/06/2026-21:03:42] [I] Average on 10 runs - GPU latency: 2.10415 ms - Host latency: 2.10415 ms (enqueue 0.00234375 ms)
[06/06/2026-21:03:42] [I] Average on 10 runs - GPU latency: 2.10391 ms - Host latency: 2.10391 ms (enqueue 0.00239258 ms)
[06/06/2026-21:03:42] [I] Average on 10 runs - GPU latency: 2.1022 ms - Host latency: 2.1022 ms (enqueue 0.00239258 ms)
[06/06/2026-21:03:42] [I] Average on 10 runs - GPU latency: 2.10308 ms - Host latency: 2.10308 ms (enqueue 0.00239258 ms)
[06/06/2026-21:03:42] [I] Average on 10 runs - GPU latency: 2.10396 ms - Host latency: 2.10396 ms (enqueue 0.00239258 ms)
[06/06/2026-21:03:42] [I] Average on 10 runs - GPU latency: 2.10249 ms - Host latency: 2.10249 ms (enqueue 0.00219727 ms)
[06/06/2026-21:03:42] [I] Average on 10 runs - GPU latency: 2.10332 ms - Host latency: 2.10332 ms (enqueue 0.00214844 ms)
[06/06/2026-21:03:42] [I] Average on 10 runs - GPU latency: 2.104 ms - Host latency: 2.104 ms (enqueue 0.00253906 ms)
[06/06/2026-21:03:42] [I] Average on 10 runs - GPU latency: 2.10386 ms - Host latency: 2.10386 ms (enqueue 0.00239258 ms)
[06/06/2026-21:03:42] [I] Average on 10 runs - GPU latency: 2.10352 ms - Host latency: 2.10352 ms (enqueue 0.00244141 ms)
[06/06/2026-21:03:42] [I] Average on 10 runs - GPU latency: 2.10396 ms - Host latency: 2.10396 ms (enqueue 0.00224609 ms)
[06/06/2026-21:03:42] [I] Average on 10 runs - GPU latency: 2.10254 ms - Host latency: 2.10254 ms (enqueue 0.00249023 ms)
[06/06/2026-21:03:42] [I] Average on 10 runs - GPU latency: 2.10322 ms - Host latency: 2.10322 ms (enqueue 0.00239258 ms)
[06/06/2026-21:03:42] [I] Average on 10 runs - GPU latency: 2.10356 ms - Host latency: 2.10356 ms (enqueue 0.00224609 ms)
[06/06/2026-21:03:42] [I] Average on 10 runs - GPU latency: 2.10259 ms - Host latency: 2.10259 ms (enqueue 0.00244141 ms)
[06/06/2026-21:03:42] [I] Average on 10 runs - GPU latency: 2.10356 ms - Host latency: 2.10356 ms (enqueue 0.00234375 ms)
[06/06/2026-21:03:42] [I] Average on 10 runs - GPU latency: 2.10371 ms - Host latency: 2.10371 ms (enqueue 0.00214844 ms)
[06/06/2026-21:03:42] [I] Average on 10 runs - GPU latency: 2.10327 ms - Host latency: 2.10327 ms (enqueue 0.00239258 ms)
[06/06/2026-21:03:42] [I] Average on 10 runs - GPU latency: 2.10332 ms - Host latency: 2.10332 ms (enqueue 0.00244141 ms)
[06/06/2026-21:03:42] [I] Average on 10 runs - GPU latency: 2.10273 ms - Host latency: 2.10273 ms (enqueue 0.00239258 ms)
[06/06/2026-21:03:42] [I] Average on 10 runs - GPU latency: 2.104 ms - Host latency: 2.104 ms (enqueue 0.00234375 ms)
[06/06/2026-21:03:42] [I] Average on 10 runs - GPU latency: 2.10303 ms - Host latency: 2.10303 ms (enqueue 0.00229492 ms)
[06/06/2026-21:03:42] [I] Average on 10 runs - GPU latency: 2.10386 ms - Host latency: 2.10386 ms (enqueue 0.00234375 ms)
[06/06/2026-21:03:42] [I] Average on 10 runs - GPU latency: 2.10332 ms - Host latency: 2.10332 ms (enqueue 0.00253906 ms)
[06/06/2026-21:03:42] [I] Average on 10 runs - GPU latency: 2.10342 ms - Host latency: 2.10342 ms (enqueue 0.00249023 ms)
[06/06/2026-21:03:42] [I] Average on 10 runs - GPU latency: 2.10317 ms - Host latency: 2.10317 ms (enqueue 0.00239258 ms)
[06/06/2026-21:03:42] [I] Average on 10 runs - GPU latency: 2.10352 ms - Host latency: 2.10352 ms (enqueue 0.00219727 ms)
[06/06/2026-21:03:42] [I] Average on 10 runs - GPU latency: 2.10293 ms - Host latency: 2.10293 ms (enqueue 0.00229492 ms)
[06/06/2026-21:03:42] [I] Average on 10 runs - GPU latency: 2.10352 ms - Host latency: 2.10352 ms (enqueue 0.00234375 ms)
[06/06/2026-21:03:42] [I] Average on 10 runs - GPU latency: 2.10356 ms - Host latency: 2.10356 ms (enqueue 0.00229492 ms)
[06/06/2026-21:03:42] [I] Average on 10 runs - GPU latency: 2.10483 ms - Host latency: 2.10483 ms (enqueue 0.00249023 ms)
[06/06/2026-21:03:42] [I] Average on 10 runs - GPU latency: 2.10303 ms - Host latency: 2.10303 ms (enqueue 0.00244141 ms)
[06/06/2026-21:03:42] [I] Average on 10 runs - GPU latency: 2.10356 ms - Host latency: 2.10356 ms (enqueue 0.00229492 ms)
[06/06/2026-21:03:42] [I] Average on 10 runs - GPU latency: 2.10352 ms - Host latency: 2.10352 ms (enqueue 0.00258789 ms)
[06/06/2026-21:03:42] [I] Average on 10 runs - GPU latency: 2.10264 ms - Host latency: 2.10264 ms (enqueue 0.00234375 ms)
[06/06/2026-21:03:42] [I] Average on 10 runs - GPU latency: 2.10288 ms - Host latency: 2.10288 ms (enqueue 0.00229492 ms)
[06/06/2026-21:03:42] [I] Average on 10 runs - GPU latency: 2.10327 ms - Host latency: 2.10327 ms (enqueue 0.00234375 ms)
[06/06/2026-21:03:42] [I] Average on 10 runs - GPU latency: 2.10425 ms - Host latency: 2.10425 ms (enqueue 0.00249023 ms)
[06/06/2026-21:03:42] [I] Average on 10 runs - GPU latency: 2.10459 ms - Host latency: 2.10459 ms (enqueue 0.00234375 ms)
[06/06/2026-21:03:42] [I] 
[06/06/2026-21:03:42] [I] === Performance summary ===
[06/06/2026-21:03:42] [I] Throughput: 475.271 qps
[06/06/2026-21:03:42] [I] Latency: min = 2.09302 ms, max = 2.11182 ms, mean = 2.1026 ms, median = 2.10303 ms, percentile(99%) = 2.1084 ms
[06/06/2026-21:03:42] [I] Enqueue Time: min = 0.00195312 ms, max = 0.00390625 ms, mean = 0.00237269 ms, median = 0.00244141 ms, percentile(99%) = 0.00292969 ms
[06/06/2026-21:03:42] [I] H2D Latency: min = 0 ms, max = 0 ms, mean = 0 ms, median = 0 ms, percentile(99%) = 0 ms
[06/06/2026-21:03:42] [I] GPU Compute Time: min = 2.09302 ms, max = 2.11182 ms, mean = 2.1026 ms, median = 2.10303 ms, percentile(99%) = 2.1084 ms
[06/06/2026-21:03:42] [I] D2H Latency: min = 0 ms, max = 0 ms, mean = 0 ms, median = 0 ms, percentile(99%) = 0 ms
[06/06/2026-21:03:42] [I] Total Host Walltime: 6.00289 s
[06/06/2026-21:03:42] [I] Total GPU Compute Time: 5.99872 s
[06/06/2026-21:03:42] [I] Explanations of the performance metrics are printed in the verbose logs.
[06/06/2026-21:03:42] [I] 
&&&& PASSED TensorRT.trtexec [TensorRT v101401] [b48] # trtexec --onnx=models/yolo26s/best.onnx --fp16 --minShapes=images:16x3x448x448 --optShapes=images:16x3x448x448 --maxShapes=images:16x3x448x448 --useCudaGraph --useSpinWait --noDataTransfers --warmUp=2000 --duration=6 --percentile=99 --timingCacheFile=/work/trt_bench/cache/yolo26s.cache --memPoolSize=workspace:8192
