&&&& RUNNING TensorRT.trtexec [TensorRT v101401] [b48] # trtexec --onnx=models/yolo26n/best.onnx --fp16 --minShapes=images:16x3x416x416 --optShapes=images:16x3x416x416 --maxShapes=images:16x3x416x416 --useCudaGraph --useSpinWait --noDataTransfers --warmUp=2000 --duration=6 --percentile=99 --timingCacheFile=/work/trt_bench/cache/yolo26n.cache --memPoolSize=workspace:8192
[06/06/2026-21:53:39] [W] Weakly-typed networks have been deprecated in TensorRT. You can use the AutoCast tool (https://nvidia.github.io/TensorRT-Model-Optimizer/guides/8_autocast.html) to convert the network to be strongly typed.
[06/06/2026-21:53:39] [I] === Model Options ===
[06/06/2026-21:53:39] [I] Format: ONNX
[06/06/2026-21:53:39] [I] Model: models/yolo26n/best.onnx
[06/06/2026-21:53:39] [I] Output:
[06/06/2026-21:53:39] [I] === Build Options ===
[06/06/2026-21:53:39] [I] Memory Pools: workspace: 8192 MiB, dlaSRAM: default, dlaLocalDRAM: default, dlaGlobalDRAM: default, tacticSharedMem: default
[06/06/2026-21:53:39] [I] avgTiming: 8
[06/06/2026-21:53:39] [I] Precision: FP32+FP16
[06/06/2026-21:53:39] [I] LayerPrecisions: 
[06/06/2026-21:53:39] [I] Layer Device Types: 
[06/06/2026-21:53:39] [I] Decomposable Attentions: 
[06/06/2026-21:53:39] [I] Calibration: 
[06/06/2026-21:53:39] [I] Refit: Disabled
[06/06/2026-21:53:39] [I] Strip weights: Disabled
[06/06/2026-21:53:39] [I] Version Compatible: Disabled
[06/06/2026-21:53:39] [I] ONNX Plugin InstanceNorm: Disabled
[06/06/2026-21:53:39] [I] ONNX kENABLE_UINT8_AND_ASYMMETRIC_QUANTIZATION_DLA flag: Disabled
[06/06/2026-21:53:39] [I] TensorRT runtime: full
[06/06/2026-21:53:39] [I] Lean DLL Path: 
[06/06/2026-21:53:39] [I] Tempfile Controls: { in_memory: allow, temporary: allow }
[06/06/2026-21:53:39] [I] Exclude Lean Runtime: Disabled
[06/06/2026-21:53:39] [I] Sparsity: Disabled
[06/06/2026-21:53:39] [I] Safe mode: Disabled
[06/06/2026-21:53:39] [I] Build DLA standalone loadable: Disabled
[06/06/2026-21:53:39] [I] Allow GPU fallback for DLA: Disabled
[06/06/2026-21:53:39] [I] DirectIO mode: Disabled
[06/06/2026-21:53:39] [I] Restricted mode: Disabled
[06/06/2026-21:53:39] [I] Skip inference: Disabled
[06/06/2026-21:53:39] [I] Save engine: 
[06/06/2026-21:53:39] [I] Load engine: 
[06/06/2026-21:53:39] [I] Profiling verbosity: 0
[06/06/2026-21:53:39] [I] Tactic sources: Using default tactic sources
[06/06/2026-21:53:39] [I] timingCacheMode: global
[06/06/2026-21:53:39] [I] timingCacheFile: /work/trt_bench/cache/yolo26n.cache
[06/06/2026-21:53:39] [I] Enable Compilation Cache: Enabled
[06/06/2026-21:53:39] [I] Enable Monitor Memory: Disabled
[06/06/2026-21:53:39] [I] errorOnTimingCacheMiss: Disabled
[06/06/2026-21:53:39] [I] Preview Features: Use default preview flags.
[06/06/2026-21:53:39] [I] MaxAuxStreams: -1
[06/06/2026-21:53:39] [I] BuilderOptimizationLevel: -1
[06/06/2026-21:53:39] [I] MaxTactics: -1
[06/06/2026-21:53:39] [I] Calibration Profile Index: 0
[06/06/2026-21:53:39] [I] Weight Streaming: Disabled
[06/06/2026-21:53:39] [I] Runtime Platform: Same As Build
[06/06/2026-21:53:39] [I] Debug Tensors: 
[06/06/2026-21:53:39] [I] Distributive Independence: Disabled
[06/06/2026-21:53:39] [I] Mark Unfused Tensors As Debug Tensors: Disabled
[06/06/2026-21:53:39] [I] Input(s)s format: fp32:CHW
[06/06/2026-21:53:39] [I] Output(s)s format: fp32:CHW
[06/06/2026-21:53:39] [I] Input build shape (profile 0): images=16x3x416x416+16x3x416x416+16x3x416x416
[06/06/2026-21:53:39] [I] Input calibration shapes: model
[06/06/2026-21:53:39] [I] === System Options ===
[06/06/2026-21:53:39] [I] Device: 0
[06/06/2026-21:53:39] [I] DLACore: 
[06/06/2026-21:53:39] [I] Plugins:
[06/06/2026-21:53:39] [I] setPluginsToSerialize:
[06/06/2026-21:53:39] [I] dynamicPlugins:
[06/06/2026-21:53:39] [I] ignoreParsedPluginLibs: 0
[06/06/2026-21:53:39] [I] 
[06/06/2026-21:53:39] [I] === Inference Options ===
[06/06/2026-21:53:39] [I] Batch: Explicit
[06/06/2026-21:53:39] [I] Input inference shape : images=16x3x416x416
[06/06/2026-21:53:39] [I] Iterations: 10
[06/06/2026-21:53:39] [I] Duration: 6s (+ 2000ms warm up)
[06/06/2026-21:53:39] [I] Sleep time: 0ms
[06/06/2026-21:53:39] [I] Idle time: 0ms
[06/06/2026-21:53:39] [I] Inference Streams: 1
[06/06/2026-21:53:39] [I] ExposeDMA: Disabled
[06/06/2026-21:53:39] [I] Data transfers: Disabled
[06/06/2026-21:53:39] [I] Spin-wait: Enabled
[06/06/2026-21:53:39] [I] Multithreading: Disabled
[06/06/2026-21:53:39] [I] CUDA Graph: Enabled
[06/06/2026-21:53:39] [I] Separate profiling: Disabled
[06/06/2026-21:53:39] [I] Time Deserialize: Disabled
[06/06/2026-21:53:39] [I] Time Refit: Disabled
[06/06/2026-21:53:39] [I] NVTX verbosity: 0
[06/06/2026-21:53:39] [I] Persistent Cache Ratio: 0
[06/06/2026-21:53:39] [I] Optimization Profile Index: 0
[06/06/2026-21:53:39] [I] Weight Streaming Budget: 100.000000%
[06/06/2026-21:53:39] [I] Inputs:
[06/06/2026-21:53:39] [I] Debug Tensor Save Destinations:
[06/06/2026-21:53:39] [I] Dump All Debug Tensor in Formats: 
[06/06/2026-21:53:39] [I] === Reporting Options ===
[06/06/2026-21:53:39] [I] Verbose: Disabled
[06/06/2026-21:53:39] [I] Averages: 10 inferences
[06/06/2026-21:53:39] [I] Percentiles: 99
[06/06/2026-21:53:39] [I] Dump refittable layers:Disabled
[06/06/2026-21:53:39] [I] Dump output: Disabled
[06/06/2026-21:53:39] [I] Profile: Disabled
[06/06/2026-21:53:39] [I] Export timing to JSON file: 
[06/06/2026-21:53:39] [I] Export output to JSON file: 
[06/06/2026-21:53:39] [I] Export profile to JSON file: 
[06/06/2026-21:53:39] [I] 
[06/06/2026-21:53:39] [I] === Device Information ===
[06/06/2026-21:53:39] [I] Available Devices: 
[06/06/2026-21:53:39] [I]   Device 0: "NVIDIA GeForce RTX 4090" UUID: GPU-f84a2a8b-f125-2892-c40d-fe37bcae6c60
[06/06/2026-21:53:39] [I] Selected Device: NVIDIA GeForce RTX 4090
[06/06/2026-21:53:39] [I] Selected Device ID: 0
[06/06/2026-21:53:39] [I] Selected Device UUID: GPU-f84a2a8b-f125-2892-c40d-fe37bcae6c60
[06/06/2026-21:53:39] [I] Compute Capability: 8.9
[06/06/2026-21:53:39] [I] SMs: 128
[06/06/2026-21:53:39] [I] Device Global Memory: 24080 MiB
[06/06/2026-21:53:39] [I] Shared Memory per SM: 100 KiB
[06/06/2026-21:53:39] [I] Memory Bus Width: 384 bits (ECC disabled)
[06/06/2026-21:53:39] [I] Application Compute Clock Rate: 2.55 GHz
[06/06/2026-21:53:39] [I] Application Memory Clock Rate: 10.501 GHz
[06/06/2026-21:53:39] [I] 
[06/06/2026-21:53:39] [I] Note: The application clock rates do not reflect the actual clock rates that the GPU is currently running at.
[06/06/2026-21:53:39] [I] 
[06/06/2026-21:53:39] [I] TensorRT version: 10.14.1
[06/06/2026-21:53:39] [I] Loading standard plugins
[06/06/2026-21:53:39] [I] [TRT] [MemUsageChange] Init CUDA: CPU +0, GPU +0, now: CPU 29, GPU 394 (MiB)
[06/06/2026-21:53:40] [I] Start parsing network model.
[06/06/2026-21:53:40] [I] [TRT] ----------------------------------------------------------------
[06/06/2026-21:53:40] [I] [TRT] Input filename:   models/yolo26n/best.onnx
[06/06/2026-21:53:40] [I] [TRT] ONNX IR version:  0.0.8
[06/06/2026-21:53:40] [I] [TRT] Opset version:    17
[06/06/2026-21:53:40] [I] [TRT] Producer name:    pytorch
[06/06/2026-21:53:40] [I] [TRT] Producer version: 2.11.0
[06/06/2026-21:53:40] [I] [TRT] Domain:           
[06/06/2026-21:53:40] [I] [TRT] Model version:    0
[06/06/2026-21:53:40] [I] [TRT] Doc string:       
[06/06/2026-21:53:40] [I] [TRT] ----------------------------------------------------------------
[06/06/2026-21:53:40] [I] Finished parsing network model. Parse time: 0.0353262
[06/06/2026-21:53:40] [I] Set shape of input tensor images for optimization profile 0 to: MIN=16x3x416x416 OPT=16x3x416x416 MAX=16x3x416x416
[06/06/2026-21:53:40] [I] [TRT] Loaded 2647679 bytes of cache from file: /work/trt_bench/cache/yolo26n.cache
[06/06/2026-21:53:40] [I] [TRT] [MemUsageChange] Init builder kernel library: CPU +194, GPU +4, now: CPU 454, GPU 398 (MiB)
[06/06/2026-21:53:40] [I] [TRT] Global timing cache in use. Profiling results in this builder pass will be stored.
[06/06/2026-21:55:31] [I] [TRT] Compiler backend is used during engine build.
[06/06/2026-21:56:42] [I] [TRT] Detected 1 inputs and 1 output network tensors.
[06/06/2026-21:56:43] [I] [TRT] Total Host Persistent Memory: 591984 bytes
[06/06/2026-21:56:43] [I] [TRT] Total Device Persistent Memory: 5120 bytes
[06/06/2026-21:56:43] [I] [TRT] Max Scratch Memory: 9388544 bytes
[06/06/2026-21:56:43] [I] [TRT] [BlockAssignment] Started assigning block shifts. This will take 179 steps to complete.
[06/06/2026-21:56:43] [I] [TRT] [BlockAssignment] Algorithm ShiftNTopDown took 7.33941ms to assign 10 blocks to 179 nodes requiring 65761792 bytes.
[06/06/2026-21:56:43] [I] [TRT] Total Activation Memory: 65761280 bytes
[06/06/2026-21:56:43] [I] [TRT] Total Weights Memory: 4808762 bytes
[06/06/2026-21:56:43] [I] [TRT] Compiler backend is used during engine execution.
[06/06/2026-21:56:43] [I] [TRT] Engine generation completed in 183.183 seconds.
[06/06/2026-21:56:43] [I] [TRT] [MemUsageStats] Peak memory usage of TRT CPU/GPU memory allocators: CPU 0 MiB, GPU 169 MiB
[06/06/2026-21:56:43] [I] Created engine with size: 7.37223 MiB
[06/06/2026-21:56:43] [I] Engine built in 183.608 sec.
[06/06/2026-21:56:43] [I] [TRT] Loaded 2647679 bytes of cache from file: /work/trt_bench/cache/yolo26n.cache
[06/06/2026-21:56:43] [I] [TRT] Serialized 2334 bytes of code generator cache.
[06/06/2026-21:56:43] [I] [TRT] Serialized 1240626 bytes of compilation cache.
[06/06/2026-21:56:43] [I] [TRT] Serialized 21625 timing cache entries
[06/06/2026-21:56:43] [I] [TRT] Saved 3492128 bytes of timing cache to /work/trt_bench/cache/yolo26n.cache
[06/06/2026-21:56:44] [I] [TRT] Loaded engine size: 7 MiB
[06/06/2026-21:56:44] [I] Engine deserialized in 0.0184341 sec.
[06/06/2026-21:56:44] [I] [TRT] [MemUsageChange] TensorRT-managed allocation in IExecutionContext creation: CPU +0, GPU +63, now: CPU 0, GPU 67 (MiB)
[06/06/2026-21:56:44] [I] Setting persistentCacheLimit to 0 bytes.
[06/06/2026-21:56:44] [I] Created execution context with device memory size: 62.7148 MiB
[06/06/2026-21:56:44] [I] Using random values for input images
[06/06/2026-21:56:44] [I] Input binding for images with dimensions 16x3x416x416 is created.
[06/06/2026-21:56:44] [I] Output binding for output0 with dimensions 16x300x6 is created.
[06/06/2026-21:56:44] [I] Starting inference
[06/06/2026-21:56:44] [I] Capturing CUDA graph for the current execution context
[06/06/2026-21:56:44] [I] Successfully captured CUDA graph for the current execution context
[06/06/2026-21:56:52] [I] Warmup completed 1936 queries over 2000 ms
[06/06/2026-21:56:52] [I] Timing trace has 5836 queries over 6.00223 s
[06/06/2026-21:56:52] [I] 
[06/06/2026-21:56:52] [I] === Trace details ===
[06/06/2026-21:56:52] [I] Trace averages of 10 runs:
[06/06/2026-21:56:52] [I] Average on 10 runs - GPU latency: 1.02727 ms - Host latency: 1.02727 ms (enqueue 0.00231934 ms)
[06/06/2026-21:56:52] [I] Average on 10 runs - GPU latency: 1.02706 ms - Host latency: 1.02706 ms (enqueue 0.00233154 ms)
[06/06/2026-21:56:52] [I] Average on 10 runs - GPU latency: 1.02719 ms - Host latency: 1.02719 ms (enqueue 0.00238037 ms)
[06/06/2026-21:56:52] [I] Average on 10 runs - GPU latency: 1.02695 ms - Host latency: 1.02695 ms (enqueue 0.00233154 ms)
[06/06/2026-21:56:52] [I] Average on 10 runs - GPU latency: 1.02661 ms - Host latency: 1.02661 ms (enqueue 0.00239258 ms)
[06/06/2026-21:56:52] [I] Average on 10 runs - GPU latency: 1.02651 ms - Host latency: 1.02651 ms (enqueue 0.00241699 ms)
[06/06/2026-21:56:52] [I] Average on 10 runs - GPU latency: 1.0272 ms - Host latency: 1.0272 ms (enqueue 0.00234375 ms)
[06/06/2026-21:56:52] [I] Average on 10 runs - GPU latency: 1.02764 ms - Host latency: 1.02764 ms (enqueue 0.00229492 ms)
[06/06/2026-21:56:52] [I] Average on 10 runs - GPU latency: 1.02734 ms - Host latency: 1.02734 ms (enqueue 0.00229492 ms)
[06/06/2026-21:56:52] [I] Average on 10 runs - GPU latency: 1.02734 ms - Host latency: 1.02734 ms (enqueue 0.00231934 ms)
[06/06/2026-21:56:52] [I] Average on 10 runs - GPU latency: 1.027 ms - Host latency: 1.027 ms (enqueue 0.00229492 ms)
[06/06/2026-21:56:52] [I] Average on 10 runs - GPU latency: 1.0271 ms - Host latency: 1.0271 ms (enqueue 0.00241699 ms)
[06/06/2026-21:56:52] [I] Average on 10 runs - GPU latency: 1.02693 ms - Host latency: 1.02693 ms (enqueue 0.00234375 ms)
[06/06/2026-21:56:52] [I] Average on 10 runs - GPU latency: 1.02661 ms - Host latency: 1.02661 ms (enqueue 0.00234375 ms)
[06/06/2026-21:56:52] [I] Average on 10 runs - GPU latency: 1.02698 ms - Host latency: 1.02698 ms (enqueue 0.00227051 ms)
[06/06/2026-21:56:52] [I] Average on 10 runs - GPU latency: 1.02683 ms - Host latency: 1.02683 ms (enqueue 0.00227051 ms)
[06/06/2026-21:56:52] [I] Average on 10 runs - GPU latency: 1.02717 ms - Host latency: 1.02717 ms (enqueue 0.00239258 ms)
[06/06/2026-21:56:52] [I] Average on 10 runs - GPU latency: 1.02725 ms - Host latency: 1.02725 ms (enqueue 0.00231934 ms)
[06/06/2026-21:56:52] [I] Average on 10 runs - GPU latency: 1.02686 ms - Host latency: 1.02686 ms (enqueue 0.00227051 ms)
[06/06/2026-21:56:52] [I] Average on 10 runs - GPU latency: 1.02695 ms - Host latency: 1.02695 ms (enqueue 0.00234375 ms)
[06/06/2026-21:56:52] [I] Average on 10 runs - GPU latency: 1.02712 ms - Host latency: 1.02712 ms (enqueue 0.00251465 ms)
[06/06/2026-21:56:52] [I] Average on 10 runs - GPU latency: 1.02729 ms - Host latency: 1.02729 ms (enqueue 0.00231934 ms)
[06/06/2026-21:56:52] [I] Average on 10 runs - GPU latency: 1.02739 ms - Host latency: 1.02739 ms (enqueue 0.00231934 ms)
[06/06/2026-21:56:52] [I] Average on 10 runs - GPU latency: 1.027 ms - Host latency: 1.027 ms (enqueue 0.00241699 ms)
[06/06/2026-21:56:52] [I] Average on 10 runs - GPU latency: 1.02695 ms - Host latency: 1.02695 ms (enqueue 0.00231934 ms)
[06/06/2026-21:56:52] [I] Average on 10 runs - GPU latency: 1.02678 ms - Host latency: 1.02678 ms (enqueue 0.00236816 ms)
[06/06/2026-21:56:52] [I] Average on 10 runs - GPU latency: 1.02678 ms - Host latency: 1.02678 ms (enqueue 0.00239258 ms)
[06/06/2026-21:56:52] [I] Average on 10 runs - GPU latency: 1.02649 ms - Host latency: 1.02649 ms (enqueue 0.00236816 ms)
[06/06/2026-21:56:52] [I] Average on 10 runs - GPU latency: 1.02678 ms - Host latency: 1.02678 ms (enqueue 0.00229492 ms)
[06/06/2026-21:56:52] [I] Average on 10 runs - GPU latency: 1.0272 ms - Host latency: 1.0272 ms (enqueue 0.00234375 ms)
[06/06/2026-21:56:52] [I] Average on 10 runs - GPU latency: 1.02683 ms - Host latency: 1.02683 ms (enqueue 0.00244141 ms)
[06/06/2026-21:56:52] [I] Average on 10 runs - GPU latency: 1.02656 ms - Host latency: 1.02656 ms (enqueue 0.00239258 ms)
[06/06/2026-21:56:52] [I] Average on 10 runs - GPU latency: 1.02673 ms - Host latency: 1.02673 ms (enqueue 0.00236816 ms)
[06/06/2026-21:56:52] [I] Average on 10 runs - GPU latency: 1.0269 ms - Host latency: 1.0269 ms (enqueue 0.00224609 ms)
[06/06/2026-21:56:52] [I] Average on 10 runs - GPU latency: 1.027 ms - Host latency: 1.027 ms (enqueue 0.00234375 ms)
[06/06/2026-21:56:52] [I] Average on 10 runs - GPU latency: 1.02729 ms - Host latency: 1.02729 ms (enqueue 0.00236816 ms)
[06/06/2026-21:56:52] [I] Average on 10 runs - GPU latency: 1.02739 ms - Host latency: 1.02739 ms (enqueue 0.00244141 ms)
[06/06/2026-21:56:52] [I] Average on 10 runs - GPU latency: 1.02693 ms - Host latency: 1.02693 ms (enqueue 0.00236816 ms)
[06/06/2026-21:56:52] [I] Average on 10 runs - GPU latency: 1.02722 ms - Host latency: 1.02722 ms (enqueue 0.00234375 ms)
[06/06/2026-21:56:52] [I] Average on 10 runs - GPU latency: 1.02661 ms - Host latency: 1.02661 ms (enqueue 0.00244141 ms)
[06/06/2026-21:56:52] [I] Average on 10 runs - GPU latency: 1.02722 ms - Host latency: 1.02722 ms (enqueue 0.00234375 ms)
[06/06/2026-21:56:52] [I] Average on 10 runs - GPU latency: 1.0272 ms - Host latency: 1.0272 ms (enqueue 0.00231934 ms)
[06/06/2026-21:56:52] [I] Average on 10 runs - GPU latency: 1.02717 ms - Host latency: 1.02717 ms (enqueue 0.00229492 ms)
[06/06/2026-21:56:52] [I] Average on 10 runs - GPU latency: 1.02661 ms - Host latency: 1.02661 ms (enqueue 0.00236816 ms)
[06/06/2026-21:56:52] [I] Average on 10 runs - GPU latency: 1.02698 ms - Host latency: 1.02698 ms (enqueue 0.00241699 ms)
[06/06/2026-21:56:52] [I] Average on 10 runs - GPU latency: 1.02646 ms - Host latency: 1.02646 ms (enqueue 0.00239258 ms)
[06/06/2026-21:56:52] [I] Average on 10 runs - GPU latency: 1.02781 ms - Host latency: 1.02781 ms (enqueue 0.00239258 ms)
[06/06/2026-21:56:52] [I] Average on 10 runs - GPU latency: 1.02747 ms - Host latency: 1.02747 ms (enqueue 0.00236816 ms)
[06/06/2026-21:56:52] [I] Average on 10 runs - GPU latency: 1.02791 ms - Host latency: 1.02791 ms (enqueue 0.00236816 ms)
[06/06/2026-21:56:52] [I] Average on 10 runs - GPU latency: 1.02686 ms - Host latency: 1.02686 ms (enqueue 0.00241699 ms)
[06/06/2026-21:56:52] [I] Average on 10 runs - GPU latency: 1.02715 ms - Host latency: 1.02715 ms (enqueue 0.00231934 ms)
[06/06/2026-21:56:52] [I] Average on 10 runs - GPU latency: 1.0272 ms - Host latency: 1.0272 ms (enqueue 0.00239258 ms)
[06/06/2026-21:56:52] [I] Average on 10 runs - GPU latency: 1.0271 ms - Host latency: 1.0271 ms (enqueue 0.00234375 ms)
[06/06/2026-21:56:52] [I] Average on 10 runs - GPU latency: 1.02676 ms - Host latency: 1.02676 ms (enqueue 0.00241699 ms)
[06/06/2026-21:56:52] [I] Average on 10 runs - GPU latency: 1.02676 ms - Host latency: 1.02676 ms (enqueue 0.00236816 ms)
[06/06/2026-21:56:52] [I] Average on 10 runs - GPU latency: 1.02703 ms - Host latency: 1.02703 ms (enqueue 0.00231934 ms)
[06/06/2026-21:56:52] [I] Average on 10 runs - GPU latency: 1.02712 ms - Host latency: 1.02712 ms (enqueue 0.00236816 ms)
[06/06/2026-21:56:52] [I] Average on 10 runs - GPU latency: 1.02761 ms - Host latency: 1.02761 ms (enqueue 0.00236816 ms)
[06/06/2026-21:56:52] [I] Average on 10 runs - GPU latency: 1.02742 ms - Host latency: 1.02742 ms (enqueue 0.00234375 ms)
[06/06/2026-21:56:52] [I] Average on 10 runs - GPU latency: 1.02678 ms - Host latency: 1.02678 ms (enqueue 0.00229492 ms)
[06/06/2026-21:56:52] [I] Average on 10 runs - GPU latency: 1.02749 ms - Host latency: 1.02749 ms (enqueue 0.00229492 ms)
[06/06/2026-21:56:52] [I] Average on 10 runs - GPU latency: 1.02671 ms - Host latency: 1.02671 ms (enqueue 0.00244141 ms)
[06/06/2026-21:56:52] [I] Average on 10 runs - GPU latency: 1.02708 ms - Host latency: 1.02708 ms (enqueue 0.00239258 ms)
[06/06/2026-21:56:52] [I] Average on 10 runs - GPU latency: 1.02683 ms - Host latency: 1.02683 ms (enqueue 0.00239258 ms)
[06/06/2026-21:56:52] [I] Average on 10 runs - GPU latency: 1.02703 ms - Host latency: 1.02703 ms (enqueue 0.00239258 ms)
[06/06/2026-21:56:52] [I] Average on 10 runs - GPU latency: 1.02659 ms - Host latency: 1.02659 ms (enqueue 0.00231934 ms)
[06/06/2026-21:56:52] [I] Average on 10 runs - GPU latency: 1.02754 ms - Host latency: 1.02754 ms (enqueue 0.00239258 ms)
[06/06/2026-21:56:52] [I] Average on 10 runs - GPU latency: 1.0272 ms - Host latency: 1.0272 ms (enqueue 0.00234375 ms)
[06/06/2026-21:56:52] [I] Average on 10 runs - GPU latency: 1.02712 ms - Host latency: 1.02712 ms (enqueue 0.00231934 ms)
[06/06/2026-21:56:52] [I] Average on 10 runs - GPU latency: 1.02727 ms - Host latency: 1.02727 ms (enqueue 0.00229492 ms)
[06/06/2026-21:56:52] [I] Average on 10 runs - GPU latency: 1.0271 ms - Host latency: 1.0271 ms (enqueue 0.00246582 ms)
[06/06/2026-21:56:52] [I] Average on 10 runs - GPU latency: 1.02693 ms - Host latency: 1.02693 ms (enqueue 0.00231934 ms)
[06/06/2026-21:56:52] [I] Average on 10 runs - GPU latency: 1.02737 ms - Host latency: 1.02737 ms (enqueue 0.00236816 ms)
[06/06/2026-21:56:52] [I] Average on 10 runs - GPU latency: 1.02656 ms - Host latency: 1.02656 ms (enqueue 0.00234375 ms)
[06/06/2026-21:56:52] [I] Average on 10 runs - GPU latency: 1.02676 ms - Host latency: 1.02676 ms (enqueue 0.00219727 ms)
[06/06/2026-21:56:52] [I] Average on 10 runs - GPU latency: 1.02649 ms - Host latency: 1.02649 ms (enqueue 0.00229492 ms)
[06/06/2026-21:56:52] [I] Average on 10 runs - GPU latency: 1.02734 ms - Host latency: 1.02734 ms (enqueue 0.00236816 ms)
[06/06/2026-21:56:52] [I] Average on 10 runs - GPU latency: 1.02695 ms - Host latency: 1.02695 ms (enqueue 0.00231934 ms)
[06/06/2026-21:56:52] [I] Average on 10 runs - GPU latency: 1.02666 ms - Host latency: 1.02666 ms (enqueue 0.00239258 ms)
[06/06/2026-21:56:52] [I] Average on 10 runs - GPU latency: 1.02642 ms - Host latency: 1.02642 ms (enqueue 0.00231934 ms)
[06/06/2026-21:56:52] [I] Average on 10 runs - GPU latency: 1.02695 ms - Host latency: 1.02695 ms (enqueue 0.00246582 ms)
[06/06/2026-21:56:52] [I] Average on 10 runs - GPU latency: 1.02737 ms - Host latency: 1.02737 ms (enqueue 0.00227051 ms)
[06/06/2026-21:56:52] [I] Average on 10 runs - GPU latency: 1.02673 ms - Host latency: 1.02673 ms (enqueue 0.00246582 ms)
[06/06/2026-21:56:52] [I] Average on 10 runs - GPU latency: 1.02698 ms - Host latency: 1.02698 ms (enqueue 0.00227051 ms)
[06/06/2026-21:56:52] [I] Average on 10 runs - GPU latency: 1.02764 ms - Host latency: 1.02764 ms (enqueue 0.00227051 ms)
[06/06/2026-21:56:52] [I] Average on 10 runs - GPU latency: 1.02781 ms - Host latency: 1.02781 ms (enqueue 0.00234375 ms)
[06/06/2026-21:56:52] [I] Average on 10 runs - GPU latency: 1.0272 ms - Host latency: 1.0272 ms (enqueue 0.00234375 ms)
[06/06/2026-21:56:52] [I] Average on 10 runs - GPU latency: 1.02729 ms - Host latency: 1.02729 ms (enqueue 0.00234375 ms)
[06/06/2026-21:56:52] [I] Average on 10 runs - GPU latency: 1.02681 ms - Host latency: 1.02681 ms (enqueue 0.00229492 ms)
[06/06/2026-21:56:52] [I] Average on 10 runs - GPU latency: 1.0281 ms - Host latency: 1.0281 ms (enqueue 0.00241699 ms)
[06/06/2026-21:56:52] [I] Average on 10 runs - GPU latency: 1.02695 ms - Host latency: 1.02695 ms (enqueue 0.00234375 ms)
[06/06/2026-21:56:52] [I] Average on 10 runs - GPU latency: 1.02742 ms - Host latency: 1.02742 ms (enqueue 0.00234375 ms)
[06/06/2026-21:56:52] [I] Average on 10 runs - GPU latency: 1.02666 ms - Host latency: 1.02666 ms (enqueue 0.00236816 ms)
[06/06/2026-21:56:52] [I] Average on 10 runs - GPU latency: 1.02686 ms - Host latency: 1.02686 ms (enqueue 0.00227051 ms)
[06/06/2026-21:56:52] [I] Average on 10 runs - GPU latency: 1.0261 ms - Host latency: 1.0261 ms (enqueue 0.00231934 ms)
[06/06/2026-21:56:52] [I] Average on 10 runs - GPU latency: 1.02673 ms - Host latency: 1.02673 ms (enqueue 0.00231934 ms)
[06/06/2026-21:56:52] [I] Average on 10 runs - GPU latency: 1.02683 ms - Host latency: 1.02683 ms (enqueue 0.00251465 ms)
[06/06/2026-21:56:52] [I] Average on 10 runs - GPU latency: 1.02712 ms - Host latency: 1.02712 ms (enqueue 0.00236816 ms)
[06/06/2026-21:56:52] [I] Average on 10 runs - GPU latency: 1.02715 ms - Host latency: 1.02715 ms (enqueue 0.00239258 ms)
[06/06/2026-21:56:52] [I] Average on 10 runs - GPU latency: 1.02651 ms - Host latency: 1.02651 ms (enqueue 0.00229492 ms)
[06/06/2026-21:56:52] [I] Average on 10 runs - GPU latency: 1.02754 ms - Host latency: 1.02754 ms (enqueue 0.00234375 ms)
[06/06/2026-21:56:52] [I] Average on 10 runs - GPU latency: 1.0271 ms - Host latency: 1.0271 ms (enqueue 0.00239258 ms)
[06/06/2026-21:56:52] [I] Average on 10 runs - GPU latency: 1.02695 ms - Host latency: 1.02695 ms (enqueue 0.00244141 ms)
[06/06/2026-21:56:52] [I] Average on 10 runs - GPU latency: 1.027 ms - Host latency: 1.027 ms (enqueue 0.00224609 ms)
[06/06/2026-21:56:52] [I] Average on 10 runs - GPU latency: 1.02725 ms - Host latency: 1.02725 ms (enqueue 0.00244141 ms)
[06/06/2026-21:56:52] [I] Average on 10 runs - GPU latency: 1.0262 ms - Host latency: 1.0262 ms (enqueue 0.00239258 ms)
[06/06/2026-21:56:52] [I] Average on 10 runs - GPU latency: 1.02629 ms - Host latency: 1.02629 ms (enqueue 0.00229492 ms)
[06/06/2026-21:56:52] [I] Average on 10 runs - GPU latency: 1.02676 ms - Host latency: 1.02676 ms (enqueue 0.00239258 ms)
[06/06/2026-21:56:52] [I] Average on 10 runs - GPU latency: 1.02698 ms - Host latency: 1.02698 ms (enqueue 0.00229492 ms)
[06/06/2026-21:56:52] [I] Average on 10 runs - GPU latency: 1.02634 ms - Host latency: 1.02634 ms (enqueue 0.00231934 ms)
[06/06/2026-21:56:52] [I] Average on 10 runs - GPU latency: 1.02673 ms - Host latency: 1.02673 ms (enqueue 0.00236816 ms)
[06/06/2026-21:56:52] [I] Average on 10 runs - GPU latency: 1.02747 ms - Host latency: 1.02747 ms (enqueue 0.00236816 ms)
[06/06/2026-21:56:52] [I] Average on 10 runs - GPU latency: 1.0269 ms - Host latency: 1.0269 ms (enqueue 0.00227051 ms)
[06/06/2026-21:56:52] [I] Average on 10 runs - GPU latency: 1.02725 ms - Host latency: 1.02725 ms (enqueue 0.00231934 ms)
[06/06/2026-21:56:52] [I] Average on 10 runs - GPU latency: 1.02664 ms - Host latency: 1.02664 ms (enqueue 0.00241699 ms)
[06/06/2026-21:56:52] [I] Average on 10 runs - GPU latency: 1.02683 ms - Host latency: 1.02683 ms (enqueue 0.00231934 ms)
[06/06/2026-21:56:52] [I] Average on 10 runs - GPU latency: 1.02776 ms - Host latency: 1.02776 ms (enqueue 0.00241699 ms)
[06/06/2026-21:56:52] [I] Average on 10 runs - GPU latency: 1.02715 ms - Host latency: 1.02715 ms (enqueue 0.00234375 ms)
[06/06/2026-21:56:52] [I] Average on 10 runs - GPU latency: 1.02698 ms - Host latency: 1.02698 ms (enqueue 0.00241699 ms)
[06/06/2026-21:56:52] [I] Average on 10 runs - GPU latency: 1.02695 ms - Host latency: 1.02695 ms (enqueue 0.00236816 ms)
[06/06/2026-21:56:52] [I] Average on 10 runs - GPU latency: 1.02678 ms - Host latency: 1.02678 ms (enqueue 0.00236816 ms)
[06/06/2026-21:56:52] [I] Average on 10 runs - GPU latency: 1.0272 ms - Host latency: 1.0272 ms (enqueue 0.00236816 ms)
[06/06/2026-21:56:52] [I] Average on 10 runs - GPU latency: 1.02722 ms - Host latency: 1.02722 ms (enqueue 0.00227051 ms)
[06/06/2026-21:56:52] [I] Average on 10 runs - GPU latency: 1.02673 ms - Host latency: 1.02673 ms (enqueue 0.00234375 ms)
[06/06/2026-21:56:52] [I] Average on 10 runs - GPU latency: 1.0269 ms - Host latency: 1.0269 ms (enqueue 0.00244141 ms)
[06/06/2026-21:56:52] [I] Average on 10 runs - GPU latency: 1.02668 ms - Host latency: 1.02668 ms (enqueue 0.00236816 ms)
[06/06/2026-21:56:52] [I] Average on 10 runs - GPU latency: 1.02673 ms - Host latency: 1.02673 ms (enqueue 0.00229492 ms)
[06/06/2026-21:56:52] [I] Average on 10 runs - GPU latency: 1.02668 ms - Host latency: 1.02668 ms (enqueue 0.00236816 ms)
[06/06/2026-21:56:52] [I] Average on 10 runs - GPU latency: 1.02681 ms - Host latency: 1.02681 ms (enqueue 0.00224609 ms)
[06/06/2026-21:56:52] [I] Average on 10 runs - GPU latency: 1.02793 ms - Host latency: 1.02793 ms (enqueue 0.00234375 ms)
[06/06/2026-21:56:52] [I] Average on 10 runs - GPU latency: 1.0272 ms - Host latency: 1.0272 ms (enqueue 0.00231934 ms)
[06/06/2026-21:56:52] [I] Average on 10 runs - GPU latency: 1.02722 ms - Host latency: 1.02722 ms (enqueue 0.00231934 ms)
[06/06/2026-21:56:52] [I] Average on 10 runs - GPU latency: 1.0269 ms - Host latency: 1.0269 ms (enqueue 0.00251465 ms)
[06/06/2026-21:56:52] [I] Average on 10 runs - GPU latency: 1.02678 ms - Host latency: 1.02678 ms (enqueue 0.00234375 ms)
[06/06/2026-21:56:52] [I] Average on 10 runs - GPU latency: 1.02676 ms - Host latency: 1.02676 ms (enqueue 0.00222168 ms)
[06/06/2026-21:56:52] [I] Average on 10 runs - GPU latency: 1.02693 ms - Host latency: 1.02693 ms (enqueue 0.00231934 ms)
[06/06/2026-21:56:52] [I] Average on 10 runs - GPU latency: 1.02727 ms - Host latency: 1.02727 ms (enqueue 0.00234375 ms)
[06/06/2026-21:56:52] [I] Average on 10 runs - GPU latency: 1.02747 ms - Host latency: 1.02747 ms (enqueue 0.00246582 ms)
[06/06/2026-21:56:52] [I] Average on 10 runs - GPU latency: 1.02686 ms - Host latency: 1.02686 ms (enqueue 0.0026123 ms)
[06/06/2026-21:56:52] [I] Average on 10 runs - GPU latency: 1.02686 ms - Host latency: 1.02686 ms (enqueue 0.00234375 ms)
[06/06/2026-21:56:52] [I] Average on 10 runs - GPU latency: 1.02688 ms - Host latency: 1.02688 ms (enqueue 0.00241699 ms)
[06/06/2026-21:56:52] [I] Average on 10 runs - GPU latency: 1.02744 ms - Host latency: 1.02744 ms (enqueue 0.00234375 ms)
[06/06/2026-21:56:52] [I] Average on 10 runs - GPU latency: 1.02664 ms - Host latency: 1.02664 ms (enqueue 0.00244141 ms)
[06/06/2026-21:56:52] [I] Average on 10 runs - GPU latency: 1.02747 ms - Host latency: 1.02747 ms (enqueue 0.00229492 ms)
[06/06/2026-21:56:52] [I] Average on 10 runs - GPU latency: 1.02661 ms - Host latency: 1.02661 ms (enqueue 0.00231934 ms)
[06/06/2026-21:56:52] [I] Average on 10 runs - GPU latency: 1.027 ms - Host latency: 1.027 ms (enqueue 0.00236816 ms)
[06/06/2026-21:56:52] [I] Average on 10 runs - GPU latency: 1.02656 ms - Host latency: 1.02656 ms (enqueue 0.00227051 ms)
[06/06/2026-21:56:52] [I] Average on 10 runs - GPU latency: 1.02712 ms - Host latency: 1.02712 ms (enqueue 0.00236816 ms)
[06/06/2026-21:56:52] [I] Average on 10 runs - GPU latency: 1.02712 ms - Host latency: 1.02712 ms (enqueue 0.00241699 ms)
[06/06/2026-21:56:52] [I] Average on 10 runs - GPU latency: 1.02671 ms - Host latency: 1.02671 ms (enqueue 0.00239258 ms)
[06/06/2026-21:56:52] [I] Average on 10 runs - GPU latency: 1.02673 ms - Host latency: 1.02673 ms (enqueue 0.00234375 ms)
[06/06/2026-21:56:52] [I] Average on 10 runs - GPU latency: 1.0272 ms - Host latency: 1.0272 ms (enqueue 0.00231934 ms)
[06/06/2026-21:56:52] [I] Average on 10 runs - GPU latency: 1.02668 ms - Host latency: 1.02668 ms (enqueue 0.00236816 ms)
[06/06/2026-21:56:52] [I] Average on 10 runs - GPU latency: 1.02747 ms - Host latency: 1.02747 ms (enqueue 0.00234375 ms)
[06/06/2026-21:56:52] [I] Average on 10 runs - GPU latency: 1.0272 ms - Host latency: 1.0272 ms (enqueue 0.00236816 ms)
[06/06/2026-21:56:52] [I] Average on 10 runs - GPU latency: 1.02698 ms - Host latency: 1.02698 ms (enqueue 0.00246582 ms)
[06/06/2026-21:56:52] [I] Average on 10 runs - GPU latency: 1.02678 ms - Host latency: 1.02678 ms (enqueue 0.00231934 ms)
[06/06/2026-21:56:52] [I] Average on 10 runs - GPU latency: 1.02676 ms - Host latency: 1.02676 ms (enqueue 0.00239258 ms)
[06/06/2026-21:56:52] [I] Average on 10 runs - GPU latency: 1.0269 ms - Host latency: 1.0269 ms (enqueue 0.00244141 ms)
[06/06/2026-21:56:52] [I] Average on 10 runs - GPU latency: 1.0269 ms - Host latency: 1.0269 ms (enqueue 0.00231934 ms)
[06/06/2026-21:56:52] [I] Average on 10 runs - GPU latency: 1.02708 ms - Host latency: 1.02708 ms (enqueue 0.00244141 ms)
[06/06/2026-21:56:52] [I] Average on 10 runs - GPU latency: 1.02756 ms - Host latency: 1.02756 ms (enqueue 0.00236816 ms)
[06/06/2026-21:56:52] [I] Average on 10 runs - GPU latency: 1.02637 ms - Host latency: 1.02637 ms (enqueue 0.00229492 ms)
[06/06/2026-21:56:52] [I] Average on 10 runs - GPU latency: 1.02749 ms - Host latency: 1.02749 ms (enqueue 0.00244141 ms)
[06/06/2026-21:56:52] [I] Average on 10 runs - GPU latency: 1.02705 ms - Host latency: 1.02705 ms (enqueue 0.00239258 ms)
[06/06/2026-21:56:52] [I] Average on 10 runs - GPU latency: 1.02688 ms - Host latency: 1.02688 ms (enqueue 0.00222168 ms)
[06/06/2026-21:56:52] [I] Average on 10 runs - GPU latency: 1.02676 ms - Host latency: 1.02676 ms (enqueue 0.00239258 ms)
[06/06/2026-21:56:52] [I] Average on 10 runs - GPU latency: 1.02734 ms - Host latency: 1.02734 ms (enqueue 0.00244141 ms)
[06/06/2026-21:56:52] [I] Average on 10 runs - GPU latency: 1.02722 ms - Host latency: 1.02722 ms (enqueue 0.00241699 ms)
[06/06/2026-21:56:52] [I] Average on 10 runs - GPU latency: 1.02703 ms - Host latency: 1.02703 ms (enqueue 0.00236816 ms)
[06/06/2026-21:56:52] [I] Average on 10 runs - GPU latency: 1.02717 ms - Host latency: 1.02717 ms (enqueue 0.00229492 ms)
[06/06/2026-21:56:52] [I] Average on 10 runs - GPU latency: 1.0271 ms - Host latency: 1.0271 ms (enqueue 0.00231934 ms)
[06/06/2026-21:56:52] [I] Average on 10 runs - GPU latency: 1.02698 ms - Host latency: 1.02698 ms (enqueue 0.00229492 ms)
[06/06/2026-21:56:52] [I] Average on 10 runs - GPU latency: 1.02695 ms - Host latency: 1.02695 ms (enqueue 0.00234375 ms)
[06/06/2026-21:56:52] [I] Average on 10 runs - GPU latency: 1.02729 ms - Host latency: 1.02729 ms (enqueue 0.00239258 ms)
[06/06/2026-21:56:52] [I] Average on 10 runs - GPU latency: 1.02693 ms - Host latency: 1.02693 ms (enqueue 0.00234375 ms)
[06/06/2026-21:56:52] [I] Average on 10 runs - GPU latency: 1.02717 ms - Host latency: 1.02717 ms (enqueue 0.00231934 ms)
[06/06/2026-21:56:52] [I] Average on 10 runs - GPU latency: 1.02717 ms - Host latency: 1.02717 ms (enqueue 0.00234375 ms)
[06/06/2026-21:56:52] [I] Average on 10 runs - GPU latency: 1.02676 ms - Host latency: 1.02676 ms (enqueue 0.00244141 ms)
[06/06/2026-21:56:52] [I] Average on 10 runs - GPU latency: 1.02708 ms - Host latency: 1.02708 ms (enqueue 0.00241699 ms)
[06/06/2026-21:56:52] [I] Average on 10 runs - GPU latency: 1.02668 ms - Host latency: 1.02668 ms (enqueue 0.00239258 ms)
[06/06/2026-21:56:52] [I] Average on 10 runs - GPU latency: 1.02703 ms - Host latency: 1.02703 ms (enqueue 0.00239258 ms)
[06/06/2026-21:56:52] [I] Average on 10 runs - GPU latency: 1.02788 ms - Host latency: 1.02788 ms (enqueue 0.00231934 ms)
[06/06/2026-21:56:52] [I] Average on 10 runs - GPU latency: 1.02698 ms - Host latency: 1.02698 ms (enqueue 0.00244141 ms)
[06/06/2026-21:56:52] [I] Average on 10 runs - GPU latency: 1.027 ms - Host latency: 1.027 ms (enqueue 0.00234375 ms)
[06/06/2026-21:56:52] [I] Average on 10 runs - GPU latency: 1.02661 ms - Host latency: 1.02661 ms (enqueue 0.00234375 ms)
[06/06/2026-21:56:52] [I] Average on 10 runs - GPU latency: 1.02698 ms - Host latency: 1.02698 ms (enqueue 0.00234375 ms)
[06/06/2026-21:56:52] [I] Average on 10 runs - GPU latency: 1.02703 ms - Host latency: 1.02703 ms (enqueue 0.00229492 ms)
[06/06/2026-21:56:52] [I] Average on 10 runs - GPU latency: 1.02646 ms - Host latency: 1.02646 ms (enqueue 0.00229492 ms)
[06/06/2026-21:56:52] [I] Average on 10 runs - GPU latency: 1.02683 ms - Host latency: 1.02683 ms (enqueue 0.00227051 ms)
[06/06/2026-21:56:52] [I] Average on 10 runs - GPU latency: 1.02717 ms - Host latency: 1.02717 ms (enqueue 0.00234375 ms)
[06/06/2026-21:56:52] [I] Average on 10 runs - GPU latency: 1.02737 ms - Host latency: 1.02737 ms (enqueue 0.00229492 ms)
[06/06/2026-21:56:52] [I] Average on 10 runs - GPU latency: 1.02744 ms - Host latency: 1.02744 ms (enqueue 0.00229492 ms)
[06/06/2026-21:56:52] [I] Average on 10 runs - GPU latency: 1.02732 ms - Host latency: 1.02732 ms (enqueue 0.00239258 ms)
[06/06/2026-21:56:52] [I] Average on 10 runs - GPU latency: 1.02627 ms - Host latency: 1.02627 ms (enqueue 0.00234375 ms)
[06/06/2026-21:56:52] [I] Average on 10 runs - GPU latency: 1.02764 ms - Host latency: 1.02764 ms (enqueue 0.00236816 ms)
[06/06/2026-21:56:52] [I] Average on 10 runs - GPU latency: 1.02727 ms - Host latency: 1.02727 ms (enqueue 0.00239258 ms)
[06/06/2026-21:56:52] [I] Average on 10 runs - GPU latency: 1.02688 ms - Host latency: 1.02688 ms (enqueue 0.00236816 ms)
[06/06/2026-21:56:52] [I] Average on 10 runs - GPU latency: 1.02651 ms - Host latency: 1.02651 ms (enqueue 0.00231934 ms)
[06/06/2026-21:56:52] [I] Average on 10 runs - GPU latency: 1.02688 ms - Host latency: 1.02688 ms (enqueue 0.00236816 ms)
[06/06/2026-21:56:52] [I] ... Omitting 1836 lines
[06/06/2026-21:56:52] [I] Average on 10 runs - GPU latency: 1.02739 ms - Host latency: 1.02739 ms (enqueue 0.00224609 ms)
[06/06/2026-21:56:52] [I] Average on 10 runs - GPU latency: 1.02686 ms - Host latency: 1.02686 ms (enqueue 0.00239258 ms)
[06/06/2026-21:56:52] [I] Average on 10 runs - GPU latency: 1.027 ms - Host latency: 1.027 ms (enqueue 0.00229492 ms)
[06/06/2026-21:56:52] [I] Average on 10 runs - GPU latency: 1.0269 ms - Host latency: 1.0269 ms (enqueue 0.00234375 ms)
[06/06/2026-21:56:52] [I] Average on 10 runs - GPU latency: 1.02695 ms - Host latency: 1.02695 ms (enqueue 0.00234375 ms)
[06/06/2026-21:56:52] [I] Average on 10 runs - GPU latency: 1.02671 ms - Host latency: 1.02671 ms (enqueue 0.00244141 ms)
[06/06/2026-21:56:52] [I] Average on 10 runs - GPU latency: 1.02734 ms - Host latency: 1.02734 ms (enqueue 0.00219727 ms)
[06/06/2026-21:56:52] [I] Average on 10 runs - GPU latency: 1.02803 ms - Host latency: 1.02803 ms (enqueue 0.00224609 ms)
[06/06/2026-21:56:52] [I] Average on 10 runs - GPU latency: 1.0271 ms - Host latency: 1.0271 ms (enqueue 0.00229492 ms)
[06/06/2026-21:56:52] [I] Average on 10 runs - GPU latency: 1.02759 ms - Host latency: 1.02759 ms (enqueue 0.00239258 ms)
[06/06/2026-21:56:52] [I] Average on 10 runs - GPU latency: 1.02744 ms - Host latency: 1.02744 ms (enqueue 0.00214844 ms)
[06/06/2026-21:56:52] [I] Average on 10 runs - GPU latency: 1.0272 ms - Host latency: 1.0272 ms (enqueue 0.00244141 ms)
[06/06/2026-21:56:52] [I] Average on 10 runs - GPU latency: 1.02729 ms - Host latency: 1.02729 ms (enqueue 0.00239258 ms)
[06/06/2026-21:56:52] [I] Average on 10 runs - GPU latency: 1.0271 ms - Host latency: 1.0271 ms (enqueue 0.00234375 ms)
[06/06/2026-21:56:52] [I] Average on 10 runs - GPU latency: 1.0269 ms - Host latency: 1.0269 ms (enqueue 0.00229492 ms)
[06/06/2026-21:56:52] [I] Average on 10 runs - GPU latency: 1.027 ms - Host latency: 1.027 ms (enqueue 0.00244141 ms)
[06/06/2026-21:56:52] [I] Average on 10 runs - GPU latency: 1.02695 ms - Host latency: 1.02695 ms (enqueue 0.00234375 ms)
[06/06/2026-21:56:52] [I] Average on 10 runs - GPU latency: 1.02695 ms - Host latency: 1.02695 ms (enqueue 0.00229492 ms)
[06/06/2026-21:56:52] [I] Average on 10 runs - GPU latency: 1.0271 ms - Host latency: 1.0271 ms (enqueue 0.00244141 ms)
[06/06/2026-21:56:52] [I] Average on 10 runs - GPU latency: 1.02681 ms - Host latency: 1.02681 ms (enqueue 0.00239258 ms)
[06/06/2026-21:56:52] [I] Average on 10 runs - GPU latency: 1.02651 ms - Host latency: 1.02651 ms (enqueue 0.00229492 ms)
[06/06/2026-21:56:52] [I] Average on 10 runs - GPU latency: 1.0269 ms - Host latency: 1.0269 ms (enqueue 0.00234375 ms)
[06/06/2026-21:56:52] [I] Average on 10 runs - GPU latency: 1.02715 ms - Host latency: 1.02715 ms (enqueue 0.00224609 ms)
[06/06/2026-21:56:52] [I] Average on 10 runs - GPU latency: 1.02617 ms - Host latency: 1.02617 ms (enqueue 0.00229492 ms)
[06/06/2026-21:56:52] [I] Average on 10 runs - GPU latency: 1.027 ms - Host latency: 1.027 ms (enqueue 0.00239258 ms)
[06/06/2026-21:56:52] [I] Average on 10 runs - GPU latency: 1.0272 ms - Host latency: 1.0272 ms (enqueue 0.00229492 ms)
[06/06/2026-21:56:52] [I] Average on 10 runs - GPU latency: 1.02744 ms - Host latency: 1.02744 ms (enqueue 0.00224609 ms)
[06/06/2026-21:56:52] [I] Average on 10 runs - GPU latency: 1.02715 ms - Host latency: 1.02715 ms (enqueue 0.00224609 ms)
[06/06/2026-21:56:52] [I] Average on 10 runs - GPU latency: 1.0271 ms - Host latency: 1.0271 ms (enqueue 0.00219727 ms)
[06/06/2026-21:56:52] [I] Average on 10 runs - GPU latency: 1.02715 ms - Host latency: 1.02715 ms (enqueue 0.00229492 ms)
[06/06/2026-21:56:52] [I] Average on 10 runs - GPU latency: 1.02671 ms - Host latency: 1.02671 ms (enqueue 0.00234375 ms)
[06/06/2026-21:56:52] [I] Average on 10 runs - GPU latency: 1.02656 ms - Host latency: 1.02656 ms (enqueue 0.00234375 ms)
[06/06/2026-21:56:52] [I] Average on 10 runs - GPU latency: 1.02651 ms - Host latency: 1.02651 ms (enqueue 0.00253906 ms)
[06/06/2026-21:56:52] [I] Average on 10 runs - GPU latency: 1.02759 ms - Host latency: 1.02759 ms (enqueue 0.00244141 ms)
[06/06/2026-21:56:52] [I] Average on 10 runs - GPU latency: 1.02715 ms - Host latency: 1.02715 ms (enqueue 0.00249023 ms)
[06/06/2026-21:56:52] [I] Average on 10 runs - GPU latency: 1.02749 ms - Host latency: 1.02749 ms (enqueue 0.00244141 ms)
[06/06/2026-21:56:52] [I] Average on 10 runs - GPU latency: 1.02666 ms - Host latency: 1.02666 ms (enqueue 0.00224609 ms)
[06/06/2026-21:56:52] [I] Average on 10 runs - GPU latency: 1.02729 ms - Host latency: 1.02729 ms (enqueue 0.00224609 ms)
[06/06/2026-21:56:52] [I] Average on 10 runs - GPU latency: 1.02715 ms - Host latency: 1.02715 ms (enqueue 0.00229492 ms)
[06/06/2026-21:56:52] [I] Average on 10 runs - GPU latency: 1.02705 ms - Host latency: 1.02705 ms (enqueue 0.00219727 ms)
[06/06/2026-21:56:52] [I] Average on 10 runs - GPU latency: 1.02705 ms - Host latency: 1.02705 ms (enqueue 0.00234375 ms)
[06/06/2026-21:56:52] [I] Average on 10 runs - GPU latency: 1.02681 ms - Host latency: 1.02681 ms (enqueue 0.00253906 ms)
[06/06/2026-21:56:52] [I] Average on 10 runs - GPU latency: 1.02686 ms - Host latency: 1.02686 ms (enqueue 0.00244141 ms)
[06/06/2026-21:56:52] [I] Average on 10 runs - GPU latency: 1.027 ms - Host latency: 1.027 ms (enqueue 0.00224609 ms)
[06/06/2026-21:56:52] [I] Average on 10 runs - GPU latency: 1.027 ms - Host latency: 1.027 ms (enqueue 0.00239258 ms)
[06/06/2026-21:56:52] [I] Average on 10 runs - GPU latency: 1.02734 ms - Host latency: 1.02734 ms (enqueue 0.00239258 ms)
[06/06/2026-21:56:52] [I] Average on 10 runs - GPU latency: 1.0271 ms - Host latency: 1.0271 ms (enqueue 0.00244141 ms)
[06/06/2026-21:56:52] [I] Average on 10 runs - GPU latency: 1.02637 ms - Host latency: 1.02637 ms (enqueue 0.00239258 ms)
[06/06/2026-21:56:52] [I] Average on 10 runs - GPU latency: 1.02695 ms - Host latency: 1.02695 ms (enqueue 0.00244141 ms)
[06/06/2026-21:56:52] [I] Average on 10 runs - GPU latency: 1.02686 ms - Host latency: 1.02686 ms (enqueue 0.00224609 ms)
[06/06/2026-21:56:52] [I] Average on 10 runs - GPU latency: 1.02754 ms - Host latency: 1.02754 ms (enqueue 0.00229492 ms)
[06/06/2026-21:56:52] [I] Average on 10 runs - GPU latency: 1.02681 ms - Host latency: 1.02681 ms (enqueue 0.00244141 ms)
[06/06/2026-21:56:52] [I] Average on 10 runs - GPU latency: 1.0269 ms - Host latency: 1.0269 ms (enqueue 0.00229492 ms)
[06/06/2026-21:56:52] [I] Average on 10 runs - GPU latency: 1.02695 ms - Host latency: 1.02695 ms (enqueue 0.00229492 ms)
[06/06/2026-21:56:52] [I] Average on 10 runs - GPU latency: 1.02729 ms - Host latency: 1.02729 ms (enqueue 0.00229492 ms)
[06/06/2026-21:56:52] [I] Average on 10 runs - GPU latency: 1.02744 ms - Host latency: 1.02744 ms (enqueue 0.00239258 ms)
[06/06/2026-21:56:52] [I] Average on 10 runs - GPU latency: 1.02705 ms - Host latency: 1.02705 ms (enqueue 0.00234375 ms)
[06/06/2026-21:56:52] [I] Average on 10 runs - GPU latency: 1.02632 ms - Host latency: 1.02632 ms (enqueue 0.00244141 ms)
[06/06/2026-21:56:52] [I] Average on 10 runs - GPU latency: 1.02773 ms - Host latency: 1.02773 ms (enqueue 0.00229492 ms)
[06/06/2026-21:56:52] [I] Average on 10 runs - GPU latency: 1.02734 ms - Host latency: 1.02734 ms (enqueue 0.00258789 ms)
[06/06/2026-21:56:52] [I] Average on 10 runs - GPU latency: 1.02715 ms - Host latency: 1.02715 ms (enqueue 0.00229492 ms)
[06/06/2026-21:56:52] [I] Average on 10 runs - GPU latency: 1.02681 ms - Host latency: 1.02681 ms (enqueue 0.00234375 ms)
[06/06/2026-21:56:52] [I] Average on 10 runs - GPU latency: 1.02686 ms - Host latency: 1.02686 ms (enqueue 0.00249023 ms)
[06/06/2026-21:56:52] [I] Average on 10 runs - GPU latency: 1.02686 ms - Host latency: 1.02686 ms (enqueue 0.00239258 ms)
[06/06/2026-21:56:52] [I] Average on 10 runs - GPU latency: 1.02686 ms - Host latency: 1.02686 ms (enqueue 0.00234375 ms)
[06/06/2026-21:56:52] [I] Average on 10 runs - GPU latency: 1.02681 ms - Host latency: 1.02681 ms (enqueue 0.00244141 ms)
[06/06/2026-21:56:52] [I] Average on 10 runs - GPU latency: 1.0272 ms - Host latency: 1.0272 ms (enqueue 0.00234375 ms)
[06/06/2026-21:56:52] [I] Average on 10 runs - GPU latency: 1.02695 ms - Host latency: 1.02695 ms (enqueue 0.00244141 ms)
[06/06/2026-21:56:52] [I] Average on 10 runs - GPU latency: 1.02646 ms - Host latency: 1.02646 ms (enqueue 0.00234375 ms)
[06/06/2026-21:56:52] [I] Average on 10 runs - GPU latency: 1.0271 ms - Host latency: 1.0271 ms (enqueue 0.00234375 ms)
[06/06/2026-21:56:52] [I] Average on 10 runs - GPU latency: 1.02681 ms - Host latency: 1.02681 ms (enqueue 0.00229492 ms)
[06/06/2026-21:56:52] [I] Average on 10 runs - GPU latency: 1.0269 ms - Host latency: 1.0269 ms (enqueue 0.00239258 ms)
[06/06/2026-21:56:52] [I] Average on 10 runs - GPU latency: 1.02632 ms - Host latency: 1.02632 ms (enqueue 0.00205078 ms)
[06/06/2026-21:56:52] [I] Average on 10 runs - GPU latency: 1.0269 ms - Host latency: 1.0269 ms (enqueue 0.00249023 ms)
[06/06/2026-21:56:52] [I] Average on 10 runs - GPU latency: 1.02671 ms - Host latency: 1.02671 ms (enqueue 0.00234375 ms)
[06/06/2026-21:56:52] [I] Average on 10 runs - GPU latency: 1.02681 ms - Host latency: 1.02681 ms (enqueue 0.00239258 ms)
[06/06/2026-21:56:52] [I] Average on 10 runs - GPU latency: 1.02676 ms - Host latency: 1.02676 ms (enqueue 0.00234375 ms)
[06/06/2026-21:56:52] [I] Average on 10 runs - GPU latency: 1.02695 ms - Host latency: 1.02695 ms (enqueue 0.00224609 ms)
[06/06/2026-21:56:52] [I] Average on 10 runs - GPU latency: 1.02734 ms - Host latency: 1.02734 ms (enqueue 0.00219727 ms)
[06/06/2026-21:56:52] [I] Average on 10 runs - GPU latency: 1.02725 ms - Host latency: 1.02725 ms (enqueue 0.00239258 ms)
[06/06/2026-21:56:52] [I] Average on 10 runs - GPU latency: 1.02695 ms - Host latency: 1.02695 ms (enqueue 0.00229492 ms)
[06/06/2026-21:56:52] [I] Average on 10 runs - GPU latency: 1.02676 ms - Host latency: 1.02676 ms (enqueue 0.00224609 ms)
[06/06/2026-21:56:52] [I] Average on 10 runs - GPU latency: 1.027 ms - Host latency: 1.027 ms (enqueue 0.00234375 ms)
[06/06/2026-21:56:52] [I] Average on 10 runs - GPU latency: 1.02573 ms - Host latency: 1.02573 ms (enqueue 0.00239258 ms)
[06/06/2026-21:56:52] [I] Average on 10 runs - GPU latency: 1.02695 ms - Host latency: 1.02695 ms (enqueue 0.00249023 ms)
[06/06/2026-21:56:52] [I] Average on 10 runs - GPU latency: 1.0271 ms - Host latency: 1.0271 ms (enqueue 0.00239258 ms)
[06/06/2026-21:56:52] [I] Average on 10 runs - GPU latency: 1.02739 ms - Host latency: 1.02739 ms (enqueue 0.00234375 ms)
[06/06/2026-21:56:52] [I] Average on 10 runs - GPU latency: 1.02705 ms - Host latency: 1.02705 ms (enqueue 0.00234375 ms)
[06/06/2026-21:56:52] [I] Average on 10 runs - GPU latency: 1.02686 ms - Host latency: 1.02686 ms (enqueue 0.00214844 ms)
[06/06/2026-21:56:52] [I] Average on 10 runs - GPU latency: 1.02666 ms - Host latency: 1.02666 ms (enqueue 0.00224609 ms)
[06/06/2026-21:56:52] [I] Average on 10 runs - GPU latency: 1.02695 ms - Host latency: 1.02695 ms (enqueue 0.00253906 ms)
[06/06/2026-21:56:52] [I] Average on 10 runs - GPU latency: 1.02681 ms - Host latency: 1.02681 ms (enqueue 0.00239258 ms)
[06/06/2026-21:56:52] [I] Average on 10 runs - GPU latency: 1.02759 ms - Host latency: 1.02759 ms (enqueue 0.00229492 ms)
[06/06/2026-21:56:52] [I] Average on 10 runs - GPU latency: 1.02705 ms - Host latency: 1.02705 ms (enqueue 0.00229492 ms)
[06/06/2026-21:56:52] [I] Average on 10 runs - GPU latency: 1.02676 ms - Host latency: 1.02676 ms (enqueue 0.00239258 ms)
[06/06/2026-21:56:52] [I] Average on 10 runs - GPU latency: 1.02651 ms - Host latency: 1.02651 ms (enqueue 0.00234375 ms)
[06/06/2026-21:56:52] [I] Average on 10 runs - GPU latency: 1.02661 ms - Host latency: 1.02661 ms (enqueue 0.00244141 ms)
[06/06/2026-21:56:52] [I] Average on 10 runs - GPU latency: 1.02671 ms - Host latency: 1.02671 ms (enqueue 0.00229492 ms)
[06/06/2026-21:56:52] [I] Average on 10 runs - GPU latency: 1.02749 ms - Host latency: 1.02749 ms (enqueue 0.00234375 ms)
[06/06/2026-21:56:52] [I] Average on 10 runs - GPU latency: 1.02715 ms - Host latency: 1.02715 ms (enqueue 0.00249023 ms)
[06/06/2026-21:56:52] [I] Average on 10 runs - GPU latency: 1.02729 ms - Host latency: 1.02729 ms (enqueue 0.00219727 ms)
[06/06/2026-21:56:52] [I] Average on 10 runs - GPU latency: 1.02754 ms - Host latency: 1.02754 ms (enqueue 0.00234375 ms)
[06/06/2026-21:56:52] [I] Average on 10 runs - GPU latency: 1.02646 ms - Host latency: 1.02646 ms (enqueue 0.00244141 ms)
[06/06/2026-21:56:52] [I] Average on 10 runs - GPU latency: 1.02725 ms - Host latency: 1.02725 ms (enqueue 0.00253906 ms)
[06/06/2026-21:56:52] [I] Average on 10 runs - GPU latency: 1.02651 ms - Host latency: 1.02651 ms (enqueue 0.00239258 ms)
[06/06/2026-21:56:52] [I] Average on 10 runs - GPU latency: 1.02729 ms - Host latency: 1.02729 ms (enqueue 0.00214844 ms)
[06/06/2026-21:56:52] [I] Average on 10 runs - GPU latency: 1.027 ms - Host latency: 1.027 ms (enqueue 0.00234375 ms)
[06/06/2026-21:56:52] [I] Average on 10 runs - GPU latency: 1.02749 ms - Host latency: 1.02749 ms (enqueue 0.00234375 ms)
[06/06/2026-21:56:52] [I] Average on 10 runs - GPU latency: 1.0271 ms - Host latency: 1.0271 ms (enqueue 0.00224609 ms)
[06/06/2026-21:56:52] [I] Average on 10 runs - GPU latency: 1.0269 ms - Host latency: 1.0269 ms (enqueue 0.00234375 ms)
[06/06/2026-21:56:52] [I] Average on 10 runs - GPU latency: 1.0271 ms - Host latency: 1.0271 ms (enqueue 0.00253906 ms)
[06/06/2026-21:56:52] [I] Average on 10 runs - GPU latency: 1.02656 ms - Host latency: 1.02656 ms (enqueue 0.00249023 ms)
[06/06/2026-21:56:52] [I] Average on 10 runs - GPU latency: 1.02715 ms - Host latency: 1.02715 ms (enqueue 0.00239258 ms)
[06/06/2026-21:56:52] [I] Average on 10 runs - GPU latency: 1.02729 ms - Host latency: 1.02729 ms (enqueue 0.00244141 ms)
[06/06/2026-21:56:52] [I] Average on 10 runs - GPU latency: 1.02676 ms - Host latency: 1.02676 ms (enqueue 0.00244141 ms)
[06/06/2026-21:56:52] [I] Average on 10 runs - GPU latency: 1.0271 ms - Host latency: 1.0271 ms (enqueue 0.00234375 ms)
[06/06/2026-21:56:52] [I] Average on 10 runs - GPU latency: 1.0272 ms - Host latency: 1.0272 ms (enqueue 0.00214844 ms)
[06/06/2026-21:56:52] [I] Average on 10 runs - GPU latency: 1.02793 ms - Host latency: 1.02793 ms (enqueue 0.00224609 ms)
[06/06/2026-21:56:52] [I] Average on 10 runs - GPU latency: 1.02749 ms - Host latency: 1.02749 ms (enqueue 0.00244141 ms)
[06/06/2026-21:56:52] [I] Average on 10 runs - GPU latency: 1.02695 ms - Host latency: 1.02695 ms (enqueue 0.00239258 ms)
[06/06/2026-21:56:52] [I] Average on 10 runs - GPU latency: 1.02671 ms - Host latency: 1.02671 ms (enqueue 0.00234375 ms)
[06/06/2026-21:56:52] [I] Average on 10 runs - GPU latency: 1.02632 ms - Host latency: 1.02632 ms (enqueue 0.00239258 ms)
[06/06/2026-21:56:52] [I] Average on 10 runs - GPU latency: 1.02705 ms - Host latency: 1.02705 ms (enqueue 0.00234375 ms)
[06/06/2026-21:56:52] [I] Average on 10 runs - GPU latency: 1.02729 ms - Host latency: 1.02729 ms (enqueue 0.00253906 ms)
[06/06/2026-21:56:52] [I] Average on 10 runs - GPU latency: 1.02715 ms - Host latency: 1.02715 ms (enqueue 0.00234375 ms)
[06/06/2026-21:56:52] [I] Average on 10 runs - GPU latency: 1.02729 ms - Host latency: 1.02729 ms (enqueue 0.00249023 ms)
[06/06/2026-21:56:52] [I] Average on 10 runs - GPU latency: 1.02661 ms - Host latency: 1.02661 ms (enqueue 0.00234375 ms)
[06/06/2026-21:56:52] [I] Average on 10 runs - GPU latency: 1.027 ms - Host latency: 1.027 ms (enqueue 0.00234375 ms)
[06/06/2026-21:56:52] [I] Average on 10 runs - GPU latency: 1.02754 ms - Host latency: 1.02754 ms (enqueue 0.00224609 ms)
[06/06/2026-21:56:52] [I] Average on 10 runs - GPU latency: 1.02642 ms - Host latency: 1.02642 ms (enqueue 0.00234375 ms)
[06/06/2026-21:56:52] [I] Average on 10 runs - GPU latency: 1.0272 ms - Host latency: 1.0272 ms (enqueue 0.00253906 ms)
[06/06/2026-21:56:52] [I] Average on 10 runs - GPU latency: 1.02617 ms - Host latency: 1.02617 ms (enqueue 0.00253906 ms)
[06/06/2026-21:56:52] [I] Average on 10 runs - GPU latency: 1.027 ms - Host latency: 1.027 ms (enqueue 0.00249023 ms)
[06/06/2026-21:56:52] [I] Average on 10 runs - GPU latency: 1.02603 ms - Host latency: 1.02603 ms (enqueue 0.00214844 ms)
[06/06/2026-21:56:52] [I] Average on 10 runs - GPU latency: 1.02739 ms - Host latency: 1.02739 ms (enqueue 0.00244141 ms)
[06/06/2026-21:56:52] [I] Average on 10 runs - GPU latency: 1.02739 ms - Host latency: 1.02739 ms (enqueue 0.00244141 ms)
[06/06/2026-21:56:52] [I] Average on 10 runs - GPU latency: 1.0271 ms - Host latency: 1.0271 ms (enqueue 0.00229492 ms)
[06/06/2026-21:56:52] [I] Average on 10 runs - GPU latency: 1.02729 ms - Host latency: 1.02729 ms (enqueue 0.00224609 ms)
[06/06/2026-21:56:52] [I] Average on 10 runs - GPU latency: 1.02681 ms - Host latency: 1.02681 ms (enqueue 0.00239258 ms)
[06/06/2026-21:56:52] [I] Average on 10 runs - GPU latency: 1.02705 ms - Host latency: 1.02705 ms (enqueue 0.00244141 ms)
[06/06/2026-21:56:52] [I] Average on 10 runs - GPU latency: 1.02739 ms - Host latency: 1.02739 ms (enqueue 0.00229492 ms)
[06/06/2026-21:56:52] [I] Average on 10 runs - GPU latency: 1.02671 ms - Host latency: 1.02671 ms (enqueue 0.00239258 ms)
[06/06/2026-21:56:52] [I] Average on 10 runs - GPU latency: 1.02666 ms - Host latency: 1.02666 ms (enqueue 0.00244141 ms)
[06/06/2026-21:56:52] [I] Average on 10 runs - GPU latency: 1.02734 ms - Host latency: 1.02734 ms (enqueue 0.00253906 ms)
[06/06/2026-21:56:52] [I] Average on 10 runs - GPU latency: 1.0272 ms - Host latency: 1.0272 ms (enqueue 0.00239258 ms)
[06/06/2026-21:56:52] [I] Average on 10 runs - GPU latency: 1.02686 ms - Host latency: 1.02686 ms (enqueue 0.00234375 ms)
[06/06/2026-21:56:52] [I] Average on 10 runs - GPU latency: 1.02734 ms - Host latency: 1.02734 ms (enqueue 0.00224609 ms)
[06/06/2026-21:56:52] [I] Average on 10 runs - GPU latency: 1.02734 ms - Host latency: 1.02734 ms (enqueue 0.00239258 ms)
[06/06/2026-21:56:52] [I] Average on 10 runs - GPU latency: 1.02739 ms - Host latency: 1.02739 ms (enqueue 0.00239258 ms)
[06/06/2026-21:56:52] [I] Average on 10 runs - GPU latency: 1.0271 ms - Host latency: 1.0271 ms (enqueue 0.00229492 ms)
[06/06/2026-21:56:52] [I] Average on 10 runs - GPU latency: 1.0269 ms - Host latency: 1.0269 ms (enqueue 0.00249023 ms)
[06/06/2026-21:56:52] [I] Average on 10 runs - GPU latency: 1.02705 ms - Host latency: 1.02705 ms (enqueue 0.00205078 ms)
[06/06/2026-21:56:52] [I] Average on 10 runs - GPU latency: 1.02651 ms - Host latency: 1.02651 ms (enqueue 0.00273437 ms)
[06/06/2026-21:56:52] [I] Average on 10 runs - GPU latency: 1.02744 ms - Host latency: 1.02744 ms (enqueue 0.00224609 ms)
[06/06/2026-21:56:52] [I] Average on 10 runs - GPU latency: 1.02695 ms - Host latency: 1.02695 ms (enqueue 0.00229492 ms)
[06/06/2026-21:56:52] [I] Average on 10 runs - GPU latency: 1.02705 ms - Host latency: 1.02705 ms (enqueue 0.00244141 ms)
[06/06/2026-21:56:52] [I] Average on 10 runs - GPU latency: 1.02705 ms - Host latency: 1.02705 ms (enqueue 0.00224609 ms)
[06/06/2026-21:56:52] [I] Average on 10 runs - GPU latency: 1.02822 ms - Host latency: 1.02822 ms (enqueue 0.00229492 ms)
[06/06/2026-21:56:52] [I] Average on 10 runs - GPU latency: 1.02715 ms - Host latency: 1.02715 ms (enqueue 0.00219727 ms)
[06/06/2026-21:56:52] [I] Average on 10 runs - GPU latency: 1.0269 ms - Host latency: 1.0269 ms (enqueue 0.00239258 ms)
[06/06/2026-21:56:52] [I] Average on 10 runs - GPU latency: 1.02681 ms - Host latency: 1.02681 ms (enqueue 0.00219727 ms)
[06/06/2026-21:56:52] [I] Average on 10 runs - GPU latency: 1.02725 ms - Host latency: 1.02725 ms (enqueue 0.00239258 ms)
[06/06/2026-21:56:52] [I] Average on 10 runs - GPU latency: 1.027 ms - Host latency: 1.027 ms (enqueue 0.00239258 ms)
[06/06/2026-21:56:52] [I] Average on 10 runs - GPU latency: 1.02671 ms - Host latency: 1.02671 ms (enqueue 0.00205078 ms)
[06/06/2026-21:56:52] [I] Average on 10 runs - GPU latency: 1.0271 ms - Host latency: 1.0271 ms (enqueue 0.00229492 ms)
[06/06/2026-21:56:52] [I] Average on 10 runs - GPU latency: 1.02666 ms - Host latency: 1.02666 ms (enqueue 0.00234375 ms)
[06/06/2026-21:56:52] [I] Average on 10 runs - GPU latency: 1.02681 ms - Host latency: 1.02681 ms (enqueue 0.00244141 ms)
[06/06/2026-21:56:52] [I] Average on 10 runs - GPU latency: 1.02734 ms - Host latency: 1.02734 ms (enqueue 0.00224609 ms)
[06/06/2026-21:56:52] [I] Average on 10 runs - GPU latency: 1.02725 ms - Host latency: 1.02725 ms (enqueue 0.00234375 ms)
[06/06/2026-21:56:52] [I] Average on 10 runs - GPU latency: 1.02734 ms - Host latency: 1.02734 ms (enqueue 0.00283203 ms)
[06/06/2026-21:56:52] [I] Average on 10 runs - GPU latency: 1.02695 ms - Host latency: 1.02695 ms (enqueue 0.00239258 ms)
[06/06/2026-21:56:52] [I] Average on 10 runs - GPU latency: 1.0271 ms - Host latency: 1.0271 ms (enqueue 0.00219727 ms)
[06/06/2026-21:56:52] [I] Average on 10 runs - GPU latency: 1.02686 ms - Host latency: 1.02686 ms (enqueue 0.00229492 ms)
[06/06/2026-21:56:52] [I] Average on 10 runs - GPU latency: 1.02715 ms - Host latency: 1.02715 ms (enqueue 0.00234375 ms)
[06/06/2026-21:56:52] [I] Average on 10 runs - GPU latency: 1.02729 ms - Host latency: 1.02729 ms (enqueue 0.00229492 ms)
[06/06/2026-21:56:52] [I] Average on 10 runs - GPU latency: 1.02676 ms - Host latency: 1.02676 ms (enqueue 0.00219727 ms)
[06/06/2026-21:56:52] [I] Average on 10 runs - GPU latency: 1.02744 ms - Host latency: 1.02744 ms (enqueue 0.00229492 ms)
[06/06/2026-21:56:52] [I] Average on 10 runs - GPU latency: 1.02764 ms - Host latency: 1.02764 ms (enqueue 0.00219727 ms)
[06/06/2026-21:56:52] [I] Average on 10 runs - GPU latency: 1.02729 ms - Host latency: 1.02729 ms (enqueue 0.00244141 ms)
[06/06/2026-21:56:52] [I] Average on 10 runs - GPU latency: 1.0272 ms - Host latency: 1.0272 ms (enqueue 0.00224609 ms)
[06/06/2026-21:56:52] [I] Average on 10 runs - GPU latency: 1.02729 ms - Host latency: 1.02729 ms (enqueue 0.0027832 ms)
[06/06/2026-21:56:52] [I] Average on 10 runs - GPU latency: 1.02676 ms - Host latency: 1.02676 ms (enqueue 0.00214844 ms)
[06/06/2026-21:56:52] [I] Average on 10 runs - GPU latency: 1.02676 ms - Host latency: 1.02676 ms (enqueue 0.00234375 ms)
[06/06/2026-21:56:52] [I] Average on 10 runs - GPU latency: 1.02656 ms - Host latency: 1.02656 ms (enqueue 0.00244141 ms)
[06/06/2026-21:56:52] [I] Average on 10 runs - GPU latency: 1.02773 ms - Host latency: 1.02773 ms (enqueue 0.00244141 ms)
[06/06/2026-21:56:52] [I] Average on 10 runs - GPU latency: 1.027 ms - Host latency: 1.027 ms (enqueue 0.00229492 ms)
[06/06/2026-21:56:52] [I] Average on 10 runs - GPU latency: 1.02661 ms - Host latency: 1.02661 ms (enqueue 0.00234375 ms)
[06/06/2026-21:56:52] [I] Average on 10 runs - GPU latency: 1.02676 ms - Host latency: 1.02676 ms (enqueue 0.00229492 ms)
[06/06/2026-21:56:52] [I] Average on 10 runs - GPU latency: 1.02754 ms - Host latency: 1.02754 ms (enqueue 0.00234375 ms)
[06/06/2026-21:56:52] [I] Average on 10 runs - GPU latency: 1.02695 ms - Host latency: 1.02695 ms (enqueue 0.00249023 ms)
[06/06/2026-21:56:52] [I] Average on 10 runs - GPU latency: 1.02749 ms - Host latency: 1.02749 ms (enqueue 0.00229492 ms)
[06/06/2026-21:56:52] [I] Average on 10 runs - GPU latency: 1.02671 ms - Host latency: 1.02671 ms (enqueue 0.00239258 ms)
[06/06/2026-21:56:52] [I] Average on 10 runs - GPU latency: 1.02686 ms - Host latency: 1.02686 ms (enqueue 0.00224609 ms)
[06/06/2026-21:56:52] [I] Average on 10 runs - GPU latency: 1.02651 ms - Host latency: 1.02651 ms (enqueue 0.00249023 ms)
[06/06/2026-21:56:52] [I] Average on 10 runs - GPU latency: 1.02729 ms - Host latency: 1.02729 ms (enqueue 0.00224609 ms)
[06/06/2026-21:56:52] [I] Average on 10 runs - GPU latency: 1.02739 ms - Host latency: 1.02739 ms (enqueue 0.00234375 ms)
[06/06/2026-21:56:52] [I] Average on 10 runs - GPU latency: 1.02725 ms - Host latency: 1.02725 ms (enqueue 0.00219727 ms)
[06/06/2026-21:56:52] [I] Average on 10 runs - GPU latency: 1.02705 ms - Host latency: 1.02705 ms (enqueue 0.00229492 ms)
[06/06/2026-21:56:52] [I] Average on 10 runs - GPU latency: 1.0272 ms - Host latency: 1.0272 ms (enqueue 0.00234375 ms)
[06/06/2026-21:56:52] [I] Average on 10 runs - GPU latency: 1.02729 ms - Host latency: 1.02729 ms (enqueue 0.00244141 ms)
[06/06/2026-21:56:52] [I] 
[06/06/2026-21:56:52] [I] === Performance summary ===
[06/06/2026-21:56:52] [I] Throughput: 972.305 qps
[06/06/2026-21:56:52] [I] Latency: min = 1.02295 ms, max = 1.03101 ms, mean = 1.02703 ms, median = 1.0271 ms, percentile(99%) = 1.0293 ms
[06/06/2026-21:56:52] [I] Enqueue Time: min = 0.00195312 ms, max = 0.00683594 ms, mean = 0.00235065 ms, median = 0.00244141 ms, percentile(99%) = 0.00292969 ms
[06/06/2026-21:56:52] [I] H2D Latency: min = 0 ms, max = 0 ms, mean = 0 ms, median = 0 ms, percentile(99%) = 0 ms
[06/06/2026-21:56:52] [I] GPU Compute Time: min = 1.02295 ms, max = 1.03101 ms, mean = 1.02703 ms, median = 1.0271 ms, percentile(99%) = 1.0293 ms
[06/06/2026-21:56:52] [I] D2H Latency: min = 0 ms, max = 0 ms, mean = 0 ms, median = 0 ms, percentile(99%) = 0 ms
[06/06/2026-21:56:52] [I] Total Host Walltime: 6.00223 s
[06/06/2026-21:56:52] [I] Total GPU Compute Time: 5.99375 s
[06/06/2026-21:56:52] [I] Explanations of the performance metrics are printed in the verbose logs.
[06/06/2026-21:56:52] [I] 
&&&& PASSED TensorRT.trtexec [TensorRT v101401] [b48] # trtexec --onnx=models/yolo26n/best.onnx --fp16 --minShapes=images:16x3x416x416 --optShapes=images:16x3x416x416 --maxShapes=images:16x3x416x416 --useCudaGraph --useSpinWait --noDataTransfers --warmUp=2000 --duration=6 --percentile=99 --timingCacheFile=/work/trt_bench/cache/yolo26n.cache --memPoolSize=workspace:8192
