&&&& RUNNING TensorRT.trtexec [TensorRT v101401] [b48] # trtexec --onnx=models/yolo26s/best.onnx --fp16 --minShapes=images:64x3x448x448 --optShapes=images:64x3x448x448 --maxShapes=images:64x3x448x448 --useCudaGraph --useSpinWait --noDataTransfers --warmUp=2000 --duration=6 --percentile=99 --timingCacheFile=/work/trt_bench/cache/yolo26s.cache --memPoolSize=workspace:8192
[06/06/2026-21:06:49] [W] Weakly-typed networks have been deprecated in TensorRT. You can use the AutoCast tool (https://nvidia.github.io/TensorRT-Model-Optimizer/guides/8_autocast.html) to convert the network to be strongly typed.
[06/06/2026-21:06:49] [I] === Model Options ===
[06/06/2026-21:06:49] [I] Format: ONNX
[06/06/2026-21:06:49] [I] Model: models/yolo26s/best.onnx
[06/06/2026-21:06:49] [I] Output:
[06/06/2026-21:06:49] [I] === Build Options ===
[06/06/2026-21:06:49] [I] Memory Pools: workspace: 8192 MiB, dlaSRAM: default, dlaLocalDRAM: default, dlaGlobalDRAM: default, tacticSharedMem: default
[06/06/2026-21:06:49] [I] avgTiming: 8
[06/06/2026-21:06:49] [I] Precision: FP32+FP16
[06/06/2026-21:06:49] [I] LayerPrecisions: 
[06/06/2026-21:06:49] [I] Layer Device Types: 
[06/06/2026-21:06:49] [I] Decomposable Attentions: 
[06/06/2026-21:06:49] [I] Calibration: 
[06/06/2026-21:06:49] [I] Refit: Disabled
[06/06/2026-21:06:49] [I] Strip weights: Disabled
[06/06/2026-21:06:49] [I] Version Compatible: Disabled
[06/06/2026-21:06:49] [I] ONNX Plugin InstanceNorm: Disabled
[06/06/2026-21:06:49] [I] ONNX kENABLE_UINT8_AND_ASYMMETRIC_QUANTIZATION_DLA flag: Disabled
[06/06/2026-21:06:49] [I] TensorRT runtime: full
[06/06/2026-21:06:49] [I] Lean DLL Path: 
[06/06/2026-21:06:49] [I] Tempfile Controls: { in_memory: allow, temporary: allow }
[06/06/2026-21:06:49] [I] Exclude Lean Runtime: Disabled
[06/06/2026-21:06:49] [I] Sparsity: Disabled
[06/06/2026-21:06:49] [I] Safe mode: Disabled
[06/06/2026-21:06:49] [I] Build DLA standalone loadable: Disabled
[06/06/2026-21:06:49] [I] Allow GPU fallback for DLA: Disabled
[06/06/2026-21:06:49] [I] DirectIO mode: Disabled
[06/06/2026-21:06:49] [I] Restricted mode: Disabled
[06/06/2026-21:06:49] [I] Skip inference: Disabled
[06/06/2026-21:06:49] [I] Save engine: 
[06/06/2026-21:06:49] [I] Load engine: 
[06/06/2026-21:06:49] [I] Profiling verbosity: 0
[06/06/2026-21:06:49] [I] Tactic sources: Using default tactic sources
[06/06/2026-21:06:49] [I] timingCacheMode: global
[06/06/2026-21:06:49] [I] timingCacheFile: /work/trt_bench/cache/yolo26s.cache
[06/06/2026-21:06:49] [I] Enable Compilation Cache: Enabled
[06/06/2026-21:06:49] [I] Enable Monitor Memory: Disabled
[06/06/2026-21:06:49] [I] errorOnTimingCacheMiss: Disabled
[06/06/2026-21:06:49] [I] Preview Features: Use default preview flags.
[06/06/2026-21:06:49] [I] MaxAuxStreams: -1
[06/06/2026-21:06:49] [I] BuilderOptimizationLevel: -1
[06/06/2026-21:06:49] [I] MaxTactics: -1
[06/06/2026-21:06:49] [I] Calibration Profile Index: 0
[06/06/2026-21:06:49] [I] Weight Streaming: Disabled
[06/06/2026-21:06:49] [I] Runtime Platform: Same As Build
[06/06/2026-21:06:49] [I] Debug Tensors: 
[06/06/2026-21:06:49] [I] Distributive Independence: Disabled
[06/06/2026-21:06:49] [I] Mark Unfused Tensors As Debug Tensors: Disabled
[06/06/2026-21:06:49] [I] Input(s)s format: fp32:CHW
[06/06/2026-21:06:49] [I] Output(s)s format: fp32:CHW
[06/06/2026-21:06:49] [I] Input build shape (profile 0): images=64x3x448x448+64x3x448x448+64x3x448x448
[06/06/2026-21:06:49] [I] Input calibration shapes: model
[06/06/2026-21:06:49] [I] === System Options ===
[06/06/2026-21:06:49] [I] Device: 0
[06/06/2026-21:06:49] [I] DLACore: 
[06/06/2026-21:06:49] [I] Plugins:
[06/06/2026-21:06:49] [I] setPluginsToSerialize:
[06/06/2026-21:06:49] [I] dynamicPlugins:
[06/06/2026-21:06:49] [I] ignoreParsedPluginLibs: 0
[06/06/2026-21:06:49] [I] 
[06/06/2026-21:06:49] [I] === Inference Options ===
[06/06/2026-21:06:49] [I] Batch: Explicit
[06/06/2026-21:06:49] [I] Input inference shape : images=64x3x448x448
[06/06/2026-21:06:49] [I] Iterations: 10
[06/06/2026-21:06:49] [I] Duration: 6s (+ 2000ms warm up)
[06/06/2026-21:06:49] [I] Sleep time: 0ms
[06/06/2026-21:06:49] [I] Idle time: 0ms
[06/06/2026-21:06:49] [I] Inference Streams: 1
[06/06/2026-21:06:49] [I] ExposeDMA: Disabled
[06/06/2026-21:06:49] [I] Data transfers: Disabled
[06/06/2026-21:06:49] [I] Spin-wait: Enabled
[06/06/2026-21:06:49] [I] Multithreading: Disabled
[06/06/2026-21:06:49] [I] CUDA Graph: Enabled
[06/06/2026-21:06:49] [I] Separate profiling: Disabled
[06/06/2026-21:06:49] [I] Time Deserialize: Disabled
[06/06/2026-21:06:49] [I] Time Refit: Disabled
[06/06/2026-21:06:49] [I] NVTX verbosity: 0
[06/06/2026-21:06:49] [I] Persistent Cache Ratio: 0
[06/06/2026-21:06:49] [I] Optimization Profile Index: 0
[06/06/2026-21:06:49] [I] Weight Streaming Budget: 100.000000%
[06/06/2026-21:06:49] [I] Inputs:
[06/06/2026-21:06:49] [I] Debug Tensor Save Destinations:
[06/06/2026-21:06:49] [I] Dump All Debug Tensor in Formats: 
[06/06/2026-21:06:49] [I] === Reporting Options ===
[06/06/2026-21:06:49] [I] Verbose: Disabled
[06/06/2026-21:06:49] [I] Averages: 10 inferences
[06/06/2026-21:06:49] [I] Percentiles: 99
[06/06/2026-21:06:49] [I] Dump refittable layers:Disabled
[06/06/2026-21:06:49] [I] Dump output: Disabled
[06/06/2026-21:06:49] [I] Profile: Disabled
[06/06/2026-21:06:49] [I] Export timing to JSON file: 
[06/06/2026-21:06:49] [I] Export output to JSON file: 
[06/06/2026-21:06:49] [I] Export profile to JSON file: 
[06/06/2026-21:06:49] [I] 
[06/06/2026-21:06:49] [I] === Device Information ===
[06/06/2026-21:06:49] [I] Available Devices: 
[06/06/2026-21:06:49] [I]   Device 0: "NVIDIA GeForce RTX 4090" UUID: GPU-ecde2256-9c06-55af-a9e9-f5ddb7072ede
[06/06/2026-21:06:49] [I] Selected Device: NVIDIA GeForce RTX 4090
[06/06/2026-21:06:49] [I] Selected Device ID: 0
[06/06/2026-21:06:49] [I] Selected Device UUID: GPU-ecde2256-9c06-55af-a9e9-f5ddb7072ede
[06/06/2026-21:06:49] [I] Compute Capability: 8.9
[06/06/2026-21:06:49] [I] SMs: 128
[06/06/2026-21:06:49] [I] Device Global Memory: 24080 MiB
[06/06/2026-21:06:49] [I] Shared Memory per SM: 100 KiB
[06/06/2026-21:06:49] [I] Memory Bus Width: 384 bits (ECC disabled)
[06/06/2026-21:06:49] [I] Application Compute Clock Rate: 2.55 GHz
[06/06/2026-21:06:49] [I] Application Memory Clock Rate: 10.501 GHz
[06/06/2026-21:06:49] [I] 
[06/06/2026-21:06:49] [I] Note: The application clock rates do not reflect the actual clock rates that the GPU is currently running at.
[06/06/2026-21:06:49] [I] 
[06/06/2026-21:06:49] [I] TensorRT version: 10.14.1
[06/06/2026-21:06:49] [I] Loading standard plugins
[06/06/2026-21:06:49] [I] [TRT] [MemUsageChange] Init CUDA: CPU +0, GPU +0, now: CPU 29, GPU 394 (MiB)
[06/06/2026-21:06:49] [I] Start parsing network model.
[06/06/2026-21:06:49] [I] [TRT] ----------------------------------------------------------------
[06/06/2026-21:06:49] [I] [TRT] Input filename:   models/yolo26s/best.onnx
[06/06/2026-21:06:49] [I] [TRT] ONNX IR version:  0.0.8
[06/06/2026-21:06:49] [I] [TRT] Opset version:    17
[06/06/2026-21:06:49] [I] [TRT] Producer name:    pytorch
[06/06/2026-21:06:49] [I] [TRT] Producer version: 2.11.0
[06/06/2026-21:06:49] [I] [TRT] Domain:           
[06/06/2026-21:06:49] [I] [TRT] Model version:    0
[06/06/2026-21:06:49] [I] [TRT] Doc string:       
[06/06/2026-21:06:49] [I] [TRT] ----------------------------------------------------------------
[06/06/2026-21:06:49] [I] Finished parsing network model. Parse time: 0.0655406
[06/06/2026-21:06:49] [I] Set shape of input tensor images for optimization profile 0 to: MIN=64x3x448x448 OPT=64x3x448x448 MAX=64x3x448x448
[06/06/2026-21:06:49] [I] [TRT] Loaded 4293039 bytes of cache from file: /work/trt_bench/cache/yolo26s.cache
[06/06/2026-21:06:49] [I] [TRT] [MemUsageChange] Init builder kernel library: CPU +195, GPU +4, now: CPU 483, GPU 398 (MiB)
[06/06/2026-21:06:49] [I] [TRT] Global timing cache in use. Profiling results in this builder pass will be stored.
[06/06/2026-21:09:12] [I] [TRT] Compiler backend is used during engine build.
[06/06/2026-21:10:37] [I] [TRT] Detected 1 inputs and 1 output network tensors.
[06/06/2026-21:10:38] [I] [TRT] Total Host Persistent Memory: 597264 bytes
[06/06/2026-21:10:38] [I] [TRT] Total Device Persistent Memory: 0 bytes
[06/06/2026-21:10:38] [I] [TRT] Max Scratch Memory: 55525376 bytes
[06/06/2026-21:10:38] [I] [TRT] [BlockAssignment] Started assigning block shifts. This will take 180 steps to complete.
[06/06/2026-21:10:38] [I] [TRT] [BlockAssignment] Algorithm ShiftNTopDown took 9.26734ms to assign 11 blocks to 180 nodes requiring 575750656 bytes.
[06/06/2026-21:10:38] [I] [TRT] Total Activation Memory: 575750144 bytes
[06/06/2026-21:10:38] [I] [TRT] Total Weights Memory: 19924136 bytes
[06/06/2026-21:10:38] [I] [TRT] Compiler backend is used during engine execution.
[06/06/2026-21:10:38] [I] [TRT] Engine generation completed in 228.566 seconds.
[06/06/2026-21:10:38] [I] [TRT] [MemUsageStats] Peak memory usage of TRT CPU/GPU memory allocators: CPU 2 MiB, GPU 784 MiB
[06/06/2026-21:10:38] [I] Created engine with size: 23.0278 MiB
[06/06/2026-21:10:38] [I] Engine built in 228.998 sec.
[06/06/2026-21:10:38] [I] [TRT] Loaded 4293039 bytes of cache from file: /work/trt_bench/cache/yolo26s.cache
[06/06/2026-21:10:38] [I] [TRT] Serialized 3616 bytes of code generator cache.
[06/06/2026-21:10:38] [I] [TRT] Serialized 1931962 bytes of compilation cache.
[06/06/2026-21:10:38] [I] [TRT] Serialized 30722 timing cache entries
[06/06/2026-21:10:38] [I] [TRT] Saved 5130834 bytes of timing cache to /work/trt_bench/cache/yolo26s.cache
[06/06/2026-21:10:39] [I] [TRT] Loaded engine size: 23 MiB
[06/06/2026-21:10:39] [I] Engine deserialized in 0.025475 sec.
[06/06/2026-21:10:39] [I] [TRT] [MS] Running engine with multi stream info
[06/06/2026-21:10:39] [I] [TRT] [MS] Number of aux streams is 1
[06/06/2026-21:10:39] [I] [TRT] [MS] Number of total worker streams is 2
[06/06/2026-21:10:39] [I] [TRT] [MS] The main stream provided by execute/enqueue calls is the first worker stream
[06/06/2026-21:10:39] [I] [TRT] [MemUsageChange] TensorRT-managed allocation in IExecutionContext creation: CPU +0, GPU +549, now: CPU 0, GPU 568 (MiB)
[06/06/2026-21:10:39] [I] Setting persistentCacheLimit to 0 bytes.
[06/06/2026-21:10:39] [I] Created execution context with device memory size: 549.078 MiB
[06/06/2026-21:10:39] [I] Using random values for input images
[06/06/2026-21:10:39] [I] Input binding for images with dimensions 64x3x448x448 is created.
[06/06/2026-21:10:39] [I] Output binding for output0 with dimensions 64x300x6 is created.
[06/06/2026-21:10:39] [I] Starting inference
[06/06/2026-21:10:39] [I] Capturing CUDA graph for the current execution context
[06/06/2026-21:10:39] [I] Successfully captured CUDA graph for the current execution context
[06/06/2026-21:10:47] [I] Warmup completed 219 queries over 2000 ms
[06/06/2026-21:10:47] [I] Timing trace has 664 queries over 6.02177 s
[06/06/2026-21:10:47] [I] 
[06/06/2026-21:10:47] [I] === Trace details ===
[06/06/2026-21:10:47] [I] Trace averages of 10 runs:
[06/06/2026-21:10:47] [I] Average on 10 runs - GPU latency: 9.07114 ms - Host latency: 9.07114 ms (enqueue 0.0026001 ms)
[06/06/2026-21:10:47] [I] Average on 10 runs - GPU latency: 9.11035 ms - Host latency: 9.11035 ms (enqueue 0.00236816 ms)
[06/06/2026-21:10:47] [I] Average on 10 runs - GPU latency: 9.1136 ms - Host latency: 9.1136 ms (enqueue 0.00229492 ms)
[06/06/2026-21:10:47] [I] Average on 10 runs - GPU latency: 9.08247 ms - Host latency: 9.08247 ms (enqueue 0.00246582 ms)
[06/06/2026-21:10:47] [I] Average on 10 runs - GPU latency: 9.05027 ms - Host latency: 9.05027 ms (enqueue 0.00241699 ms)
[06/06/2026-21:10:47] [I] Average on 10 runs - GPU latency: 9.04673 ms - Host latency: 9.04673 ms (enqueue 0.00236816 ms)
[06/06/2026-21:10:47] [I] Average on 10 runs - GPU latency: 9.03445 ms - Host latency: 9.03445 ms (enqueue 0.00244141 ms)
[06/06/2026-21:10:47] [I] Average on 10 runs - GPU latency: 9.03337 ms - Host latency: 9.03337 ms (enqueue 0.00244141 ms)
[06/06/2026-21:10:47] [I] Average on 10 runs - GPU latency: 9.03689 ms - Host latency: 9.03689 ms (enqueue 0.00229492 ms)
[06/06/2026-21:10:47] [I] Average on 10 runs - GPU latency: 9.05903 ms - Host latency: 9.05903 ms (enqueue 0.00241699 ms)
[06/06/2026-21:10:47] [I] Average on 10 runs - GPU latency: 9.07561 ms - Host latency: 9.07561 ms (enqueue 0.00249023 ms)
[06/06/2026-21:10:47] [I] Average on 10 runs - GPU latency: 9.075 ms - Host latency: 9.075 ms (enqueue 0.00249023 ms)
[06/06/2026-21:10:47] [I] Average on 10 runs - GPU latency: 9.08379 ms - Host latency: 9.08379 ms (enqueue 0.00234375 ms)
[06/06/2026-21:10:47] [I] Average on 10 runs - GPU latency: 9.0885 ms - Host latency: 9.0885 ms (enqueue 0.00229492 ms)
[06/06/2026-21:10:47] [I] Average on 10 runs - GPU latency: 9.08662 ms - Host latency: 9.08662 ms (enqueue 0.00239258 ms)
[06/06/2026-21:10:47] [I] Average on 10 runs - GPU latency: 9.06775 ms - Host latency: 9.06775 ms (enqueue 0.00234375 ms)
[06/06/2026-21:10:47] [I] Average on 10 runs - GPU latency: 9.04717 ms - Host latency: 9.04717 ms (enqueue 0.00234375 ms)
[06/06/2026-21:10:47] [I] Average on 10 runs - GPU latency: 9.04192 ms - Host latency: 9.04192 ms (enqueue 0.00241699 ms)
[06/06/2026-21:10:47] [I] Average on 10 runs - GPU latency: 9.03535 ms - Host latency: 9.03535 ms (enqueue 0.00229492 ms)
[06/06/2026-21:10:47] [I] Average on 10 runs - GPU latency: 9.04473 ms - Host latency: 9.04473 ms (enqueue 0.00244141 ms)
[06/06/2026-21:10:47] [I] Average on 10 runs - GPU latency: 9.05596 ms - Host latency: 9.05596 ms (enqueue 0.00249023 ms)
[06/06/2026-21:10:47] [I] Average on 10 runs - GPU latency: 9.07615 ms - Host latency: 9.07615 ms (enqueue 0.00258789 ms)
[06/06/2026-21:10:47] [I] Average on 10 runs - GPU latency: 9.08274 ms - Host latency: 9.08274 ms (enqueue 0.00246582 ms)
[06/06/2026-21:10:47] [I] Average on 10 runs - GPU latency: 9.0842 ms - Host latency: 9.0842 ms (enqueue 0.00246582 ms)
[06/06/2026-21:10:47] [I] Average on 10 runs - GPU latency: 9.08657 ms - Host latency: 9.08657 ms (enqueue 0.00244141 ms)
[06/06/2026-21:10:47] [I] Average on 10 runs - GPU latency: 9.0832 ms - Host latency: 9.0832 ms (enqueue 0.00249023 ms)
[06/06/2026-21:10:47] [I] Average on 10 runs - GPU latency: 9.06792 ms - Host latency: 9.06792 ms (enqueue 0.00239258 ms)
[06/06/2026-21:10:47] [I] Average on 10 runs - GPU latency: 9.04927 ms - Host latency: 9.04927 ms (enqueue 0.00229492 ms)
[06/06/2026-21:10:47] [I] Average on 10 runs - GPU latency: 9.05303 ms - Host latency: 9.05303 ms (enqueue 0.00234375 ms)
[06/06/2026-21:10:47] [I] Average on 10 runs - GPU latency: 9.0478 ms - Host latency: 9.0478 ms (enqueue 0.00234375 ms)
[06/06/2026-21:10:47] [I] Average on 10 runs - GPU latency: 9.05078 ms - Host latency: 9.05078 ms (enqueue 0.00249023 ms)
[06/06/2026-21:10:47] [I] Average on 10 runs - GPU latency: 9.05645 ms - Host latency: 9.05645 ms (enqueue 0.00229492 ms)
[06/06/2026-21:10:47] [I] Average on 10 runs - GPU latency: 9.0773 ms - Host latency: 9.0773 ms (enqueue 0.00224609 ms)
[06/06/2026-21:10:47] [I] Average on 10 runs - GPU latency: 9.08569 ms - Host latency: 9.08569 ms (enqueue 0.00229492 ms)
[06/06/2026-21:10:47] [I] Average on 10 runs - GPU latency: 9.08706 ms - Host latency: 9.08706 ms (enqueue 0.00229492 ms)
[06/06/2026-21:10:47] [I] Average on 10 runs - GPU latency: 9.08486 ms - Host latency: 9.08486 ms (enqueue 0.00268555 ms)
[06/06/2026-21:10:47] [I] Average on 10 runs - GPU latency: 9.08174 ms - Host latency: 9.08174 ms (enqueue 0.00214844 ms)
[06/06/2026-21:10:47] [I] Average on 10 runs - GPU latency: 9.07778 ms - Host latency: 9.07778 ms (enqueue 0.00249023 ms)
[06/06/2026-21:10:47] [I] Average on 10 runs - GPU latency: 9.05024 ms - Host latency: 9.05024 ms (enqueue 0.00253906 ms)
[06/06/2026-21:10:47] [I] Average on 10 runs - GPU latency: 9.04814 ms - Host latency: 9.04814 ms (enqueue 0.00239258 ms)
[06/06/2026-21:10:47] [I] Average on 10 runs - GPU latency: 9.05186 ms - Host latency: 9.05186 ms (enqueue 0.00239258 ms)
[06/06/2026-21:10:47] [I] Average on 10 runs - GPU latency: 9.05562 ms - Host latency: 9.05562 ms (enqueue 0.00244141 ms)
[06/06/2026-21:10:47] [I] Average on 10 runs - GPU latency: 9.05986 ms - Host latency: 9.05986 ms (enqueue 0.00239258 ms)
[06/06/2026-21:10:47] [I] Average on 10 runs - GPU latency: 9.08447 ms - Host latency: 9.08447 ms (enqueue 0.00239258 ms)
[06/06/2026-21:10:47] [I] Average on 10 runs - GPU latency: 9.08643 ms - Host latency: 9.08643 ms (enqueue 0.00263672 ms)
[06/06/2026-21:10:47] [I] Average on 10 runs - GPU latency: 9.08564 ms - Host latency: 9.08564 ms (enqueue 0.00244141 ms)
[06/06/2026-21:10:47] [I] Average on 10 runs - GPU latency: 9.08413 ms - Host latency: 9.08413 ms (enqueue 0.00244141 ms)
[06/06/2026-21:10:47] [I] Average on 10 runs - GPU latency: 9.08394 ms - Host latency: 9.08394 ms (enqueue 0.00239258 ms)
[06/06/2026-21:10:47] [I] Average on 10 runs - GPU latency: 9.07959 ms - Host latency: 9.07959 ms (enqueue 0.00249023 ms)
[06/06/2026-21:10:47] [I] Average on 10 runs - GPU latency: 9.05571 ms - Host latency: 9.05571 ms (enqueue 0.00234375 ms)
[06/06/2026-21:10:47] [I] Average on 10 runs - GPU latency: 9.05322 ms - Host latency: 9.05322 ms (enqueue 0.00244141 ms)
[06/06/2026-21:10:47] [I] Average on 10 runs - GPU latency: 9.04956 ms - Host latency: 9.04956 ms (enqueue 0.00244141 ms)
[06/06/2026-21:10:47] [I] Average on 10 runs - GPU latency: 9.05449 ms - Host latency: 9.05449 ms (enqueue 0.00229492 ms)
[06/06/2026-21:10:47] [I] Average on 10 runs - GPU latency: 9.07236 ms - Host latency: 9.07236 ms (enqueue 0.00224609 ms)
[06/06/2026-21:10:47] [I] Average on 10 runs - GPU latency: 9.07686 ms - Host latency: 9.07686 ms (enqueue 0.00239258 ms)
[06/06/2026-21:10:47] [I] Average on 10 runs - GPU latency: 9.07749 ms - Host latency: 9.07749 ms (enqueue 0.00239258 ms)
[06/06/2026-21:10:47] [I] Average on 10 runs - GPU latency: 9.07554 ms - Host latency: 9.07554 ms (enqueue 0.00234375 ms)
[06/06/2026-21:10:47] [I] Average on 10 runs - GPU latency: 9.07256 ms - Host latency: 9.07256 ms (enqueue 0.00234375 ms)
[06/06/2026-21:10:47] [I] Average on 10 runs - GPU latency: 9.07686 ms - Host latency: 9.07686 ms (enqueue 0.00249023 ms)
[06/06/2026-21:10:47] [I] Average on 10 runs - GPU latency: 9.06563 ms - Host latency: 9.06563 ms (enqueue 0.00234375 ms)
[06/06/2026-21:10:47] [I] Average on 10 runs - GPU latency: 9.04912 ms - Host latency: 9.04912 ms (enqueue 0.00224609 ms)
[06/06/2026-21:10:47] [I] Average on 10 runs - GPU latency: 9.05137 ms - Host latency: 9.05137 ms (enqueue 0.00253906 ms)
[06/06/2026-21:10:47] [I] Average on 10 runs - GPU latency: 9.05137 ms - Host latency: 9.05137 ms (enqueue 0.00244141 ms)
[06/06/2026-21:10:47] [I] Average on 10 runs - GPU latency: 9.0584 ms - Host latency: 9.0584 ms (enqueue 0.00229492 ms)
[06/06/2026-21:10:47] [I] Average on 10 runs - GPU latency: 9.07446 ms - Host latency: 9.07446 ms (enqueue 0.00229492 ms)
[06/06/2026-21:10:47] [I] Average on 10 runs - GPU latency: 9.08511 ms - Host latency: 9.08511 ms (enqueue 0.00234375 ms)
[06/06/2026-21:10:47] [I] 
[06/06/2026-21:10:47] [I] === Performance summary ===
[06/06/2026-21:10:47] [I] Throughput: 110.267 qps
[06/06/2026-21:10:47] [I] Latency: min = 9.01636 ms, max = 9.12598 ms, mean = 9.06742 ms, median = 9.07043 ms, percentile(99%) = 9.11157 ms
[06/06/2026-21:10:47] [I] Enqueue Time: min = 0.00195312 ms, max = 0.00439453 ms, mean = 0.00239894 ms, median = 0.00244141 ms, percentile(99%) = 0.00292969 ms
[06/06/2026-21:10:47] [I] H2D Latency: min = 0 ms, max = 0 ms, mean = 0 ms, median = 0 ms, percentile(99%) = 0 ms
[06/06/2026-21:10:47] [I] GPU Compute Time: min = 9.01636 ms, max = 9.12598 ms, mean = 9.06742 ms, median = 9.07043 ms, percentile(99%) = 9.11157 ms
[06/06/2026-21:10:47] [I] D2H Latency: min = 0 ms, max = 0 ms, mean = 0 ms, median = 0 ms, percentile(99%) = 0 ms
[06/06/2026-21:10:47] [I] Total Host Walltime: 6.02177 s
[06/06/2026-21:10:47] [I] Total GPU Compute Time: 6.02076 s
[06/06/2026-21:10:47] [I] Explanations of the performance metrics are printed in the verbose logs.
[06/06/2026-21:10:47] [I] 
&&&& PASSED TensorRT.trtexec [TensorRT v101401] [b48] # trtexec --onnx=models/yolo26s/best.onnx --fp16 --minShapes=images:64x3x448x448 --optShapes=images:64x3x448x448 --maxShapes=images:64x3x448x448 --useCudaGraph --useSpinWait --noDataTransfers --warmUp=2000 --duration=6 --percentile=99 --timingCacheFile=/work/trt_bench/cache/yolo26s.cache --memPoolSize=workspace:8192
